1787684826.757973 [2m2026-08-25T19:07:06.757678Z[0m [32m INFO[0m [2mmoq_native_ietf::quic[0m[2m:[0m UDP socket bound [3mbind[0m[2m=[0m[::]:0 [3mlocal[0m[2m=[0m[::]:57749 [3mdual_stack[0m[2m=[0mtrue
1787684826.758035 [2m2026-08-25T19:07:06.757953Z[0m [32m INFO[0m [2mmoq_clock_ietf[0m[2m:[0m connecting to server: url=https://draft-14.cloudflare.mediaoverquic.com/
1787684826.952044 [2m2026-08-25T19:07:06.952009Z[0m [32m INFO[0m [2mmoq_clock_ietf[0m[2m:[0m connected with CID: 680cd367183cd26756412be775bfb30e (use this to look up qlog/mlog on server)
1787684826.967146 [2m2026-08-25T19:07:06.967064Z[0m [32m INFO[0m [2mmoq_clock_ietf[0m[2m:[0m publishing clock via streams
1787684826.967214 2026-08-25 19:07:06
1787684827.004700 2026-08-25 19:07:07
1787684828.002899 2026-08-25 19:07:08
1787684829.001509 2026-08-25 19:07:09
1787684830.003079 2026-08-25 19:07:10
1787684831.002365 2026-08-25 19:07:11
1787684832.004958 2026-08-25 19:07:12
1787684833.002191 2026-08-25 19:07:13
1787684834.002796 2026-08-25 19:07:14
1787684835.002193 2026-08-25 19:07:15
1787684836.002479 2026-08-25 19:07:16
1787684837.001975 2026-08-25 19:07:17
1787684838.001945 2026-08-25 19:07:18
1787684839.002612 2026-08-25 19:07:19
1787684840.001825 2026-08-25 19:07:20
1787684841.002023 2026-08-25 19:07:21
1787684842.001949 2026-08-25 19:07:22
1787684843.003834 2026-08-25 19:07:23
1787684844.001551 2026-08-25 19:07:24
1787684845.003837 2026-08-25 19:07:25
1787684846.002466 2026-08-25 19:07:26
1787684847.002056 2026-08-25 19:07:27
1787684848.001961 2026-08-25 19:07:28
1787684849.002871 2026-08-25 19:07:29
1787684850.002111 2026-08-25 19:07:30
1787684851.002446 2026-08-25 19:07:31
1787684852.007302 2026-08-25 19:07:32
1787684853.002778 2026-08-25 19:07:33
1787684854.002806 2026-08-25 19:07:34
1787684855.004865 2026-08-25 19:07:35
1787684856.005007 2026-08-25 19:07:36
1787684857.003101 2026-08-25 19:07:37
1787684858.001821 2026-08-25 19:07:38
1787684859.001382 2026-08-25 19:07:39
1787684860.002525 2026-08-25 19:07:40
1787684861.008122 2026-08-25 19:07:41
1787684862.003701 2026-08-25 19:07:42
1787684863.003360 2026-08-25 19:07:43
1787684864.006203 2026-08-25 19:07:44
1787684865.004077 2026-08-25 19:07:45
1787684866.001946 2026-08-25 19:07:46
1787684867.001944 2026-08-25 19:07:47
1787684868.001850 2026-08-25 19:07:48
1787684869.002805 2026-08-25 19:07:49
