20:49:07.403 [error] Failed to load resource: the server responded with a status of 404 (File not found)
20:49:09.531 [log] session 558c467d6681…
20:49:10.493 [log] pc connected, joining room
20:49:10.814 [log] ontrack mid=1 -> A
20:49:11.021 [log] pulled A (mid 1)
20:49:11.334 [log] ontrack mid=2 -> B
20:49:11.473 [log] pulled B (mid 2)
20:49:11.805 [log] ontrack mid=3 -> 2
20:49:11.948 [log] pulled 2 (mid 3)
20:50:27.988 [error] Failed to load resource: the server responded with a status of 404 (File not found)
20:50:35.000 [log] session ddbfe5d81aa8…
20:50:35.841 [log] pc connected, joining room
20:50:36.139 [log] ontrack mid=1 -> B
20:50:36.309 [log] pulled B (mid 1)
20:50:36.649 [log] ontrack mid=2 -> 2
20:50:36.794 [log] pulled 2 (mid 2)
20:50:37.107 [log] ontrack mid=3 -> A
20:50:37.249 [log] pulled A (mid 3)
20:50:37.586 [log] ontrack mid=4 -> E
20:50:37.736 [log] pulled E (mid 4)
20:50:38.184 [log] ontrack mid=5 -> C
20:50:38.320 [log] pulled C (mid 5)
20:50:38.665 [log] ontrack mid=6 -> D
20:50:38.806 [log] pulled D (mid 6)
20:50:39.145 [log] ontrack mid=7 -> F
20:50:39.317 [log] pulled F (mid 7)
20:52:42.989 [error] Failed to load resource: the server responded with a status of 404 (File not found)
20:52:52.738 [log] session 19e7b7e6669f…
20:52:53.637 [log] pc connected, joining room
20:52:53.969 [log] ontrack mid=1 -> H
20:52:54.113 [log] pulled H (mid 1)
20:52:54.494 [log] ontrack mid=2 -> A
20:52:54.642 [log] pulled A (mid 2)
20:52:54.992 [log] ontrack mid=3 -> I
20:52:55.129 [log] pulled I (mid 3)
20:52:55.438 [log] ontrack mid=4 -> G
20:52:55.634 [log] pulled G (mid 4)
20:52:55.965 [log] ontrack mid=5 -> E
20:52:56.121 [log] pulled E (mid 5)
20:52:56.491 [log] ontrack mid=6 -> J
20:52:56.661 [log] pulled J (mid 6)
20:52:56.966 [log] ontrack mid=7 -> B
20:52:57.154 [log] pulled B (mid 7)
20:52:57.519 [log] ontrack mid=8 -> 2
20:52:57.677 [log] pulled 2 (mid 8)
20:52:58.054 [log] ontrack mid=9 -> D
20:52:58.248 [log] pulled D (mid 9)
20:52:58.581 [log] ontrack mid=10 -> F
20:52:58.778 [log] pulled F (mid 10)
20:52:59.154 [log] ontrack mid=11 -> C
20:52:59.328 [log] pulled C (mid 11)
20:54:57.078 [error] Failed to load resource: the server responded with a status of 404 (File not found)
20:55:09.555 [log] session 1c0a226c3e50…
20:55:10.396 [log] pc connected, joining room
20:55:10.733 [log] ontrack mid=1 -> C
20:55:10.870 [log] pulled C (mid 1)
20:55:11.209 [log] ontrack mid=2 -> F
20:55:11.420 [log] pulled F (mid 2)
20:55:11.682 [log] ontrack mid=3 -> J
20:55:11.823 [log] pulled J (mid 3)
20:55:12.141 [log] ontrack mid=4 -> L
20:55:12.324 [log] pulled L (mid 4)
20:55:12.610 [log] ontrack mid=5 -> B
20:55:12.826 [log] pulled B (mid 5)
20:55:13.109 [log] ontrack mid=6 -> N
20:55:13.272 [log] pulled N (mid 6)
20:55:13.448 [log] ontrack mid=7 -> G
20:55:13.593 [log] pulled G (mid 7)
20:55:13.844 [log] ontrack mid=8 -> 2
20:55:13.992 [log] pulled 2 (mid 8)
20:55:14.313 [log] ontrack mid=9 -> I
20:55:14.487 [log] pulled I (mid 9)
20:55:14.815 [log] ontrack mid=10 -> K
20:55:14.996 [log] pulled K (mid 10)
20:55:15.301 [log] ontrack mid=11 -> E
20:55:15.466 [log] pulled E (mid 11)
20:55:15.646 [log] ontrack mid=12 -> A
20:55:15.815 [log] pulled A (mid 12)
20:55:16.156 [log] ontrack mid=13 -> H
20:55:16.348 [log] pulled H (mid 13)
20:55:16.675 [log] ontrack mid=14 -> M
20:55:16.850 [log] pulled M (mid 14)
20:55:17.204 [log] ontrack mid=15 -> D
20:55:17.396 [log] pulled D (mid 15)
20:57:19.183 [error] Failed to load resource: the server responded with a status of 404 (File not found)
20:57:34.926 [log] session 1ad0ab879d4d…
20:57:35.797 [log] pc connected, joining room
20:57:36.119 [log] ontrack mid=1 -> H
20:57:36.255 [log] pulled H (mid 1)
20:57:36.547 [log] ontrack mid=2 -> R
20:57:36.716 [log] pulled R (mid 2)
20:57:36.979 [log] ontrack mid=3 -> N
20:57:37.144 [log] pulled N (mid 3)
20:57:37.431 [log] ontrack mid=4 -> A
20:57:37.624 [log] pulled A (mid 4)
20:57:37.967 [log] ontrack mid=5 -> J
20:57:38.149 [log] pulled J (mid 5)
20:57:38.422 [log] ontrack mid=6 -> L
20:57:38.569 [log] pulled L (mid 6)
20:57:38.895 [log] ontrack mid=7 -> F
20:57:39.090 [log] pulled F (mid 7)
20:57:39.393 [log] ontrack mid=8 -> I
20:57:39.548 [log] pulled I (mid 8)
20:57:39.904 [log] ontrack mid=9 -> E
20:57:40.067 [log] pulled E (mid 9)
20:57:40.364 [log] ontrack mid=10 -> Q
20:57:40.541 [log] pulled Q (mid 10)
20:57:40.846 [log] ontrack mid=11 -> O
20:57:41.017 [log] pulled O (mid 11)
20:57:41.371 [log] ontrack mid=12 -> M
20:57:41.549 [log] pulled M (mid 12)
20:57:41.915 [log] ontrack mid=13 -> D
20:57:42.089 [log] pulled D (mid 13)
20:57:42.382 [log] ontrack mid=14 -> P
20:57:42.557 [log] pulled P (mid 14)
20:57:42.882 [log] ontrack mid=15 -> G
20:57:43.080 [log] pulled G (mid 15)
20:57:43.349 [log] ontrack mid=16 -> K
20:57:43.533 [log] pulled K (mid 16)
20:57:43.791 [log] ontrack mid=17 -> 2
20:57:44.016 [log] pulled 2 (mid 17)
20:57:44.279 [log] ontrack mid=18 -> C
20:57:44.468 [log] pulled C (mid 18)
20:57:44.688 [log] ontrack mid=19 -> B
20:57:44.915 [log] pulled B (mid 19)
21:00:12.838 [error] Failed to load resource: the server responded with a status of 404 (File not found)
21:00:25.159 [log] session b7557938f37d…
21:00:29.723 [log] pc connected, joining room
21:00:29.958 [log] ontrack mid=1 -> C
21:00:30.114 [log] pulled C (mid 1)
21:00:30.344 [log] ontrack mid=2 -> D
21:00:30.482 [log] pulled D (mid 2)
21:00:30.695 [log] ontrack mid=3 -> P
21:00:30.824 [log] pulled P (mid 3)
21:00:31.101 [log] ontrack mid=4 -> M
21:00:31.238 [log] pulled M (mid 4)
21:00:31.464 [log] ontrack mid=5 -> H
21:00:31.625 [log] pulled H (mid 5)
21:00:31.852 [log] ontrack mid=6 -> B
21:00:31.993 [log] pulled B (mid 6)
21:00:32.282 [log] ontrack mid=7 -> 2
21:00:32.424 [log] pulled 2 (mid 7)
21:00:32.650 [log] ontrack mid=8 -> G
21:00:32.824 [log] pulled G (mid 8)
21:00:33.056 [log] ontrack mid=9 -> F
21:00:33.227 [log] pulled F (mid 9)
21:00:33.470 [log] ontrack mid=10 -> J
21:00:33.659 [log] pulled J (mid 10)
21:00:33.878 [log] ontrack mid=11 -> I
21:00:34.268 [log] pulled I (mid 11)
21:00:34.516 [log] ontrack mid=12 -> K
21:00:34.724 [log] pulled K (mid 12)
21:00:35.350 [log] ontrack mid=13 -> O
21:00:35.531 [log] pulled O (mid 13)
21:00:35.869 [log] ontrack mid=14 -> E
21:00:36.050 [log] pulled E (mid 14)
21:00:36.410 [log] ontrack mid=15 -> L
21:00:36.630 [log] pulled L (mid 15)
21:00:36.920 [log] ontrack mid=16 -> N
21:00:37.134 [log] pulled N (mid 16)
21:00:37.409 [log] ontrack mid=17 -> A
21:00:37.584 [log] pulled A (mid 17)
21:00:37.946 [log] ontrack mid=18 -> Q
21:00:38.168 [log] pulled Q (mid 18)
21:01:14.744 [error] Failed to load resource: the server responded with a status of 404 (File not found)
21:01:30.125 [log] session 9f7200679b9a…
21:01:35.456 [log] pc connected, joining room
21:01:35.731 [log] ontrack mid=1 -> L
21:01:35.883 [log] pulled L (mid 1)
21:01:36.137 [log] ontrack mid=2 -> G
21:01:36.257 [log] pulled G (mid 2)
21:01:36.553 [log] ontrack mid=3 -> 2
21:01:36.672 [log] pulled 2 (mid 3)
21:01:36.859 [log] ontrack mid=4 -> Q
21:01:37.017 [log] pulled Q (mid 4)
21:01:37.266 [log] ontrack mid=5 -> C
21:01:37.425 [log] pulled C (mid 5)
21:01:37.613 [log] ontrack mid=6 -> J
21:01:37.759 [log] pulled J (mid 6)
21:01:39.039 [log] ontrack mid=7 -> D
21:01:39.218 [log] pulled D (mid 7)
21:01:39.448 [log] ontrack mid=8 -> M
21:01:39.631 [log] pulled M (mid 8)
21:01:39.864 [log] ontrack mid=9 -> N
21:01:40.013 [log] pulled N (mid 9)
21:01:40.318 [log] ontrack mid=10 -> A
21:01:40.478 [log] pulled A (mid 10)
21:01:40.717 [log] ontrack mid=11 -> E
21:01:40.897 [log] pulled E (mid 11)
21:01:41.135 [log] ontrack mid=12 -> O
21:01:41.299 [log] pulled O (mid 12)
21:01:41.555 [log] ontrack mid=13 -> H
21:01:41.726 [log] pulled H (mid 13)
21:01:41.897 [log] ontrack mid=14 -> B
21:01:42.097 [log] pulled B (mid 14)
21:01:42.327 [log] ontrack mid=15 -> K
21:01:42.524 [log] pulled K (mid 15)
21:01:42.750 [log] ontrack mid=16 -> F
21:01:42.926 [log] pulled F (mid 16)
21:01:43.116 [log] ontrack mid=17 -> I
21:01:43.302 [log] pulled I (mid 17)
21:01:43.510 [log] ontrack mid=18 -> P
21:01:43.688 [log] pulled P (mid 18)
21:01:43.942 [log] ontrack mid=19 -> R
21:01:44.127 [log] pulled R (mid 19)
