20:49:07.942 [error] Failed to load resource: the server responded with a status of 404 (File not found)
20:49:09.420 [log] session 54801f3552bd…
20:49:10.260 [log] pc connected, joining room
20:49:10.600 [log] ontrack mid=1 -> A
20:49:10.749 [log] pulled A (mid 1)
20:49:11.093 [log] ontrack mid=2 -> B
20:49:11.278 [log] pulled B (mid 2)
20:49:12.535 [log] ontrack mid=3 -> 1
20:49:12.687 [log] pulled 1 (mid 3)
20:50:28.539 [error] Failed to load resource: the server responded with a status of 404 (File not found)
20:50:35.003 [log] session bdcda4009c18…
20:50:35.799 [log] pc connected, joining room
20:50:36.139 [log] ontrack mid=1 -> B
20:50:36.280 [log] pulled B (mid 1)
20:50:38.067 [log] ontrack mid=2 -> A
20:50:38.220 [log] pulled A (mid 2)
20:50:38.485 [log] ontrack mid=3 -> E
20:50:38.646 [log] pulled E (mid 3)
20:50:38.948 [log] ontrack mid=4 -> 1
20:50:39.080 [log] pulled 1 (mid 4)
20:50:39.449 [log] ontrack mid=5 -> C
20:50:39.592 [log] pulled C (mid 5)
20:50:39.841 [log] ontrack mid=6 -> D
20:50:39.988 [log] pulled D (mid 6)
20:50:40.288 [log] ontrack mid=7 -> F
20:50:40.458 [log] pulled F (mid 7)
20:52:43.537 [error] Failed to load resource: the server responded with a status of 404 (File not found)
20:52:52.722 [log] session 405c6db7a72d…
20:52:53.641 [log] pc connected, joining room
20:52:53.971 [log] ontrack mid=1 -> H
20:52:54.159 [log] pulled H (mid 1)
20:52:54.490 [log] ontrack mid=2 -> A
20:52:54.656 [log] pulled A (mid 2)
20:52:54.995 [log] ontrack mid=3 -> I
20:52:55.142 [log] pulled I (mid 3)
20:52:55.483 [log] ontrack mid=4 -> G
20:52:55.661 [log] pulled G (mid 4)
20:52:55.977 [log] ontrack mid=5 -> E
20:52:56.140 [log] pulled E (mid 5)
20:52:56.483 [log] ontrack mid=6 -> J
20:52:56.628 [log] pulled J (mid 6)
20:52:56.971 [log] ontrack mid=7 -> B
20:52:57.169 [log] pulled B (mid 7)
20:52:57.513 [log] ontrack mid=8 -> 1
20:52:57.752 [log] pulled 1 (mid 8)
20:52:58.061 [log] ontrack mid=9 -> D
20:52:58.216 [log] pulled D (mid 9)
20:52:58.594 [log] ontrack mid=10 -> F
20:52:58.780 [log] pulled F (mid 10)
20:52:59.155 [log] ontrack mid=11 -> C
20:52:59.327 [log] pulled C (mid 11)
20:54:57.642 [error] Failed to load resource: the server responded with a status of 404 (File not found)
20:55:09.595 [log] session 8f7c48b60587…
20:55:10.422 [log] pc connected, joining room
20:55:10.724 [log] ontrack mid=1 -> C
20:55:10.866 [log] pulled C (mid 1)
20:55:11.202 [log] ontrack mid=2 -> F
20:55:11.340 [log] pulled F (mid 2)
20:55:11.680 [log] ontrack mid=3 -> J
20:55:11.838 [log] pulled J (mid 3)
20:55:12.124 [log] ontrack mid=4 -> L
20:55:12.272 [log] pulled L (mid 4)
20:55:12.569 [log] ontrack mid=5 -> B
20:55:12.762 [log] pulled B (mid 5)
20:55:13.109 [log] ontrack mid=6 -> 1
20:55:13.275 [log] pulled 1 (mid 6)
20:55:13.483 [log] ontrack mid=7 -> N
20:55:13.647 [log] pulled N (mid 7)
20:55:13.986 [log] ontrack mid=8 -> G
20:55:14.141 [log] pulled G (mid 8)
20:55:14.383 [log] ontrack mid=9 -> I
20:55:14.559 [log] pulled I (mid 9)
20:55:14.834 [log] ontrack mid=10 -> K
20:55:15.051 [log] pulled K (mid 10)
20:55:15.297 [log] ontrack mid=11 -> E
20:55:15.465 [log] pulled E (mid 11)
20:55:15.754 [log] ontrack mid=12 -> A
20:55:15.981 [log] pulled A (mid 12)
20:55:16.255 [log] ontrack mid=13 -> H
20:55:16.425 [log] pulled H (mid 13)
20:55:16.670 [log] ontrack mid=14 -> M
20:55:16.885 [log] pulled M (mid 14)
20:55:17.204 [log] ontrack mid=15 -> D
20:55:17.419 [log] pulled D (mid 15)
20:57:19.733 [error] Failed to load resource: the server responded with a status of 404 (File not found)
20:57:34.940 [log] session ac112813c85d…
20:57:35.835 [log] pc connected, joining room
20:57:36.115 [log] ontrack mid=1 -> H
20:57:36.264 [log] pulled H (mid 1)
20:57:36.549 [log] ontrack mid=2 -> R
20:57:36.699 [log] pulled R (mid 2)
20:57:37.011 [log] ontrack mid=3 -> N
20:57:37.142 [log] pulled N (mid 3)
20:57:37.456 [log] ontrack mid=4 -> A
20:57:37.616 [log] pulled A (mid 4)
20:57:37.937 [log] ontrack mid=5 -> J
20:57:38.110 [log] pulled J (mid 5)
20:57:38.417 [log] ontrack mid=6 -> L
20:57:38.554 [log] pulled L (mid 6)
20:57:38.896 [log] ontrack mid=7 -> F
20:57:39.076 [log] pulled F (mid 7)
20:57:39.394 [log] ontrack mid=8 -> I
20:57:39.551 [log] pulled I (mid 8)
20:57:39.905 [log] ontrack mid=9 -> E
20:57:40.079 [log] pulled E (mid 9)
20:57:40.361 [log] ontrack mid=10 -> Q
20:57:40.538 [log] pulled Q (mid 10)
20:57:40.860 [log] ontrack mid=11 -> 1
20:57:41.067 [log] pulled 1 (mid 11)
20:57:41.296 [log] ontrack mid=12 -> O
20:57:41.464 [log] pulled O (mid 12)
20:57:41.732 [log] ontrack mid=13 -> M
20:57:41.911 [log] pulled M (mid 13)
20:57:42.164 [log] ontrack mid=14 -> D
20:57:42.349 [log] pulled D (mid 14)
20:57:42.533 [log] ontrack mid=15 -> P
20:57:42.718 [log] pulled P (mid 15)
20:57:43.004 [log] ontrack mid=16 -> G
20:57:43.192 [log] pulled G (mid 16)
20:57:43.465 [log] ontrack mid=17 -> K
20:57:43.644 [log] pulled K (mid 17)
20:57:44.081 [log] ontrack mid=18 -> C
20:57:44.303 [log] pulled C (mid 18)
20:57:44.596 [log] ontrack mid=19 -> B
20:57:44.805 [log] pulled B (mid 19)
21:00:13.386 [error] Failed to load resource: the server responded with a status of 404 (File not found)
21:00:25.160 [log] session 3290b04736c6…
21:00:29.003 [log] pc connected, joining room
21:00:29.340 [log] ontrack mid=1 -> C
21:00:29.493 [log] pulled C (mid 1)
21:00:29.814 [log] ontrack mid=2 -> D
21:00:29.949 [log] pulled D (mid 2)
21:00:30.245 [log] ontrack mid=3 -> P
21:00:30.380 [log] pulled P (mid 3)
21:00:30.739 [log] ontrack mid=4 -> M
21:00:30.903 [log] pulled M (mid 4)
21:00:31.293 [log] ontrack mid=5 -> H
21:00:31.438 [log] pulled H (mid 5)
21:00:31.749 [log] ontrack mid=6 -> B
21:00:31.879 [log] pulled B (mid 6)
21:00:32.176 [log] ontrack mid=7 -> G
21:00:32.337 [log] pulled G (mid 7)
21:00:32.641 [log] ontrack mid=8 -> F
21:00:32.805 [log] pulled F (mid 8)
21:00:33.136 [log] ontrack mid=9 -> J
21:00:33.324 [log] pulled J (mid 9)
21:00:33.630 [log] ontrack mid=10 -> I
21:00:33.799 [log] pulled I (mid 10)
21:00:34.390 [log] ontrack mid=11 -> K
21:00:34.574 [log] pulled K (mid 11)
21:00:34.831 [log] ontrack mid=12 -> 1
21:00:35.024 [log] pulled 1 (mid 12)
21:00:35.361 [log] ontrack mid=13 -> O
21:00:35.571 [log] pulled O (mid 13)
21:00:35.862 [log] ontrack mid=14 -> E
21:00:36.059 [log] pulled E (mid 14)
21:00:36.398 [log] ontrack mid=15 -> L
21:00:36.661 [log] pulled L (mid 15)
21:00:37.065 [log] ontrack mid=16 -> N
21:00:37.283 [log] pulled N (mid 16)
21:00:37.476 [log] ontrack mid=17 -> A
21:00:37.677 [log] pulled A (mid 17)
21:00:37.944 [log] ontrack mid=18 -> Q
21:00:38.141 [log] pulled Q (mid 18)
21:01:15.306 [error] Failed to load resource: the server responded with a status of 404 (File not found)
21:01:30.111 [log] session e81bb1bd11e4…
21:01:31.640 [log] pc connected, joining room
21:01:31.996 [log] ontrack mid=1 -> L
21:01:32.148 [log] pulled L (mid 1)
21:01:32.463 [log] ontrack mid=2 -> G
21:01:32.591 [log] pulled G (mid 2)
21:01:33.926 [log] ontrack mid=3 -> Q
21:01:34.062 [log] pulled Q (mid 3)
21:01:34.336 [log] ontrack mid=4 -> C
21:01:34.465 [log] pulled C (mid 4)
21:01:34.714 [log] ontrack mid=5 -> J
21:01:34.877 [log] pulled J (mid 5)
21:01:35.183 [log] ontrack mid=6 -> D
21:01:35.331 [log] pulled D (mid 6)
21:01:35.636 [log] ontrack mid=7 -> M
21:01:35.774 [log] pulled M (mid 7)
21:01:36.079 [log] ontrack mid=8 -> N
21:01:36.242 [log] pulled N (mid 8)
21:01:36.552 [log] ontrack mid=9 -> A
21:01:36.742 [log] pulled A (mid 9)
21:01:37.022 [log] ontrack mid=10 -> E
21:01:37.198 [log] pulled E (mid 10)
21:01:37.501 [log] ontrack mid=11 -> O
21:01:37.691 [log] pulled O (mid 11)
21:01:37.965 [log] ontrack mid=12 -> H
21:01:38.151 [log] pulled H (mid 12)
21:01:38.429 [log] ontrack mid=13 -> B
21:01:38.627 [log] pulled B (mid 13)
21:01:38.944 [log] ontrack mid=14 -> K
21:01:39.128 [log] pulled K (mid 14)
21:01:39.428 [log] ontrack mid=15 -> F
21:01:39.614 [log] pulled F (mid 15)
21:01:39.884 [log] ontrack mid=16 -> I
21:01:40.092 [log] pulled I (mid 16)
21:01:40.359 [log] ontrack mid=17 -> P
21:01:40.534 [log] pulled P (mid 17)
21:01:40.904 [log] ontrack mid=18 -> R
21:01:41.151 [log] pulled R (mid 18)
21:01:41.427 [log] ontrack mid=19 -> 1
21:01:41.606 [log] pulled 1 (mid 19)
