07:33:18.042 m2m 4K SFU run: arm=a4-4k30-h265 3840x2160@30 kbps=15000 noise=0 degpref=maintain-resolution codec=h265 channel=chrome duration=90s
07:33:18.843 1 launched
07:33:19.389 P launched
07:33:21.398 mesh: 1:connecting frames=298 | P:connecting frames=59
07:33:23.401 mesh: 1:connecting frames=539 | P:connecting frames=120
07:33:25.406 mesh: 1:running frames=779 | P:running frames=181
07:33:27.409 mesh: 1:running frames=1020 fps=30 out=640x360 qlr=none enc=libvpx tiles[P:0/0] | P:running frames=242 fps=1 out=3840x2160 qlr=none enc=VideoToolbox
07:33:29.414 mesh: 1:running frames=1260 fps=30 out=640x360 qlr=none enc=libvpx tiles[P:0/0] | P:running frames=302 out=3840x2160 qlr=none enc=VideoToolbox
07:33:31.418 mesh: 1:running frames=1501 fps=30 out=640x360 qlr=none enc=libvpx tiles[P:0/0] | P:running frames=363 fps=1 out=3840x2160 qlr=none enc=VideoToolbox
07:33:33.422 mesh: 1:running frames=1722 fps=30 out=640x360 qlr=none enc=libvpx tiles[P:24/24@209ms 3840x2160] | P:running frames=424 fps=1 out=3840x2160 qlr=none enc=VideoToolbox
07:33:33.422 FLOWING in 14033 ms — measuring 90s
07:33:38.513 1:running frames=2273 fps=30 out=640x360 qlr=none enc=libvpx tiles[P:139/139@800ms 3840x2160] | P:running frames=578 fps=22 out=3840x2160 qlr=none enc=VideoToolbox
07:33:38.569 CPU total=161.4% ours=78.6% moq-siblings=12.9% load={ 1,94 2,58 5,49 }
07:33:43.576 1:running frames=2820 fps=30 out=640x360 qlr=none enc=libvpx tiles[P:269/269@720ms 3840x2160] | P:running frames=732 fps=25 out=3840x2160 qlr=none enc=VideoToolbox
07:33:48.585 1:running frames=3345 fps=30 out=640x360 qlr=none enc=libvpx tiles[P:373/373@797ms 3840x2160] | P:running frames=883 fps=19 out=3840x2160 qlr=cpu enc=VideoToolbox
07:33:53.599 1:running frames=3873 fps=29 out=640x360 qlr=none enc=libvpx tiles[P:469/469@152ms 3840x2160] | P:running frames=1035 fps=19 out=3840x2160 qlr=cpu enc=VideoToolbox
07:33:53.650 CPU total=170.6% ours=72.1% moq-siblings=14.4% load={ 2,06 2,57 5,43 }
07:33:58.657 1:running frames=4425 fps=30 out=640x360 qlr=none enc=libvpx tiles[P:538/538@241ms 3840x2160] | P:running frames=1189 fps=12 out=3840x2160 qlr=cpu enc=VideoToolbox
07:34:03.664 1:running frames=4962 fps=30 out=640x360 qlr=none enc=libvpx tiles[P:617/617@242ms 3840x2160] | P:running frames=1340 fps=18 out=3840x2160 qlr=cpu enc=VideoToolbox
07:34:08.665 1:running frames=5485 fps=31 out=640x360 qlr=none enc=libvpx tiles[P:707/707@216ms 3840x2160] | P:running frames=1492 fps=18 out=3840x2160 qlr=cpu enc=VideoToolbox
07:34:08.724 CPU total=138.1% ours=78.9% moq-siblings=16.1% load={ 2,48 2,64 5,41 }
07:34:13.731 1:running frames=6008 fps=30 out=640x360 qlr=none enc=libvpx tiles[P:813/813@662ms 3840x2160] | P:running frames=1645 fps=22 out=3840x2160 qlr=none enc=VideoToolbox
07:34:18.734 1:running frames=6519 fps=29 out=640x360 qlr=none enc=libvpx tiles[P:929/929@386ms 3840x2160] | P:running frames=1797 fps=26 out=3840x2160 qlr=none enc=VideoToolbox
07:34:23.738 1:running frames=7039 fps=30 out=640x360 qlr=none enc=libvpx tiles[P:1039/1039@246ms 3840x2160] | P:running frames=1949 fps=20 out=3840x2160 qlr=cpu enc=VideoToolbox
07:34:23.793 CPU total=181.6% ours=74.3% moq-siblings=14.1% load={ 4,14 2,99 5,48 }
07:34:28.802 1:running frames=7572 fps=30 out=640x360 qlr=none enc=libvpx tiles[P:1141/1141@191ms 3840x2160] | P:running frames=2102 fps=20 out=3840x2160 qlr=cpu enc=VideoToolbox
07:34:33.806 1:running frames=8112 fps=29 out=640x360 qlr=none enc=libvpx tiles[P:1214/1214@180ms 3840x2160] | P:running frames=2254 fps=12 out=3840x2160 qlr=cpu enc=VideoToolbox
07:34:38.817 1:running frames=8658 fps=30 out=640x360 qlr=none enc=libvpx tiles[P:1280/1280@175ms 3840x2160] | P:running frames=2405 fps=12 out=3840x2160 qlr=cpu enc=VideoToolbox
07:34:38.873 CPU total=159.3% ours=62.6% moq-siblings=17.7% load={ 3,60 2,92 5,41 }
07:34:43.880 1:running frames=9208 fps=31 out=640x360 qlr=none enc=libvpx tiles[P:1346/1346@157ms 3840x2160] | P:running frames=2559 fps=12 out=3840x2160 qlr=cpu enc=VideoToolbox
07:34:48.899 1:running frames=9751 fps=30 out=640x360 qlr=none enc=libvpx tiles[P:1411/1411@161ms 3840x2160] | P:running frames=2711 fps=12 out=3840x2160 qlr=cpu enc=VideoToolbox
07:34:53.903 1:running frames=10297 fps=29 out=640x360 qlr=none enc=libvpx tiles[P:1476/1476@176ms 3840x2160] | P:running frames=2863 fps=12 out=3840x2160 qlr=cpu enc=VideoToolbox
07:34:53.964 CPU total=128.4% ours=66% moq-siblings=16.9% load={ 3,26 2,88 5,35 }
07:34:58.975 1:running frames=10845 fps=31 out=640x360 qlr=none enc=libvpx tiles[P:1542/1542@175ms 3840x2160] | P:running frames=3016 fps=12 out=3840x2160 qlr=cpu enc=VideoToolbox
07:35:03.979 1:running frames=11388 fps=30 out=640x360 qlr=none enc=libvpx tiles[P:1607/1607@175ms 3840x2160] | P:running frames=3168 fps=12 out=3840x2160 qlr=cpu enc=VideoToolbox
07:35:06.485 run done
