20:22:59.307 [error] Failed to load resource: the server responded with a status of 404 (File not found)
20:22:59.517 [log] session 5477ea2ba812…
20:23:00.686 [log] pc connected, joining room
20:23:00.976 [log] ontrack mid=1 -> A
20:23:01.146 [log] pulled A (mid 1)
20:23:01.437 [log] ontrack mid=2 -> B
20:23:01.627 [log] pulled B (mid 2)
20:25:43.433 [error] Failed to load resource: the server responded with a status of 404 (File not found)
20:25:43.727 [log] session 3166a1517b5c…
20:25:44.822 [log] pc connected, joining room
20:25:45.011 [log] ontrack mid=1 -> B
20:25:45.224 [log] pulled B (mid 1)
20:25:47.248 [log] ontrack mid=2 -> A
20:25:47.450 [log] pulled A (mid 2)
20:25:49.029 [log] ontrack mid=3 -> E
20:25:49.217 [log] pulled E (mid 3)
20:25:51.042 [log] ontrack mid=4 -> D
20:25:51.233 [log] pulled D (mid 4)
20:50:30.281 [error] Failed to load resource: the server responded with a status of 404 (File not found)
20:50:35.000 [log] session 90d0b1129db6…
20:50:35.859 [log] pc connected, joining room
20:52:45.282 [error] Failed to load resource: the server responded with a status of 404 (File not found)
20:52:52.768 [log] session bd1b1f292839…
20:52:56.334 [log] pc connected, joining room
20:54:59.385 [error] Failed to load resource: the server responded with a status of 404 (File not found)
20:55:09.549 [log] session db3d33910061…
20:55:10.353 [log] pc connected, joining room
20:57:21.494 [error] Failed to load resource: the server responded with a status of 404 (File not found)
20:57:35.006 [log] session 82d1a228581c…
20:57:35.875 [log] pc connected, joining room
21:00:15.125 [error] Failed to load resource: the server responded with a status of 404 (File not found)
21:00:25.082 [log] session 3850d1b6bf58…
21:00:28.754 [log] pc connected, joining room
21:01:17.049 [error] Failed to load resource: the server responded with a status of 404 (File not found)
21:01:30.110 [log] session 187c2ea1037b…
21:01:31.738 [log] pc connected, joining room
