02:58:25.497 [error] Failed to load resource: the server responded with a status of 404 (File not found)
02:58:27.038 [log] attempt 1: session d36da63e860a…
02:58:28.884 [log] publish ok on attempt 1 in 2339 ms
02:58:28.884 [log] pc connected, joining room
03:00:10.116 [error] Failed to load resource: the server responded with a status of 404 (File not found)
03:00:13.259 [log] attempt 1: session 5f4f272cfe0d…
03:00:14.114 [log] publish ok on attempt 1 in 1319 ms
03:00:14.114 [log] pc connected, joining room
03:33:34.980 [error] Failed to load resource: the server responded with a status of 404 (File not found)
03:33:45.207 [log] attempt 1: session f70d96ede498…
03:33:56.623 [log] publish attempt 1 FAILED: connect-timeout 8000ms (pc=connecting ice=checking)
03:33:57.863 [log] attempt 2: session 5c7ebf337312…
03:34:02.693 [log] publish ok on attempt 2 in 5060 ms
03:34:02.693 [log] pc connected, joining room
03:40:51.886 [error] Failed to load resource: the server responded with a status of 404 (File not found)
03:41:03.503 [log] attempt 1: session 4041b57e2f62…
03:41:04.363 [log] publish ok on attempt 1 in 1889 ms
03:41:04.363 [log] pc connected, joining room
03:43:01.642 [error] Failed to load resource: the server responded with a status of 404 (File not found)
03:43:01.722 [log] attempt 1: session eed23ddd6e19…
03:43:02.465 [log] publish ok on attempt 1 in 1019 ms
03:43:02.465 [log] pc connected, joining room
03:44:42.593 [error] Failed to load resource: the server responded with a status of 404 (File not found)
03:44:42.702 [log] attempt 1: session 4ac25dbb3b0d…
03:44:44.580 [log] publish ok on attempt 1 in 2179 ms
03:44:44.581 [log] pc connected, joining room
03:46:06.717 [error] Failed to load resource: the server responded with a status of 404 (File not found)
03:46:06.810 [log] attempt 1: session 41daa171f984…
03:46:07.565 [log] publish ok on attempt 1 in 1044 ms
03:46:07.565 [log] pc connected, joining room
03:48:02.347 [error] Failed to load resource: the server responded with a status of 404 (File not found)
03:48:05.073 [log] attempt 1: session f4480a2a4be3…
03:48:05.854 [log] publish ok on attempt 1 in 1297 ms
03:48:05.854 [log] pc connected, joining room
