03:47:59.847 m2m CHURN run: MODE=pubkill N=8 (pubs=ABCDEF probes=12)
03:48:00.609 1 launched (full)
03:48:01.148 2 launched (full)
03:48:01.687 A launched (pub)
03:48:02.280 B launched (pub)
03:48:02.832 C launched (pub)
03:48:03.392 D launched (pub)
03:48:03.979 E launched (pub)
03:48:04.548 F launched (pub)
03:48:04.554 RELEASED all 8
03:48:06.571 mesh: 1:running tiles=1/1 lat[57..57] | 2:running tiles=1/1 lat[-1..-1] || pubs {"connecting":2,"running":4}
03:48:08.576 mesh: 1:running tiles=2/3 lat[7..42] | 2:running tiles=5/5 lat[41..68] || pubs {"running":6}
03:48:10.583 mesh: 1:running tiles=7/7 lat[40..75] | 2:running tiles=7/7 lat[43..83] || pubs {"running":6}
03:48:12.589 mesh: 1:running tiles=7/7 lat[62..147] | 2:running tiles=7/7 lat[65..86] || pubs {"running":6}
03:48:12.589 FULL MESH in 8027 ms
03:48:12.749 steady state 60 s before kill cycles
03:48:17.754 [5s] 1:running tiles=7/7 lat[67..151] | 2:running tiles=7/7 lat[62..125] || pubs {"running":6}
03:48:17.802 CPU total=169% ours=109.1% sibling=0% rss=6274MB
03:48:27.818 [15s] 1:running tiles=7/7 lat[64..141] | 2:running tiles=7/7 lat[61..147] || pubs {"running":6}
03:48:37.834 [25s] 1:running tiles=7/7 lat[66..156] | 2:running tiles=7/7 lat[59..151] || pubs {"running":6}
03:48:47.851 [35s] 1:running tiles=7/7 lat[75..148] | 2:running tiles=7/7 lat[84..150] || pubs {"running":6}
03:48:57.874 [45s] 1:running tiles=7/7 lat[58..150] | 2:running tiles=7/7 lat[83..158] || pubs {"running":6}
03:49:07.885 [55s] 1:running tiles=7/7 lat[71..142] | 2:running tiles=7/7 lat[67..158] || pubs {"running":6}
03:49:12.890 ==== pubkill cycle 1/3: killing C ====
03:49:12.961 killHard C: SIGKILL 6 pids (root 37360)
03:49:12.966 killed at 2026-08-26T03:49:12.894Z
03:49:12.966 relaunching C
03:49:16.817 cycle 1: restored in 3014 ms after relaunch (3923 ms after kill)
03:49:17.116 settle 20s
03:49:22.126 [5s] 1:running tiles=7/7 lat[66..150] | 2:running tiles=7/7 lat[82..150] || pubs {"running":6}
03:49:22.178 CPU total=159.6% ours=109.1% sibling=0% rss=6405MB
03:49:32.193 [15s] 1:running tiles=7/7 lat[68..154] | 2:running tiles=7/7 lat[71..150] || pubs {"running":6}
03:49:37.200 ==== pubkill cycle 2/3: killing C ====
03:49:37.274 killHard C: SIGKILL 6 pids (root 37451)
03:49:37.277 killed at 2026-08-26T03:49:37.203Z
03:49:37.277 relaunching C
03:49:41.087 cycle 2: restored in 3010 ms after relaunch (3884 ms after kill)
03:49:41.317 settle 20s
03:49:46.324 [5s] 1:running tiles=7/7 lat[71..150] | 2:running tiles=7/7 lat[62..142] || pubs {"running":6}
03:49:46.379 CPU total=144% ours=103.5% sibling=0% rss=6436MB
03:49:56.401 [15s] 1:running tiles=7/7 lat[92..150] | 2:running tiles=7/7 lat[84..150] || pubs {"running":6}
03:50:01.408 ==== pubkill cycle 3/3: killing C ====
03:50:01.486 killHard C: SIGKILL 6 pids (root 37480)
03:50:01.489 killed at 2026-08-26T03:50:01.411Z
03:50:01.489 relaunching C
03:50:05.379 cycle 3: restored in 3040 ms after relaunch (3968 ms after kill)
03:50:05.560 settle 20s
03:50:10.569 [5s] 1:running tiles=7/7 lat[60..150] | 2:running tiles=7/7 lat[71..151] || pubs {"running":6}
03:50:10.626 CPU total=162.4% ours=97.1% sibling=0% rss=6462MB
03:50:20.649 [15s] 1:running tiles=7/7 lat[75..151] | 2:running tiles=7/7 lat[92..165] || pubs {"running":6}
03:50:27.828 run done (MODE=pubkill)
