03:40:45.131 m2m CHURN run: MODE=storm N=10 (pubs=ABCDEFGH probes=12)
03:40:46.799 1 launched (full)
03:40:48.308 2 launched (full)
03:40:49.964 A launched (pub)
03:40:51.679 B launched (pub)
03:40:53.312 C launched (pub)
03:40:55.037 D launched (pub)
03:40:56.800 E launched (pub)
03:40:58.619 F launched (pub)
03:41:00.511 G launched (pub)
03:41:02.446 H launched (pub)
03:41:02.525 RELEASED all 10
03:41:04.635 mesh: 1:running tiles=0/0 | 2:running tiles=0/0 || pubs {"running":7,"connecting":1}
03:41:06.672 mesh: 1:running tiles=0/1 | 2:running tiles=2/2 lat[63..64] || pubs {"running":8}
03:41:08.687 mesh: 1:running tiles=5/5 lat[31..115] | 2:running tiles=6/6 lat[74..110] || pubs {"running":8}
03:41:10.699 mesh: 1:running tiles=8/9 lat[73..130] | 2:running tiles=9/9 lat[72..161] || pubs {"running":8}
03:41:12.711 mesh: 1:running tiles=9/9 lat[64..118] | 2:running tiles=9/9 lat[73..170] || pubs {"running":8}
03:41:12.712 FULL MESH in 10105 ms
03:41:12.968 steady state 60 s before kill cycles
03:41:17.984 [5s] 1:running tiles=9/9 lat[51..146] | 2:running tiles=9/9 lat[56..171] || pubs {"running":8}
03:41:18.241 CPU total=876.3% ours=141.3% sibling=609.7% rss=7333MB
03:41:28.287 [15s] 1:running tiles=9/9 lat[66..170] | 2:running tiles=9/9 lat[67..168] || pubs {"running":8}
03:41:38.340 [25s] 1:running tiles=9/9 lat[83..151] | 2:running tiles=9/9 lat[88..151] || pubs {"running":8}
03:41:48.352 [35s] 1:running tiles=9/9 lat[66..143] | 2:running tiles=9/9 lat[66..158] || pubs {"running":8}
03:41:58.374 [45s] 1:running tiles=9/9 lat[58..159] | 2:running tiles=9/9 lat[74..153] || pubs {"running":8}
03:42:08.387 [55s] 1:running tiles=9/9 lat[67..149] | 2:running tiles=9/9 lat[65..158] || pubs {"running":8}
03:42:13.393 ==== storm cycle 1/3: killing A,B,C,D ====
03:42:13.466 killHard A: SIGKILL 6 pids (root 36701)
03:42:13.531 killHard B: SIGKILL 6 pids (root 36717)
03:42:13.599 killHard C: SIGKILL 6 pids (root 36731)
03:42:13.658 killHard D: SIGKILL 6 pids (root 36744)
03:42:13.663 killed at 2026-08-26T03:42:13.397Z
03:42:16.370 [gc 3s] 1:running tiles=9/9 lat[69..158] | 2:running tiles=9/9 lat[67..150] || pubs {"running":4}
03:42:18.981 [gc 6s] 1:running tiles=9/9 lat[69..158] | 2:running tiles=9/9 lat[67..142] || pubs {"running":4}
03:42:21.542 [gc 8s] 1:running tiles=9/9 lat[72..158] | 2:running tiles=9/9 lat[67..142] || pubs {"running":4}
03:42:24.156 [gc 11s] 1:running tiles=9/9 lat[66..158] | 2:running tiles=9/9 lat[43..150] || pubs {"running":4}
03:42:26.743 [gc 13s] 1:running tiles=9/9 lat[73..158] | 2:running tiles=9/9 lat[66..142] || pubs {"running":4}
03:42:29.350 [gc 16s] 1:running tiles=9/9 lat[75..158] | 2:running tiles=9/9 lat[67..142] || pubs {"running":4}
03:42:31.916 [gc 19s] 1:running tiles=9/9 lat[74..159] | 2:running tiles=9/9 lat[67..150] || pubs {"running":4}
03:42:34.574 [gc 21s] 1:running tiles=9/9 lat[58..158] | 2:running tiles=9/9 lat[67..142] || pubs {"running":4}
03:42:37.143 [gc 24s] 1:running tiles=9/9 lat[74..158] | 2:running tiles=9/9 lat[67..150] || pubs {"running":4}
03:42:39.744 [gc 26s] 1:running tiles=9/9 lat[75..158] | 2:running tiles=9/9 lat[67..147] || pubs {"running":4}
03:42:42.358 [gc 29s] 1:running tiles=9/9 lat[73..158] | 2:running tiles=9/9 lat[60..150] || pubs {"running":4}
03:42:59.975 [gc 47s] 1:running tiles=9/9 lat[67..158] | 2:running tiles=9/9 lat[67..142] || pubs {"running":4}
03:42:59.975 relaunching A,B,C,D
03:43:19.165 cycle 1: restored in 16111 ms after relaunch (65768 ms after kill)
03:43:19.532 settle 30s
03:43:24.537 [5s] 1:running tiles=9/9 lat[60..108] | 2:running tiles=9/9 lat[65..99] || pubs {"running":8} RETRIES[D:1]
03:43:24.586 CPU total=155.1% ours=113.8% sibling=0% rss=7833MB
03:43:34.600 [15s] 1:running tiles=9/9 lat[95..159] | 2:running tiles=9/9 lat[84..150] || pubs {"running":8} RETRIES[D:1]
03:43:44.614 [25s] 1:running tiles=9/9 lat[66..153] | 2:running tiles=9/9 lat[90..159] || pubs {"running":8} RETRIES[D:1]
03:43:49.618 ==== storm cycle 2/3: killing A,B,C,D ====
03:43:49.681 killHard A: SIGKILL 6 pids (root 36944)
03:43:49.745 killHard B: SIGKILL 6 pids (root 36959)
03:43:49.810 killHard C: SIGKILL 6 pids (root 36972)
03:43:49.868 killHard D: SIGKILL 6 pids (root 36985)
03:43:49.871 killed at 2026-08-26T03:43:49.620Z
03:43:52.497 [gc 3s] 1:running tiles=9/9 lat[90..164] | 2:running tiles=9/9 lat[72..158] || pubs {"running":4}
03:43:55.094 [gc 5s] 1:running tiles=9/9 lat[75..164] | 2:running tiles=9/9 lat[84..147] || pubs {"running":4}
03:43:57.687 [gc 8s] 1:running tiles=9/9 lat[87..164] | 2:running tiles=9/9 lat[95..158] || pubs {"running":4}
03:44:00.252 [gc 11s] 1:running tiles=9/9 lat[84..164] | 2:running tiles=9/9 lat[65..151] || pubs {"running":4}
03:44:02.860 [gc 13s] 1:running tiles=9/9 lat[58..164] | 2:running tiles=9/9 lat[67..147] || pubs {"running":4}
03:44:05.454 [gc 16s] 1:running tiles=9/9 lat[90..164] | 2:running tiles=9/9 lat[104..158] || pubs {"running":4}
03:44:08.071 [gc 18s] 1:running tiles=9/9 lat[75..164] | 2:running tiles=9/9 lat[67..147] || pubs {"running":4}
03:44:10.673 [gc 21s] 1:running tiles=9/9 lat[85..164] | 2:running tiles=9/9 lat[71..147] || pubs {"running":4}
03:44:13.227 [gc 24s] 1:running tiles=9/9 lat[84..164] | 2:running tiles=9/9 lat[58..158] || pubs {"running":4}
03:44:15.824 [gc 26s] 1:running tiles=9/9 lat[86..164] | 2:running tiles=9/9 lat[71..150] || pubs {"running":4}
03:44:18.385 [gc 29s] 1:running tiles=9/9 lat[90..164] | 2:running tiles=9/9 lat[71..158] || pubs {"running":4}
03:44:41.017 [gc 51s] 1:running tiles=9/9 lat[81..164] | 2:running tiles=9/9 lat[70..154] || pubs {"running":4}
03:44:41.017 relaunching A,B,C,D
03:44:47.975 cycle 2: restored in 4019 ms after relaunch (58355 ms after kill)
03:44:48.361 settle 30s
03:44:53.375 [5s] 1:running tiles=9/9 lat[73..157] | 2:running tiles=9/9 lat[65..149] || pubs {"running":8}
03:44:53.427 CPU total=283.1% ours=111.9% sibling=0% rss=7905MB
03:45:03.450 [15s] 1:running tiles=9/9 lat[63..133] | 2:running tiles=9/9 lat[85..155] || pubs {"running":8}
03:45:13.471 [25s] 1:running tiles=9/9 lat[75..158] | 2:running tiles=9/9 lat[66..142] || pubs {"running":8}
03:45:18.487 ==== storm cycle 3/3: killing A,B,C,D ====
03:45:18.555 killHard A: SIGKILL 6 pids (root 37068)
03:45:18.620 killHard B: SIGKILL 6 pids (root 37083)
03:45:18.694 killHard C: SIGKILL 6 pids (root 37096)
03:45:18.759 killHard D: SIGKILL 6 pids (root 37111)
03:45:18.761 killed at 2026-08-26T03:45:18.489Z
03:45:21.383 [gc 3s] 1:running tiles=9/9 lat[74..156] | 2:running tiles=9/9 lat[90..165] || pubs {"running":4}
03:45:23.991 [gc 6s] 1:running tiles=9/9 lat[67..156] | 2:running tiles=9/9 lat[75..165] || pubs {"running":4}
03:45:26.657 [gc 8s] 1:running tiles=9/9 lat[92..157] | 2:running tiles=9/9 lat[69..165] || pubs {"running":4}
03:45:29.225 [gc 11s] 1:running tiles=9/9 lat[65..156] | 2:running tiles=9/9 lat[75..165] || pubs {"running":4}
03:45:31.950 [gc 13s] 1:running tiles=9/9 lat[86..156] | 2:running tiles=9/9 lat[66..165] || pubs {"running":4}
03:45:34.519 [gc 16s] 1:running tiles=9/9 lat[90..156] | 2:running tiles=9/9 lat[98..165] || pubs {"running":4}
03:45:37.092 [gc 19s] 1:running tiles=9/9 lat[68..156] | 2:running tiles=9/9 lat[69..165] || pubs {"running":4}
03:45:39.648 [gc 21s] 1:running tiles=9/9 lat[84..156] | 2:running tiles=9/9 lat[69..165] || pubs {"running":4}
03:45:42.225 [gc 24s] 1:running tiles=9/9 lat[67..156] | 2:running tiles=9/9 lat[72..165] || pubs {"running":4}
03:45:44.853 [gc 26s] 1:running tiles=9/9 lat[90..156] | 2:running tiles=9/9 lat[97..165] || pubs {"running":4}
03:45:47.445 [gc 29s] 1:running tiles=9/9 lat[85..156] | 2:running tiles=9/9 lat[95..165] || pubs {"running":4}
03:46:05.089 [gc 47s] 1:running tiles=9/9 lat[91..156] | 2:running tiles=9/9 lat[98..165] || pubs {"running":4}
03:46:05.089 relaunching A,B,C,D
03:46:12.088 cycle 3: restored in 4020 ms after relaunch (53599 ms after kill)
03:46:12.418 settle 30s
03:46:17.425 [5s] 1:running tiles=9/9 lat[92..157] | 2:running tiles=9/9 lat[104..149] || pubs {"running":8}
03:46:17.475 CPU total=280.9% ours=106.9% sibling=0% rss=7969MB
03:46:27.492 [15s] 1:running tiles=9/9 lat[73..163] | 2:running tiles=9/9 lat[76..149] || pubs {"running":8}
03:46:37.509 [25s] 1:running tiles=9/9 lat[88..162] | 2:running tiles=9/9 lat[78..162] || pubs {"running":8}
03:46:44.776 run done (MODE=storm)
