02:55:59.048 [error] Failed to load resource: the server responded with a status of 404 (File not found)
02:56:02.851 [log] session 3a8316d1a8b6…
02:56:04.214 [log] pc connected, joining room
02:56:04.522 [log] ontrack video mid=2 -> A
02:56:04.522 [log] ontrack audio mid=3 -> A
02:56:04.668 [log] pulled A (mid 2)
02:56:06.445 [log] ontrack video mid=4 -> E
02:56:06.445 [log] ontrack audio mid=5 -> E
02:56:06.631 [log] pulled E (mid 4)
02:56:06.858 [log] ontrack video mid=6 -> D
02:56:06.859 [log] ontrack audio mid=7 -> D
02:56:06.995 [log] pulled D (mid 6)
02:56:07.230 [log] ontrack video mid=8 -> 1
02:56:07.230 [log] ontrack audio mid=9 -> 1
02:56:07.377 [log] pulled 1 (mid 8)
02:56:07.596 [log] ontrack video mid=10 -> C
02:56:07.596 [log] ontrack audio mid=11 -> C
02:56:07.740 [log] pulled C (mid 10)
02:56:07.950 [log] ontrack video mid=12 -> F
02:56:07.950 [log] ontrack audio mid=13 -> F
02:56:08.128 [log] pulled F (mid 12)
02:56:08.337 [log] ontrack video mid=14 -> B
02:56:08.338 [log] ontrack audio mid=15 -> B
02:56:08.512 [log] pulled B (mid 14)
