03:25:34.067 [error] Failed to load resource: the server responded with a status of 404 (File not found)
03:25:43.326 [log] session 49c1b4d44919…
03:25:52.150 [log] pc connected, joining room
03:25:52.436 [log] ontrack video mid=2 -> I
03:25:52.436 [log] ontrack audio mid=3 -> I
03:25:52.620 [log] pulled I (mid 2)
03:25:52.903 [log] ontrack video mid=4 -> l
03:25:52.903 [log] ontrack audio mid=5 -> l
03:25:53.038 [log] pulled l (mid 4)
03:25:53.335 [log] ontrack video mid=6 -> Q
03:25:53.335 [log] ontrack audio mid=7 -> Q
03:25:53.466 [log] pulled Q (mid 6)
03:25:53.718 [log] ontrack video mid=8 -> f
03:25:53.718 [log] ontrack audio mid=9 -> f
03:25:53.859 [log] pulled f (mid 8)
03:25:54.109 [log] ontrack video mid=10 -> F
03:25:54.109 [log] ontrack audio mid=11 -> F
03:25:54.264 [log] pulled F (mid 10)
03:25:54.508 [log] ontrack video mid=12 -> e
03:25:54.508 [log] ontrack audio mid=13 -> e
03:25:54.695 [log] pulled e (mid 12)
03:25:54.960 [log] ontrack video mid=14 -> W
03:25:54.960 [log] ontrack audio mid=15 -> W
03:25:55.129 [log] pulled W (mid 14)
03:25:55.367 [log] ontrack video mid=16 -> Y
03:25:55.367 [log] ontrack audio mid=17 -> Y
03:25:55.535 [log] pulled Y (mid 16)
03:25:55.764 [log] ontrack video mid=18 -> G
03:25:55.764 [log] ontrack audio mid=19 -> G
03:25:55.956 [log] pulled G (mid 18)
03:25:56.267 [log] ontrack video mid=20 -> d
03:25:56.268 [log] ontrack audio mid=21 -> d
03:25:56.433 [log] pulled d (mid 20)
03:25:56.735 [log] ontrack video mid=22 -> n
03:25:56.735 [log] ontrack audio mid=23 -> n
03:25:56.911 [log] pulled n (mid 22)
03:25:57.226 [log] ontrack video mid=24 -> J
03:25:57.226 [log] ontrack audio mid=25 -> J
03:25:57.410 [log] pulled J (mid 24)
03:25:57.664 [log] ontrack video mid=26 -> C
03:25:57.666 [log] ontrack audio mid=27 -> C
03:25:57.884 [log] pulled C (mid 26)
03:25:58.180 [log] ontrack video mid=28 -> X
03:25:58.180 [log] ontrack audio mid=29 -> X
03:25:58.402 [log] pulled X (mid 28)
03:25:58.612 [log] ontrack video mid=30 -> T
03:25:58.612 [log] ontrack audio mid=31 -> T
03:25:58.837 [log] pulled T (mid 30)
03:25:59.129 [log] ontrack video mid=32 -> i
03:25:59.129 [log] ontrack audio mid=33 -> i
03:25:59.330 [log] pulled i (mid 32)
03:25:59.667 [log] ontrack video mid=34 -> B
03:25:59.667 [log] ontrack audio mid=35 -> B
03:25:59.911 [log] pulled B (mid 34)
03:26:00.137 [log] ontrack video mid=36 -> P
03:26:00.137 [log] ontrack audio mid=37 -> P
03:26:00.402 [log] pulled P (mid 36)
03:26:00.703 [log] ontrack video mid=38 -> D
03:26:00.704 [log] ontrack audio mid=39 -> D
03:26:00.913 [log] pulled D (mid 38)
03:26:01.213 [log] ontrack video mid=40 -> b
03:26:01.213 [log] ontrack audio mid=41 -> b
03:26:01.453 [log] pulled b (mid 40)
03:26:01.737 [log] ontrack video mid=42 -> R
03:26:01.737 [log] ontrack audio mid=43 -> R
03:26:01.993 [log] pulled R (mid 42)
03:26:02.263 [log] ontrack video mid=44 -> S
03:26:02.287 [log] ontrack audio mid=45 -> S
03:26:02.594 [log] pulled S (mid 44)
03:26:02.954 [log] ontrack video mid=46 -> a
03:26:02.954 [log] ontrack audio mid=47 -> a
03:26:03.270 [log] pulled a (mid 46)
03:26:03.492 [log] ontrack video mid=48 -> U
03:26:03.492 [log] ontrack audio mid=49 -> U
03:26:03.785 [log] pulled U (mid 48)
03:26:04.097 [log] ontrack video mid=50 -> H
03:26:04.097 [log] ontrack audio mid=51 -> H
03:26:04.458 [log] pulled H (mid 50)
03:26:04.764 [log] ontrack video mid=52 -> c
03:26:04.764 [log] ontrack audio mid=53 -> c
03:26:05.124 [log] pulled c (mid 52)
03:26:05.501 [log] ontrack video mid=54 -> j
03:26:05.501 [log] ontrack audio mid=55 -> j
03:26:05.863 [log] pulled j (mid 54)
03:26:06.167 [log] ontrack video mid=56 -> O
03:26:06.167 [log] ontrack audio mid=57 -> O
03:26:06.532 [log] pulled O (mid 56)
03:26:07.014 [log] ontrack video mid=58 -> k
03:26:07.015 [log] ontrack audio mid=59 -> k
03:26:07.399 [log] pulled k (mid 58)
03:26:07.635 [log] ontrack video mid=60 -> A
03:26:07.636 [log] ontrack audio mid=61 -> A
03:26:08.002 [log] pulled A (mid 60)
03:26:08.359 [log] ontrack video mid=62 -> Z
03:26:08.359 [log] ontrack audio mid=63 -> Z
03:26:08.724 [log] pulled Z (mid 62)
03:26:09.030 [log] ontrack video mid=64 -> N
03:26:09.030 [log] ontrack audio mid=65 -> N
03:26:09.406 [log] pulled N (mid 64)
03:26:09.776 [log] ontrack video mid=66 -> 2
03:26:09.801 [log] ontrack audio mid=67 -> 2
03:26:10.177 [log] pulled 2 (mid 66)
03:26:10.601 [log] ontrack video mid=68 -> g
03:26:10.601 [log] ontrack audio mid=69 -> g
03:26:11.026 [log] pulled g (mid 68)
03:26:11.401 [log] ontrack video mid=70 -> V
03:26:11.401 [log] ontrack audio mid=71 -> V
03:26:11.839 [log] pulled V (mid 70)
03:26:12.209 [log] ontrack video mid=72 -> M
03:26:12.209 [log] ontrack audio mid=73 -> M
03:26:12.569 [log] pulled M (mid 72)
03:26:12.937 [log] ontrack video mid=74 -> L
03:26:12.937 [log] ontrack audio mid=75 -> L
03:26:13.392 [log] pulled L (mid 74)
03:26:13.745 [log] ontrack video mid=76 -> m
03:26:13.746 [log] ontrack audio mid=77 -> m
03:26:14.188 [log] pulled m (mid 76)
03:26:14.538 [log] ontrack video mid=78 -> K
03:26:14.538 [log] ontrack audio mid=79 -> K
03:26:14.941 [log] pulled K (mid 78)
03:26:15.478 [log] ontrack video mid=80 -> h
03:26:15.478 [log] ontrack audio mid=81 -> h
03:26:16.002 [log] pulled h (mid 80)
03:26:16.506 [log] ontrack video mid=82 -> E
03:26:16.506 [log] ontrack audio mid=83 -> E
03:26:17.071 [log] pulled E (mid 82)
