03:03:22.125 [error] Failed to load resource: the server responded with a status of 404 (File not found)
03:03:27.516 [log] session ae329c25dc4c…
03:03:30.342 [log] pc connected, joining room
03:03:30.645 [log] ontrack video mid=2 -> E
03:03:30.645 [log] ontrack audio mid=3 -> E
03:03:30.797 [log] pulled E (mid 2)
03:03:31.141 [log] ontrack video mid=4 -> F
03:03:31.141 [log] ontrack audio mid=5 -> F
03:03:31.278 [log] pulled F (mid 4)
03:03:31.514 [log] ontrack video mid=6 -> C
03:03:31.514 [log] ontrack audio mid=7 -> C
03:03:31.642 [log] pulled C (mid 6)
03:03:31.922 [log] ontrack video mid=8 -> G
03:03:31.922 [log] ontrack audio mid=9 -> G
03:03:32.063 [log] pulled G (mid 8)
03:03:32.358 [log] ontrack video mid=10 -> H
03:03:32.358 [log] ontrack audio mid=11 -> H
03:03:32.518 [log] pulled H (mid 10)
03:03:32.750 [log] ontrack video mid=12 -> D
03:03:32.750 [log] ontrack audio mid=13 -> D
03:03:32.917 [log] pulled D (mid 12)
03:03:33.128 [log] ontrack video mid=14 -> 1
03:03:33.128 [log] ontrack audio mid=15 -> 1
03:03:33.280 [log] pulled 1 (mid 14)
03:03:33.506 [log] ontrack video mid=16 -> A
03:03:33.506 [log] ontrack audio mid=17 -> A
03:03:33.685 [log] pulled A (mid 16)
03:03:33.896 [log] ontrack video mid=18 -> B
03:03:33.896 [log] ontrack audio mid=19 -> B
03:03:34.063 [log] pulled B (mid 18)
