02:55:03.321 [error] Failed to load resource: the server responded with a status of 404 (File not found)
02:55:06.967 [log] session 3ffbf6b0ec09…
02:55:08.335 [log] pc connected, joining room
02:55:08.631 [log] ontrack video mid=2 -> D
02:55:08.631 [log] ontrack audio mid=3 -> D
02:55:08.827 [log] pulled D (mid 2)
02:55:10.666 [log] ontrack video mid=4 -> 1
02:55:10.666 [log] ontrack audio mid=5 -> 1
02:55:10.802 [log] pulled 1 (mid 4)
02:55:11.036 [log] ontrack video mid=6 -> E
02:55:11.036 [log] ontrack audio mid=7 -> E
02:55:11.219 [log] pulled E (mid 6)
02:55:11.397 [log] ontrack video mid=8 -> C
02:55:11.397 [log] ontrack audio mid=9 -> C
02:55:11.534 [log] pulled C (mid 8)
02:55:11.762 [log] ontrack video mid=10 -> A
02:55:11.762 [log] ontrack audio mid=11 -> A
02:55:11.924 [log] pulled A (mid 10)
02:55:12.148 [log] ontrack video mid=12 -> B
02:55:12.148 [log] ontrack audio mid=13 -> B
02:55:12.293 [log] pulled B (mid 12)
02:55:12.502 [log] ontrack video mid=14 -> F
02:55:12.502 [log] ontrack audio mid=15 -> F
02:55:12.644 [log] pulled F (mid 14)
