02:59:44.096 [error] Failed to load resource: the server responded with a status of 404 (File not found)
02:59:48.572 [log] session b9fea8c9695b…
02:59:49.872 [log] pc connected, joining room
02:59:50.156 [log] ontrack video mid=2 -> B
02:59:50.156 [log] ontrack audio mid=3 -> B
02:59:50.305 [log] pulled B (mid 2)
02:59:52.101 [log] ontrack video mid=4 -> A
02:59:52.101 [log] ontrack audio mid=5 -> A
02:59:52.231 [log] pulled A (mid 4)
02:59:52.434 [log] ontrack video mid=6 -> D
02:59:52.435 [log] ontrack audio mid=7 -> D
02:59:52.569 [log] pulled D (mid 6)
02:59:52.747 [log] ontrack video mid=8 -> E
02:59:52.747 [log] ontrack audio mid=9 -> E
02:59:52.893 [log] pulled E (mid 8)
02:59:53.120 [log] ontrack video mid=10 -> F
02:59:53.121 [log] ontrack audio mid=11 -> F
02:59:53.280 [log] pulled F (mid 10)
02:59:53.528 [log] ontrack video mid=12 -> 2
02:59:53.528 [log] ontrack audio mid=13 -> 2
02:59:53.679 [log] pulled 2 (mid 12)
02:59:53.905 [log] ontrack video mid=14 -> C
02:59:53.905 [log] ontrack audio mid=15 -> C
02:59:54.066 [log] pulled C (mid 14)
