m2m server on :8894, results -> /Users/s32863/personal/elektron/results/m2m-p3a-egress-show8.jsonl, app 8c2a974b…
08:12:04 "GET /roster HTTP/1.1" 200 -
08:15:20 "GET /roster HTTP/1.1" 200 -
08:15:20 "POST /reset HTTP/1.1" 200 -
08:15:21 "GET /room.html?id=1&n=8&hold=1&cb=1787721321069&audio=1&mode=full&cls=probe HTTP/1.1" 200 -
08:15:21 code 404, message File not found
08:15:21 "GET /favicon.ico HTTP/1.1" 404 -
08:15:21 "GET /room.html?id=2&n=8&hold=1&cb=1787721321184&audio=1&mode=full&cls=probe HTTP/1.1" 200 -
08:15:21 "GET /room.html?id=A&n=8&hold=1&cb=1787721321308&audio=1&mode=pub&vw=640&vh=360&vfps=30&cls=show&kbps=1200&hint=motion HTTP/1.1" 200 -
08:15:21 "GET /room.html?id=B&n=8&hold=1&cb=1787721321416&audio=1&mode=pub&vw=640&vh=360&vfps=30&cls=show&kbps=1200&hint=motion HTTP/1.1" 200 -
08:15:21 "GET /room.html?id=C&n=8&hold=1&cb=1787721321537&audio=1&mode=pub&vw=640&vh=360&vfps=30&cls=show&kbps=1200&hint=motion HTTP/1.1" 200 -
08:15:22 "GET /room.html?id=D&n=8&hold=1&cb=1787721322350&audio=1&mode=pub&vw=640&vh=360&vfps=30&cls=show&kbps=1200&hint=motion HTTP/1.1" 200 -
08:15:22 "GET /room.html?id=E&n=8&hold=1&cb=1787721322492&audio=1&mode=pub&vw=640&vh=360&vfps=30&cls=show&kbps=1200&hint=motion HTTP/1.1" 200 -
08:15:22 code 404, message File not found
08:15:22 "GET /favicon.ico HTTP/1.1" 404 -
08:15:22 "GET /room.html?id=F&n=8&hold=1&cb=1787721322880&audio=1&mode=pub&vw=640&vh=360&vfps=30&cls=show&kbps=1200&hint=motion HTTP/1.1" 200 -
08:15:22 "POST /collect HTTP/1.1" 200 -
08:15:23 CF POST /sessions/new -> 201 (241 ms)
08:15:23 "POST /cf/sessions/new HTTP/1.1" 201 -
08:15:23 CF POST /sessions/new -> 201 (240 ms)
08:15:23 "POST /cf/sessions/new HTTP/1.1" 201 -
08:15:23 CF POST /sessions/new -> 201 (241 ms)
08:15:23 "POST /cf/sessions/new HTTP/1.1" 201 -
08:15:23 CF POST /sessions/new -> 201 (243 ms)
08:15:23 "POST /cf/sessions/new HTTP/1.1" 201 -
08:15:23 CF POST /sessions/new -> 201 (244 ms)
08:15:23 "POST /cf/sessions/new HTTP/1.1" 201 -
08:15:23 CF POST /sessions/new -> 201 (248 ms)
08:15:23 "POST /cf/sessions/new HTTP/1.1" 201 -
08:15:23 CF POST /sessions/new -> 201 (263 ms)
08:15:23 "POST /cf/sessions/new HTTP/1.1" 201 -
08:15:23 CF POST /sessions/new -> 201 (258 ms)
08:15:23 "POST /cf/sessions/new HTTP/1.1" 201 -
08:15:23 "POST /save/pub-offer-f.sdp HTTP/1.1" 200 -
08:15:23 "POST /save/pub-offer-c.sdp HTTP/1.1" 200 -
08:15:23 "POST /save/pub-offer-b.sdp HTTP/1.1" 200 -
08:15:23 "POST /save/pub-offer-e.sdp HTTP/1.1" 200 -
08:15:23 "POST /save/pub-offer-2.sdp HTTP/1.1" 200 -
08:15:23 "POST /save/pub-offer-1.sdp HTTP/1.1" 200 -
08:15:23 "POST /save/pub-offer-a.sdp HTTP/1.1" 200 -
08:15:23 "POST /save/pub-offer-d.sdp HTTP/1.1" 200 -
08:15:24 CF POST /sessions/1a333c227aa3fb55bdc4101580834264eed65a8dcd689ab585e15425e3bc6973/tracks/new -> 200 (325 ms)
08:15:24 "POST /cf/sessions/1a333c227aa3fb55bdc4101580834264eed65a8dcd689ab585e15425e3bc6973/tracks/new HTTP/1.1" 200 -
08:15:24 "POST /save/pub-answer-f.sdp HTTP/1.1" 200 -
08:15:24 CF POST /sessions/a3996dea9c20a88708b6da9ea9b5441d1569feedd695cefeb9ece81d557c2f32/tracks/new -> 200 (330 ms)
08:15:24 "POST /cf/sessions/a3996dea9c20a88708b6da9ea9b5441d1569feedd695cefeb9ece81d557c2f32/tracks/new HTTP/1.1" 200 -
08:15:24 "POST /collect HTTP/1.1" 200 -
08:15:24 "POST /collect HTTP/1.1" 200 -
08:15:24 "POST /collect HTTP/1.1" 200 -
08:15:24 "POST /save/pub-answer-c.sdp HTTP/1.1" 200 -
08:15:24 "POST /collect HTTP/1.1" 200 -
08:15:24 "POST /collect HTTP/1.1" 200 -
08:15:24 "POST /collect HTTP/1.1" 200 -
08:15:24 CF POST /sessions/e86cbcdf4a9f24fdfb184e679abb6d133005db52c846321427bb599db86c793e/tracks/new -> 200 (338 ms)
08:15:24 "POST /cf/sessions/e86cbcdf4a9f24fdfb184e679abb6d133005db52c846321427bb599db86c793e/tracks/new HTTP/1.1" 200 -
08:15:24 "POST /save/pub-answer-e.sdp HTTP/1.1" 200 -
08:15:24 "POST /collect HTTP/1.1" 200 -
08:15:24 CF POST /sessions/b32e68232be44347e48b99a3ae052bbe8ab5e5f06075ff91eeb4104aecb83f40/tracks/new -> 200 (346 ms)
08:15:24 "POST /cf/sessions/b32e68232be44347e48b99a3ae052bbe8ab5e5f06075ff91eeb4104aecb83f40/tracks/new HTTP/1.1" 200 -
08:15:24 "POST /collect HTTP/1.1" 200 -
08:15:24 "POST /collect HTTP/1.1" 200 -
08:15:24 "POST /save/pub-answer-2.sdp HTTP/1.1" 200 -
08:15:24 "POST /collect HTTP/1.1" 200 -
08:15:24 "POST /collect HTTP/1.1" 200 -
08:15:24 "POST /collect HTTP/1.1" 200 -
08:15:24 CF POST /sessions/e49c7b6d134a6b2bb97843fc87c0490bf977c7071040d50ff56e10b9e1b9d357/tracks/new -> 200 (362 ms)
08:15:24 "POST /cf/sessions/e49c7b6d134a6b2bb97843fc87c0490bf977c7071040d50ff56e10b9e1b9d357/tracks/new HTTP/1.1" 200 -
08:15:24 "POST /save/pub-answer-b.sdp HTTP/1.1" 200 -
08:15:24 "POST /collect HTTP/1.1" 200 -
08:15:24 "POST /collect HTTP/1.1" 200 -
08:15:24 "POST /collect HTTP/1.1" 200 -
08:15:24 CF POST /sessions/410f0935a68e8e5dcdd4fd3e61cf371e46282c7bb4fd6040d1b78498d95e9a12/tracks/new -> 200 (373 ms)
08:15:24 "POST /cf/sessions/410f0935a68e8e5dcdd4fd3e61cf371e46282c7bb4fd6040d1b78498d95e9a12/tracks/new HTTP/1.1" 200 -
08:15:24 "POST /save/pub-answer-a.sdp HTTP/1.1" 200 -
08:15:24 "POST /collect HTTP/1.1" 200 -
08:15:24 "POST /collect HTTP/1.1" 200 -
08:15:24 "POST /collect HTTP/1.1" 200 -
08:15:24 CF POST /sessions/a2b7cc0afc24deb92de5659257bcb4a9ab811d0d21c6a59c7977859a08ee3982/tracks/new -> 200 (396 ms)
08:15:24 "POST /cf/sessions/a2b7cc0afc24deb92de5659257bcb4a9ab811d0d21c6a59c7977859a08ee3982/tracks/new HTTP/1.1" 200 -
08:15:24 "POST /save/pub-answer-d.sdp HTTP/1.1" 200 -
08:15:24 "POST /collect HTTP/1.1" 200 -
08:15:24 "POST /collect HTTP/1.1" 200 -
08:15:24 "POST /collect HTTP/1.1" 200 -
08:15:24 CF POST /sessions/61bcd74f468a8c931e5471ba7f46d22eb09bcd79578bf38a76401d49a7d7f8d8/tracks/new -> 200 (409 ms)
08:15:24 "POST /cf/sessions/61bcd74f468a8c931e5471ba7f46d22eb09bcd79578bf38a76401d49a7d7f8d8/tracks/new HTTP/1.1" 200 -
08:15:24 "POST /save/pub-answer-1.sdp HTTP/1.1" 200 -
08:15:24 "POST /collect HTTP/1.1" 200 -
08:15:24 "POST /collect HTTP/1.1" 200 -
08:15:24 "POST /collect HTTP/1.1" 200 -
08:15:24 "POST /collect HTTP/1.1" 200 -
08:15:24 "POST /collect HTTP/1.1" 200 -
08:15:24 "POST /collect HTTP/1.1" 200 -
08:15:24 "POST /collect HTTP/1.1" 200 -
08:15:24 "POST /join HTTP/1.1" 200 -
08:15:24 "POST /collect HTTP/1.1" 200 -
08:15:24 "POST /collect HTTP/1.1" 200 -
08:15:24 "POST /join HTTP/1.1" 200 -
08:15:24 "POST /join HTTP/1.1" 200 -
08:15:24 "POST /collect HTTP/1.1" 200 -
08:15:24 "POST /collect HTTP/1.1" 200 -
08:15:24 "POST /collect HTTP/1.1" 200 -
08:15:24 "POST /collect HTTP/1.1" 200 -
08:15:24 "POST /collect HTTP/1.1" 200 -
08:15:24 "POST /join HTTP/1.1" 200 -
08:15:24 "POST /collect HTTP/1.1" 200 -
08:15:24 "POST /join HTTP/1.1" 200 -
08:15:24 "GET /roster HTTP/1.1" 200 -
08:15:24 "POST /collect HTTP/1.1" 200 -
08:15:24 "POST /join HTTP/1.1" 200 -
08:15:24 "POST /join HTTP/1.1" 200 -
08:15:24 "POST /join HTTP/1.1" 200 -
08:15:24 "POST /collect HTTP/1.1" 200 -
08:15:24 "GET /roster HTTP/1.1" 200 -
08:15:24 "POST /collect HTTP/1.1" 200 -
08:15:24 "POST /collect HTTP/1.1" 200 -
08:15:24 CF POST /sessions/61bcd74f468a8c931e5471ba7f46d22eb09bcd79578bf38a76401d49a7d7f8d8/tracks/new -> 200 (237 ms)
08:15:24 "POST /cf/sessions/61bcd74f468a8c931e5471ba7f46d22eb09bcd79578bf38a76401d49a7d7f8d8/tracks/new HTTP/1.1" 200 -
08:15:24 CF POST /sessions/b32e68232be44347e48b99a3ae052bbe8ab5e5f06075ff91eeb4104aecb83f40/tracks/new -> 200 (289 ms)
08:15:24 "POST /cf/sessions/b32e68232be44347e48b99a3ae052bbe8ab5e5f06075ff91eeb4104aecb83f40/tracks/new HTTP/1.1" 200 -
08:15:25 CF PUT /sessions/61bcd74f468a8c931e5471ba7f46d22eb09bcd79578bf38a76401d49a7d7f8d8/renegotiate -> 200 (158 ms)
08:15:25 "PUT /cf/sessions/61bcd74f468a8c931e5471ba7f46d22eb09bcd79578bf38a76401d49a7d7f8d8/renegotiate HTTP/1.1" 200 -
08:15:25 CF PUT /sessions/b32e68232be44347e48b99a3ae052bbe8ab5e5f06075ff91eeb4104aecb83f40/renegotiate -> 200 (158 ms)
08:15:25 "PUT /cf/sessions/b32e68232be44347e48b99a3ae052bbe8ab5e5f06075ff91eeb4104aecb83f40/renegotiate HTTP/1.1" 200 -
08:15:25 "POST /collect HTTP/1.1" 200 -
08:15:25 "POST /collect HTTP/1.1" 200 -
08:15:25 "POST /collect HTTP/1.1" 200 -
08:15:25 CF POST /sessions/61bcd74f468a8c931e5471ba7f46d22eb09bcd79578bf38a76401d49a7d7f8d8/tracks/new -> 200 (277 ms)
08:15:25 "POST /cf/sessions/61bcd74f468a8c931e5471ba7f46d22eb09bcd79578bf38a76401d49a7d7f8d8/tracks/new HTTP/1.1" 200 -
08:15:25 CF POST /sessions/b32e68232be44347e48b99a3ae052bbe8ab5e5f06075ff91eeb4104aecb83f40/tracks/new -> 200 (301 ms)
08:15:25 "POST /cf/sessions/b32e68232be44347e48b99a3ae052bbe8ab5e5f06075ff91eeb4104aecb83f40/tracks/new HTTP/1.1" 200 -
08:15:25 CF PUT /sessions/61bcd74f468a8c931e5471ba7f46d22eb09bcd79578bf38a76401d49a7d7f8d8/renegotiate -> 200 (231 ms)
08:15:25 "PUT /cf/sessions/61bcd74f468a8c931e5471ba7f46d22eb09bcd79578bf38a76401d49a7d7f8d8/renegotiate HTTP/1.1" 200 -
08:15:25 CF PUT /sessions/b32e68232be44347e48b99a3ae052bbe8ab5e5f06075ff91eeb4104aecb83f40/renegotiate -> 200 (201 ms)
08:15:25 "PUT /cf/sessions/b32e68232be44347e48b99a3ae052bbe8ab5e5f06075ff91eeb4104aecb83f40/renegotiate HTTP/1.1" 200 -
08:15:25 "POST /collect HTTP/1.1" 200 -
08:15:25 "POST /collect HTTP/1.1" 200 -
08:15:25 CF POST /sessions/b32e68232be44347e48b99a3ae052bbe8ab5e5f06075ff91eeb4104aecb83f40/tracks/new -> 200 (255 ms)
08:15:25 "POST /cf/sessions/b32e68232be44347e48b99a3ae052bbe8ab5e5f06075ff91eeb4104aecb83f40/tracks/new HTTP/1.1" 200 -
08:15:25 CF POST /sessions/61bcd74f468a8c931e5471ba7f46d22eb09bcd79578bf38a76401d49a7d7f8d8/tracks/new -> 200 (319 ms)
08:15:25 "POST /cf/sessions/61bcd74f468a8c931e5471ba7f46d22eb09bcd79578bf38a76401d49a7d7f8d8/tracks/new HTTP/1.1" 200 -
08:15:26 CF PUT /sessions/b32e68232be44347e48b99a3ae052bbe8ab5e5f06075ff91eeb4104aecb83f40/renegotiate -> 200 (176 ms)
08:15:26 "PUT /cf/sessions/b32e68232be44347e48b99a3ae052bbe8ab5e5f06075ff91eeb4104aecb83f40/renegotiate HTTP/1.1" 200 -
08:15:26 "POST /collect HTTP/1.1" 200 -
08:15:26 CF PUT /sessions/61bcd74f468a8c931e5471ba7f46d22eb09bcd79578bf38a76401d49a7d7f8d8/renegotiate -> 200 (150 ms)
08:15:26 "PUT /cf/sessions/61bcd74f468a8c931e5471ba7f46d22eb09bcd79578bf38a76401d49a7d7f8d8/renegotiate HTTP/1.1" 200 -
08:15:26 "POST /collect HTTP/1.1" 200 -
08:15:26 "POST /collect HTTP/1.1" 200 -
08:15:26 "POST /collect HTTP/1.1" 200 -
08:15:26 CF POST /sessions/61bcd74f468a8c931e5471ba7f46d22eb09bcd79578bf38a76401d49a7d7f8d8/tracks/new -> 200 (395 ms)
08:15:26 "POST /cf/sessions/61bcd74f468a8c931e5471ba7f46d22eb09bcd79578bf38a76401d49a7d7f8d8/tracks/new HTTP/1.1" 200 -
08:15:26 CF POST /sessions/b32e68232be44347e48b99a3ae052bbe8ab5e5f06075ff91eeb4104aecb83f40/tracks/new -> 200 (430 ms)
08:15:26 "POST /cf/sessions/b32e68232be44347e48b99a3ae052bbe8ab5e5f06075ff91eeb4104aecb83f40/tracks/new HTTP/1.1" 200 -
08:15:26 "GET /roster HTTP/1.1" 200 -
08:15:26 "GET /roster HTTP/1.1" 200 -
08:15:26 "POST /collect HTTP/1.1" 200 -
08:15:26 CF PUT /sessions/61bcd74f468a8c931e5471ba7f46d22eb09bcd79578bf38a76401d49a7d7f8d8/renegotiate -> 200 (272 ms)
08:15:26 "PUT /cf/sessions/61bcd74f468a8c931e5471ba7f46d22eb09bcd79578bf38a76401d49a7d7f8d8/renegotiate HTTP/1.1" 200 -
08:15:26 CF PUT /sessions/b32e68232be44347e48b99a3ae052bbe8ab5e5f06075ff91eeb4104aecb83f40/renegotiate -> 200 (314 ms)
08:15:26 "PUT /cf/sessions/b32e68232be44347e48b99a3ae052bbe8ab5e5f06075ff91eeb4104aecb83f40/renegotiate HTTP/1.1" 200 -
08:15:26 "POST /collect HTTP/1.1" 200 -
08:15:26 "POST /collect HTTP/1.1" 200 -
08:15:26 "POST /collect HTTP/1.1" 200 -
08:15:27 "POST /collect HTTP/1.1" 200 -
08:15:27 CF POST /sessions/61bcd74f468a8c931e5471ba7f46d22eb09bcd79578bf38a76401d49a7d7f8d8/tracks/new -> 200 (381 ms)
08:15:27 "POST /cf/sessions/61bcd74f468a8c931e5471ba7f46d22eb09bcd79578bf38a76401d49a7d7f8d8/tracks/new HTTP/1.1" 200 -
08:15:27 CF POST /sessions/b32e68232be44347e48b99a3ae052bbe8ab5e5f06075ff91eeb4104aecb83f40/tracks/new -> 200 (342 ms)
08:15:27 "POST /cf/sessions/b32e68232be44347e48b99a3ae052bbe8ab5e5f06075ff91eeb4104aecb83f40/tracks/new HTTP/1.1" 200 -
08:15:27 "POST /collect HTTP/1.1" 200 -
08:15:27 CF PUT /sessions/61bcd74f468a8c931e5471ba7f46d22eb09bcd79578bf38a76401d49a7d7f8d8/renegotiate -> 200 (209 ms)
08:15:27 "PUT /cf/sessions/61bcd74f468a8c931e5471ba7f46d22eb09bcd79578bf38a76401d49a7d7f8d8/renegotiate HTTP/1.1" 200 -
08:15:27 CF PUT /sessions/b32e68232be44347e48b99a3ae052bbe8ab5e5f06075ff91eeb4104aecb83f40/renegotiate -> 200 (225 ms)
08:15:27 "PUT /cf/sessions/b32e68232be44347e48b99a3ae052bbe8ab5e5f06075ff91eeb4104aecb83f40/renegotiate HTTP/1.1" 200 -
08:15:27 "POST /collect HTTP/1.1" 200 -
08:15:27 "POST /collect HTTP/1.1" 200 -
08:15:27 "POST /collect HTTP/1.1" 200 -
08:15:27 "POST /collect HTTP/1.1" 200 -
08:15:27 "POST /collect HTTP/1.1" 200 -
08:15:27 "POST /collect HTTP/1.1" 200 -
08:15:27 CF POST /sessions/b32e68232be44347e48b99a3ae052bbe8ab5e5f06075ff91eeb4104aecb83f40/tracks/new -> 200 (224 ms)
08:15:27 "POST /cf/sessions/b32e68232be44347e48b99a3ae052bbe8ab5e5f06075ff91eeb4104aecb83f40/tracks/new HTTP/1.1" 200 -
08:15:27 CF POST /sessions/61bcd74f468a8c931e5471ba7f46d22eb09bcd79578bf38a76401d49a7d7f8d8/tracks/new -> 200 (254 ms)
08:15:27 "POST /cf/sessions/61bcd74f468a8c931e5471ba7f46d22eb09bcd79578bf38a76401d49a7d7f8d8/tracks/new HTTP/1.1" 200 -
08:15:27 "POST /collect HTTP/1.1" 200 -
08:15:27 "POST /collect HTTP/1.1" 200 -
08:15:27 CF PUT /sessions/61bcd74f468a8c931e5471ba7f46d22eb09bcd79578bf38a76401d49a7d7f8d8/renegotiate -> 200 (251 ms)
08:15:27 "PUT /cf/sessions/61bcd74f468a8c931e5471ba7f46d22eb09bcd79578bf38a76401d49a7d7f8d8/renegotiate HTTP/1.1" 200 -
08:15:27 CF PUT /sessions/b32e68232be44347e48b99a3ae052bbe8ab5e5f06075ff91eeb4104aecb83f40/renegotiate -> 200 (278 ms)
08:15:27 "PUT /cf/sessions/b32e68232be44347e48b99a3ae052bbe8ab5e5f06075ff91eeb4104aecb83f40/renegotiate HTTP/1.1" 200 -
08:15:27 "POST /collect HTTP/1.1" 200 -
08:15:27 "POST /collect HTTP/1.1" 200 -
08:15:28 "POST /collect HTTP/1.1" 200 -
08:15:28 CF POST /sessions/61bcd74f468a8c931e5471ba7f46d22eb09bcd79578bf38a76401d49a7d7f8d8/tracks/new -> 200 (292 ms)
08:15:28 "POST /cf/sessions/61bcd74f468a8c931e5471ba7f46d22eb09bcd79578bf38a76401d49a7d7f8d8/tracks/new HTTP/1.1" 200 -
08:15:28 CF POST /sessions/b32e68232be44347e48b99a3ae052bbe8ab5e5f06075ff91eeb4104aecb83f40/tracks/new -> 200 (288 ms)
08:15:28 "POST /cf/sessions/b32e68232be44347e48b99a3ae052bbe8ab5e5f06075ff91eeb4104aecb83f40/tracks/new HTTP/1.1" 200 -
08:15:28 "POST /collect HTTP/1.1" 200 -
08:15:28 CF PUT /sessions/61bcd74f468a8c931e5471ba7f46d22eb09bcd79578bf38a76401d49a7d7f8d8/renegotiate -> 200 (207 ms)
08:15:28 "PUT /cf/sessions/61bcd74f468a8c931e5471ba7f46d22eb09bcd79578bf38a76401d49a7d7f8d8/renegotiate HTTP/1.1" 200 -
08:15:28 CF PUT /sessions/b32e68232be44347e48b99a3ae052bbe8ab5e5f06075ff91eeb4104aecb83f40/renegotiate -> 200 (190 ms)
08:15:28 "PUT /cf/sessions/b32e68232be44347e48b99a3ae052bbe8ab5e5f06075ff91eeb4104aecb83f40/renegotiate HTTP/1.1" 200 -
08:15:28 "POST /collect HTTP/1.1" 200 -
08:15:28 "POST /collect HTTP/1.1" 200 -
08:15:28 "GET /roster HTTP/1.1" 200 -
08:15:28 "GET /roster HTTP/1.1" 200 -
08:15:28 "POST /collect HTTP/1.1" 200 -
08:15:28 "POST /collect HTTP/1.1" 200 -
08:15:29 "POST /collect HTTP/1.1" 200 -
08:15:29 "POST /collect HTTP/1.1" 200 -
08:15:30 "POST /collect HTTP/1.1" 200 -
08:15:30 "POST /collect HTTP/1.1" 200 -
08:15:30 "POST /collect HTTP/1.1" 200 -
08:15:30 "POST /collect HTTP/1.1" 200 -
08:15:30 "POST /collect HTTP/1.1" 200 -
08:15:30 "POST /collect HTTP/1.1" 200 -
08:15:30 "GET /roster HTTP/1.1" 200 -
08:15:30 "POST /collect HTTP/1.1" 200 -
08:15:30 "GET /roster HTTP/1.1" 200 -
08:15:30 "POST /collect HTTP/1.1" 200 -
08:15:30 "POST /collect HTTP/1.1" 200 -
08:15:30 "POST /collect HTTP/1.1" 200 -
08:15:31 "POST /collect HTTP/1.1" 200 -
08:15:31 "POST /collect HTTP/1.1" 200 -
08:15:31 "POST /collect HTTP/1.1" 200 -
08:15:31 "POST /collect HTTP/1.1" 200 -
08:15:32 "POST /collect HTTP/1.1" 200 -
08:15:32 "POST /collect HTTP/1.1" 200 -
08:15:32 "GET /roster HTTP/1.1" 200 -
08:15:32 "POST /collect HTTP/1.1" 200 -
08:15:32 "GET /roster HTTP/1.1" 200 -
08:15:32 "POST /collect HTTP/1.1" 200 -
08:15:33 "POST /collect HTTP/1.1" 200 -
08:15:33 "POST /collect HTTP/1.1" 200 -
08:15:33 "POST /collect HTTP/1.1" 200 -
08:15:33 "POST /collect HTTP/1.1" 200 -
08:15:33 "POST /collect HTTP/1.1" 200 -
08:15:33 "POST /collect HTTP/1.1" 200 -
08:15:33 "POST /collect HTTP/1.1" 200 -
08:15:33 "POST /collect HTTP/1.1" 200 -
08:15:34 "POST /collect HTTP/1.1" 200 -
08:15:34 "POST /collect HTTP/1.1" 200 -
08:15:34 "GET /roster HTTP/1.1" 200 -
08:15:34 "POST /collect HTTP/1.1" 200 -
08:15:34 "GET /roster HTTP/1.1" 200 -
08:15:34 "POST /collect HTTP/1.1" 200 -
08:15:35 "POST /collect HTTP/1.1" 200 -
08:15:35 "POST /collect HTTP/1.1" 200 -
08:15:36 "POST /collect HTTP/1.1" 200 -
08:15:36 "POST /collect HTTP/1.1" 200 -
08:15:36 "POST /collect HTTP/1.1" 200 -
08:15:36 "POST /collect HTTP/1.1" 200 -
08:15:36 "POST /collect HTTP/1.1" 200 -
08:15:36 "POST /collect HTTP/1.1" 200 -
08:15:36 "POST /collect HTTP/1.1" 200 -
08:15:36 "POST /collect HTTP/1.1" 200 -
08:15:36 "GET /roster HTTP/1.1" 200 -
08:15:36 "POST /collect HTTP/1.1" 200 -
08:15:36 "GET /roster HTTP/1.1" 200 -
08:15:36 "POST /collect HTTP/1.1" 200 -
08:15:36 "POST /collect HTTP/1.1" 200 -
08:15:36 "POST /collect HTTP/1.1" 200 -
08:15:37 "POST /collect HTTP/1.1" 200 -
08:15:37 "POST /collect HTTP/1.1" 200 -
08:15:38 "POST /collect HTTP/1.1" 200 -
08:15:38 "POST /collect HTTP/1.1" 200 -
08:15:38 "GET /roster HTTP/1.1" 200 -
08:15:38 "POST /collect HTTP/1.1" 200 -
08:15:38 "GET /roster HTTP/1.1" 200 -
08:15:38 "POST /collect HTTP/1.1" 200 -
08:15:39 "POST /collect HTTP/1.1" 200 -
08:15:39 "POST /collect HTTP/1.1" 200 -
08:15:39 "POST /collect HTTP/1.1" 200 -
08:15:39 "POST /collect HTTP/1.1" 200 -
08:15:39 "POST /collect HTTP/1.1" 200 -
08:15:39 "POST /collect HTTP/1.1" 200 -
08:15:39 "POST /collect HTTP/1.1" 200 -
08:15:39 "POST /collect HTTP/1.1" 200 -
08:15:40 "POST /collect HTTP/1.1" 200 -
08:15:40 "POST /collect HTTP/1.1" 200 -
08:15:40 "GET /roster HTTP/1.1" 200 -
08:15:40 "POST /collect HTTP/1.1" 200 -
08:15:40 "GET /roster HTTP/1.1" 200 -
08:15:40 "POST /collect HTTP/1.1" 200 -
08:15:41 "POST /collect HTTP/1.1" 200 -
08:15:41 "POST /collect HTTP/1.1" 200 -
08:15:42 "POST /collect HTTP/1.1" 200 -
08:15:42 "POST /collect HTTP/1.1" 200 -
08:15:42 "POST /collect HTTP/1.1" 200 -
08:15:42 "POST /collect HTTP/1.1" 200 -
08:15:42 "POST /collect HTTP/1.1" 200 -
08:15:42 "POST /collect HTTP/1.1" 200 -
08:15:42 "GET /roster HTTP/1.1" 200 -
08:15:42 "POST /collect HTTP/1.1" 200 -
08:15:42 "POST /collect HTTP/1.1" 200 -
08:15:42 "GET /roster HTTP/1.1" 200 -
08:15:42 "POST /collect HTTP/1.1" 200 -
08:15:42 "POST /collect HTTP/1.1" 200 -
08:15:43 "POST /collect HTTP/1.1" 200 -
08:15:43 "POST /collect HTTP/1.1" 200 -
08:15:44 "POST /collect HTTP/1.1" 200 -
08:15:44 "POST /collect HTTP/1.1" 200 -
08:15:44 "GET /roster HTTP/1.1" 200 -
08:15:44 "POST /collect HTTP/1.1" 200 -
08:15:44 "GET /roster HTTP/1.1" 200 -
08:15:44 "POST /collect HTTP/1.1" 200 -
08:15:45 "POST /collect HTTP/1.1" 200 -
08:15:45 "POST /collect HTTP/1.1" 200 -
08:15:45 "POST /collect HTTP/1.1" 200 -
08:15:45 "POST /collect HTTP/1.1" 200 -
08:15:45 "POST /collect HTTP/1.1" 200 -
08:15:45 "POST /collect HTTP/1.1" 200 -
08:15:45 "POST /collect HTTP/1.1" 200 -
08:15:45 "POST /collect HTTP/1.1" 200 -
08:15:46 "POST /collect HTTP/1.1" 200 -
08:15:46 "POST /collect HTTP/1.1" 200 -
08:15:46 "GET /roster HTTP/1.1" 200 -
08:15:46 "POST /collect HTTP/1.1" 200 -
08:15:46 "GET /roster HTTP/1.1" 200 -
08:15:46 "POST /collect HTTP/1.1" 200 -
08:15:47 "POST /collect HTTP/1.1" 200 -
08:15:47 "POST /collect HTTP/1.1" 200 -
08:15:48 "POST /collect HTTP/1.1" 200 -
08:15:48 "POST /collect HTTP/1.1" 200 -
08:15:48 "POST /collect HTTP/1.1" 200 -
08:15:48 "POST /collect HTTP/1.1" 200 -
08:15:48 "POST /collect HTTP/1.1" 200 -
08:15:48 "POST /collect HTTP/1.1" 200 -
08:15:48 "GET /roster HTTP/1.1" 200 -
08:15:48 "POST /collect HTTP/1.1" 200 -
08:15:48 "GET /roster HTTP/1.1" 200 -
08:15:48 "POST /collect HTTP/1.1" 200 -
08:15:48 "POST /collect HTTP/1.1" 200 -
08:15:48 "POST /collect HTTP/1.1" 200 -
08:15:49 "POST /collect HTTP/1.1" 200 -
08:15:49 "POST /collect HTTP/1.1" 200 -
08:15:50 "POST /collect HTTP/1.1" 200 -
08:15:50 "POST /collect HTTP/1.1" 200 -
08:15:50 "GET /roster HTTP/1.1" 200 -
08:15:50 "POST /collect HTTP/1.1" 200 -
08:15:50 "GET /roster HTTP/1.1" 200 -
08:15:50 "POST /collect HTTP/1.1" 200 -
08:15:51 "POST /collect HTTP/1.1" 200 -
08:15:51 "POST /collect HTTP/1.1" 200 -
08:15:51 "POST /collect HTTP/1.1" 200 -
08:15:51 "POST /collect HTTP/1.1" 200 -
08:15:51 "POST /collect HTTP/1.1" 200 -
08:15:51 "POST /collect HTTP/1.1" 200 -
08:15:51 "POST /collect HTTP/1.1" 200 -
08:15:51 "POST /collect HTTP/1.1" 200 -
08:15:51 "POST /collect HTTP/1.1" 200 -
08:15:52 "POST /collect HTTP/1.1" 200 -
08:15:52 "POST /collect HTTP/1.1" 200 -
08:15:52 "GET /roster HTTP/1.1" 200 -
08:15:52 "POST /collect HTTP/1.1" 200 -
08:15:52 "GET /roster HTTP/1.1" 200 -
08:15:52 "POST /collect HTTP/1.1" 200 -
08:15:53 "POST /collect HTTP/1.1" 200 -
08:15:53 "POST /collect HTTP/1.1" 200 -
08:15:54 "POST /collect HTTP/1.1" 200 -
08:15:54 "POST /collect HTTP/1.1" 200 -
08:15:54 "POST /collect HTTP/1.1" 200 -
08:15:54 "POST /collect HTTP/1.1" 200 -
08:15:54 "POST /collect HTTP/1.1" 200 -
08:15:54 "POST /collect HTTP/1.1" 200 -
08:15:54 "GET /roster HTTP/1.1" 200 -
08:15:54 "POST /collect HTTP/1.1" 200 -
08:15:54 "GET /roster HTTP/1.1" 200 -
08:15:54 "POST /collect HTTP/1.1" 200 -
08:15:54 "POST /collect HTTP/1.1" 200 -
08:15:54 "POST /collect HTTP/1.1" 200 -
08:15:55 "POST /collect HTTP/1.1" 200 -
08:15:55 "POST /collect HTTP/1.1" 200 -
08:15:56 "POST /collect HTTP/1.1" 200 -
08:15:56 "POST /collect HTTP/1.1" 200 -
08:15:56 "GET /roster HTTP/1.1" 200 -
08:15:56 "POST /collect HTTP/1.1" 200 -
08:15:56 "GET /roster HTTP/1.1" 200 -
08:15:56 "POST /collect HTTP/1.1" 200 -
08:15:57 "POST /collect HTTP/1.1" 200 -
08:15:57 "POST /collect HTTP/1.1" 200 -
08:15:57 "POST /collect HTTP/1.1" 200 -
08:15:57 "POST /collect HTTP/1.1" 200 -
08:15:57 "POST /collect HTTP/1.1" 200 -
08:15:57 "POST /collect HTTP/1.1" 200 -
08:15:57 "POST /collect HTTP/1.1" 200 -
08:15:57 "POST /collect HTTP/1.1" 200 -
08:15:58 "POST /collect HTTP/1.1" 200 -
08:15:58 "POST /collect HTTP/1.1" 200 -
08:15:58 "GET /roster HTTP/1.1" 200 -
08:15:58 "POST /collect HTTP/1.1" 200 -
08:15:58 "GET /roster HTTP/1.1" 200 -
08:15:58 "POST /collect HTTP/1.1" 200 -
08:15:59 "POST /collect HTTP/1.1" 200 -
08:15:59 "POST /collect HTTP/1.1" 200 -
08:16:00 "POST /collect HTTP/1.1" 200 -
08:16:00 "POST /collect HTTP/1.1" 200 -
08:16:00 "POST /collect HTTP/1.1" 200 -
08:16:00 "POST /collect HTTP/1.1" 200 -
08:16:00 "POST /collect HTTP/1.1" 200 -
08:16:00 "POST /collect HTTP/1.1" 200 -
08:16:00 "GET /roster HTTP/1.1" 200 -
08:16:00 "POST /collect HTTP/1.1" 200 -
08:16:00 "GET /roster HTTP/1.1" 200 -
08:16:00 "POST /collect HTTP/1.1" 200 -
08:16:00 "POST /collect HTTP/1.1" 200 -
08:16:00 "POST /collect HTTP/1.1" 200 -
08:16:01 "POST /collect HTTP/1.1" 200 -
08:16:01 "POST /collect HTTP/1.1" 200 -
08:16:02 "POST /collect HTTP/1.1" 200 -
08:16:02 "POST /collect HTTP/1.1" 200 -
08:16:02 "GET /roster HTTP/1.1" 200 -
08:16:02 "POST /collect HTTP/1.1" 200 -
08:16:02 "GET /roster HTTP/1.1" 200 -
08:16:02 "POST /collect HTTP/1.1" 200 -
08:16:03 "POST /collect HTTP/1.1" 200 -
08:16:03 "POST /collect HTTP/1.1" 200 -
08:16:03 "POST /collect HTTP/1.1" 200 -
08:16:03 "POST /collect HTTP/1.1" 200 -
08:16:03 "POST /collect HTTP/1.1" 200 -
08:16:03 "POST /collect HTTP/1.1" 200 -
08:16:03 "POST /collect HTTP/1.1" 200 -
08:16:03 "POST /collect HTTP/1.1" 200 -
08:16:04 "POST /collect HTTP/1.1" 200 -
08:16:04 "POST /collect HTTP/1.1" 200 -
08:16:04 "GET /roster HTTP/1.1" 200 -
08:16:04 "POST /collect HTTP/1.1" 200 -
08:16:04 "GET /roster HTTP/1.1" 200 -
08:16:04 "POST /collect HTTP/1.1" 200 -
08:16:05 "POST /collect HTTP/1.1" 200 -
08:16:05 "POST /collect HTTP/1.1" 200 -
08:16:06 "POST /collect HTTP/1.1" 200 -
08:16:06 "POST /collect HTTP/1.1" 200 -
08:16:06 "POST /collect HTTP/1.1" 200 -
08:16:06 "POST /collect HTTP/1.1" 200 -
08:16:06 "POST /collect HTTP/1.1" 200 -
08:16:06 "POST /collect HTTP/1.1" 200 -
08:16:06 "GET /roster HTTP/1.1" 200 -
08:16:06 "POST /collect HTTP/1.1" 200 -
08:16:06 "POST /collect HTTP/1.1" 200 -
08:16:06 "GET /roster HTTP/1.1" 200 -
08:16:06 "POST /collect HTTP/1.1" 200 -
08:16:06 "POST /collect HTTP/1.1" 200 -
08:16:06 "POST /collect HTTP/1.1" 200 -
08:16:06 "POST /collect HTTP/1.1" 200 -
08:16:07 "POST /collect HTTP/1.1" 200 -
08:16:07 "POST /collect HTTP/1.1" 200 -
08:16:08 "POST /collect HTTP/1.1" 200 -
08:16:08 "POST /collect HTTP/1.1" 200 -
08:16:08 "GET /roster HTTP/1.1" 200 -
08:16:08 "POST /collect HTTP/1.1" 200 -
08:16:08 "GET /roster HTTP/1.1" 200 -
08:16:08 "POST /collect HTTP/1.1" 200 -
08:16:09 "POST /collect HTTP/1.1" 200 -
08:16:09 "POST /collect HTTP/1.1" 200 -
08:16:09 "POST /collect HTTP/1.1" 200 -
08:16:09 "POST /collect HTTP/1.1" 200 -
08:16:09 "POST /collect HTTP/1.1" 200 -
08:16:09 "POST /collect HTTP/1.1" 200 -
08:16:09 "POST /collect HTTP/1.1" 200 -
08:16:09 "POST /collect HTTP/1.1" 200 -
08:16:10 "POST /collect HTTP/1.1" 200 -
08:16:10 "POST /collect HTTP/1.1" 200 -
08:16:10 "GET /roster HTTP/1.1" 200 -
08:16:10 "POST /collect HTTP/1.1" 200 -
08:16:10 "GET /roster HTTP/1.1" 200 -
08:16:10 "POST /collect HTTP/1.1" 200 -
08:16:11 "POST /collect HTTP/1.1" 200 -
08:16:11 "POST /collect HTTP/1.1" 200 -
08:16:12 "POST /collect HTTP/1.1" 200 -
08:16:12 "POST /collect HTTP/1.1" 200 -
08:16:12 "POST /collect HTTP/1.1" 200 -
08:16:12 "POST /collect HTTP/1.1" 200 -
08:16:12 "POST /collect HTTP/1.1" 200 -
08:16:12 "POST /collect HTTP/1.1" 200 -
08:16:12 "GET /roster HTTP/1.1" 200 -
08:16:12 "POST /collect HTTP/1.1" 200 -
08:16:12 "GET /roster HTTP/1.1" 200 -
08:16:12 "POST /collect HTTP/1.1" 200 -
08:16:12 "POST /collect HTTP/1.1" 200 -
08:16:12 "POST /collect HTTP/1.1" 200 -
08:16:13 "POST /collect HTTP/1.1" 200 -
08:16:13 "POST /collect HTTP/1.1" 200 -
08:16:14 "POST /collect HTTP/1.1" 200 -
08:16:14 "POST /collect HTTP/1.1" 200 -
08:16:14 "GET /roster HTTP/1.1" 200 -
08:16:14 "POST /collect HTTP/1.1" 200 -
08:16:14 "GET /roster HTTP/1.1" 200 -
08:16:14 "POST /collect HTTP/1.1" 200 -
08:16:15 "POST /collect HTTP/1.1" 200 -
08:16:15 "POST /collect HTTP/1.1" 200 -
08:16:15 "POST /collect HTTP/1.1" 200 -
08:16:15 "POST /collect HTTP/1.1" 200 -
08:16:15 "POST /collect HTTP/1.1" 200 -
08:16:15 "POST /collect HTTP/1.1" 200 -
08:16:15 "POST /collect HTTP/1.1" 200 -
08:16:15 "POST /collect HTTP/1.1" 200 -
08:16:16 "POST /collect HTTP/1.1" 200 -
08:16:16 "POST /collect HTTP/1.1" 200 -
08:16:16 "GET /roster HTTP/1.1" 200 -
08:16:16 "POST /collect HTTP/1.1" 200 -
08:16:16 "GET /roster HTTP/1.1" 200 -
08:16:16 "POST /collect HTTP/1.1" 200 -
08:16:17 "POST /collect HTTP/1.1" 200 -
08:16:17 "POST /collect HTTP/1.1" 200 -
08:16:18 "POST /collect HTTP/1.1" 200 -
08:16:18 "POST /collect HTTP/1.1" 200 -
08:16:18 "POST /collect HTTP/1.1" 200 -
08:16:18 "POST /collect HTTP/1.1" 200 -
08:16:18 "POST /collect HTTP/1.1" 200 -
08:16:18 "POST /collect HTTP/1.1" 200 -
08:16:18 "GET /roster HTTP/1.1" 200 -
08:16:18 "POST /collect HTTP/1.1" 200 -
08:16:18 "GET /roster HTTP/1.1" 200 -
08:16:18 "POST /collect HTTP/1.1" 200 -
08:16:18 "POST /collect HTTP/1.1" 200 -
08:16:18 "POST /collect HTTP/1.1" 200 -
08:16:19 "POST /collect HTTP/1.1" 200 -
08:16:19 "POST /collect HTTP/1.1" 200 -
08:16:20 "POST /collect HTTP/1.1" 200 -
08:16:20 "POST /collect HTTP/1.1" 200 -
08:16:20 "GET /roster HTTP/1.1" 200 -
08:16:20 "POST /collect HTTP/1.1" 200 -
08:16:20 "GET /roster HTTP/1.1" 200 -
08:16:20 "POST /collect HTTP/1.1" 200 -
08:16:21 "POST /collect HTTP/1.1" 200 -
08:16:21 "POST /collect HTTP/1.1" 200 -
08:16:21 "POST /collect HTTP/1.1" 200 -
08:16:21 "POST /collect HTTP/1.1" 200 -
08:16:21 "POST /collect HTTP/1.1" 200 -
08:16:21 "POST /collect HTTP/1.1" 200 -
08:16:21 "POST /collect HTTP/1.1" 200 -
08:16:21 "POST /collect HTTP/1.1" 200 -
08:16:22 "POST /collect HTTP/1.1" 200 -
08:16:22 "POST /collect HTTP/1.1" 200 -
08:16:22 "POST /collect HTTP/1.1" 200 -
08:16:22 "GET /roster HTTP/1.1" 200 -
08:16:22 "POST /collect HTTP/1.1" 200 -
08:16:22 "GET /roster HTTP/1.1" 200 -
08:16:22 "POST /collect HTTP/1.1" 200 -
08:16:23 "POST /collect HTTP/1.1" 200 -
08:16:23 "POST /collect HTTP/1.1" 200 -
08:16:24 "POST /collect HTTP/1.1" 200 -
08:16:24 "POST /collect HTTP/1.1" 200 -
08:16:24 "POST /collect HTTP/1.1" 200 -
08:16:24 "POST /collect HTTP/1.1" 200 -
08:16:24 "POST /collect HTTP/1.1" 200 -
08:16:24 "POST /collect HTTP/1.1" 200 -
08:16:24 "GET /roster HTTP/1.1" 200 -
08:16:24 "POST /collect HTTP/1.1" 200 -
08:16:24 "GET /roster HTTP/1.1" 200 -
08:16:24 "POST /collect HTTP/1.1" 200 -
08:16:24 "POST /collect HTTP/1.1" 200 -
08:16:24 "POST /collect HTTP/1.1" 200 -
08:16:25 "POST /collect HTTP/1.1" 200 -
08:16:25 "POST /collect HTTP/1.1" 200 -
08:16:26 "POST /collect HTTP/1.1" 200 -
08:16:26 "POST /collect HTTP/1.1" 200 -
08:16:26 "GET /roster HTTP/1.1" 200 -
08:16:26 "POST /collect HTTP/1.1" 200 -
08:16:26 "GET /roster HTTP/1.1" 200 -
08:16:26 "POST /collect HTTP/1.1" 200 -
08:16:27 "POST /collect HTTP/1.1" 200 -
08:16:27 "POST /collect HTTP/1.1" 200 -
08:16:27 "POST /collect HTTP/1.1" 200 -
08:16:27 "POST /collect HTTP/1.1" 200 -
08:16:27 "POST /collect HTTP/1.1" 200 -
08:16:27 "POST /collect HTTP/1.1" 200 -
08:16:27 "POST /collect HTTP/1.1" 200 -
08:16:27 "POST /collect HTTP/1.1" 200 -
08:16:28 "POST /collect HTTP/1.1" 200 -
08:16:28 "POST /collect HTTP/1.1" 200 -
08:16:28 "GET /roster HTTP/1.1" 200 -
08:16:28 "POST /collect HTTP/1.1" 200 -
08:16:28 "GET /roster HTTP/1.1" 200 -
08:16:28 "POST /collect HTTP/1.1" 200 -
08:16:29 "POST /collect HTTP/1.1" 200 -
08:16:29 "POST /collect HTTP/1.1" 200 -
08:16:30 "POST /collect HTTP/1.1" 200 -
08:16:30 "POST /collect HTTP/1.1" 200 -
08:16:30 "POST /collect HTTP/1.1" 200 -
08:16:30 "POST /collect HTTP/1.1" 200 -
08:16:30 "POST /collect HTTP/1.1" 200 -
08:16:30 "POST /collect HTTP/1.1" 200 -
08:16:30 "GET /roster HTTP/1.1" 200 -
08:16:30 "POST /collect HTTP/1.1" 200 -
08:16:30 "GET /roster HTTP/1.1" 200 -
08:16:30 "POST /collect HTTP/1.1" 200 -
08:16:30 "POST /collect HTTP/1.1" 200 -
08:16:30 "POST /collect HTTP/1.1" 200 -
08:16:31 "POST /collect HTTP/1.1" 200 -
08:16:31 "POST /collect HTTP/1.1" 200 -
08:16:32 "POST /collect HTTP/1.1" 200 -
08:16:32 "POST /collect HTTP/1.1" 200 -
08:16:32 "GET /roster HTTP/1.1" 200 -
08:16:32 "POST /collect HTTP/1.1" 200 -
08:16:32 "GET /roster HTTP/1.1" 200 -
08:16:32 "POST /collect HTTP/1.1" 200 -
08:16:33 "POST /collect HTTP/1.1" 200 -
08:16:33 "POST /collect HTTP/1.1" 200 -
08:16:33 "POST /collect HTTP/1.1" 200 -
08:16:33 "POST /collect HTTP/1.1" 200 -
08:16:33 "POST /collect HTTP/1.1" 200 -
08:16:33 "POST /collect HTTP/1.1" 200 -
08:16:33 "POST /collect HTTP/1.1" 200 -
08:16:33 "POST /collect HTTP/1.1" 200 -
08:16:34 "POST /collect HTTP/1.1" 200 -
08:16:34 "POST /collect HTTP/1.1" 200 -
08:16:34 "GET /roster HTTP/1.1" 200 -
08:16:34 "POST /collect HTTP/1.1" 200 -
08:16:34 "GET /roster HTTP/1.1" 200 -
08:16:34 "POST /collect HTTP/1.1" 200 -
08:16:35 "POST /collect HTTP/1.1" 200 -
08:16:35 "POST /collect HTTP/1.1" 200 -
08:16:36 "POST /collect HTTP/1.1" 200 -
08:16:36 "POST /collect HTTP/1.1" 200 -
08:16:36 "POST /collect HTTP/1.1" 200 -
08:16:36 "POST /collect HTTP/1.1" 200 -
08:16:36 "POST /collect HTTP/1.1" 200 -
08:16:36 "POST /collect HTTP/1.1" 200 -
08:16:36 "GET /roster HTTP/1.1" 200 -
08:16:36 "POST /collect HTTP/1.1" 200 -
08:16:36 "GET /roster HTTP/1.1" 200 -
08:16:36 "POST /collect HTTP/1.1" 200 -
08:16:36 "POST /collect HTTP/1.1" 200 -
08:16:36 "POST /collect HTTP/1.1" 200 -
08:16:37 "POST /collect HTTP/1.1" 200 -
08:16:37 "POST /collect HTTP/1.1" 200 -
08:16:37 "POST /collect HTTP/1.1" 200 -
08:16:37 "POST /collect HTTP/1.1" 200 -
08:16:38 "POST /collect HTTP/1.1" 200 -
08:16:38 "POST /collect HTTP/1.1" 200 -
08:16:38 "GET /roster HTTP/1.1" 200 -
08:16:38 "POST /collect HTTP/1.1" 200 -
08:16:38 "GET /roster HTTP/1.1" 200 -
08:16:38 "POST /collect HTTP/1.1" 200 -
08:16:39 "POST /collect HTTP/1.1" 200 -
08:16:39 "POST /collect HTTP/1.1" 200 -
08:16:39 "POST /collect HTTP/1.1" 200 -
08:16:39 "POST /collect HTTP/1.1" 200 -
08:16:39 "POST /collect HTTP/1.1" 200 -
08:16:39 "POST /collect HTTP/1.1" 200 -
08:16:39 "POST /collect HTTP/1.1" 200 -
08:16:39 "POST /collect HTTP/1.1" 200 -
08:16:40 "POST /collect HTTP/1.1" 200 -
08:16:40 "POST /collect HTTP/1.1" 200 -
08:16:40 "GET /roster HTTP/1.1" 200 -
08:16:40 "POST /collect HTTP/1.1" 200 -
08:16:40 "GET /roster HTTP/1.1" 200 -
08:16:40 "POST /collect HTTP/1.1" 200 -
08:16:41 "POST /collect HTTP/1.1" 200 -
08:16:41 "POST /collect HTTP/1.1" 200 -
08:16:42 "POST /collect HTTP/1.1" 200 -
08:16:42 "POST /collect HTTP/1.1" 200 -
08:16:42 "POST /collect HTTP/1.1" 200 -
08:16:42 "POST /collect HTTP/1.1" 200 -
08:16:42 "POST /collect HTTP/1.1" 200 -
08:16:42 "POST /collect HTTP/1.1" 200 -
08:16:42 "GET /roster HTTP/1.1" 200 -
08:16:42 "POST /collect HTTP/1.1" 200 -
08:16:42 "GET /roster HTTP/1.1" 200 -
08:16:42 "POST /collect HTTP/1.1" 200 -
08:16:42 "POST /collect HTTP/1.1" 200 -
08:16:42 "POST /collect HTTP/1.1" 200 -
08:16:43 "POST /collect HTTP/1.1" 200 -
08:16:43 "POST /collect HTTP/1.1" 200 -
08:16:44 "POST /collect HTTP/1.1" 200 -
08:16:44 "POST /collect HTTP/1.1" 200 -
08:16:44 "GET /roster HTTP/1.1" 200 -
08:16:44 "POST /collect HTTP/1.1" 200 -
08:16:44 "GET /roster HTTP/1.1" 200 -
08:16:44 "POST /collect HTTP/1.1" 200 -
08:16:45 "POST /collect HTTP/1.1" 200 -
08:16:45 "POST /collect HTTP/1.1" 200 -
08:16:45 "POST /collect HTTP/1.1" 200 -
08:16:45 "POST /collect HTTP/1.1" 200 -
08:16:45 "POST /collect HTTP/1.1" 200 -
08:16:45 "POST /collect HTTP/1.1" 200 -
08:16:45 "POST /collect HTTP/1.1" 200 -
08:16:45 "POST /collect HTTP/1.1" 200 -
08:16:46 "POST /collect HTTP/1.1" 200 -
08:16:46 "POST /collect HTTP/1.1" 200 -
08:16:46 "GET /roster HTTP/1.1" 200 -
08:16:46 "POST /collect HTTP/1.1" 200 -
08:16:46 "GET /roster HTTP/1.1" 200 -
08:16:46 "POST /collect HTTP/1.1" 200 -
08:16:47 "POST /collect HTTP/1.1" 200 -
08:16:47 "POST /collect HTTP/1.1" 200 -
08:16:48 "POST /collect HTTP/1.1" 200 -
08:16:48 "POST /collect HTTP/1.1" 200 -
08:16:48 "POST /collect HTTP/1.1" 200 -
08:16:48 "POST /collect HTTP/1.1" 200 -
08:16:48 "POST /collect HTTP/1.1" 200 -
08:16:48 "POST /collect HTTP/1.1" 200 -
08:16:48 "GET /roster HTTP/1.1" 200 -
08:16:48 "POST /collect HTTP/1.1" 200 -
08:16:48 "GET /roster HTTP/1.1" 200 -
08:16:48 "POST /collect HTTP/1.1" 200 -
08:16:48 "POST /collect HTTP/1.1" 200 -
08:16:48 "POST /collect HTTP/1.1" 200 -
08:16:49 "POST /collect HTTP/1.1" 200 -
08:16:49 "POST /collect HTTP/1.1" 200 -
08:16:50 "POST /collect HTTP/1.1" 200 -
08:16:50 "POST /collect HTTP/1.1" 200 -
08:16:50 "GET /roster HTTP/1.1" 200 -
08:16:50 "POST /collect HTTP/1.1" 200 -
08:16:50 "GET /roster HTTP/1.1" 200 -
08:16:50 "POST /collect HTTP/1.1" 200 -
08:16:51 "POST /collect HTTP/1.1" 200 -
08:16:51 "POST /collect HTTP/1.1" 200 -
08:16:51 "POST /collect HTTP/1.1" 200 -
08:16:51 "POST /collect HTTP/1.1" 200 -
08:16:51 "POST /collect HTTP/1.1" 200 -
08:16:51 "POST /collect HTTP/1.1" 200 -
08:16:51 "POST /collect HTTP/1.1" 200 -
08:16:51 "POST /collect HTTP/1.1" 200 -
08:16:52 "POST /collect HTTP/1.1" 200 -
08:16:52 "POST /collect HTTP/1.1" 200 -
08:16:52 "POST /collect HTTP/1.1" 200 -
08:16:52 "GET /roster HTTP/1.1" 200 -
08:16:52 "POST /collect HTTP/1.1" 200 -
08:16:52 "GET /roster HTTP/1.1" 200 -
08:16:52 "POST /collect HTTP/1.1" 200 -
08:16:53 "POST /collect HTTP/1.1" 200 -
08:16:53 "POST /collect HTTP/1.1" 200 -
08:16:54 "POST /collect HTTP/1.1" 200 -
08:16:54 "POST /collect HTTP/1.1" 200 -
08:16:54 "POST /collect HTTP/1.1" 200 -
08:16:54 "POST /collect HTTP/1.1" 200 -
08:16:54 "POST /collect HTTP/1.1" 200 -
08:16:54 "POST /collect HTTP/1.1" 200 -
08:16:54 "GET /roster HTTP/1.1" 200 -
08:16:54 "POST /collect HTTP/1.1" 200 -
08:16:54 "GET /roster HTTP/1.1" 200 -
08:16:54 "POST /collect HTTP/1.1" 200 -
08:16:54 "POST /collect HTTP/1.1" 200 -
08:16:54 "POST /collect HTTP/1.1" 200 -
08:16:55 "POST /collect HTTP/1.1" 200 -
08:16:55 "POST /collect HTTP/1.1" 200 -
08:16:56 "POST /collect HTTP/1.1" 200 -
08:16:56 "POST /collect HTTP/1.1" 200 -
08:16:56 "GET /roster HTTP/1.1" 200 -
08:16:56 "POST /collect HTTP/1.1" 200 -
08:16:56 "GET /roster HTTP/1.1" 200 -
08:16:56 "POST /collect HTTP/1.1" 200 -
08:16:57 "POST /collect HTTP/1.1" 200 -
08:16:57 "POST /collect HTTP/1.1" 200 -
08:16:57 "POST /collect HTTP/1.1" 200 -
08:16:57 "POST /collect HTTP/1.1" 200 -
08:16:57 "POST /collect HTTP/1.1" 200 -
08:16:57 "POST /collect HTTP/1.1" 200 -
08:16:57 "POST /collect HTTP/1.1" 200 -
08:16:57 "POST /collect HTTP/1.1" 200 -
08:16:58 "POST /collect HTTP/1.1" 200 -
08:16:58 "POST /collect HTTP/1.1" 200 -
08:16:58 "GET /roster HTTP/1.1" 200 -
08:16:58 "POST /collect HTTP/1.1" 200 -
08:16:58 "GET /roster HTTP/1.1" 200 -
08:16:58 "POST /collect HTTP/1.1" 200 -
08:16:59 "POST /collect HTTP/1.1" 200 -
08:16:59 "POST /collect HTTP/1.1" 200 -
08:17:00 "POST /collect HTTP/1.1" 200 -
08:17:00 "POST /collect HTTP/1.1" 200 -
08:17:00 "POST /collect HTTP/1.1" 200 -
08:17:00 "POST /collect HTTP/1.1" 200 -
08:17:00 "POST /collect HTTP/1.1" 200 -
08:17:00 "POST /collect HTTP/1.1" 200 -
08:17:00 "GET /roster HTTP/1.1" 200 -
08:17:00 "POST /collect HTTP/1.1" 200 -
08:17:00 "GET /roster HTTP/1.1" 200 -
08:17:00 "POST /collect HTTP/1.1" 200 -
08:17:00 "POST /collect HTTP/1.1" 200 -
08:17:00 "POST /collect HTTP/1.1" 200 -
08:17:01 "POST /collect HTTP/1.1" 200 -
08:17:01 "POST /collect HTTP/1.1" 200 -
08:17:02 "POST /collect HTTP/1.1" 200 -
08:17:02 "POST /collect HTTP/1.1" 200 -
08:17:02 "POST /collect HTTP/1.1" 200 -
08:17:02 "POST /collect HTTP/1.1" 200 -
08:17:02 "GET /roster HTTP/1.1" 200 -
08:17:02 "POST /collect HTTP/1.1" 200 -
08:17:02 "GET /roster HTTP/1.1" 200 -
08:17:02 "POST /collect HTTP/1.1" 200 -
08:17:03 "POST /collect HTTP/1.1" 200 -
08:17:03 "POST /collect HTTP/1.1" 200 -
08:17:03 "POST /collect HTTP/1.1" 200 -
08:17:03 "POST /collect HTTP/1.1" 200 -
08:17:03 "POST /collect HTTP/1.1" 200 -
08:17:03 "POST /collect HTTP/1.1" 200 -
08:17:03 "POST /collect HTTP/1.1" 200 -
08:17:03 "POST /collect HTTP/1.1" 200 -
