05:38:41.831 SHOW run label=stag1d room=score-show smoke=false stag=true score=scores/demo-score.json (19 events, 300s)
05:38:41.849 battery:  -InternalBattery-0 (id=23265379)	100%; charged; 0:00 remaining present: true
05:38:42.890 instance g0 up: 1 2 B C
05:38:43.706 instance g1 up: D E F W
05:38:44.531 instance g2 up: A X Y Z
05:38:44.536 RELEASED all 12
05:38:44.771 join: 1:held pg=1/1 v=0/0 wall=0 | 2:held pg=1/1 v=0/0 wall=0 || lites {"held":3,"connecting":7}
05:38:45.284 join: 1:connecting pg=1/1 v=0/0 wall=0 | 2:connecting pg=1/1 v=0/0 wall=0 || lites {"connecting":10}
05:38:45.802 join: 1:connecting pg=1/1 v=0/0 wall=0 | 2:connecting pg=1/1 v=0/0 wall=0 || lites {"connecting":10}
05:38:46.311 join: 1:running pg=1/1 v=0/0 wall=6 | 2:running pg=1/1 v=0/0 wall=6 || lites {"running":7,"connecting":3}
05:38:46.825 join: 1:running pg=1/1 v=0/0 wall=8 | 2:running pg=1/1 v=0/0 wall=8 || lites {"running":7,"connecting":3}
05:38:47.338 join: 1:running pg=1/1 v=0/0 wall=11 | 2:running pg=1/1 v=0/0 wall=11 || lites {"running":10}
05:38:47.854 join: 1:running pg=1/1 v=0/0 wall=11 | 2:running pg=1/1 v=0/0 wall=11 || lites {"running":10}
05:38:48.365 join: 1:running pg=1/1 v=0/0 wall=11 | 2:running pg=1/1 v=0/0 wall=11 || lites {"running":10}
05:38:48.878 join: 1:running pg=1/1 v=0/0 wall=11 | 2:running pg=1/1 v=0/0 wall=11 || lites {"running":10}
05:38:49.392 join: 1:running pg=1/1 v=0/0 wall=11 | 2:running pg=1/1 v=0/0 wall=11 || lites {"running":10}
05:38:49.392 all 12 RUNNING (tier wall) — spawning the operator (score.mjs)
05:38:49.405 cast: 1:running pg=1/1 v=0/0 wall=11 | 2:running pg=1/1 v=0/0 wall=11 || lites {"running":10}
05:38:49.466 [score] score "elektron demo score — phase 3c cue-driven choreography" -> room score-show, 19 events, t0=2026-08-26T05:39:11.392Z
05:38:49.676 [score] joined room score-show; firing setup cast (8 actions), t0 in 21.7s
05:38:49.920 cast: 1:running pg=1/1 v=0/0 wall=10 | 2:running pg=1/1 v=0/0 wall=10 || lites {"running":10}
05:38:50.434 cast: 1:running pg=1/1 v=1/2 wall=6 | 2:running pg=1/1 v=1/2 wall=6 || lites {"running":10}
05:38:50.944 cast: 1:running pg=1/2 v=1/2 wall=4 | 2:running pg=1/2 v=1/2 wall=4 || lites {"running":10}
05:38:51.456 cast: 1:running pg=1/2 v=3/3 wall=4 | 2:running pg=1/2 v=3/3 wall=4 || lites {"running":10}
05:38:51.964 cast: 1:running pg=1/2 v=4/5 wall=4 | 2:running pg=1/2 v=3/5 wall=4 || lites {"running":10}
05:38:52.477 cast: 1:running pg=1/2 v=6/6 wall=4 | 2:running pg=1/2 v=5/6 wall=4 || lites {"running":10}
05:38:52.477 GRID READY 3080 ms after storm, 18915 ms of lead left
05:39:21.393 [score] FIRE e01-spotlight-W (spotlight from the crowd (wall->featured)) drift +1 ms
05:39:27.399 ASSERT e01-spotlight-W: PASS
05:39:41.392 [score] FIRE e02-rotate (advance the live page) drift +0 ms
05:39:47.396 ASSERT e02-rotate: PASS
05:39:56.393 [score] FIRE e03-swap-spotlight (demote W, spotlight Y) drift +1 ms
05:40:04.398 ASSERT e03-swap-spotlight: PASS
05:40:11.392 [score] FIRE e04-wave1-1 (grid wave: full crowd sweep) drift +0 ms
05:40:17.397 ASSERT e04-wave1-1: PASS
05:40:21.393 [score] FIRE e05-wave1-2 (cue) drift +0 ms
05:40:27.398 ASSERT e05-wave1-2: PASS
05:40:31.393 [score] FIRE e06-wave1-3 (cue) drift +0 ms
05:40:37.396 ASSERT e06-wave1-3: PASS
05:40:41.393 [score] FIRE e07-wave1-4 (cue) drift +1 ms
05:40:47.396 ASSERT e07-wave1-4: PASS
05:40:51.393 [score] FIRE e08-wave1-5 (cue) drift +0 ms
05:40:57.398 ASSERT e08-wave1-5: PASS
05:41:01.392 [score] FIRE e09-wave1-6 (cue) drift +0 ms
05:41:07.397 ASSERT e09-wave1-6: PASS
05:41:11.393 [score] FIRE e10-duet (duet: two from the live tier join the stage) drift +1 ms
05:41:19.402 ASSERT e10-duet: PASS
05:41:41.401 [score] FIRE e11-solo (back to solo) drift +8 ms
05:41:47.416 ASSERT e11-solo: PASS
05:42:11.392 [score] FIRE e12-reset (stage back to the two performers) drift +0 ms
05:42:17.400 ASSERT e12-reset: PASS
05:42:21.392 [score] FIRE e13-wave2-1 (second sweep) drift +0 ms
05:42:27.398 ASSERT e13-wave2-1: PASS
05:42:31.393 [score] FIRE e14-wave2-2 (cue) drift +0 ms
05:42:37.397 ASSERT e14-wave2-2: PASS
05:42:41.393 [score] FIRE e15-wave2-3 (cue) drift +0 ms
05:42:47.397 ASSERT e15-wave2-3: PASS
05:42:51.392 [score] FIRE e16-wave2-4 (cue) drift +0 ms
05:42:57.398 ASSERT e16-wave2-4: PASS
05:43:11.393 [score] FIRE e17-spotlight-X (final bow from the crowd) drift +1 ms
05:43:17.397 ASSERT e17-spotlight-X: PASS
05:43:41.393 [score] FIRE e18-farewell (demote) drift +0 ms
05:43:49.396 ASSERT e18-farewell: PASS
05:43:56.393 [score] FIRE e19-curtain (pure cue: propagation only, no visual) drift +0 ms
05:43:58.898 ASSERT e19-curtain: PASS
05:44:11.394 [score] score complete; 0 unmatched echoes
05:44:12.902 score.mjs exited code 0
05:44:15.406 final: 1:running pg=1/2 v=5/5 wall=4 | 2:running pg=1/2 v=5/5 wall=4 || lites {"running":10}
05:44:17.277 run done (killed 0 leftover pids) — analyze: python3 /Users/s32863/personal/elektron/proto/m2m/analyze-show.py <results.jsonl>
