m2m GRID server on :8893, results -> /Users/s32863/personal/elektron/results/m2m-p3c-stag1.jsonl, app 8c2a974b…
08:17:56 "GET /healthz HTTP/1.1" 200 -
08:18:00 "GET /healthz HTTP/1.1" 200 -
08:18:00 "GET /show.html?id=1&name=Perf-Ada&room=score-show&role=performer&view=full&ls=4&hold=1&cb=1787721480909&stag=1&remote=https%3A%2F%2Felektron-rtc.kristjan-jansen.workers.dev&token=dae4e3d4c7e705580a02691082f53cc2 HTTP/1.1" 200 -
08:18:01 code 404, message File not found
08:18:01 "GET /favicon.ico HTTP/1.1" 404 -
08:18:01 "GET /show.html?id=2&name=Perf-Bela&room=score-show&role=performer&view=full&ls=4&hold=1&cb=1787721481008&stag=1&remote=https%3A%2F%2Felektron-rtc.kristjan-jansen.workers.dev&token=dae4e3d4c7e705580a02691082f53cc2 HTTP/1.1" 200 -
08:18:01 "GET /show.html?id=B&name=Live-B&room=score-show&role=audience&view=lite&ls=4&hold=1&cb=1787721481098&remote=https%3A%2F%2Felektron-rtc.kristjan-jansen.workers.dev&token=dae4e3d4c7e705580a02691082f53cc2 HTTP/1.1" 200 -
08:18:01 "GET /show.html?id=C&name=Live-C&room=score-show&role=audience&view=lite&ls=4&hold=1&cb=1787721481190&remote=https%3A%2F%2Felektron-rtc.kristjan-jansen.workers.dev&token=dae4e3d4c7e705580a02691082f53cc2 HTTP/1.1" 200 -
08:18:01 "GET /show.html?id=D&name=Live-D&room=score-show&role=audience&view=lite&ls=4&hold=1&cb=1787721481765&remote=https%3A%2F%2Felektron-rtc.kristjan-jansen.workers.dev&token=dae4e3d4c7e705580a02691082f53cc2 HTTP/1.1" 200 -
08:18:01 code 404, message File not found
08:18:01 "GET /favicon.ico HTTP/1.1" 404 -
08:18:01 "GET /show.html?id=E&name=Live-E&room=score-show&role=audience&view=lite&ls=4&hold=1&cb=1787721481869&remote=https%3A%2F%2Felektron-rtc.kristjan-jansen.workers.dev&token=dae4e3d4c7e705580a02691082f53cc2 HTTP/1.1" 200 -
08:18:01 "GET /show.html?id=F&name=Live-F&room=score-show&role=audience&view=lite&ls=4&hold=1&cb=1787721481960&remote=https%3A%2F%2Felektron-rtc.kristjan-jansen.workers.dev&token=dae4e3d4c7e705580a02691082f53cc2 HTTP/1.1" 200 -
08:18:02 "GET /show.html?id=W&name=Wall-W&room=score-show&role=audience&view=lite&ls=4&hold=1&cb=1787721482049&remote=https%3A%2F%2Felektron-rtc.kristjan-jansen.workers.dev&token=dae4e3d4c7e705580a02691082f53cc2 HTTP/1.1" 200 -
08:18:02 "GET /show.html?id=A&name=Live-A&room=score-show&role=audience&view=lite&ls=4&hold=1&cb=1787721482676&remote=https%3A%2F%2Felektron-rtc.kristjan-jansen.workers.dev&token=dae4e3d4c7e705580a02691082f53cc2 HTTP/1.1" 200 -
08:18:02 "GET /show.html?id=X&name=Wall-X&room=score-show&role=audience&view=lite&ls=4&hold=1&cb=1787721482790&remote=https%3A%2F%2Felektron-rtc.kristjan-jansen.workers.dev&token=dae4e3d4c7e705580a02691082f53cc2 HTTP/1.1" 200 -
08:18:02 code 404, message File not found
08:18:02 "GET /favicon.ico HTTP/1.1" 404 -
08:18:02 code 404, message File not found
08:18:02 "GET /favicon.ico HTTP/1.1" 404 -
08:18:02 "GET /show.html?id=Y&name=Wall-Y&room=score-show&role=audience&view=lite&ls=4&hold=1&cb=1787721482898&remote=https%3A%2F%2Felektron-rtc.kristjan-jansen.workers.dev&token=dae4e3d4c7e705580a02691082f53cc2 HTTP/1.1" 200 -
08:18:03 "GET /show.html?id=Z&name=Wall-Z&room=score-show&role=audience&view=lite&ls=4&hold=1&cb=1787721483083&remote=https%3A%2F%2Felektron-rtc.kristjan-jansen.workers.dev&token=dae4e3d4c7e705580a02691082f53cc2 HTTP/1.1" 200 -
