m2m GRID server on :8893, results -> /Users/s32863/personal/elektron/results/m2m-p3c-smoke.jsonl, app 8c2a974b…
08:08:28 "GET /healthz HTTP/1.1" 200 -
08:09:15 "GET /healthz HTTP/1.1" 200 -
08:09:16 "GET /show.html?id=1&name=Perf-Ada&room=score-show&role=performer&view=full&ls=4&hold=1&cb=1787720956725&remote=https%3A%2F%2Felektron-rtc.kristjan-jansen.workers.dev&token=dae4e3d4c7e705580a02691082f53cc2 HTTP/1.1" 200 -
08:09:16 code 404, message File not found
08:09:16 "GET /favicon.ico HTTP/1.1" 404 -
08:09:16 "GET /show.html?id=2&name=Perf-Bela&room=score-show&role=performer&view=full&ls=4&hold=1&cb=1787720956896&remote=https%3A%2F%2Felektron-rtc.kristjan-jansen.workers.dev&token=dae4e3d4c7e705580a02691082f53cc2 HTTP/1.1" 200 -
08:09:17 "GET /show.html?id=B&name=Live-B&room=score-show&role=audience&view=lite&ls=4&hold=1&cb=1787720957047&remote=https%3A%2F%2Felektron-rtc.kristjan-jansen.workers.dev&token=dae4e3d4c7e705580a02691082f53cc2 HTTP/1.1" 200 -
08:09:17 "GET /show.html?id=C&name=Live-C&room=score-show&role=audience&view=lite&ls=4&hold=1&cb=1787720957208&remote=https%3A%2F%2Felektron-rtc.kristjan-jansen.workers.dev&token=dae4e3d4c7e705580a02691082f53cc2 HTTP/1.1" 200 -
08:09:18 "GET /show.html?id=D&name=Live-D&room=score-show&role=audience&view=lite&ls=4&hold=1&cb=1787720958072&remote=https%3A%2F%2Felektron-rtc.kristjan-jansen.workers.dev&token=dae4e3d4c7e705580a02691082f53cc2 HTTP/1.1" 200 -
08:09:18 code 404, message File not found
08:09:18 "GET /favicon.ico HTTP/1.1" 404 -
08:09:18 "GET /show.html?id=E&name=Live-E&room=score-show&role=audience&view=lite&ls=4&hold=1&cb=1787720958242&remote=https%3A%2F%2Felektron-rtc.kristjan-jansen.workers.dev&token=dae4e3d4c7e705580a02691082f53cc2 HTTP/1.1" 200 -
08:09:18 "GET /show.html?id=F&name=Live-F&room=score-show&role=audience&view=lite&ls=4&hold=1&cb=1787720958413&remote=https%3A%2F%2Felektron-rtc.kristjan-jansen.workers.dev&token=dae4e3d4c7e705580a02691082f53cc2 HTTP/1.1" 200 -
08:09:18 "GET /show.html?id=W&name=Wall-W&room=score-show&role=audience&view=lite&ls=4&hold=1&cb=1787720958570&remote=https%3A%2F%2Felektron-rtc.kristjan-jansen.workers.dev&token=dae4e3d4c7e705580a02691082f53cc2 HTTP/1.1" 200 -
08:09:19 "GET /show.html?id=A&name=Live-A&room=score-show&role=audience&view=lite&ls=4&hold=1&cb=1787720959431&remote=https%3A%2F%2Felektron-rtc.kristjan-jansen.workers.dev&token=dae4e3d4c7e705580a02691082f53cc2 HTTP/1.1" 200 -
08:09:19 code 404, message File not found
08:09:19 "GET /favicon.ico HTTP/1.1" 404 -
08:09:19 "GET /show.html?id=X&name=Wall-X&room=score-show&role=audience&view=lite&ls=4&hold=1&cb=1787720959606&remote=https%3A%2F%2Felektron-rtc.kristjan-jansen.workers.dev&token=dae4e3d4c7e705580a02691082f53cc2 HTTP/1.1" 200 -
08:09:19 "GET /show.html?id=Y&name=Wall-Y&room=score-show&role=audience&view=lite&ls=4&hold=1&cb=1787720959772&remote=https%3A%2F%2Felektron-rtc.kristjan-jansen.workers.dev&token=dae4e3d4c7e705580a02691082f53cc2 HTTP/1.1" 200 -
08:09:19 "GET /show.html?id=Z&name=Wall-Z&room=score-show&role=audience&view=lite&ls=4&hold=1&cb=1787720959931&remote=https%3A%2F%2Felektron-rtc.kristjan-jansen.workers.dev&token=dae4e3d4c7e705580a02691082f53cc2 HTTP/1.1" 200 -
