05:25:02.166 SHOW run label=stag1b room=score-show smoke=false stag=true score=scores/demo-score.json (19 events, 300s)
05:25:02.183 battery:  -InternalBattery-0 (id=23265379)	100%; charged; 0:00 remaining present: true
05:25:03.079 instance g0 up: 1 2 B C
05:25:03.905 instance g1 up: D E F W
05:25:04.767 instance g2 up: A X Y Z
05:25:04.771 RELEASED all 12
05:25:05.010 join: 1:held pg=1/1 v=0/0 wall=0 | 2:held pg=1/1 v=0/0 wall=0 || lites {"connecting":10}
05:25:05.520 join: 1:connecting pg=1/1 v=0/0 wall=0 | 2:connecting pg=1/1 v=0/0 wall=0 || lites {"connecting":10}
05:25:06.035 join: 1:connecting pg=1/1 v=0/0 wall=0 | 2:connecting pg=1/1 v=0/0 wall=0 || lites {"connecting":6,"signaling":4}
05:25:06.548 join: 1:signaling pg=1/1 v=0/0 wall=0 | 2:signaling pg=1/1 v=0/0 wall=0 || lites {"signaling":8,"running":1,"connecting":1}
05:25:07.060 join: 1:running pg=1/1 v=0/0 wall=11 | 2:running pg=1/1 v=0/0 wall=11 || lites {"running":10}
05:25:07.571 join: 1:running pg=1/1 v=0/0 wall=11 | 2:running pg=1/1 v=0/0 wall=11 || lites {"running":10}
05:25:08.080 join: 1:running pg=1/1 v=0/0 wall=11 | 2:running pg=1/1 v=0/0 wall=11 || lites {"running":10}
05:25:08.589 join: 1:running pg=1/1 v=0/0 wall=11 | 2:running pg=1/1 v=0/0 wall=11 || lites {"running":10}
05:25:09.102 join: 1:running pg=1/1 v=0/0 wall=11 | 2:running pg=1/1 v=0/0 wall=11 || lites {"running":10}
05:25:09.102 all 12 RUNNING (tier wall) — spawning the operator (score.mjs)
05:25:09.113 cast: 1:running pg=1/1 v=0/0 wall=11 | 2:running pg=1/1 v=0/0 wall=11 || lites {"running":10}
05:25:09.174 [score] score "elektron demo score — phase 3c cue-driven choreography" -> room score-show, 19 events, t0=2026-08-26T05:25:31.102Z
05:25:09.379 [score] joined room score-show; firing setup cast (8 actions), t0 in 21.7s
05:25:09.622 cast: 1:running pg=1/1 v=0/0 wall=10 | 2:running pg=1/1 v=0/0 wall=10 || lites {"running":10}
05:25:10.135 cast: 1:running pg=1/1 v=1/1 wall=6 | 2:running pg=1/1 v=1/1 wall=6 || lites {"running":10}
05:25:10.646 cast: 1:running pg=1/2 v=1/2 wall=4 | 2:running pg=1/2 v=1/2 wall=4 || lites {"running":10}
05:25:11.156 cast: 1:running pg=1/2 v=1/2 wall=4 | 2:running pg=1/2 v=1/2 wall=4 || lites {"running":10}
05:25:11.666 cast: 1:running pg=1/2 v=2/4 wall=4 | 2:running pg=1/2 v=3/4 wall=4 || lites {"running":10}
05:25:12.177 cast: 1:running pg=1/2 v=4/5 wall=4 | 2:running pg=1/2 v=5/5 wall=4 || lites {"running":10}
05:25:12.697 cast: 1:running pg=1/2 v=5/5 wall=4 | 2:running pg=1/2 v=5/5 wall=4 || lites {"running":10}
05:25:12.697 GRID READY 3591 ms after storm, 18405 ms of lead left
05:25:41.103 [score] FIRE e01-spotlight-W (spotlight from the crowd (wall->featured)) drift +0 ms
05:25:47.107 ASSERT e01-spotlight-W: PASS
05:26:01.103 [score] FIRE e02-rotate (advance the live page) drift +1 ms
05:26:07.105 ASSERT e02-rotate: PASS
05:26:16.103 [score] FIRE e03-swap-spotlight (demote W, spotlight Y) drift +0 ms
05:26:24.106 ASSERT e03-swap-spotlight: PASS
05:26:31.103 [score] FIRE e04-wave1-1 (grid wave: full crowd sweep) drift +1 ms
05:26:37.106 ASSERT e04-wave1-1: PASS
05:26:41.103 [score] FIRE e05-wave1-2 (cue) drift +0 ms
05:26:47.106 ASSERT e05-wave1-2: PASS
05:26:51.103 [score] FIRE e06-wave1-3 (cue) drift +1 ms
05:26:57.108 ASSERT e06-wave1-3: PASS
05:27:01.103 [score] FIRE e07-wave1-4 (cue) drift +0 ms
05:27:07.106 ASSERT e07-wave1-4: PASS
05:27:11.103 [score] FIRE e08-wave1-5 (cue) drift +0 ms
05:27:17.108 ASSERT e08-wave1-5: PASS
05:27:21.102 [score] FIRE e09-wave1-6 (cue) drift +0 ms
05:27:27.106 ASSERT e09-wave1-6: PASS
05:27:31.103 [score] FIRE e10-duet (duet: two from the live tier join the stage) drift +1 ms
05:27:39.107 ASSERT e10-duet: PASS
05:28:01.103 [score] FIRE e11-solo (back to solo) drift +1 ms
05:28:07.108 ASSERT e11-solo: PASS
05:28:31.103 [score] FIRE e12-reset (stage back to the two performers) drift +0 ms
05:28:37.106 ASSERT e12-reset: PASS
05:28:41.103 [score] FIRE e13-wave2-1 (second sweep) drift +1 ms
05:28:47.107 ASSERT e13-wave2-1: PASS
05:28:51.103 [score] FIRE e14-wave2-2 (cue) drift +0 ms
05:28:57.107 ASSERT e14-wave2-2: PASS
05:29:01.103 [score] FIRE e15-wave2-3 (cue) drift +0 ms
05:29:07.106 ASSERT e15-wave2-3: PASS
05:29:11.103 [score] FIRE e16-wave2-4 (cue) drift +1 ms
05:29:17.107 ASSERT e16-wave2-4: PASS
05:29:31.103 [score] FIRE e17-spotlight-X (final bow from the crowd) drift +1 ms
05:29:37.109 ASSERT e17-spotlight-X: PASS
05:30:01.103 [score] FIRE e18-farewell (demote) drift +1 ms
05:30:09.107 ASSERT e18-farewell: PASS
05:30:16.102 [score] FIRE e19-curtain (pure cue: propagation only, no visual) drift +0 ms
05:30:18.607 ASSERT e19-curtain: PASS
05:30:31.104 [score] score complete; 0 unmatched echoes
05:30:32.611 score.mjs exited code 0
05:30:35.119 final: 1:running pg=1/2 v=5/5 wall=4 | 2:running pg=1/2 v=5/5 wall=4 || lites {"running":10}
05:30:37.106 run done (killed 0 leftover pids) — analyze: python3 /Users/s32863/personal/elektron/proto/m2m/analyze-show.py <results.jsonl>
