m2m server on :8897, results -> /Users/s32863/personal/elektron/results/m2m-heavy-av8.jsonl, app 8c2a974b…
05:55:57 "GET /roster HTTP/1.1" 200 -
05:55:57 "POST /reset HTTP/1.1" 200 -
05:55:58 "GET /room.html?id=1&n=8&hold=1&cb=1787712958413&audio=1&mode=full&cls=probe HTTP/1.1" 200 -
05:55:58 code 404, message File not found
05:55:58 "GET /favicon.ico HTTP/1.1" 404 -
05:55:58 "GET /room.html?id=2&n=8&hold=1&cb=1787712958938&audio=1&mode=full&cls=probe HTTP/1.1" 200 -
05:55:58 code 404, message File not found
05:55:58 "GET /favicon.ico HTTP/1.1" 404 -
05:55:59 "GET /room.html?id=A&n=8&hold=1&cb=1787712959483&audio=1&mode=pub&vw=320&vh=180&vfps=15&cls=light HTTP/1.1" 200 -
05:55:59 code 404, message File not found
05:55:59 "GET /favicon.ico HTTP/1.1" 404 -
05:56:00 "GET /room.html?id=B&n=8&hold=1&cb=1787712960054&audio=1&mode=pub&vw=320&vh=180&vfps=15&cls=light HTTP/1.1" 200 -
05:56:00 code 404, message File not found
05:56:00 "GET /favicon.ico HTTP/1.1" 404 -
05:56:00 "GET /room.html?id=C&n=8&hold=1&cb=1787712960616&audio=1&mode=pub&vw=320&vh=180&vfps=15&cls=light HTTP/1.1" 200 -
05:56:00 code 404, message File not found
05:56:00 "GET /favicon.ico HTTP/1.1" 404 -
05:56:01 "GET /room.html?id=D&n=8&hold=1&cb=1787712961184&audio=1&mode=pub&vw=320&vh=180&vfps=15&cls=light HTTP/1.1" 200 -
05:56:01 code 404, message File not found
05:56:01 "GET /favicon.ico HTTP/1.1" 404 -
05:56:01 "GET /room.html?id=E&n=8&hold=1&cb=1787712961782&audio=1&mode=pub&vw=320&vh=180&vfps=15&cls=light HTTP/1.1" 200 -
05:56:01 code 404, message File not found
05:56:01 "GET /favicon.ico HTTP/1.1" 404 -
05:56:02 "GET /room.html?id=F&n=8&hold=1&cb=1787712962343&audio=1&mode=pub&vw=320&vh=180&vfps=15&cls=light HTTP/1.1" 200 -
05:56:02 code 404, message File not found
05:56:02 "GET /favicon.ico HTTP/1.1" 404 -
05:56:02 "POST /collect HTTP/1.1" 200 -
05:56:02 CF POST /sessions/new -> 201 (229 ms)
05:56:02 "POST /cf/sessions/new HTTP/1.1" 201 -
05:56:02 CF POST /sessions/new -> 201 (231 ms)
05:56:02 "POST /cf/sessions/new HTTP/1.1" 201 -
05:56:02 CF POST /sessions/new -> 201 (266 ms)
05:56:02 "POST /cf/sessions/new HTTP/1.1" 201 -
05:56:02 CF POST /sessions/new -> 201 (235 ms)
05:56:02 "POST /cf/sessions/new HTTP/1.1" 201 -
05:56:02 CF POST /sessions/new -> 201 (236 ms)
05:56:02 "POST /cf/sessions/new HTTP/1.1" 201 -
05:56:02 CF POST /sessions/new -> 201 (244 ms)
05:56:02 "POST /cf/sessions/new HTTP/1.1" 201 -
05:56:02 CF POST /sessions/new -> 201 (253 ms)
05:56:02 "POST /cf/sessions/new HTTP/1.1" 201 -
05:56:02 CF POST /sessions/new -> 201 (271 ms)
05:56:02 "POST /cf/sessions/new HTTP/1.1" 201 -
05:56:03 "POST /save/pub-offer-c.sdp HTTP/1.1" 200 -
05:56:03 "POST /save/pub-offer-a.sdp HTTP/1.1" 200 -
05:56:03 "POST /save/pub-offer-e.sdp HTTP/1.1" 200 -
05:56:03 "POST /save/pub-offer-1.sdp HTTP/1.1" 200 -
05:56:03 "POST /save/pub-offer-2.sdp HTTP/1.1" 200 -
05:56:03 "POST /save/pub-offer-b.sdp HTTP/1.1" 200 -
05:56:03 "POST /save/pub-offer-d.sdp HTTP/1.1" 200 -
05:56:03 "POST /save/pub-offer-f.sdp HTTP/1.1" 200 -
05:56:03 CF POST /sessions/f968a9649af1be2fd53978ecba4cc27d30be5783fe4554da4aa86c6d1fda6308/tracks/new -> 200 (349 ms)
05:56:03 "POST /cf/sessions/f968a9649af1be2fd53978ecba4cc27d30be5783fe4554da4aa86c6d1fda6308/tracks/new HTTP/1.1" 200 -
05:56:03 "POST /save/pub-answer-a.sdp HTTP/1.1" 200 -
05:56:03 "POST /collect HTTP/1.1" 200 -
05:56:03 "POST /collect HTTP/1.1" 200 -
05:56:03 "POST /collect HTTP/1.1" 200 -
05:56:03 CF POST /sessions/3a8316d1a8b66b488c3728126616ed17b619810874852fea2e122f51853c850b/tracks/new -> 200 (399 ms)
05:56:03 "POST /cf/sessions/3a8316d1a8b66b488c3728126616ed17b619810874852fea2e122f51853c850b/tracks/new HTTP/1.1" 200 -
05:56:03 "POST /save/pub-answer-2.sdp HTTP/1.1" 200 -
05:56:03 CF POST /sessions/bc603d5b05e98a66a08b534d1224d6d7b42b19e17633826066009ea68f4cea99/tracks/new -> 200 (402 ms)
05:56:03 "POST /cf/sessions/bc603d5b05e98a66a08b534d1224d6d7b42b19e17633826066009ea68f4cea99/tracks/new HTTP/1.1" 200 -
05:56:03 "POST /collect HTTP/1.1" 200 -
05:56:03 "POST /collect HTTP/1.1" 200 -
05:56:03 CF POST /sessions/d107fdc7db558e0c9668758c48a24fa4e0b45e48e7a98888cfdf88eeee643038/tracks/new -> 200 (411 ms)
05:56:03 "POST /cf/sessions/d107fdc7db558e0c9668758c48a24fa4e0b45e48e7a98888cfdf88eeee643038/tracks/new HTTP/1.1" 200 -
05:56:03 "POST /save/pub-answer-d.sdp HTTP/1.1" 200 -
05:56:03 "POST /collect HTTP/1.1" 200 -
05:56:03 "POST /save/pub-answer-c.sdp HTTP/1.1" 200 -
05:56:03 "POST /collect HTTP/1.1" 200 -
05:56:03 CF POST /sessions/bedaf335907e2bc6ee58c8587bbecdc7549ffc25eaa02e19f87a853b1628fd14/tracks/new -> 200 (415 ms)
05:56:03 "POST /cf/sessions/bedaf335907e2bc6ee58c8587bbecdc7549ffc25eaa02e19f87a853b1628fd14/tracks/new HTTP/1.1" 200 -
05:56:03 "POST /collect HTTP/1.1" 200 -
05:56:03 "POST /collect HTTP/1.1" 200 -
05:56:03 "POST /collect HTTP/1.1" 200 -
05:56:03 "POST /collect HTTP/1.1" 200 -
05:56:03 "POST /save/pub-answer-e.sdp HTTP/1.1" 200 -
05:56:03 "POST /collect HTTP/1.1" 200 -
05:56:03 "POST /collect HTTP/1.1" 200 -
05:56:03 "POST /collect HTTP/1.1" 200 -
05:56:03 "POST /collect HTTP/1.1" 200 -
05:56:03 CF POST /sessions/f485ab4dd6ef6736c89dc0873d6060b2c1a855a0eace761e2ede31fd57c0c7a3/tracks/new -> 200 (418 ms)
05:56:03 "POST /cf/sessions/f485ab4dd6ef6736c89dc0873d6060b2c1a855a0eace761e2ede31fd57c0c7a3/tracks/new HTTP/1.1" 200 -
05:56:03 "POST /save/pub-answer-f.sdp HTTP/1.1" 200 -
05:56:03 "POST /collect HTTP/1.1" 200 -
05:56:03 "POST /collect HTTP/1.1" 200 -
05:56:03 "POST /collect HTTP/1.1" 200 -
05:56:03 CF POST /sessions/047811463322aaed2d1bc8b6682ec9ab7817545a98e245b6143d6ec138add387/tracks/new -> 200 (431 ms)
05:56:03 "POST /cf/sessions/047811463322aaed2d1bc8b6682ec9ab7817545a98e245b6143d6ec138add387/tracks/new HTTP/1.1" 200 -
05:56:03 "POST /save/pub-answer-1.sdp HTTP/1.1" 200 -
05:56:03 "POST /collect HTTP/1.1" 200 -
05:56:03 "POST /collect HTTP/1.1" 200 -
05:56:03 "POST /collect HTTP/1.1" 200 -
05:56:04 CF POST /sessions/3379868a32706902e7df8b7824821463acdcfb6a93d81d324cbef8f22989a9ce/tracks/new -> 200 (455 ms)
05:56:04 "POST /cf/sessions/3379868a32706902e7df8b7824821463acdcfb6a93d81d324cbef8f22989a9ce/tracks/new HTTP/1.1" 200 -
05:56:04 "POST /save/pub-answer-b.sdp HTTP/1.1" 200 -
05:56:04 "POST /collect HTTP/1.1" 200 -
05:56:04 "POST /collect HTTP/1.1" 200 -
05:56:04 "POST /collect HTTP/1.1" 200 -
05:56:04 "POST /collect HTTP/1.1" 200 -
05:56:04 "POST /join HTTP/1.1" 200 -
05:56:04 "POST /collect HTTP/1.1" 200 -
05:56:04 "POST /collect HTTP/1.1" 200 -
05:56:04 "POST /collect HTTP/1.1" 200 -
05:56:04 "POST /collect HTTP/1.1" 200 -
05:56:04 "POST /collect HTTP/1.1" 200 -
05:56:04 "POST /collect HTTP/1.1" 200 -
05:56:04 "POST /collect HTTP/1.1" 200 -
05:56:04 "POST /join HTTP/1.1" 200 -
05:56:04 "POST /collect HTTP/1.1" 200 -
05:56:04 "GET /roster HTTP/1.1" 200 -
05:56:04 "POST /join HTTP/1.1" 200 -
05:56:04 "POST /collect HTTP/1.1" 200 -
05:56:04 "POST /join HTTP/1.1" 200 -
05:56:04 "POST /collect HTTP/1.1" 200 -
05:56:04 "POST /collect HTTP/1.1" 200 -
05:56:04 "POST /join HTTP/1.1" 200 -
05:56:04 "POST /collect HTTP/1.1" 200 -
05:56:04 "GET /roster HTTP/1.1" 200 -
05:56:04 CF POST /sessions/047811463322aaed2d1bc8b6682ec9ab7817545a98e245b6143d6ec138add387/tracks/new -> 200 (216 ms)
05:56:04 CF POST /sessions/3a8316d1a8b66b488c3728126616ed17b619810874852fea2e122f51853c850b/tracks/new -> 200 (276 ms)
05:56:04 "POST /cf/sessions/047811463322aaed2d1bc8b6682ec9ab7817545a98e245b6143d6ec138add387/tracks/new HTTP/1.1" 200 -
05:56:04 "POST /cf/sessions/3a8316d1a8b66b488c3728126616ed17b619810874852fea2e122f51853c850b/tracks/new HTTP/1.1" 200 -
05:56:04 CF PUT /sessions/3a8316d1a8b66b488c3728126616ed17b619810874852fea2e122f51853c850b/renegotiate -> 200 (130 ms)
05:56:04 "PUT /cf/sessions/3a8316d1a8b66b488c3728126616ed17b619810874852fea2e122f51853c850b/renegotiate HTTP/1.1" 200 -
05:56:04 CF PUT /sessions/047811463322aaed2d1bc8b6682ec9ab7817545a98e245b6143d6ec138add387/renegotiate -> 200 (137 ms)
05:56:04 "PUT /cf/sessions/047811463322aaed2d1bc8b6682ec9ab7817545a98e245b6143d6ec138add387/renegotiate HTTP/1.1" 200 -
05:56:04 "POST /collect HTTP/1.1" 200 -
05:56:04 "POST /collect HTTP/1.1" 200 -
05:56:04 CF POST /sessions/047811463322aaed2d1bc8b6682ec9ab7817545a98e245b6143d6ec138add387/tracks/new -> 200 (289 ms)
05:56:04 "POST /cf/sessions/047811463322aaed2d1bc8b6682ec9ab7817545a98e245b6143d6ec138add387/tracks/new HTTP/1.1" 200 -
05:56:04 "POST /collect HTTP/1.1" 200 -
05:56:05 CF PUT /sessions/047811463322aaed2d1bc8b6682ec9ab7817545a98e245b6143d6ec138add387/renegotiate -> 200 (189 ms)
05:56:05 "PUT /cf/sessions/047811463322aaed2d1bc8b6682ec9ab7817545a98e245b6143d6ec138add387/renegotiate HTTP/1.1" 200 -
05:56:05 "POST /collect HTTP/1.1" 200 -
05:56:05 "POST /join HTTP/1.1" 200 -
05:56:05 "POST /collect HTTP/1.1" 200 -
05:56:05 "POST /join HTTP/1.1" 200 -
05:56:05 "POST /collect HTTP/1.1" 200 -
05:56:05 CF POST /sessions/047811463322aaed2d1bc8b6682ec9ab7817545a98e245b6143d6ec138add387/tracks/new -> 200 (228 ms)
05:56:05 "POST /cf/sessions/047811463322aaed2d1bc8b6682ec9ab7817545a98e245b6143d6ec138add387/tracks/new HTTP/1.1" 200 -
05:56:05 "POST /join HTTP/1.1" 200 -
05:56:05 "POST /collect HTTP/1.1" 200 -
05:56:05 "POST /collect HTTP/1.1" 200 -
05:56:05 CF PUT /sessions/047811463322aaed2d1bc8b6682ec9ab7817545a98e245b6143d6ec138add387/renegotiate -> 200 (156 ms)
05:56:05 "PUT /cf/sessions/047811463322aaed2d1bc8b6682ec9ab7817545a98e245b6143d6ec138add387/renegotiate HTTP/1.1" 200 -
05:56:05 "POST /collect HTTP/1.1" 200 -
05:56:05 CF POST /sessions/047811463322aaed2d1bc8b6682ec9ab7817545a98e245b6143d6ec138add387/tracks/new -> 200 (150 ms)
05:56:05 "POST /cf/sessions/047811463322aaed2d1bc8b6682ec9ab7817545a98e245b6143d6ec138add387/tracks/new HTTP/1.1" 200 -
05:56:05 CF PUT /sessions/047811463322aaed2d1bc8b6682ec9ab7817545a98e245b6143d6ec138add387/renegotiate -> 200 (195 ms)
05:56:05 "PUT /cf/sessions/047811463322aaed2d1bc8b6682ec9ab7817545a98e245b6143d6ec138add387/renegotiate HTTP/1.1" 200 -
05:56:05 "POST /collect HTTP/1.1" 200 -
05:56:05 "POST /collect HTTP/1.1" 200 -
05:56:06 "GET /roster HTTP/1.1" 200 -
05:56:06 "POST /collect HTTP/1.1" 200 -
05:56:06 "GET /roster HTTP/1.1" 200 -
05:56:06 "POST /collect HTTP/1.1" 200 -
05:56:06 CF POST /sessions/3a8316d1a8b66b488c3728126616ed17b619810874852fea2e122f51853c850b/tracks/new -> 200 (197 ms)
05:56:06 "POST /cf/sessions/3a8316d1a8b66b488c3728126616ed17b619810874852fea2e122f51853c850b/tracks/new HTTP/1.1" 200 -
05:56:06 "POST /collect HTTP/1.1" 200 -
05:56:06 CF POST /sessions/047811463322aaed2d1bc8b6682ec9ab7817545a98e245b6143d6ec138add387/tracks/new -> 200 (254 ms)
05:56:06 "POST /cf/sessions/047811463322aaed2d1bc8b6682ec9ab7817545a98e245b6143d6ec138add387/tracks/new HTTP/1.1" 200 -
05:56:06 CF PUT /sessions/3a8316d1a8b66b488c3728126616ed17b619810874852fea2e122f51853c850b/renegotiate -> 200 (186 ms)
05:56:06 "PUT /cf/sessions/3a8316d1a8b66b488c3728126616ed17b619810874852fea2e122f51853c850b/renegotiate HTTP/1.1" 200 -
05:56:06 "POST /collect HTTP/1.1" 200 -
05:56:06 CF PUT /sessions/047811463322aaed2d1bc8b6682ec9ab7817545a98e245b6143d6ec138add387/renegotiate -> 200 (156 ms)
05:56:06 "PUT /cf/sessions/047811463322aaed2d1bc8b6682ec9ab7817545a98e245b6143d6ec138add387/renegotiate HTTP/1.1" 200 -
05:56:06 "POST /collect HTTP/1.1" 200 -
05:56:06 CF POST /sessions/3a8316d1a8b66b488c3728126616ed17b619810874852fea2e122f51853c850b/tracks/new -> 200 (204 ms)
05:56:06 "POST /cf/sessions/3a8316d1a8b66b488c3728126616ed17b619810874852fea2e122f51853c850b/tracks/new HTTP/1.1" 200 -
05:56:06 "POST /collect HTTP/1.1" 200 -
05:56:06 CF POST /sessions/047811463322aaed2d1bc8b6682ec9ab7817545a98e245b6143d6ec138add387/tracks/new -> 200 (276 ms)
05:56:06 "POST /cf/sessions/047811463322aaed2d1bc8b6682ec9ab7817545a98e245b6143d6ec138add387/tracks/new HTTP/1.1" 200 -
05:56:06 CF PUT /sessions/3a8316d1a8b66b488c3728126616ed17b619810874852fea2e122f51853c850b/renegotiate -> 200 (144 ms)
05:56:06 "PUT /cf/sessions/3a8316d1a8b66b488c3728126616ed17b619810874852fea2e122f51853c850b/renegotiate HTTP/1.1" 200 -
05:56:06 "POST /collect HTTP/1.1" 200 -
05:56:07 "POST /collect HTTP/1.1" 200 -
05:56:07 CF POST /sessions/3a8316d1a8b66b488c3728126616ed17b619810874852fea2e122f51853c850b/tracks/new -> 200 (202 ms)
05:56:07 "POST /cf/sessions/3a8316d1a8b66b488c3728126616ed17b619810874852fea2e122f51853c850b/tracks/new HTTP/1.1" 200 -
05:56:07 "POST /collect HTTP/1.1" 200 -
05:56:07 "POST /collect HTTP/1.1" 200 -
05:56:07 CF PUT /sessions/047811463322aaed2d1bc8b6682ec9ab7817545a98e245b6143d6ec138add387/renegotiate -> 200 (288 ms)
05:56:07 "PUT /cf/sessions/047811463322aaed2d1bc8b6682ec9ab7817545a98e245b6143d6ec138add387/renegotiate HTTP/1.1" 200 -
05:56:07 "POST /collect HTTP/1.1" 200 -
05:56:07 CF PUT /sessions/3a8316d1a8b66b488c3728126616ed17b619810874852fea2e122f51853c850b/renegotiate -> 200 (156 ms)
05:56:07 "PUT /cf/sessions/3a8316d1a8b66b488c3728126616ed17b619810874852fea2e122f51853c850b/renegotiate HTTP/1.1" 200 -
05:56:07 "POST /collect HTTP/1.1" 200 -
05:56:07 "POST /collect HTTP/1.1" 200 -
05:56:07 CF POST /sessions/047811463322aaed2d1bc8b6682ec9ab7817545a98e245b6143d6ec138add387/tracks/new -> 200 (205 ms)
05:56:07 "POST /cf/sessions/047811463322aaed2d1bc8b6682ec9ab7817545a98e245b6143d6ec138add387/tracks/new HTTP/1.1" 200 -
05:56:07 CF POST /sessions/3a8316d1a8b66b488c3728126616ed17b619810874852fea2e122f51853c850b/tracks/new -> 200 (198 ms)
05:56:07 "POST /cf/sessions/3a8316d1a8b66b488c3728126616ed17b619810874852fea2e122f51853c850b/tracks/new HTTP/1.1" 200 -
05:56:07 CF PUT /sessions/047811463322aaed2d1bc8b6682ec9ab7817545a98e245b6143d6ec138add387/renegotiate -> 200 (164 ms)
05:56:07 "PUT /cf/sessions/047811463322aaed2d1bc8b6682ec9ab7817545a98e245b6143d6ec138add387/renegotiate HTTP/1.1" 200 -
05:56:07 "POST /collect HTTP/1.1" 200 -
05:56:07 CF PUT /sessions/3a8316d1a8b66b488c3728126616ed17b619810874852fea2e122f51853c850b/renegotiate -> 200 (147 ms)
05:56:07 "PUT /cf/sessions/3a8316d1a8b66b488c3728126616ed17b619810874852fea2e122f51853c850b/renegotiate HTTP/1.1" 200 -
05:56:07 "POST /collect HTTP/1.1" 200 -
05:56:07 CF POST /sessions/3a8316d1a8b66b488c3728126616ed17b619810874852fea2e122f51853c850b/tracks/new -> 200 (182 ms)
05:56:07 "POST /cf/sessions/3a8316d1a8b66b488c3728126616ed17b619810874852fea2e122f51853c850b/tracks/new HTTP/1.1" 200 -
05:56:07 "POST /collect HTTP/1.1" 200 -
05:56:08 CF PUT /sessions/3a8316d1a8b66b488c3728126616ed17b619810874852fea2e122f51853c850b/renegotiate -> 200 (174 ms)
05:56:08 "PUT /cf/sessions/3a8316d1a8b66b488c3728126616ed17b619810874852fea2e122f51853c850b/renegotiate HTTP/1.1" 200 -
05:56:08 "POST /collect HTTP/1.1" 200 -
05:56:08 "GET /roster HTTP/1.1" 200 -
05:56:08 "POST /collect HTTP/1.1" 200 -
05:56:08 "GET /roster HTTP/1.1" 200 -
05:56:08 "POST /collect HTTP/1.1" 200 -
05:56:08 CF POST /sessions/3a8316d1a8b66b488c3728126616ed17b619810874852fea2e122f51853c850b/tracks/new -> 200 (181 ms)
05:56:08 "POST /cf/sessions/3a8316d1a8b66b488c3728126616ed17b619810874852fea2e122f51853c850b/tracks/new HTTP/1.1" 200 -
05:56:08 "POST /collect HTTP/1.1" 200 -
05:56:08 "POST /collect HTTP/1.1" 200 -
05:56:08 "POST /collect HTTP/1.1" 200 -
05:56:08 "POST /collect HTTP/1.1" 200 -
05:56:08 CF PUT /sessions/3a8316d1a8b66b488c3728126616ed17b619810874852fea2e122f51853c850b/renegotiate -> 200 (172 ms)
05:56:08 "PUT /cf/sessions/3a8316d1a8b66b488c3728126616ed17b619810874852fea2e122f51853c850b/renegotiate HTTP/1.1" 200 -
05:56:08 "POST /collect HTTP/1.1" 200 -
05:56:08 "POST /collect HTTP/1.1" 200 -
05:56:09 "POST /collect HTTP/1.1" 200 -
05:56:09 "POST /collect HTTP/1.1" 200 -
05:56:10 "POST /collect HTTP/1.1" 200 -
05:56:10 "GET /roster HTTP/1.1" 200 -
05:56:10 "POST /collect HTTP/1.1" 200 -
05:56:10 "POST /collect HTTP/1.1" 200 -
05:56:10 "POST /collect HTTP/1.1" 200 -
05:56:10 "GET /roster HTTP/1.1" 200 -
05:56:10 "POST /collect HTTP/1.1" 200 -
05:56:10 "POST /collect HTTP/1.1" 200 -
05:56:10 "POST /collect HTTP/1.1" 200 -
05:56:10 "POST /collect HTTP/1.1" 200 -
05:56:11 "POST /collect HTTP/1.1" 200 -
05:56:11 "POST /collect HTTP/1.1" 200 -
05:56:11 "POST /collect HTTP/1.1" 200 -
05:56:11 "POST /collect HTTP/1.1" 200 -
05:56:11 "POST /collect HTTP/1.1" 200 -
05:56:12 "GET /roster HTTP/1.1" 200 -
05:56:12 "POST /collect HTTP/1.1" 200 -
05:56:12 "GET /roster HTTP/1.1" 200 -
05:56:12 "POST /collect HTTP/1.1" 200 -
05:56:12 "POST /collect HTTP/1.1" 200 -
05:56:12 "POST /collect HTTP/1.1" 200 -
05:56:13 "POST /collect HTTP/1.1" 200 -
05:56:13 "POST /collect HTTP/1.1" 200 -
05:56:13 "POST /collect HTTP/1.1" 200 -
05:56:13 "POST /collect HTTP/1.1" 200 -
05:56:13 "POST /collect HTTP/1.1" 200 -
05:56:14 "GET /roster HTTP/1.1" 200 -
05:56:14 "POST /collect HTTP/1.1" 200 -
05:56:14 "GET /roster HTTP/1.1" 200 -
05:56:14 "POST /collect HTTP/1.1" 200 -
05:56:14 "POST /collect HTTP/1.1" 200 -
05:56:14 "POST /collect HTTP/1.1" 200 -
05:56:14 "POST /collect HTTP/1.1" 200 -
05:56:14 "POST /collect HTTP/1.1" 200 -
05:56:14 "POST /collect HTTP/1.1" 200 -
05:56:15 "POST /collect HTTP/1.1" 200 -
05:56:15 "POST /collect HTTP/1.1" 200 -
05:56:15 "POST /collect HTTP/1.1" 200 -
05:56:16 "POST /collect HTTP/1.1" 200 -
05:56:16 "GET /roster HTTP/1.1" 200 -
05:56:16 "POST /collect HTTP/1.1" 200 -
05:56:16 "POST /collect HTTP/1.1" 200 -
05:56:16 "POST /collect HTTP/1.1" 200 -
05:56:16 "GET /roster HTTP/1.1" 200 -
05:56:16 "POST /collect HTTP/1.1" 200 -
05:56:16 "POST /collect HTTP/1.1" 200 -
05:56:16 "POST /collect HTTP/1.1" 200 -
05:56:17 "POST /collect HTTP/1.1" 200 -
05:56:17 "POST /collect HTTP/1.1" 200 -
05:56:17 "POST /collect HTTP/1.1" 200 -
05:56:17 "POST /collect HTTP/1.1" 200 -
05:56:17 "POST /collect HTTP/1.1" 200 -
05:56:18 "GET /roster HTTP/1.1" 200 -
05:56:18 "POST /collect HTTP/1.1" 200 -
05:56:18 "GET /roster HTTP/1.1" 200 -
05:56:18 "POST /collect HTTP/1.1" 200 -
05:56:18 "POST /collect HTTP/1.1" 200 -
05:56:18 "POST /collect HTTP/1.1" 200 -
05:56:19 "POST /collect HTTP/1.1" 200 -
05:56:19 "POST /collect HTTP/1.1" 200 -
05:56:19 "POST /collect HTTP/1.1" 200 -
05:56:19 "POST /collect HTTP/1.1" 200 -
05:56:19 "POST /collect HTTP/1.1" 200 -
05:56:20 "GET /roster HTTP/1.1" 200 -
05:56:20 "POST /collect HTTP/1.1" 200 -
05:56:20 "GET /roster HTTP/1.1" 200 -
05:56:20 "POST /collect HTTP/1.1" 200 -
05:56:20 "POST /collect HTTP/1.1" 200 -
05:56:20 "POST /collect HTTP/1.1" 200 -
05:56:20 "POST /collect HTTP/1.1" 200 -
05:56:20 "POST /collect HTTP/1.1" 200 -
05:56:20 "POST /collect HTTP/1.1" 200 -
05:56:21 "POST /collect HTTP/1.1" 200 -
05:56:21 "POST /collect HTTP/1.1" 200 -
05:56:22 "POST /collect HTTP/1.1" 200 -
05:56:22 "GET /roster HTTP/1.1" 200 -
05:56:22 "POST /collect HTTP/1.1" 200 -
05:56:22 "POST /collect HTTP/1.1" 200 -
05:56:22 "POST /collect HTTP/1.1" 200 -
05:56:22 "GET /roster HTTP/1.1" 200 -
05:56:22 "POST /collect HTTP/1.1" 200 -
05:56:22 "POST /collect HTTP/1.1" 200 -
05:56:22 "POST /collect HTTP/1.1" 200 -
05:56:23 "POST /collect HTTP/1.1" 200 -
05:56:23 "POST /collect HTTP/1.1" 200 -
05:56:23 "POST /collect HTTP/1.1" 200 -
05:56:23 "POST /collect HTTP/1.1" 200 -
05:56:23 "POST /collect HTTP/1.1" 200 -
05:56:24 "GET /roster HTTP/1.1" 200 -
05:56:24 "POST /collect HTTP/1.1" 200 -
05:56:24 "GET /roster HTTP/1.1" 200 -
05:56:24 "POST /collect HTTP/1.1" 200 -
05:56:24 "POST /collect HTTP/1.1" 200 -
05:56:24 "POST /collect HTTP/1.1" 200 -
05:56:25 "POST /collect HTTP/1.1" 200 -
05:56:25 "POST /collect HTTP/1.1" 200 -
05:56:25 "POST /collect HTTP/1.1" 200 -
05:56:25 "POST /collect HTTP/1.1" 200 -
05:56:25 "POST /collect HTTP/1.1" 200 -
05:56:26 "GET /roster HTTP/1.1" 200 -
05:56:26 "POST /collect HTTP/1.1" 200 -
05:56:26 "GET /roster HTTP/1.1" 200 -
05:56:26 "POST /collect HTTP/1.1" 200 -
05:56:26 "POST /collect HTTP/1.1" 200 -
05:56:26 "POST /collect HTTP/1.1" 200 -
05:56:26 "POST /collect HTTP/1.1" 200 -
05:56:26 "POST /collect HTTP/1.1" 200 -
05:56:26 "POST /collect HTTP/1.1" 200 -
05:56:27 "POST /collect HTTP/1.1" 200 -
05:56:27 "POST /collect HTTP/1.1" 200 -
05:56:28 "POST /collect HTTP/1.1" 200 -
05:56:28 "GET /roster HTTP/1.1" 200 -
05:56:28 "POST /collect HTTP/1.1" 200 -
05:56:28 "POST /collect HTTP/1.1" 200 -
05:56:28 "POST /collect HTTP/1.1" 200 -
05:56:28 "GET /roster HTTP/1.1" 200 -
05:56:28 "POST /collect HTTP/1.1" 200 -
05:56:28 "POST /collect HTTP/1.1" 200 -
05:56:28 "POST /collect HTTP/1.1" 200 -
05:56:29 "POST /collect HTTP/1.1" 200 -
05:56:29 "POST /collect HTTP/1.1" 200 -
05:56:29 "POST /collect HTTP/1.1" 200 -
05:56:29 "POST /collect HTTP/1.1" 200 -
05:56:29 "POST /collect HTTP/1.1" 200 -
05:56:30 "GET /roster HTTP/1.1" 200 -
05:56:30 "POST /collect HTTP/1.1" 200 -
05:56:30 "GET /roster HTTP/1.1" 200 -
05:56:30 "POST /collect HTTP/1.1" 200 -
05:56:30 "POST /collect HTTP/1.1" 200 -
05:56:30 "POST /collect HTTP/1.1" 200 -
05:56:30 "POST /collect HTTP/1.1" 200 -
05:56:31 "POST /collect HTTP/1.1" 200 -
05:56:31 "POST /collect HTTP/1.1" 200 -
05:56:31 "POST /collect HTTP/1.1" 200 -
05:56:31 "POST /collect HTTP/1.1" 200 -
05:56:31 "POST /collect HTTP/1.1" 200 -
05:56:32 "GET /roster HTTP/1.1" 200 -
05:56:32 "POST /collect HTTP/1.1" 200 -
05:56:32 "GET /roster HTTP/1.1" 200 -
05:56:32 "POST /collect HTTP/1.1" 200 -
05:56:32 "POST /collect HTTP/1.1" 200 -
05:56:32 "POST /collect HTTP/1.1" 200 -
05:56:32 "POST /collect HTTP/1.1" 200 -
05:56:32 "POST /collect HTTP/1.1" 200 -
05:56:32 "POST /collect HTTP/1.1" 200 -
05:56:33 "POST /collect HTTP/1.1" 200 -
05:56:33 "POST /collect HTTP/1.1" 200 -
05:56:34 "POST /collect HTTP/1.1" 200 -
05:56:34 "GET /roster HTTP/1.1" 200 -
05:56:34 "POST /collect HTTP/1.1" 200 -
05:56:34 "POST /collect HTTP/1.1" 200 -
05:56:34 "POST /collect HTTP/1.1" 200 -
05:56:34 "GET /roster HTTP/1.1" 200 -
05:56:34 "POST /collect HTTP/1.1" 200 -
05:56:34 "POST /collect HTTP/1.1" 200 -
05:56:34 "POST /collect HTTP/1.1" 200 -
05:56:35 "POST /collect HTTP/1.1" 200 -
05:56:35 "POST /collect HTTP/1.1" 200 -
05:56:35 "POST /collect HTTP/1.1" 200 -
05:56:35 "POST /collect HTTP/1.1" 200 -
05:56:35 "POST /collect HTTP/1.1" 200 -
05:56:36 "GET /roster HTTP/1.1" 200 -
05:56:36 "POST /collect HTTP/1.1" 200 -
05:56:36 "GET /roster HTTP/1.1" 200 -
05:56:36 "POST /collect HTTP/1.1" 200 -
05:56:36 "POST /collect HTTP/1.1" 200 -
05:56:36 "POST /collect HTTP/1.1" 200 -
05:56:37 "POST /collect HTTP/1.1" 200 -
05:56:37 "POST /collect HTTP/1.1" 200 -
05:56:37 "POST /collect HTTP/1.1" 200 -
05:56:37 "POST /collect HTTP/1.1" 200 -
05:56:37 "POST /collect HTTP/1.1" 200 -
05:56:38 "GET /roster HTTP/1.1" 200 -
05:56:38 "POST /collect HTTP/1.1" 200 -
05:56:38 "GET /roster HTTP/1.1" 200 -
05:56:38 "POST /collect HTTP/1.1" 200 -
05:56:38 "POST /collect HTTP/1.1" 200 -
05:56:38 "POST /collect HTTP/1.1" 200 -
05:56:38 "POST /collect HTTP/1.1" 200 -
05:56:38 "POST /collect HTTP/1.1" 200 -
05:56:38 "POST /collect HTTP/1.1" 200 -
05:56:39 "POST /collect HTTP/1.1" 200 -
05:56:39 "POST /collect HTTP/1.1" 200 -
05:56:40 "POST /collect HTTP/1.1" 200 -
05:56:40 "GET /roster HTTP/1.1" 200 -
05:56:40 "POST /collect HTTP/1.1" 200 -
05:56:40 "POST /collect HTTP/1.1" 200 -
05:56:40 "POST /collect HTTP/1.1" 200 -
05:56:40 "GET /roster HTTP/1.1" 200 -
05:56:40 "POST /collect HTTP/1.1" 200 -
05:56:40 "POST /collect HTTP/1.1" 200 -
05:56:40 "POST /collect HTTP/1.1" 200 -
05:56:41 "POST /collect HTTP/1.1" 200 -
05:56:41 "POST /collect HTTP/1.1" 200 -
05:56:41 "POST /collect HTTP/1.1" 200 -
05:56:41 "POST /collect HTTP/1.1" 200 -
05:56:41 "POST /collect HTTP/1.1" 200 -
05:56:42 "GET /roster HTTP/1.1" 200 -
05:56:42 "POST /collect HTTP/1.1" 200 -
05:56:42 "GET /roster HTTP/1.1" 200 -
05:56:42 "POST /collect HTTP/1.1" 200 -
05:56:42 "POST /collect HTTP/1.1" 200 -
05:56:42 "POST /collect HTTP/1.1" 200 -
05:56:43 "POST /collect HTTP/1.1" 200 -
05:56:43 "POST /collect HTTP/1.1" 200 -
05:56:43 "POST /collect HTTP/1.1" 200 -
05:56:43 "POST /collect HTTP/1.1" 200 -
05:56:43 "POST /collect HTTP/1.1" 200 -
05:56:44 "GET /roster HTTP/1.1" 200 -
05:56:44 "POST /collect HTTP/1.1" 200 -
05:56:44 "GET /roster HTTP/1.1" 200 -
05:56:44 "POST /collect HTTP/1.1" 200 -
05:56:44 "POST /collect HTTP/1.1" 200 -
05:56:44 "POST /collect HTTP/1.1" 200 -
05:56:44 "POST /collect HTTP/1.1" 200 -
05:56:44 "POST /collect HTTP/1.1" 200 -
05:56:44 "POST /collect HTTP/1.1" 200 -
05:56:45 "POST /collect HTTP/1.1" 200 -
05:56:45 "POST /collect HTTP/1.1" 200 -
05:56:45 "POST /collect HTTP/1.1" 200 -
05:56:46 "POST /collect HTTP/1.1" 200 -
05:56:46 "GET /roster HTTP/1.1" 200 -
05:56:46 "POST /collect HTTP/1.1" 200 -
05:56:46 "POST /collect HTTP/1.1" 200 -
05:56:46 "POST /collect HTTP/1.1" 200 -
05:56:46 "GET /roster HTTP/1.1" 200 -
05:56:46 "POST /collect HTTP/1.1" 200 -
05:56:46 "POST /collect HTTP/1.1" 200 -
05:56:46 "POST /collect HTTP/1.1" 200 -
05:56:47 "POST /collect HTTP/1.1" 200 -
05:56:47 "POST /collect HTTP/1.1" 200 -
05:56:47 "POST /collect HTTP/1.1" 200 -
05:56:47 "POST /collect HTTP/1.1" 200 -
05:56:47 "POST /collect HTTP/1.1" 200 -
05:56:48 "GET /roster HTTP/1.1" 200 -
05:56:48 "POST /collect HTTP/1.1" 200 -
05:56:48 "GET /roster HTTP/1.1" 200 -
05:56:48 "POST /collect HTTP/1.1" 200 -
05:56:48 "POST /collect HTTP/1.1" 200 -
05:56:48 "POST /collect HTTP/1.1" 200 -
05:56:49 "POST /collect HTTP/1.1" 200 -
05:56:49 "POST /collect HTTP/1.1" 200 -
05:56:49 "POST /collect HTTP/1.1" 200 -
05:56:49 "POST /collect HTTP/1.1" 200 -
05:56:49 "POST /collect HTTP/1.1" 200 -
05:56:50 "GET /roster HTTP/1.1" 200 -
05:56:50 "POST /collect HTTP/1.1" 200 -
05:56:50 "GET /roster HTTP/1.1" 200 -
05:56:50 "POST /collect HTTP/1.1" 200 -
05:56:50 "POST /collect HTTP/1.1" 200 -
05:56:50 "POST /collect HTTP/1.1" 200 -
05:56:50 "POST /collect HTTP/1.1" 200 -
05:56:50 "POST /collect HTTP/1.1" 200 -
05:56:50 "POST /collect HTTP/1.1" 200 -
05:56:51 "POST /collect HTTP/1.1" 200 -
05:56:51 "POST /collect HTTP/1.1" 200 -
05:56:52 "POST /collect HTTP/1.1" 200 -
05:56:52 "GET /roster HTTP/1.1" 200 -
05:56:52 "POST /collect HTTP/1.1" 200 -
05:56:52 "POST /collect HTTP/1.1" 200 -
05:56:52 "POST /collect HTTP/1.1" 200 -
05:56:52 "GET /roster HTTP/1.1" 200 -
05:56:52 "POST /collect HTTP/1.1" 200 -
05:56:52 "POST /collect HTTP/1.1" 200 -
05:56:52 "POST /collect HTTP/1.1" 200 -
05:56:53 "POST /collect HTTP/1.1" 200 -
05:56:53 "POST /collect HTTP/1.1" 200 -
05:56:53 "POST /collect HTTP/1.1" 200 -
05:56:53 "POST /collect HTTP/1.1" 200 -
05:56:53 "POST /collect HTTP/1.1" 200 -
05:56:54 "GET /roster HTTP/1.1" 200 -
05:56:54 "POST /collect HTTP/1.1" 200 -
05:56:54 "GET /roster HTTP/1.1" 200 -
05:56:54 "POST /collect HTTP/1.1" 200 -
05:56:54 "POST /collect HTTP/1.1" 200 -
05:56:54 "POST /collect HTTP/1.1" 200 -
05:56:55 "POST /collect HTTP/1.1" 200 -
05:56:55 "POST /collect HTTP/1.1" 200 -
05:56:55 "POST /collect HTTP/1.1" 200 -
05:56:55 "POST /collect HTTP/1.1" 200 -
05:56:55 "POST /collect HTTP/1.1" 200 -
05:56:56 "GET /roster HTTP/1.1" 200 -
05:56:56 "POST /collect HTTP/1.1" 200 -
05:56:56 "GET /roster HTTP/1.1" 200 -
05:56:56 "POST /collect HTTP/1.1" 200 -
05:56:56 "POST /collect HTTP/1.1" 200 -
05:56:56 "POST /collect HTTP/1.1" 200 -
05:56:56 "POST /collect HTTP/1.1" 200 -
05:56:56 "POST /collect HTTP/1.1" 200 -
05:56:56 "POST /collect HTTP/1.1" 200 -
05:56:57 "POST /collect HTTP/1.1" 200 -
05:56:57 "POST /collect HTTP/1.1" 200 -
05:56:58 "POST /collect HTTP/1.1" 200 -
05:56:58 "GET /roster HTTP/1.1" 200 -
05:56:58 "POST /collect HTTP/1.1" 200 -
05:56:58 "POST /collect HTTP/1.1" 200 -
05:56:58 "POST /collect HTTP/1.1" 200 -
05:56:58 "GET /roster HTTP/1.1" 200 -
05:56:58 "POST /collect HTTP/1.1" 200 -
05:56:58 "POST /collect HTTP/1.1" 200 -
05:56:58 "POST /collect HTTP/1.1" 200 -
05:56:59 "POST /collect HTTP/1.1" 200 -
05:56:59 "POST /collect HTTP/1.1" 200 -
05:56:59 "POST /collect HTTP/1.1" 200 -
05:56:59 "POST /collect HTTP/1.1" 200 -
05:56:59 "POST /collect HTTP/1.1" 200 -
05:57:00 "GET /roster HTTP/1.1" 200 -
05:57:00 "POST /collect HTTP/1.1" 200 -
05:57:00 "GET /roster HTTP/1.1" 200 -
05:57:00 "POST /collect HTTP/1.1" 200 -
05:57:00 "POST /collect HTTP/1.1" 200 -
05:57:00 "POST /collect HTTP/1.1" 200 -
05:57:00 "POST /collect HTTP/1.1" 200 -
05:57:01 "POST /collect HTTP/1.1" 200 -
05:57:01 "POST /collect HTTP/1.1" 200 -
05:57:01 "POST /collect HTTP/1.1" 200 -
05:57:01 "POST /collect HTTP/1.1" 200 -
05:57:01 "POST /collect HTTP/1.1" 200 -
05:57:02 "GET /roster HTTP/1.1" 200 -
05:57:02 "POST /collect HTTP/1.1" 200 -
05:57:02 "GET /roster HTTP/1.1" 200 -
05:57:02 "POST /collect HTTP/1.1" 200 -
05:57:02 "POST /collect HTTP/1.1" 200 -
05:57:02 "POST /collect HTTP/1.1" 200 -
05:57:02 "POST /collect HTTP/1.1" 200 -
05:57:02 "POST /collect HTTP/1.1" 200 -
05:57:02 "POST /collect HTTP/1.1" 200 -
05:57:03 "POST /collect HTTP/1.1" 200 -
05:57:03 "POST /collect HTTP/1.1" 200 -
05:57:04 "POST /collect HTTP/1.1" 200 -
05:57:04 "GET /roster HTTP/1.1" 200 -
05:57:04 "POST /collect HTTP/1.1" 200 -
05:57:04 "POST /collect HTTP/1.1" 200 -
05:57:04 "POST /collect HTTP/1.1" 200 -
05:57:04 "GET /roster HTTP/1.1" 200 -
05:57:04 "POST /collect HTTP/1.1" 200 -
05:57:04 "POST /collect HTTP/1.1" 200 -
05:57:04 "POST /collect HTTP/1.1" 200 -
05:57:05 "POST /collect HTTP/1.1" 200 -
05:57:05 "POST /collect HTTP/1.1" 200 -
05:57:05 "POST /collect HTTP/1.1" 200 -
05:57:05 "POST /collect HTTP/1.1" 200 -
05:57:05 "POST /collect HTTP/1.1" 200 -
05:57:06 "GET /roster HTTP/1.1" 200 -
05:57:06 "POST /collect HTTP/1.1" 200 -
05:57:06 "GET /roster HTTP/1.1" 200 -
05:57:06 "POST /collect HTTP/1.1" 200 -
05:57:06 "POST /collect HTTP/1.1" 200 -
05:57:06 "POST /collect HTTP/1.1" 200 -
05:57:07 "POST /collect HTTP/1.1" 200 -
05:57:07 "POST /collect HTTP/1.1" 200 -
05:57:07 "POST /collect HTTP/1.1" 200 -
05:57:07 "POST /collect HTTP/1.1" 200 -
05:57:07 "POST /collect HTTP/1.1" 200 -
05:57:08 "GET /roster HTTP/1.1" 200 -
05:57:08 "POST /collect HTTP/1.1" 200 -
05:57:08 "GET /roster HTTP/1.1" 200 -
05:57:08 "POST /collect HTTP/1.1" 200 -
05:57:08 "POST /collect HTTP/1.1" 200 -
05:57:08 "POST /collect HTTP/1.1" 200 -
05:57:08 "POST /collect HTTP/1.1" 200 -
05:57:08 "POST /collect HTTP/1.1" 200 -
05:57:08 "POST /collect HTTP/1.1" 200 -
05:57:09 "POST /collect HTTP/1.1" 200 -
05:57:09 "POST /collect HTTP/1.1" 200 -
05:57:10 "POST /collect HTTP/1.1" 200 -
05:57:10 "GET /roster HTTP/1.1" 200 -
05:57:10 "POST /collect HTTP/1.1" 200 -
05:57:10 "POST /collect HTTP/1.1" 200 -
05:57:10 "POST /collect HTTP/1.1" 200 -
05:57:10 "GET /roster HTTP/1.1" 200 -
05:57:10 "POST /collect HTTP/1.1" 200 -
05:57:10 "POST /collect HTTP/1.1" 200 -
05:57:10 "POST /collect HTTP/1.1" 200 -
05:57:11 "POST /collect HTTP/1.1" 200 -
05:57:11 "POST /collect HTTP/1.1" 200 -
05:57:11 "POST /collect HTTP/1.1" 200 -
05:57:11 "POST /collect HTTP/1.1" 200 -
05:57:11 "POST /collect HTTP/1.1" 200 -
05:57:12 "GET /roster HTTP/1.1" 200 -
05:57:12 "POST /collect HTTP/1.1" 200 -
05:57:12 "GET /roster HTTP/1.1" 200 -
05:57:12 "POST /collect HTTP/1.1" 200 -
05:57:12 "POST /collect HTTP/1.1" 200 -
05:57:12 "POST /collect HTTP/1.1" 200 -
05:57:13 "POST /collect HTTP/1.1" 200 -
05:57:13 "POST /collect HTTP/1.1" 200 -
05:57:13 "POST /collect HTTP/1.1" 200 -
05:57:13 "POST /collect HTTP/1.1" 200 -
05:57:13 "POST /collect HTTP/1.1" 200 -
05:57:14 "GET /roster HTTP/1.1" 200 -
05:57:14 "POST /collect HTTP/1.1" 200 -
05:57:14 "GET /roster HTTP/1.1" 200 -
05:57:14 "POST /collect HTTP/1.1" 200 -
05:57:14 "POST /collect HTTP/1.1" 200 -
05:57:14 "POST /collect HTTP/1.1" 200 -
05:57:14 "POST /collect HTTP/1.1" 200 -
05:57:14 "POST /collect HTTP/1.1" 200 -
05:57:14 "POST /collect HTTP/1.1" 200 -
05:57:15 "POST /collect HTTP/1.1" 200 -
05:57:15 "POST /collect HTTP/1.1" 200 -
05:57:16 "POST /collect HTTP/1.1" 200 -
05:57:16 "POST /collect HTTP/1.1" 200 -
05:57:16 "GET /roster HTTP/1.1" 200 -
05:57:16 "POST /collect HTTP/1.1" 200 -
05:57:16 "POST /collect HTTP/1.1" 200 -
05:57:16 "POST /collect HTTP/1.1" 200 -
05:57:16 "GET /roster HTTP/1.1" 200 -
05:57:16 "POST /collect HTTP/1.1" 200 -
05:57:16 "POST /collect HTTP/1.1" 200 -
05:57:16 "POST /collect HTTP/1.1" 200 -
05:57:17 "POST /collect HTTP/1.1" 200 -
05:57:17 "POST /collect HTTP/1.1" 200 -
05:57:17 "POST /collect HTTP/1.1" 200 -
05:57:17 "POST /collect HTTP/1.1" 200 -
05:57:17 "POST /collect HTTP/1.1" 200 -
05:57:18 "GET /roster HTTP/1.1" 200 -
05:57:18 "POST /collect HTTP/1.1" 200 -
05:57:18 "GET /roster HTTP/1.1" 200 -
05:57:18 "POST /collect HTTP/1.1" 200 -
05:57:18 "POST /collect HTTP/1.1" 200 -
05:57:18 "POST /collect HTTP/1.1" 200 -
05:57:19 "POST /collect HTTP/1.1" 200 -
05:57:19 "POST /collect HTTP/1.1" 200 -
05:57:19 "POST /collect HTTP/1.1" 200 -
05:57:19 "POST /collect HTTP/1.1" 200 -
05:57:19 "POST /collect HTTP/1.1" 200 -
05:57:20 "GET /roster HTTP/1.1" 200 -
05:57:20 "POST /collect HTTP/1.1" 200 -
05:57:20 "GET /roster HTTP/1.1" 200 -
05:57:20 "POST /collect HTTP/1.1" 200 -
05:57:20 "POST /collect HTTP/1.1" 200 -
05:57:20 "POST /collect HTTP/1.1" 200 -
05:57:20 "POST /collect HTTP/1.1" 200 -
05:57:20 "POST /collect HTTP/1.1" 200 -
05:57:20 "POST /collect HTTP/1.1" 200 -
05:57:21 "POST /collect HTTP/1.1" 200 -
05:57:21 "POST /collect HTTP/1.1" 200 -
05:57:22 "POST /collect HTTP/1.1" 200 -
05:57:22 "GET /roster HTTP/1.1" 200 -
05:57:22 "POST /collect HTTP/1.1" 200 -
05:57:22 "POST /collect HTTP/1.1" 200 -
05:57:22 "POST /collect HTTP/1.1" 200 -
05:57:22 "GET /roster HTTP/1.1" 200 -
05:57:22 "POST /collect HTTP/1.1" 200 -
05:57:22 "POST /collect HTTP/1.1" 200 -
05:57:22 "POST /collect HTTP/1.1" 200 -
05:57:23 "POST /collect HTTP/1.1" 200 -
05:57:23 "POST /collect HTTP/1.1" 200 -
05:57:23 "POST /collect HTTP/1.1" 200 -
05:57:23 "POST /collect HTTP/1.1" 200 -
05:57:23 "POST /collect HTTP/1.1" 200 -
05:57:24 "GET /roster HTTP/1.1" 200 -
05:57:24 "POST /collect HTTP/1.1" 200 -
05:57:24 "GET /roster HTTP/1.1" 200 -
05:57:24 "POST /collect HTTP/1.1" 200 -
05:57:24 "POST /collect HTTP/1.1" 200 -
05:57:24 "POST /collect HTTP/1.1" 200 -
05:57:25 "POST /collect HTTP/1.1" 200 -
05:57:25 "POST /collect HTTP/1.1" 200 -
05:57:25 "POST /collect HTTP/1.1" 200 -
05:57:25 "POST /collect HTTP/1.1" 200 -
05:57:25 "POST /collect HTTP/1.1" 200 -
05:57:26 "GET /roster HTTP/1.1" 200 -
05:57:26 "POST /collect HTTP/1.1" 200 -
05:57:26 "GET /roster HTTP/1.1" 200 -
05:57:26 "POST /collect HTTP/1.1" 200 -
05:57:26 "POST /collect HTTP/1.1" 200 -
05:57:26 "POST /collect HTTP/1.1" 200 -
05:57:26 "POST /collect HTTP/1.1" 200 -
05:57:26 "POST /collect HTTP/1.1" 200 -
05:57:26 "POST /collect HTTP/1.1" 200 -
05:57:27 "POST /collect HTTP/1.1" 200 -
05:57:27 "POST /collect HTTP/1.1" 200 -
05:57:28 "POST /collect HTTP/1.1" 200 -
05:57:28 "GET /roster HTTP/1.1" 200 -
05:57:28 "POST /collect HTTP/1.1" 200 -
05:57:28 "POST /collect HTTP/1.1" 200 -
05:57:28 "POST /collect HTTP/1.1" 200 -
05:57:28 "GET /roster HTTP/1.1" 200 -
05:57:28 "POST /collect HTTP/1.1" 200 -
05:57:28 "POST /collect HTTP/1.1" 200 -
05:57:28 "POST /collect HTTP/1.1" 200 -
05:57:29 "POST /collect HTTP/1.1" 200 -
05:57:29 "POST /collect HTTP/1.1" 200 -
05:57:29 "POST /collect HTTP/1.1" 200 -
05:57:29 "POST /collect HTTP/1.1" 200 -
05:57:29 "POST /collect HTTP/1.1" 200 -
05:57:30 "GET /roster HTTP/1.1" 200 -
05:57:30 "POST /collect HTTP/1.1" 200 -
05:57:30 "GET /roster HTTP/1.1" 200 -
05:57:30 "POST /collect HTTP/1.1" 200 -
05:57:30 "POST /collect HTTP/1.1" 200 -
05:57:30 "POST /collect HTTP/1.1" 200 -
05:57:31 "POST /collect HTTP/1.1" 200 -
05:57:31 "POST /collect HTTP/1.1" 200 -
05:57:31 "POST /collect HTTP/1.1" 200 -
05:57:31 "POST /collect HTTP/1.1" 200 -
05:57:31 "POST /collect HTTP/1.1" 200 -
05:57:31 "POST /collect HTTP/1.1" 200 -
05:57:32 "GET /roster HTTP/1.1" 200 -
05:57:32 "POST /collect HTTP/1.1" 200 -
05:57:32 "GET /roster HTTP/1.1" 200 -
05:57:32 "POST /collect HTTP/1.1" 200 -
05:57:32 "POST /collect HTTP/1.1" 200 -
05:57:32 "POST /collect HTTP/1.1" 200 -
05:57:32 "POST /collect HTTP/1.1" 200 -
05:57:32 "POST /collect HTTP/1.1" 200 -
05:57:32 "POST /collect HTTP/1.1" 200 -
05:57:33 "POST /collect HTTP/1.1" 200 -
05:57:33 "POST /collect HTTP/1.1" 200 -
05:57:34 "POST /collect HTTP/1.1" 200 -
05:57:34 "GET /roster HTTP/1.1" 200 -
05:57:34 "POST /collect HTTP/1.1" 200 -
05:57:34 "POST /collect HTTP/1.1" 200 -
05:57:34 "POST /collect HTTP/1.1" 200 -
05:57:34 "GET /roster HTTP/1.1" 200 -
05:57:34 "POST /collect HTTP/1.1" 200 -
05:57:34 "POST /collect HTTP/1.1" 200 -
05:57:34 "POST /collect HTTP/1.1" 200 -
05:57:35 "POST /collect HTTP/1.1" 200 -
05:57:35 "POST /collect HTTP/1.1" 200 -
05:57:35 "POST /collect HTTP/1.1" 200 -
05:57:35 "POST /collect HTTP/1.1" 200 -
05:57:35 "POST /collect HTTP/1.1" 200 -
05:57:36 "GET /roster HTTP/1.1" 200 -
05:57:36 "POST /collect HTTP/1.1" 200 -
05:57:36 "GET /roster HTTP/1.1" 200 -
05:57:36 "POST /collect HTTP/1.1" 200 -
05:57:36 "POST /collect HTTP/1.1" 200 -
05:57:36 "POST /collect HTTP/1.1" 200 -
05:57:37 "POST /collect HTTP/1.1" 200 -
05:57:37 "POST /collect HTTP/1.1" 200 -
05:57:37 "POST /collect HTTP/1.1" 200 -
05:57:37 "POST /collect HTTP/1.1" 200 -
05:57:37 "POST /collect HTTP/1.1" 200 -
05:57:38 "GET /roster HTTP/1.1" 200 -
05:57:38 "POST /collect HTTP/1.1" 200 -
05:57:38 "GET /roster HTTP/1.1" 200 -
05:57:38 "POST /collect HTTP/1.1" 200 -
05:57:38 "POST /collect HTTP/1.1" 200 -
05:57:38 "POST /collect HTTP/1.1" 200 -
05:57:38 "POST /collect HTTP/1.1" 200 -
05:57:38 "POST /collect HTTP/1.1" 200 -
05:57:38 "POST /collect HTTP/1.1" 200 -
05:57:39 "POST /collect HTTP/1.1" 200 -
05:57:39 "POST /collect HTTP/1.1" 200 -
05:57:40 "POST /collect HTTP/1.1" 200 -
05:57:40 "GET /roster HTTP/1.1" 200 -
05:57:40 "POST /collect HTTP/1.1" 200 -
05:57:40 "POST /collect HTTP/1.1" 200 -
05:57:40 "POST /collect HTTP/1.1" 200 -
05:57:40 "GET /roster HTTP/1.1" 200 -
05:57:40 "POST /collect HTTP/1.1" 200 -
05:57:40 "POST /collect HTTP/1.1" 200 -
05:57:40 "POST /collect HTTP/1.1" 200 -
05:57:41 "POST /collect HTTP/1.1" 200 -
05:57:41 "POST /collect HTTP/1.1" 200 -
05:57:41 "POST /collect HTTP/1.1" 200 -
05:57:41 "POST /collect HTTP/1.1" 200 -
05:57:41 "POST /collect HTTP/1.1" 200 -
05:57:41 "POST /collect HTTP/1.1" 200 -
05:57:42 "GET /roster HTTP/1.1" 200 -
05:57:42 "POST /collect HTTP/1.1" 200 -
05:57:42 "GET /roster HTTP/1.1" 200 -
05:57:42 "POST /collect HTTP/1.1" 200 -
05:57:42 "POST /collect HTTP/1.1" 200 -
05:58:47 "GET /roster HTTP/1.1" 200 -
05:58:47 "POST /reset HTTP/1.1" 200 -
05:58:48 "GET /room.html?id=1&n=8&hold=1&cb=1787713128136&audio=1&mode=full&cls=probe HTTP/1.1" 200 -
05:58:48 code 404, message File not found
05:58:48 "GET /favicon.ico HTTP/1.1" 404 -
05:58:48 "GET /room.html?id=2&n=8&hold=1&cb=1787713128717&audio=1&mode=full&cls=probe HTTP/1.1" 200 -
05:58:48 code 404, message File not found
05:58:48 "GET /favicon.ico HTTP/1.1" 404 -
05:58:49 "GET /room.html?id=A&n=8&hold=1&cb=1787713129332&audio=1&mode=pub&vw=640&vh=360&vfps=30&cls=show&kbps=1200&hint=motion HTTP/1.1" 200 -
05:58:49 code 404, message File not found
05:58:49 "GET /favicon.ico HTTP/1.1" 404 -
05:58:49 "GET /room.html?id=B&n=8&hold=1&cb=1787713129961&audio=1&mode=pub&vw=640&vh=360&vfps=30&cls=show&kbps=1200&hint=motion HTTP/1.1" 200 -
05:58:50 code 404, message File not found
05:58:50 "GET /favicon.ico HTTP/1.1" 404 -
05:58:50 "GET /room.html?id=C&n=8&hold=1&cb=1787713130580&audio=1&mode=pub&vw=640&vh=360&vfps=30&cls=show&kbps=1200&hint=motion HTTP/1.1" 200 -
05:58:50 code 404, message File not found
05:58:50 "GET /favicon.ico HTTP/1.1" 404 -
05:58:51 "GET /room.html?id=D&n=8&hold=1&cb=1787713131219&audio=1&mode=pub&vw=640&vh=360&vfps=30&cls=show&kbps=1200&hint=motion HTTP/1.1" 200 -
05:58:51 code 404, message File not found
05:58:51 "GET /favicon.ico HTTP/1.1" 404 -
05:58:51 "GET /room.html?id=E&n=8&hold=1&cb=1787713131869&audio=1&mode=pub&vw=640&vh=360&vfps=30&cls=show&kbps=1200&hint=motion HTTP/1.1" 200 -
05:58:51 code 404, message File not found
05:58:51 "GET /favicon.ico HTTP/1.1" 404 -
05:58:52 "GET /room.html?id=F&n=8&hold=1&cb=1787713132497&audio=1&mode=pub&vw=640&vh=360&vfps=30&cls=show&kbps=1200&hint=motion HTTP/1.1" 200 -
05:58:52 code 404, message File not found
05:58:52 "GET /favicon.ico HTTP/1.1" 404 -
05:58:52 "POST /collect HTTP/1.1" 200 -
05:58:52 CF POST /sessions/new -> 201 (201 ms)
05:58:52 "POST /cf/sessions/new HTTP/1.1" 201 -
05:58:52 CF POST /sessions/new -> 201 (212 ms)
05:58:52 "POST /cf/sessions/new HTTP/1.1" 201 -
05:58:52 CF POST /sessions/new -> 201 (222 ms)
05:58:52 CF POST /sessions/new -> 201 (219 ms)
05:58:52 "POST /cf/sessions/new HTTP/1.1" 201 -
05:58:52 "POST /cf/sessions/new HTTP/1.1" 201 -
05:58:52 CF POST /sessions/new -> 201 (222 ms)
05:58:52 "POST /cf/sessions/new HTTP/1.1" 201 -
05:58:53 CF POST /sessions/new -> 201 (290 ms)
05:58:53 "POST /cf/sessions/new HTTP/1.1" 201 -
05:58:53 CF POST /sessions/new -> 201 (277 ms)
05:58:53 "POST /cf/sessions/new HTTP/1.1" 201 -
05:58:53 CF POST /sessions/new -> 201 (280 ms)
05:58:53 "POST /cf/sessions/new HTTP/1.1" 201 -
05:58:53 "POST /save/pub-offer-2.sdp HTTP/1.1" 200 -
05:58:53 "POST /save/pub-offer-b.sdp HTTP/1.1" 200 -
05:58:53 "POST /save/pub-offer-c.sdp HTTP/1.1" 200 -
05:58:53 "POST /save/pub-offer-f.sdp HTTP/1.1" 200 -
05:58:53 "POST /save/pub-offer-a.sdp HTTP/1.1" 200 -
05:58:53 "POST /save/pub-offer-1.sdp HTTP/1.1" 200 -
05:58:53 "POST /save/pub-offer-e.sdp HTTP/1.1" 200 -
05:58:53 "POST /save/pub-offer-d.sdp HTTP/1.1" 200 -
05:58:54 CF POST /sessions/9e8e5f12a000be2c92598057d21bc38f445e9899127e4f3cb5bb285f281f99ab/tracks/new -> 200 (332 ms)
05:58:54 "POST /cf/sessions/9e8e5f12a000be2c92598057d21bc38f445e9899127e4f3cb5bb285f281f99ab/tracks/new HTTP/1.1" 200 -
05:58:54 "POST /save/pub-answer-b.sdp HTTP/1.1" 200 -
05:58:54 "POST /collect HTTP/1.1" 200 -
05:58:54 "POST /collect HTTP/1.1" 200 -
05:58:54 "POST /collect HTTP/1.1" 200 -
05:58:54 CF POST /sessions/1e92036f574d92d0ea78d090c3721348d179bd4a5ac0f91aa94b09220e10e322/tracks/new -> 200 (359 ms)
05:58:54 "POST /cf/sessions/1e92036f574d92d0ea78d090c3721348d179bd4a5ac0f91aa94b09220e10e322/tracks/new HTTP/1.1" 200 -
05:58:54 "POST /save/pub-answer-a.sdp HTTP/1.1" 200 -
05:58:54 "POST /collect HTTP/1.1" 200 -
05:58:54 "POST /collect HTTP/1.1" 200 -
05:58:54 "POST /collect HTTP/1.1" 200 -
05:58:54 CF POST /sessions/3f6cd6ddf7adf6a3e17d8eb4865e2398fc719ef863b222d456affbfe9e0ecc61/tracks/new -> 200 (366 ms)
05:58:54 "POST /cf/sessions/3f6cd6ddf7adf6a3e17d8eb4865e2398fc719ef863b222d456affbfe9e0ecc61/tracks/new HTTP/1.1" 200 -
05:58:54 CF POST /sessions/3aebca43e2830cb0032c316c6238d69dce278cec998fafaec1b43bff7a98948e/tracks/new -> 200 (369 ms)
05:58:54 "POST /cf/sessions/3aebca43e2830cb0032c316c6238d69dce278cec998fafaec1b43bff7a98948e/tracks/new HTTP/1.1" 200 -
05:58:54 "POST /save/pub-answer-1.sdp HTTP/1.1" 200 -
05:58:54 "POST /save/pub-answer-f.sdp HTTP/1.1" 200 -
05:58:54 "POST /collect HTTP/1.1" 200 -
05:58:54 "POST /collect HTTP/1.1" 200 -
05:58:54 "POST /collect HTTP/1.1" 200 -
05:58:54 "POST /collect HTTP/1.1" 200 -
05:58:54 "POST /collect HTTP/1.1" 200 -
05:58:54 "POST /collect HTTP/1.1" 200 -
05:58:54 CF POST /sessions/59ab196eaf7f9e871ebd5e7d881dc250d8b5f8b3b4a575c2e3170683e5ecaa2f/tracks/new -> 200 (382 ms)
05:58:54 "POST /cf/sessions/59ab196eaf7f9e871ebd5e7d881dc250d8b5f8b3b4a575c2e3170683e5ecaa2f/tracks/new HTTP/1.1" 200 -
05:58:54 "POST /save/pub-answer-2.sdp HTTP/1.1" 200 -
05:58:54 CF POST /sessions/6e1255bba1e56dd6eb653bc7a8cbe8c71b835cc9b38a2d6b43c0205dd12115e2/tracks/new -> 200 (315 ms)
05:58:54 "POST /cf/sessions/6e1255bba1e56dd6eb653bc7a8cbe8c71b835cc9b38a2d6b43c0205dd12115e2/tracks/new HTTP/1.1" 200 -
05:58:54 "POST /collect HTTP/1.1" 200 -
05:58:54 "POST /save/pub-answer-d.sdp HTTP/1.1" 200 -
05:58:54 "POST /collect HTTP/1.1" 200 -
05:58:54 "POST /collect HTTP/1.1" 200 -
05:58:54 "POST /collect HTTP/1.1" 200 -
05:58:54 "POST /collect HTTP/1.1" 200 -
05:58:54 "POST /collect HTTP/1.1" 200 -
05:58:54 CF POST /sessions/87f255a9a4d1cc4ddc9e79803d5d64be26e29754b4e3f6d4dba64cc7e899fddb/tracks/new -> 200 (346 ms)
05:58:54 "POST /cf/sessions/87f255a9a4d1cc4ddc9e79803d5d64be26e29754b4e3f6d4dba64cc7e899fddb/tracks/new HTTP/1.1" 200 -
05:58:54 "POST /save/pub-answer-e.sdp HTTP/1.1" 200 -
05:58:54 "POST /collect HTTP/1.1" 200 -
05:58:54 "POST /collect HTTP/1.1" 200 -
05:58:54 "POST /collect HTTP/1.1" 200 -
05:58:54 CF POST /sessions/dfba5ca17d7eb9db6f35016307e3965b522de95b97275828a012596c71234eb4/tracks/new -> 200 (429 ms)
05:58:54 "POST /cf/sessions/dfba5ca17d7eb9db6f35016307e3965b522de95b97275828a012596c71234eb4/tracks/new HTTP/1.1" 200 -
05:58:54 "POST /save/pub-answer-c.sdp HTTP/1.1" 200 -
05:58:54 "POST /collect HTTP/1.1" 200 -
05:58:54 "POST /collect HTTP/1.1" 200 -
05:58:54 "POST /collect HTTP/1.1" 200 -
05:58:54 "POST /collect HTTP/1.1" 200 -
05:58:54 "POST /collect HTTP/1.1" 200 -
05:58:54 "POST /collect HTTP/1.1" 200 -
05:58:54 "POST /collect HTTP/1.1" 200 -
05:58:54 "POST /collect HTTP/1.1" 200 -
05:58:54 "POST /collect HTTP/1.1" 200 -
05:58:54 "POST /join HTTP/1.1" 200 -
05:58:54 "POST /collect HTTP/1.1" 200 -
05:58:54 "POST /collect HTTP/1.1" 200 -
05:58:54 "POST /join HTTP/1.1" 200 -
05:58:54 "POST /join HTTP/1.1" 200 -
05:58:54 "POST /join HTTP/1.1" 200 -
05:58:54 "GET /roster HTTP/1.1" 200 -
05:58:54 "POST /collect HTTP/1.1" 200 -
05:58:54 "POST /collect HTTP/1.1" 200 -
05:58:54 "POST /collect HTTP/1.1" 200 -
05:58:54 "POST /join HTTP/1.1" 200 -
05:58:54 "POST /collect HTTP/1.1" 200 -
05:58:54 "GET /roster HTTP/1.1" 200 -
05:58:54 "POST /join HTTP/1.1" 200 -
05:58:54 "POST /collect HTTP/1.1" 200 -
05:58:54 "POST /collect HTTP/1.1" 200 -
05:58:54 "POST /join HTTP/1.1" 200 -
05:58:54 "POST /collect HTTP/1.1" 200 -
05:58:54 "POST /join HTTP/1.1" 200 -
05:58:54 "POST /collect HTTP/1.1" 200 -
05:58:54 CF POST /sessions/3f6cd6ddf7adf6a3e17d8eb4865e2398fc719ef863b222d456affbfe9e0ecc61/tracks/new -> 200 (265 ms)
05:58:54 CF POST /sessions/59ab196eaf7f9e871ebd5e7d881dc250d8b5f8b3b4a575c2e3170683e5ecaa2f/tracks/new -> 200 (248 ms)
05:58:54 "POST /cf/sessions/59ab196eaf7f9e871ebd5e7d881dc250d8b5f8b3b4a575c2e3170683e5ecaa2f/tracks/new HTTP/1.1" 200 -
05:58:54 "POST /cf/sessions/3f6cd6ddf7adf6a3e17d8eb4865e2398fc719ef863b222d456affbfe9e0ecc61/tracks/new HTTP/1.1" 200 -
05:58:54 CF PUT /sessions/59ab196eaf7f9e871ebd5e7d881dc250d8b5f8b3b4a575c2e3170683e5ecaa2f/renegotiate -> 200 (153 ms)
05:58:54 "PUT /cf/sessions/59ab196eaf7f9e871ebd5e7d881dc250d8b5f8b3b4a575c2e3170683e5ecaa2f/renegotiate HTTP/1.1" 200 -
05:58:54 "POST /collect HTTP/1.1" 200 -
05:58:54 CF PUT /sessions/3f6cd6ddf7adf6a3e17d8eb4865e2398fc719ef863b222d456affbfe9e0ecc61/renegotiate -> 200 (156 ms)
05:58:54 "PUT /cf/sessions/3f6cd6ddf7adf6a3e17d8eb4865e2398fc719ef863b222d456affbfe9e0ecc61/renegotiate HTTP/1.1" 200 -
05:58:54 "POST /collect HTTP/1.1" 200 -
05:58:55 CF POST /sessions/3f6cd6ddf7adf6a3e17d8eb4865e2398fc719ef863b222d456affbfe9e0ecc61/tracks/new -> 200 (233 ms)
05:58:55 "POST /cf/sessions/3f6cd6ddf7adf6a3e17d8eb4865e2398fc719ef863b222d456affbfe9e0ecc61/tracks/new HTTP/1.1" 200 -
05:58:55 CF POST /sessions/59ab196eaf7f9e871ebd5e7d881dc250d8b5f8b3b4a575c2e3170683e5ecaa2f/tracks/new -> 200 (246 ms)
05:58:55 "POST /cf/sessions/59ab196eaf7f9e871ebd5e7d881dc250d8b5f8b3b4a575c2e3170683e5ecaa2f/tracks/new HTTP/1.1" 200 -
05:58:55 "POST /collect HTTP/1.1" 200 -
05:58:55 CF PUT /sessions/59ab196eaf7f9e871ebd5e7d881dc250d8b5f8b3b4a575c2e3170683e5ecaa2f/renegotiate -> 200 (156 ms)
05:58:55 "PUT /cf/sessions/59ab196eaf7f9e871ebd5e7d881dc250d8b5f8b3b4a575c2e3170683e5ecaa2f/renegotiate HTTP/1.1" 200 -
05:58:55 "POST /collect HTTP/1.1" 200 -
05:58:55 CF PUT /sessions/3f6cd6ddf7adf6a3e17d8eb4865e2398fc719ef863b222d456affbfe9e0ecc61/renegotiate -> 200 (177 ms)
05:58:55 "PUT /cf/sessions/3f6cd6ddf7adf6a3e17d8eb4865e2398fc719ef863b222d456affbfe9e0ecc61/renegotiate HTTP/1.1" 200 -
05:58:55 "POST /collect HTTP/1.1" 200 -
05:58:55 CF POST /sessions/59ab196eaf7f9e871ebd5e7d881dc250d8b5f8b3b4a575c2e3170683e5ecaa2f/tracks/new -> 200 (175 ms)
05:58:55 "POST /cf/sessions/59ab196eaf7f9e871ebd5e7d881dc250d8b5f8b3b4a575c2e3170683e5ecaa2f/tracks/new HTTP/1.1" 200 -
05:58:55 CF POST /sessions/3f6cd6ddf7adf6a3e17d8eb4865e2398fc719ef863b222d456affbfe9e0ecc61/tracks/new -> 200 (243 ms)
05:58:55 "POST /cf/sessions/3f6cd6ddf7adf6a3e17d8eb4865e2398fc719ef863b222d456affbfe9e0ecc61/tracks/new HTTP/1.1" 200 -
05:58:55 CF PUT /sessions/59ab196eaf7f9e871ebd5e7d881dc250d8b5f8b3b4a575c2e3170683e5ecaa2f/renegotiate -> 200 (146 ms)
05:58:55 "PUT /cf/sessions/59ab196eaf7f9e871ebd5e7d881dc250d8b5f8b3b4a575c2e3170683e5ecaa2f/renegotiate HTTP/1.1" 200 -
05:58:55 "POST /collect HTTP/1.1" 200 -
05:58:55 "POST /collect HTTP/1.1" 200 -
05:58:55 CF PUT /sessions/3f6cd6ddf7adf6a3e17d8eb4865e2398fc719ef863b222d456affbfe9e0ecc61/renegotiate -> 200 (171 ms)
05:58:55 "PUT /cf/sessions/3f6cd6ddf7adf6a3e17d8eb4865e2398fc719ef863b222d456affbfe9e0ecc61/renegotiate HTTP/1.1" 200 -
05:58:55 "POST /collect HTTP/1.1" 200 -
05:58:55 CF POST /sessions/59ab196eaf7f9e871ebd5e7d881dc250d8b5f8b3b4a575c2e3170683e5ecaa2f/tracks/new -> 200 (220 ms)
05:58:55 "POST /cf/sessions/59ab196eaf7f9e871ebd5e7d881dc250d8b5f8b3b4a575c2e3170683e5ecaa2f/tracks/new HTTP/1.1" 200 -
05:58:56 CF PUT /sessions/59ab196eaf7f9e871ebd5e7d881dc250d8b5f8b3b4a575c2e3170683e5ecaa2f/renegotiate -> 200 (159 ms)
05:58:56 "PUT /cf/sessions/59ab196eaf7f9e871ebd5e7d881dc250d8b5f8b3b4a575c2e3170683e5ecaa2f/renegotiate HTTP/1.1" 200 -
05:58:56 "POST /collect HTTP/1.1" 200 -
05:58:56 "POST /collect HTTP/1.1" 200 -
05:58:56 "GET /roster HTTP/1.1" 200 -
05:58:56 "POST /collect HTTP/1.1" 200 -
05:58:56 "GET /roster HTTP/1.1" 200 -
05:58:56 "POST /collect HTTP/1.1" 200 -
05:58:56 CF POST /sessions/3f6cd6ddf7adf6a3e17d8eb4865e2398fc719ef863b222d456affbfe9e0ecc61/tracks/new -> 200 (246 ms)
05:58:56 "POST /cf/sessions/3f6cd6ddf7adf6a3e17d8eb4865e2398fc719ef863b222d456affbfe9e0ecc61/tracks/new HTTP/1.1" 200 -
05:58:56 CF POST /sessions/59ab196eaf7f9e871ebd5e7d881dc250d8b5f8b3b4a575c2e3170683e5ecaa2f/tracks/new -> 200 (254 ms)
05:58:56 "POST /cf/sessions/59ab196eaf7f9e871ebd5e7d881dc250d8b5f8b3b4a575c2e3170683e5ecaa2f/tracks/new HTTP/1.1" 200 -
05:58:56 "POST /collect HTTP/1.1" 200 -
05:58:56 CF PUT /sessions/3f6cd6ddf7adf6a3e17d8eb4865e2398fc719ef863b222d456affbfe9e0ecc61/renegotiate -> 200 (169 ms)
05:58:56 "PUT /cf/sessions/3f6cd6ddf7adf6a3e17d8eb4865e2398fc719ef863b222d456affbfe9e0ecc61/renegotiate HTTP/1.1" 200 -
05:58:56 "POST /collect HTTP/1.1" 200 -
05:58:56 CF PUT /sessions/59ab196eaf7f9e871ebd5e7d881dc250d8b5f8b3b4a575c2e3170683e5ecaa2f/renegotiate -> 200 (192 ms)
05:58:56 "PUT /cf/sessions/59ab196eaf7f9e871ebd5e7d881dc250d8b5f8b3b4a575c2e3170683e5ecaa2f/renegotiate HTTP/1.1" 200 -
05:58:56 "POST /collect HTTP/1.1" 200 -
05:58:57 CF POST /sessions/3f6cd6ddf7adf6a3e17d8eb4865e2398fc719ef863b222d456affbfe9e0ecc61/tracks/new -> 200 (198 ms)
05:58:57 "POST /cf/sessions/3f6cd6ddf7adf6a3e17d8eb4865e2398fc719ef863b222d456affbfe9e0ecc61/tracks/new HTTP/1.1" 200 -
05:58:57 CF POST /sessions/59ab196eaf7f9e871ebd5e7d881dc250d8b5f8b3b4a575c2e3170683e5ecaa2f/tracks/new -> 200 (249 ms)
05:58:57 "POST /cf/sessions/59ab196eaf7f9e871ebd5e7d881dc250d8b5f8b3b4a575c2e3170683e5ecaa2f/tracks/new HTTP/1.1" 200 -
05:58:57 "POST /collect HTTP/1.1" 200 -
05:58:57 CF PUT /sessions/3f6cd6ddf7adf6a3e17d8eb4865e2398fc719ef863b222d456affbfe9e0ecc61/renegotiate -> 200 (153 ms)
05:58:57 "PUT /cf/sessions/3f6cd6ddf7adf6a3e17d8eb4865e2398fc719ef863b222d456affbfe9e0ecc61/renegotiate HTTP/1.1" 200 -
05:58:57 "POST /collect HTTP/1.1" 200 -
05:58:57 CF PUT /sessions/59ab196eaf7f9e871ebd5e7d881dc250d8b5f8b3b4a575c2e3170683e5ecaa2f/renegotiate -> 200 (161 ms)
05:58:57 "PUT /cf/sessions/59ab196eaf7f9e871ebd5e7d881dc250d8b5f8b3b4a575c2e3170683e5ecaa2f/renegotiate HTTP/1.1" 200 -
05:58:57 "POST /collect HTTP/1.1" 200 -
05:58:57 "POST /collect HTTP/1.1" 200 -
05:58:57 "POST /collect HTTP/1.1" 200 -
05:58:57 "POST /collect HTTP/1.1" 200 -
05:58:57 CF POST /sessions/3f6cd6ddf7adf6a3e17d8eb4865e2398fc719ef863b222d456affbfe9e0ecc61/tracks/new -> 200 (199 ms)
05:58:57 "POST /cf/sessions/3f6cd6ddf7adf6a3e17d8eb4865e2398fc719ef863b222d456affbfe9e0ecc61/tracks/new HTTP/1.1" 200 -
05:58:57 "POST /collect HTTP/1.1" 200 -
05:58:57 "POST /collect HTTP/1.1" 200 -
05:58:57 "POST /collect HTTP/1.1" 200 -
05:58:57 CF POST /sessions/59ab196eaf7f9e871ebd5e7d881dc250d8b5f8b3b4a575c2e3170683e5ecaa2f/tracks/new -> 200 (249 ms)
05:58:57 "POST /cf/sessions/59ab196eaf7f9e871ebd5e7d881dc250d8b5f8b3b4a575c2e3170683e5ecaa2f/tracks/new HTTP/1.1" 200 -
05:58:57 CF PUT /sessions/3f6cd6ddf7adf6a3e17d8eb4865e2398fc719ef863b222d456affbfe9e0ecc61/renegotiate -> 200 (152 ms)
05:58:57 "PUT /cf/sessions/3f6cd6ddf7adf6a3e17d8eb4865e2398fc719ef863b222d456affbfe9e0ecc61/renegotiate HTTP/1.1" 200 -
05:58:57 "POST /collect HTTP/1.1" 200 -
05:58:57 CF PUT /sessions/59ab196eaf7f9e871ebd5e7d881dc250d8b5f8b3b4a575c2e3170683e5ecaa2f/renegotiate -> 200 (179 ms)
05:58:57 "PUT /cf/sessions/59ab196eaf7f9e871ebd5e7d881dc250d8b5f8b3b4a575c2e3170683e5ecaa2f/renegotiate HTTP/1.1" 200 -
05:58:57 "POST /collect HTTP/1.1" 200 -
05:58:57 "POST /collect HTTP/1.1" 200 -
05:58:57 CF POST /sessions/3f6cd6ddf7adf6a3e17d8eb4865e2398fc719ef863b222d456affbfe9e0ecc61/tracks/new -> 200 (192 ms)
05:58:57 "POST /cf/sessions/3f6cd6ddf7adf6a3e17d8eb4865e2398fc719ef863b222d456affbfe9e0ecc61/tracks/new HTTP/1.1" 200 -
05:58:57 CF PUT /sessions/3f6cd6ddf7adf6a3e17d8eb4865e2398fc719ef863b222d456affbfe9e0ecc61/renegotiate -> 200 (180 ms)
05:58:57 "PUT /cf/sessions/3f6cd6ddf7adf6a3e17d8eb4865e2398fc719ef863b222d456affbfe9e0ecc61/renegotiate HTTP/1.1" 200 -
05:58:57 "POST /collect HTTP/1.1" 200 -
05:58:58 "POST /collect HTTP/1.1" 200 -
05:58:58 "GET /roster HTTP/1.1" 200 -
05:58:58 "POST /collect HTTP/1.1" 200 -
05:58:58 "GET /roster HTTP/1.1" 200 -
05:58:58 "POST /collect HTTP/1.1" 200 -
05:58:58 "POST /collect HTTP/1.1" 200 -
05:58:59 "POST /collect HTTP/1.1" 200 -
05:58:59 "POST /collect HTTP/1.1" 200 -
05:59:00 "POST /collect HTTP/1.1" 200 -
05:59:00 "POST /collect HTTP/1.1" 200 -
05:59:00 "GET /roster HTTP/1.1" 200 -
05:59:00 "POST /collect HTTP/1.1" 200 -
05:59:00 "POST /collect HTTP/1.1" 200 -
05:59:00 "POST /collect HTTP/1.1" 200 -
05:59:00 "GET /roster HTTP/1.1" 200 -
05:59:00 "POST /collect HTTP/1.1" 200 -
05:59:00 "POST /collect HTTP/1.1" 200 -
05:59:00 "POST /collect HTTP/1.1" 200 -
05:59:00 "POST /collect HTTP/1.1" 200 -
05:59:00 "POST /collect HTTP/1.1" 200 -
05:59:00 "POST /collect HTTP/1.1" 200 -
05:59:01 "POST /collect HTTP/1.1" 200 -
05:59:01 "POST /collect HTTP/1.1" 200 -
05:59:02 "POST /collect HTTP/1.1" 200 -
05:59:02 "GET /roster HTTP/1.1" 200 -
05:59:02 "POST /collect HTTP/1.1" 200 -
05:59:02 "GET /roster HTTP/1.1" 200 -
05:59:02 "POST /collect HTTP/1.1" 200 -
05:59:02 "POST /collect HTTP/1.1" 200 -
05:59:03 "POST /collect HTTP/1.1" 200 -
05:59:03 "POST /collect HTTP/1.1" 200 -
05:59:03 "POST /collect HTTP/1.1" 200 -
05:59:03 "POST /collect HTTP/1.1" 200 -
05:59:03 "POST /collect HTTP/1.1" 200 -
05:59:03 "POST /collect HTTP/1.1" 200 -
05:59:03 "POST /collect HTTP/1.1" 200 -
05:59:03 "POST /collect HTTP/1.1" 200 -
05:59:04 "POST /collect HTTP/1.1" 200 -
05:59:04 "GET /roster HTTP/1.1" 200 -
05:59:04 "POST /collect HTTP/1.1" 200 -
05:59:04 "GET /roster HTTP/1.1" 200 -
05:59:04 "POST /collect HTTP/1.1" 200 -
05:59:04 "POST /collect HTTP/1.1" 200 -
05:59:05 "POST /collect HTTP/1.1" 200 -
05:59:05 "POST /collect HTTP/1.1" 200 -
05:59:06 "POST /collect HTTP/1.1" 200 -
05:59:06 "POST /collect HTTP/1.1" 200 -
05:59:06 "POST /collect HTTP/1.1" 200 -
05:59:06 "GET /roster HTTP/1.1" 200 -
05:59:06 "POST /collect HTTP/1.1" 200 -
05:59:06 "POST /collect HTTP/1.1" 200 -
05:59:06 "POST /collect HTTP/1.1" 200 -
05:59:06 "GET /roster HTTP/1.1" 200 -
05:59:06 "POST /collect HTTP/1.1" 200 -
05:59:06 "POST /collect HTTP/1.1" 200 -
05:59:06 "POST /collect HTTP/1.1" 200 -
05:59:06 "POST /collect HTTP/1.1" 200 -
05:59:06 "POST /collect HTTP/1.1" 200 -
05:59:07 "POST /collect HTTP/1.1" 200 -
05:59:07 "POST /collect HTTP/1.1" 200 -
05:59:08 "POST /collect HTTP/1.1" 200 -
05:59:08 "GET /roster HTTP/1.1" 200 -
05:59:08 "POST /collect HTTP/1.1" 200 -
05:59:08 "GET /roster HTTP/1.1" 200 -
05:59:08 "POST /collect HTTP/1.1" 200 -
05:59:08 "POST /collect HTTP/1.1" 200 -
05:59:09 "POST /collect HTTP/1.1" 200 -
05:59:09 "POST /collect HTTP/1.1" 200 -
05:59:09 "POST /collect HTTP/1.1" 200 -
05:59:09 "POST /collect HTTP/1.1" 200 -
05:59:09 "POST /collect HTTP/1.1" 200 -
05:59:09 "POST /collect HTTP/1.1" 200 -
05:59:09 "POST /collect HTTP/1.1" 200 -
05:59:09 "POST /collect HTTP/1.1" 200 -
05:59:10 "POST /collect HTTP/1.1" 200 -
05:59:10 "GET /roster HTTP/1.1" 200 -
05:59:10 "POST /collect HTTP/1.1" 200 -
05:59:10 "GET /roster HTTP/1.1" 200 -
05:59:10 "POST /collect HTTP/1.1" 200 -
05:59:10 "POST /collect HTTP/1.1" 200 -
05:59:11 "POST /collect HTTP/1.1" 200 -
05:59:11 "POST /collect HTTP/1.1" 200 -
05:59:12 "POST /collect HTTP/1.1" 200 -
05:59:12 "POST /collect HTTP/1.1" 200 -
05:59:12 "GET /roster HTTP/1.1" 200 -
05:59:12 "POST /collect HTTP/1.1" 200 -
05:59:12 "POST /collect HTTP/1.1" 200 -
05:59:12 "POST /collect HTTP/1.1" 200 -
05:59:12 "GET /roster HTTP/1.1" 200 -
05:59:12 "POST /collect HTTP/1.1" 200 -
05:59:12 "POST /collect HTTP/1.1" 200 -
05:59:12 "POST /collect HTTP/1.1" 200 -
05:59:12 "POST /collect HTTP/1.1" 200 -
05:59:12 "POST /collect HTTP/1.1" 200 -
05:59:13 "POST /collect HTTP/1.1" 200 -
05:59:13 "POST /collect HTTP/1.1" 200 -
05:59:14 "POST /collect HTTP/1.1" 200 -
05:59:14 "GET /roster HTTP/1.1" 200 -
05:59:14 "POST /collect HTTP/1.1" 200 -
05:59:14 "GET /roster HTTP/1.1" 200 -
05:59:14 "POST /collect HTTP/1.1" 200 -
05:59:14 "POST /collect HTTP/1.1" 200 -
05:59:15 "POST /collect HTTP/1.1" 200 -
05:59:15 "POST /collect HTTP/1.1" 200 -
05:59:15 "POST /collect HTTP/1.1" 200 -
05:59:15 "POST /collect HTTP/1.1" 200 -
05:59:15 "POST /collect HTTP/1.1" 200 -
05:59:15 "POST /collect HTTP/1.1" 200 -
05:59:15 "POST /collect HTTP/1.1" 200 -
05:59:15 "POST /collect HTTP/1.1" 200 -
05:59:16 "POST /collect HTTP/1.1" 200 -
05:59:16 "GET /roster HTTP/1.1" 200 -
05:59:16 "POST /collect HTTP/1.1" 200 -
05:59:16 "GET /roster HTTP/1.1" 200 -
05:59:16 "POST /collect HTTP/1.1" 200 -
05:59:16 "POST /collect HTTP/1.1" 200 -
05:59:17 "POST /collect HTTP/1.1" 200 -
05:59:17 "POST /collect HTTP/1.1" 200 -
05:59:18 "POST /collect HTTP/1.1" 200 -
05:59:18 "POST /collect HTTP/1.1" 200 -
05:59:18 "GET /roster HTTP/1.1" 200 -
05:59:18 "POST /collect HTTP/1.1" 200 -
05:59:18 "POST /collect HTTP/1.1" 200 -
05:59:18 "POST /collect HTTP/1.1" 200 -
05:59:18 "GET /roster HTTP/1.1" 200 -
05:59:18 "POST /collect HTTP/1.1" 200 -
05:59:18 "POST /collect HTTP/1.1" 200 -
05:59:18 "POST /collect HTTP/1.1" 200 -
05:59:18 "POST /collect HTTP/1.1" 200 -
05:59:18 "POST /collect HTTP/1.1" 200 -
05:59:19 "POST /collect HTTP/1.1" 200 -
05:59:19 "POST /collect HTTP/1.1" 200 -
05:59:20 "POST /collect HTTP/1.1" 200 -
05:59:20 "GET /roster HTTP/1.1" 200 -
05:59:20 "POST /collect HTTP/1.1" 200 -
05:59:20 "GET /roster HTTP/1.1" 200 -
05:59:20 "POST /collect HTTP/1.1" 200 -
05:59:20 "POST /collect HTTP/1.1" 200 -
05:59:21 "POST /collect HTTP/1.1" 200 -
05:59:21 "POST /collect HTTP/1.1" 200 -
05:59:21 "POST /collect HTTP/1.1" 200 -
05:59:21 "POST /collect HTTP/1.1" 200 -
05:59:21 "POST /collect HTTP/1.1" 200 -
05:59:21 "POST /collect HTTP/1.1" 200 -
05:59:21 "POST /collect HTTP/1.1" 200 -
05:59:21 "POST /collect HTTP/1.1" 200 -
05:59:21 "POST /collect HTTP/1.1" 200 -
05:59:22 "POST /collect HTTP/1.1" 200 -
05:59:22 "GET /roster HTTP/1.1" 200 -
05:59:22 "POST /collect HTTP/1.1" 200 -
05:59:22 "GET /roster HTTP/1.1" 200 -
05:59:22 "POST /collect HTTP/1.1" 200 -
05:59:22 "POST /collect HTTP/1.1" 200 -
05:59:23 "POST /collect HTTP/1.1" 200 -
05:59:23 "POST /collect HTTP/1.1" 200 -
05:59:24 "POST /collect HTTP/1.1" 200 -
05:59:24 "POST /collect HTTP/1.1" 200 -
05:59:24 "GET /roster HTTP/1.1" 200 -
05:59:24 "POST /collect HTTP/1.1" 200 -
05:59:24 "POST /collect HTTP/1.1" 200 -
05:59:24 "POST /collect HTTP/1.1" 200 -
05:59:24 "GET /roster HTTP/1.1" 200 -
05:59:24 "POST /collect HTTP/1.1" 200 -
05:59:24 "POST /collect HTTP/1.1" 200 -
05:59:24 "POST /collect HTTP/1.1" 200 -
05:59:24 "POST /collect HTTP/1.1" 200 -
05:59:24 "POST /collect HTTP/1.1" 200 -
05:59:25 "POST /collect HTTP/1.1" 200 -
05:59:25 "POST /collect HTTP/1.1" 200 -
05:59:26 "POST /collect HTTP/1.1" 200 -
05:59:26 "GET /roster HTTP/1.1" 200 -
05:59:26 "POST /collect HTTP/1.1" 200 -
05:59:26 "GET /roster HTTP/1.1" 200 -
05:59:26 "POST /collect HTTP/1.1" 200 -
05:59:26 "POST /collect HTTP/1.1" 200 -
05:59:27 "POST /collect HTTP/1.1" 200 -
05:59:27 "POST /collect HTTP/1.1" 200 -
05:59:27 "POST /collect HTTP/1.1" 200 -
05:59:27 "POST /collect HTTP/1.1" 200 -
05:59:27 "POST /collect HTTP/1.1" 200 -
05:59:27 "POST /collect HTTP/1.1" 200 -
05:59:27 "POST /collect HTTP/1.1" 200 -
05:59:27 "POST /collect HTTP/1.1" 200 -
05:59:28 "POST /collect HTTP/1.1" 200 -
05:59:28 "GET /roster HTTP/1.1" 200 -
05:59:28 "POST /collect HTTP/1.1" 200 -
05:59:28 "GET /roster HTTP/1.1" 200 -
05:59:28 "POST /collect HTTP/1.1" 200 -
05:59:28 "POST /collect HTTP/1.1" 200 -
05:59:29 "POST /collect HTTP/1.1" 200 -
05:59:29 "POST /collect HTTP/1.1" 200 -
05:59:30 "POST /collect HTTP/1.1" 200 -
05:59:30 "POST /collect HTTP/1.1" 200 -
05:59:30 "GET /roster HTTP/1.1" 200 -
05:59:30 "POST /collect HTTP/1.1" 200 -
05:59:30 "POST /collect HTTP/1.1" 200 -
05:59:30 "POST /collect HTTP/1.1" 200 -
05:59:30 "GET /roster HTTP/1.1" 200 -
05:59:30 "POST /collect HTTP/1.1" 200 -
05:59:30 "POST /collect HTTP/1.1" 200 -
05:59:30 "POST /collect HTTP/1.1" 200 -
05:59:30 "POST /collect HTTP/1.1" 200 -
05:59:30 "POST /collect HTTP/1.1" 200 -
05:59:31 "POST /collect HTTP/1.1" 200 -
05:59:31 "POST /collect HTTP/1.1" 200 -
05:59:31 "POST /collect HTTP/1.1" 200 -
05:59:32 "POST /collect HTTP/1.1" 200 -
05:59:32 "GET /roster HTTP/1.1" 200 -
05:59:32 "POST /collect HTTP/1.1" 200 -
05:59:32 "GET /roster HTTP/1.1" 200 -
05:59:32 "POST /collect HTTP/1.1" 200 -
05:59:32 "POST /collect HTTP/1.1" 200 -
05:59:33 "POST /collect HTTP/1.1" 200 -
05:59:33 "POST /collect HTTP/1.1" 200 -
05:59:33 "POST /collect HTTP/1.1" 200 -
05:59:43 "GET /roster HTTP/1.1" 200 -
05:59:43 "POST /reset HTTP/1.1" 200 -
05:59:44 "GET /room.html?id=1&n=8&hold=1&cb=1787713183998&audio=1&mode=full&cls=probe HTTP/1.1" 200 -
05:59:44 code 404, message File not found
05:59:44 "GET /favicon.ico HTTP/1.1" 404 -
05:59:44 "GET /room.html?id=2&n=8&hold=1&cb=1787713184530&audio=1&mode=full&cls=probe HTTP/1.1" 200 -
05:59:44 code 404, message File not found
05:59:44 "GET /favicon.ico HTTP/1.1" 404 -
05:59:45 "GET /room.html?id=A&n=8&hold=1&cb=1787713185071&audio=1&mode=pub&vw=640&vh=360&vfps=30&cls=show&kbps=1200&hint=motion HTTP/1.1" 200 -
05:59:45 code 404, message File not found
05:59:45 "GET /favicon.ico HTTP/1.1" 404 -
05:59:45 "GET /room.html?id=B&n=8&hold=1&cb=1787713185651&audio=1&mode=pub&vw=640&vh=360&vfps=30&cls=show&kbps=1200&hint=motion HTTP/1.1" 200 -
05:59:45 code 404, message File not found
05:59:45 "GET /favicon.ico HTTP/1.1" 404 -
05:59:46 "GET /room.html?id=C&n=8&hold=1&cb=1787713186209&audio=1&mode=pub&vw=640&vh=360&vfps=30&cls=show&kbps=1200&hint=motion HTTP/1.1" 200 -
05:59:46 code 404, message File not found
05:59:46 "GET /favicon.ico HTTP/1.1" 404 -
05:59:46 "GET /room.html?id=D&n=8&hold=1&cb=1787713186765&audio=1&mode=pub&vw=640&vh=360&vfps=30&cls=show&kbps=1200&hint=motion HTTP/1.1" 200 -
05:59:46 code 404, message File not found
05:59:46 "GET /favicon.ico HTTP/1.1" 404 -
05:59:47 "GET /room.html?id=E&n=8&hold=1&cb=1787713187360&audio=1&mode=pub&vw=640&vh=360&vfps=30&cls=show&kbps=1200&hint=motion HTTP/1.1" 200 -
05:59:47 code 404, message File not found
05:59:47 "GET /favicon.ico HTTP/1.1" 404 -
05:59:47 "GET /room.html?id=F&n=8&hold=1&cb=1787713187939&audio=1&mode=pub&vw=640&vh=360&vfps=30&cls=show&kbps=1200&hint=motion HTTP/1.1" 200 -
05:59:47 code 404, message File not found
05:59:47 "GET /favicon.ico HTTP/1.1" 404 -
05:59:47 "POST /collect HTTP/1.1" 200 -
05:59:48 CF POST /sessions/new -> 201 (328 ms)
05:59:48 "POST /cf/sessions/new HTTP/1.1" 201 -
05:59:48 CF POST /sessions/new -> 201 (330 ms)
05:59:48 "POST /cf/sessions/new HTTP/1.1" 201 -
05:59:48 CF POST /sessions/new -> 201 (340 ms)
05:59:48 "POST /cf/sessions/new HTTP/1.1" 201 -
05:59:48 CF POST /sessions/new -> 201 (333 ms)
05:59:48 "POST /cf/sessions/new HTTP/1.1" 201 -
05:59:48 CF POST /sessions/new -> 201 (335 ms)
05:59:48 "POST /cf/sessions/new HTTP/1.1" 201 -
05:59:48 CF POST /sessions/new -> 201 (352 ms)
05:59:48 "POST /cf/sessions/new HTTP/1.1" 201 -
05:59:48 CF POST /sessions/new -> 201 (385 ms)
05:59:48 "POST /cf/sessions/new HTTP/1.1" 201 -
05:59:48 CF POST /sessions/new -> 201 (408 ms)
05:59:48 "POST /cf/sessions/new HTTP/1.1" 201 -
05:59:49 "POST /save/pub-offer-b.sdp HTTP/1.1" 200 -
05:59:49 "POST /save/pub-offer-1.sdp HTTP/1.1" 200 -
05:59:49 "POST /save/pub-offer-a.sdp HTTP/1.1" 200 -
05:59:49 "POST /save/pub-offer-f.sdp HTTP/1.1" 200 -
05:59:49 "POST /save/pub-offer-d.sdp HTTP/1.1" 200 -
05:59:49 "POST /save/pub-offer-e.sdp HTTP/1.1" 200 -
05:59:49 "POST /save/pub-offer-c.sdp HTTP/1.1" 200 -
05:59:49 "POST /save/pub-offer-2.sdp HTTP/1.1" 200 -
05:59:49 CF POST /sessions/e2acec557f48c120a107e8216e3c9f9f503ff32b8eb2080eb10cb740992c5bcc/tracks/new -> 200 (332 ms)
05:59:49 "POST /cf/sessions/e2acec557f48c120a107e8216e3c9f9f503ff32b8eb2080eb10cb740992c5bcc/tracks/new HTTP/1.1" 200 -
05:59:49 "POST /save/pub-answer-b.sdp HTTP/1.1" 200 -
05:59:49 "POST /collect HTTP/1.1" 200 -
05:59:49 "POST /collect HTTP/1.1" 200 -
05:59:49 "POST /collect HTTP/1.1" 200 -
05:59:49 CF POST /sessions/b9fea8c9695b5e5ba30511e277b08a0aaaf81eeee4714808878a4d36500e269c/tracks/new -> 200 (341 ms)
05:59:49 "POST /cf/sessions/b9fea8c9695b5e5ba30511e277b08a0aaaf81eeee4714808878a4d36500e269c/tracks/new HTTP/1.1" 200 -
05:59:49 "POST /save/pub-answer-1.sdp HTTP/1.1" 200 -
05:59:49 "POST /collect HTTP/1.1" 200 -
05:59:49 "POST /collect HTTP/1.1" 200 -
05:59:49 "POST /collect HTTP/1.1" 200 -
05:59:49 CF POST /sessions/5dbbd7a6ff0abdf8bc434f62670a66a50c5ab28e434828e8b1a1eff8402d8ab1/tracks/new -> 200 (352 ms)
05:59:49 "POST /cf/sessions/5dbbd7a6ff0abdf8bc434f62670a66a50c5ab28e434828e8b1a1eff8402d8ab1/tracks/new HTTP/1.1" 200 -
05:59:49 "POST /save/pub-answer-a.sdp HTTP/1.1" 200 -
05:59:49 "POST /collect HTTP/1.1" 200 -
05:59:49 "POST /collect HTTP/1.1" 200 -
05:59:49 "POST /collect HTTP/1.1" 200 -
05:59:49 CF POST /sessions/0e5223263391ee34e510c671cde00fac16fe45df16cd55e688a0846d4fa7284f/tracks/new -> 200 (378 ms)
05:59:49 "POST /cf/sessions/0e5223263391ee34e510c671cde00fac16fe45df16cd55e688a0846d4fa7284f/tracks/new HTTP/1.1" 200 -
05:59:49 "POST /save/pub-answer-d.sdp HTTP/1.1" 200 -
05:59:49 "POST /collect HTTP/1.1" 200 -
05:59:49 CF POST /sessions/566627bb3a363e268379a9cbca66a65ae6fd789df714f75789ba37a701acd6ad/tracks/new -> 200 (400 ms)
05:59:49 "POST /cf/sessions/566627bb3a363e268379a9cbca66a65ae6fd789df714f75789ba37a701acd6ad/tracks/new HTTP/1.1" 200 -
05:59:49 CF POST /sessions/1d96d9969c5712f9d946c31be9eec03812092fe15409da48dfdc3e217e559d13/tracks/new -> 200 (420 ms)
05:59:49 "POST /cf/sessions/1d96d9969c5712f9d946c31be9eec03812092fe15409da48dfdc3e217e559d13/tracks/new HTTP/1.1" 200 -
05:59:49 CF POST /sessions/5207afc08679e01030c04707e5d8a301f21437f7a96407808807a1fd16444a5f/tracks/new -> 200 (423 ms)
05:59:49 "POST /cf/sessions/5207afc08679e01030c04707e5d8a301f21437f7a96407808807a1fd16444a5f/tracks/new HTTP/1.1" 200 -
05:59:49 CF POST /sessions/94c73f62c6a1ec4c50a6d39f17f2092b88afbd7e6d024654e86d373f81e4d5d2/tracks/new -> 200 (436 ms)
05:59:49 "POST /cf/sessions/94c73f62c6a1ec4c50a6d39f17f2092b88afbd7e6d024654e86d373f81e4d5d2/tracks/new HTTP/1.1" 200 -
05:59:49 "POST /save/pub-answer-e.sdp HTTP/1.1" 200 -
05:59:49 "POST /save/pub-answer-c.sdp HTTP/1.1" 200 -
05:59:49 "POST /save/pub-answer-2.sdp HTTP/1.1" 200 -
05:59:49 "POST /collect HTTP/1.1" 200 -
05:59:49 "POST /save/pub-answer-f.sdp HTTP/1.1" 200 -
05:59:49 "POST /collect HTTP/1.1" 200 -
05:59:49 "POST /collect HTTP/1.1" 200 -
05:59:49 "POST /collect HTTP/1.1" 200 -
05:59:49 "POST /collect HTTP/1.1" 200 -
05:59:49 "POST /collect HTTP/1.1" 200 -
05:59:49 "POST /collect HTTP/1.1" 200 -
05:59:49 "POST /collect HTTP/1.1" 200 -
05:59:49 "POST /collect HTTP/1.1" 200 -
05:59:49 "POST /collect HTTP/1.1" 200 -
05:59:49 "POST /collect HTTP/1.1" 200 -
05:59:49 "POST /collect HTTP/1.1" 200 -
05:59:49 "POST /collect HTTP/1.1" 200 -
05:59:49 "POST /collect HTTP/1.1" 200 -
05:59:49 "POST /collect HTTP/1.1" 200 -
05:59:49 "POST /collect HTTP/1.1" 200 -
05:59:49 "POST /collect HTTP/1.1" 200 -
05:59:49 "POST /join HTTP/1.1" 200 -
05:59:49 "POST /collect HTTP/1.1" 200 -
05:59:49 "POST /collect HTTP/1.1" 200 -
05:59:49 "POST /join HTTP/1.1" 200 -
05:59:49 "POST /collect HTTP/1.1" 200 -
05:59:49 "GET /roster HTTP/1.1" 200 -
05:59:49 "POST /join HTTP/1.1" 200 -
05:59:49 "POST /collect HTTP/1.1" 200 -
05:59:49 "POST /join HTTP/1.1" 200 -
05:59:49 "POST /collect HTTP/1.1" 200 -
05:59:49 "POST /collect HTTP/1.1" 200 -
05:59:49 "POST /collect HTTP/1.1" 200 -
05:59:49 "POST /collect HTTP/1.1" 200 -
05:59:49 "POST /collect HTTP/1.1" 200 -
05:59:50 "POST /join HTTP/1.1" 200 -
05:59:50 "POST /collect HTTP/1.1" 200 -
05:59:50 "POST /join HTTP/1.1" 200 -
05:59:50 "POST /collect HTTP/1.1" 200 -
05:59:50 "POST /join HTTP/1.1" 200 -
05:59:50 "POST /collect HTTP/1.1" 200 -
05:59:50 "GET /roster HTTP/1.1" 200 -
05:59:50 CF POST /sessions/b9fea8c9695b5e5ba30511e277b08a0aaaf81eeee4714808878a4d36500e269c/tracks/new -> 200 (255 ms)
05:59:50 "POST /cf/sessions/b9fea8c9695b5e5ba30511e277b08a0aaaf81eeee4714808878a4d36500e269c/tracks/new HTTP/1.1" 200 -
05:59:50 CF POST /sessions/94c73f62c6a1ec4c50a6d39f17f2092b88afbd7e6d024654e86d373f81e4d5d2/tracks/new -> 200 (212 ms)
05:59:50 "POST /cf/sessions/94c73f62c6a1ec4c50a6d39f17f2092b88afbd7e6d024654e86d373f81e4d5d2/tracks/new HTTP/1.1" 200 -
05:59:50 CF PUT /sessions/b9fea8c9695b5e5ba30511e277b08a0aaaf81eeee4714808878a4d36500e269c/renegotiate -> 200 (151 ms)
05:59:50 "PUT /cf/sessions/b9fea8c9695b5e5ba30511e277b08a0aaaf81eeee4714808878a4d36500e269c/renegotiate HTTP/1.1" 200 -
05:59:50 "POST /collect HTTP/1.1" 200 -
05:59:50 CF PUT /sessions/94c73f62c6a1ec4c50a6d39f17f2092b88afbd7e6d024654e86d373f81e4d5d2/renegotiate -> 200 (131 ms)
05:59:50 "PUT /cf/sessions/94c73f62c6a1ec4c50a6d39f17f2092b88afbd7e6d024654e86d373f81e4d5d2/renegotiate HTTP/1.1" 200 -
05:59:50 "POST /collect HTTP/1.1" 200 -
05:59:50 CF POST /sessions/94c73f62c6a1ec4c50a6d39f17f2092b88afbd7e6d024654e86d373f81e4d5d2/tracks/new -> 200 (259 ms)
05:59:50 "POST /cf/sessions/94c73f62c6a1ec4c50a6d39f17f2092b88afbd7e6d024654e86d373f81e4d5d2/tracks/new HTTP/1.1" 200 -
05:59:50 CF PUT /sessions/94c73f62c6a1ec4c50a6d39f17f2092b88afbd7e6d024654e86d373f81e4d5d2/renegotiate -> 200 (158 ms)
05:59:50 "PUT /cf/sessions/94c73f62c6a1ec4c50a6d39f17f2092b88afbd7e6d024654e86d373f81e4d5d2/renegotiate HTTP/1.1" 200 -
05:59:50 "POST /collect HTTP/1.1" 200 -
05:59:51 "POST /collect HTTP/1.1" 200 -
05:59:51 CF POST /sessions/94c73f62c6a1ec4c50a6d39f17f2092b88afbd7e6d024654e86d373f81e4d5d2/tracks/new -> 200 (259 ms)
05:59:51 "POST /cf/sessions/94c73f62c6a1ec4c50a6d39f17f2092b88afbd7e6d024654e86d373f81e4d5d2/tracks/new HTTP/1.1" 200 -
05:59:51 "POST /join HTTP/1.1" 200 -
05:59:51 "POST /collect HTTP/1.1" 200 -
05:59:51 CF PUT /sessions/94c73f62c6a1ec4c50a6d39f17f2092b88afbd7e6d024654e86d373f81e4d5d2/renegotiate -> 200 (132 ms)
05:59:51 "PUT /cf/sessions/94c73f62c6a1ec4c50a6d39f17f2092b88afbd7e6d024654e86d373f81e4d5d2/renegotiate HTTP/1.1" 200 -
05:59:51 "POST /collect HTTP/1.1" 200 -
05:59:51 CF POST /sessions/94c73f62c6a1ec4c50a6d39f17f2092b88afbd7e6d024654e86d373f81e4d5d2/tracks/new -> 200 (253 ms)
05:59:51 "POST /cf/sessions/94c73f62c6a1ec4c50a6d39f17f2092b88afbd7e6d024654e86d373f81e4d5d2/tracks/new HTTP/1.1" 200 -
05:59:51 "POST /collect HTTP/1.1" 200 -
05:59:51 CF PUT /sessions/94c73f62c6a1ec4c50a6d39f17f2092b88afbd7e6d024654e86d373f81e4d5d2/renegotiate -> 200 (135 ms)
05:59:51 "PUT /cf/sessions/94c73f62c6a1ec4c50a6d39f17f2092b88afbd7e6d024654e86d373f81e4d5d2/renegotiate HTTP/1.1" 200 -
05:59:51 "POST /collect HTTP/1.1" 200 -
05:59:51 CF POST /sessions/94c73f62c6a1ec4c50a6d39f17f2092b88afbd7e6d024654e86d373f81e4d5d2/tracks/new -> 200 (201 ms)
05:59:51 "POST /cf/sessions/94c73f62c6a1ec4c50a6d39f17f2092b88afbd7e6d024654e86d373f81e4d5d2/tracks/new HTTP/1.1" 200 -
05:59:51 "GET /roster HTTP/1.1" 200 -
05:59:51 "POST /collect HTTP/1.1" 200 -
05:59:52 CF PUT /sessions/94c73f62c6a1ec4c50a6d39f17f2092b88afbd7e6d024654e86d373f81e4d5d2/renegotiate -> 200 (161 ms)
05:59:52 "PUT /cf/sessions/94c73f62c6a1ec4c50a6d39f17f2092b88afbd7e6d024654e86d373f81e4d5d2/renegotiate HTTP/1.1" 200 -
05:59:52 "POST /collect HTTP/1.1" 200 -
05:59:52 "GET /roster HTTP/1.1" 200 -
05:59:52 "POST /collect HTTP/1.1" 200 -
05:59:52 "POST /collect HTTP/1.1" 200 -
05:59:52 CF POST /sessions/b9fea8c9695b5e5ba30511e277b08a0aaaf81eeee4714808878a4d36500e269c/tracks/new -> 200 (201 ms)
05:59:52 "POST /cf/sessions/b9fea8c9695b5e5ba30511e277b08a0aaaf81eeee4714808878a4d36500e269c/tracks/new HTTP/1.1" 200 -
05:59:52 CF PUT /sessions/b9fea8c9695b5e5ba30511e277b08a0aaaf81eeee4714808878a4d36500e269c/renegotiate -> 200 (140 ms)
05:59:52 "PUT /cf/sessions/b9fea8c9695b5e5ba30511e277b08a0aaaf81eeee4714808878a4d36500e269c/renegotiate HTTP/1.1" 200 -
05:59:52 "POST /collect HTTP/1.1" 200 -
05:59:52 CF POST /sessions/94c73f62c6a1ec4c50a6d39f17f2092b88afbd7e6d024654e86d373f81e4d5d2/tracks/new -> 200 (279 ms)
05:59:52 "POST /cf/sessions/94c73f62c6a1ec4c50a6d39f17f2092b88afbd7e6d024654e86d373f81e4d5d2/tracks/new HTTP/1.1" 200 -
05:59:52 CF POST /sessions/b9fea8c9695b5e5ba30511e277b08a0aaaf81eeee4714808878a4d36500e269c/tracks/new -> 200 (182 ms)
05:59:52 "POST /cf/sessions/b9fea8c9695b5e5ba30511e277b08a0aaaf81eeee4714808878a4d36500e269c/tracks/new HTTP/1.1" 200 -
05:59:52 CF PUT /sessions/94c73f62c6a1ec4c50a6d39f17f2092b88afbd7e6d024654e86d373f81e4d5d2/renegotiate -> 200 (157 ms)
05:59:52 "PUT /cf/sessions/94c73f62c6a1ec4c50a6d39f17f2092b88afbd7e6d024654e86d373f81e4d5d2/renegotiate HTTP/1.1" 200 -
05:59:52 "POST /collect HTTP/1.1" 200 -
05:59:52 CF PUT /sessions/b9fea8c9695b5e5ba30511e277b08a0aaaf81eeee4714808878a4d36500e269c/renegotiate -> 200 (142 ms)
05:59:52 "PUT /cf/sessions/b9fea8c9695b5e5ba30511e277b08a0aaaf81eeee4714808878a4d36500e269c/renegotiate HTTP/1.1" 200 -
05:59:52 "POST /collect HTTP/1.1" 200 -
05:59:52 "POST /collect HTTP/1.1" 200 -
05:59:52 CF POST /sessions/94c73f62c6a1ec4c50a6d39f17f2092b88afbd7e6d024654e86d373f81e4d5d2/tracks/new -> 200 (251 ms)
05:59:52 "POST /cf/sessions/94c73f62c6a1ec4c50a6d39f17f2092b88afbd7e6d024654e86d373f81e4d5d2/tracks/new HTTP/1.1" 200 -
05:59:52 CF POST /sessions/b9fea8c9695b5e5ba30511e277b08a0aaaf81eeee4714808878a4d36500e269c/tracks/new -> 200 (158 ms)
05:59:52 "POST /cf/sessions/b9fea8c9695b5e5ba30511e277b08a0aaaf81eeee4714808878a4d36500e269c/tracks/new HTTP/1.1" 200 -
05:59:52 CF PUT /sessions/94c73f62c6a1ec4c50a6d39f17f2092b88afbd7e6d024654e86d373f81e4d5d2/renegotiate -> 200 (150 ms)
05:59:52 "PUT /cf/sessions/94c73f62c6a1ec4c50a6d39f17f2092b88afbd7e6d024654e86d373f81e4d5d2/renegotiate HTTP/1.1" 200 -
05:59:52 "POST /collect HTTP/1.1" 200 -
05:59:52 "POST /collect HTTP/1.1" 200 -
05:59:52 "POST /collect HTTP/1.1" 200 -
05:59:52 CF PUT /sessions/b9fea8c9695b5e5ba30511e277b08a0aaaf81eeee4714808878a4d36500e269c/renegotiate -> 200 (149 ms)
05:59:52 "PUT /cf/sessions/b9fea8c9695b5e5ba30511e277b08a0aaaf81eeee4714808878a4d36500e269c/renegotiate HTTP/1.1" 200 -
05:59:52 "POST /collect HTTP/1.1" 200 -
05:59:52 "POST /collect HTTP/1.1" 200 -
05:59:53 "POST /collect HTTP/1.1" 200 -
05:59:53 "POST /collect HTTP/1.1" 200 -
05:59:53 "POST /collect HTTP/1.1" 200 -
05:59:53 CF POST /sessions/b9fea8c9695b5e5ba30511e277b08a0aaaf81eeee4714808878a4d36500e269c/tracks/new -> 200 (205 ms)
05:59:53 "POST /cf/sessions/b9fea8c9695b5e5ba30511e277b08a0aaaf81eeee4714808878a4d36500e269c/tracks/new HTTP/1.1" 200 -
05:59:53 CF PUT /sessions/b9fea8c9695b5e5ba30511e277b08a0aaaf81eeee4714808878a4d36500e269c/renegotiate -> 200 (162 ms)
05:59:53 "PUT /cf/sessions/b9fea8c9695b5e5ba30511e277b08a0aaaf81eeee4714808878a4d36500e269c/renegotiate HTTP/1.1" 200 -
05:59:53 "POST /collect HTTP/1.1" 200 -
05:59:53 CF POST /sessions/b9fea8c9695b5e5ba30511e277b08a0aaaf81eeee4714808878a4d36500e269c/tracks/new -> 200 (225 ms)
05:59:53 "POST /cf/sessions/b9fea8c9695b5e5ba30511e277b08a0aaaf81eeee4714808878a4d36500e269c/tracks/new HTTP/1.1" 200 -
05:59:53 "POST /collect HTTP/1.1" 200 -
05:59:53 CF PUT /sessions/b9fea8c9695b5e5ba30511e277b08a0aaaf81eeee4714808878a4d36500e269c/renegotiate -> 200 (151 ms)
05:59:53 "PUT /cf/sessions/b9fea8c9695b5e5ba30511e277b08a0aaaf81eeee4714808878a4d36500e269c/renegotiate HTTP/1.1" 200 -
05:59:53 "POST /collect HTTP/1.1" 200 -
05:59:53 "GET /roster HTTP/1.1" 200 -
05:59:53 "POST /collect HTTP/1.1" 200 -
05:59:53 CF POST /sessions/b9fea8c9695b5e5ba30511e277b08a0aaaf81eeee4714808878a4d36500e269c/tracks/new -> 200 (203 ms)
05:59:53 "POST /cf/sessions/b9fea8c9695b5e5ba30511e277b08a0aaaf81eeee4714808878a4d36500e269c/tracks/new HTTP/1.1" 200 -
05:59:54 "GET /roster HTTP/1.1" 200 -
05:59:54 "POST /collect HTTP/1.1" 200 -
05:59:54 "POST /collect HTTP/1.1" 200 -
05:59:54 CF PUT /sessions/b9fea8c9695b5e5ba30511e277b08a0aaaf81eeee4714808878a4d36500e269c/renegotiate -> 200 (164 ms)
05:59:54 "PUT /cf/sessions/b9fea8c9695b5e5ba30511e277b08a0aaaf81eeee4714808878a4d36500e269c/renegotiate HTTP/1.1" 200 -
05:59:54 "POST /collect HTTP/1.1" 200 -
05:59:54 "POST /collect HTTP/1.1" 200 -
05:59:54 "POST /collect HTTP/1.1" 200 -
05:59:55 "POST /collect HTTP/1.1" 200 -
05:59:55 "POST /collect HTTP/1.1" 200 -
05:59:55 "POST /collect HTTP/1.1" 200 -
05:59:55 "GET /roster HTTP/1.1" 200 -
05:59:55 "POST /collect HTTP/1.1" 200 -
05:59:55 "POST /collect HTTP/1.1" 200 -
05:59:55 "POST /collect HTTP/1.1" 200 -
05:59:56 "POST /collect HTTP/1.1" 200 -
05:59:56 "POST /collect HTTP/1.1" 200 -
05:59:56 "GET /roster HTTP/1.1" 200 -
05:59:56 "POST /collect HTTP/1.1" 200 -
05:59:56 "POST /collect HTTP/1.1" 200 -
05:59:56 "POST /collect HTTP/1.1" 200 -
05:59:56 "POST /collect HTTP/1.1" 200 -
05:59:57 "POST /collect HTTP/1.1" 200 -
05:59:57 "POST /collect HTTP/1.1" 200 -
05:59:57 "POST /collect HTTP/1.1" 200 -
05:59:57 "GET /roster HTTP/1.1" 200 -
05:59:57 "POST /collect HTTP/1.1" 200 -
05:59:58 "GET /roster HTTP/1.1" 200 -
05:59:58 "POST /collect HTTP/1.1" 200 -
05:59:58 "POST /collect HTTP/1.1" 200 -
05:59:58 "POST /collect HTTP/1.1" 200 -
05:59:58 "POST /collect HTTP/1.1" 200 -
05:59:58 "POST /collect HTTP/1.1" 200 -
05:59:58 "POST /collect HTTP/1.1" 200 -
05:59:59 "POST /collect HTTP/1.1" 200 -
05:59:59 "POST /collect HTTP/1.1" 200 -
05:59:59 "POST /collect HTTP/1.1" 200 -
05:59:59 "POST /collect HTTP/1.1" 200 -
05:59:59 "GET /roster HTTP/1.1" 200 -
05:59:59 "POST /collect HTTP/1.1" 200 -
06:00:00 "GET /roster HTTP/1.1" 200 -
06:00:00 "POST /collect HTTP/1.1" 200 -
06:00:00 "POST /collect HTTP/1.1" 200 -
06:00:00 "POST /collect HTTP/1.1" 200 -
06:00:00 "POST /collect HTTP/1.1" 200 -
06:00:01 "POST /collect HTTP/1.1" 200 -
06:00:01 "POST /collect HTTP/1.1" 200 -
06:00:01 "POST /collect HTTP/1.1" 200 -
06:00:01 "POST /collect HTTP/1.1" 200 -
06:00:01 "GET /roster HTTP/1.1" 200 -
06:00:01 "POST /collect HTTP/1.1" 200 -
06:00:01 "POST /collect HTTP/1.1" 200 -
06:00:01 "POST /collect HTTP/1.1" 200 -
06:00:02 "POST /collect HTTP/1.1" 200 -
06:00:02 "POST /collect HTTP/1.1" 200 -
06:00:02 "GET /roster HTTP/1.1" 200 -
06:00:02 "POST /collect HTTP/1.1" 200 -
06:00:02 "POST /collect HTTP/1.1" 200 -
06:00:02 "POST /collect HTTP/1.1" 200 -
06:00:03 "POST /collect HTTP/1.1" 200 -
06:00:03 "POST /collect HTTP/1.1" 200 -
06:00:03 "POST /collect HTTP/1.1" 200 -
06:00:03 "GET /roster HTTP/1.1" 200 -
06:00:03 "POST /collect HTTP/1.1" 200 -
06:00:04 "GET /roster HTTP/1.1" 200 -
06:00:04 "POST /collect HTTP/1.1" 200 -
06:00:04 "POST /collect HTTP/1.1" 200 -
06:00:04 "POST /collect HTTP/1.1" 200 -
06:00:04 "POST /collect HTTP/1.1" 200 -
06:00:04 "POST /collect HTTP/1.1" 200 -
06:00:04 "POST /collect HTTP/1.1" 200 -
06:00:05 "POST /collect HTTP/1.1" 200 -
06:00:05 "POST /collect HTTP/1.1" 200 -
06:00:05 "POST /collect HTTP/1.1" 200 -
06:00:05 "POST /collect HTTP/1.1" 200 -
06:00:05 "GET /roster HTTP/1.1" 200 -
06:00:05 "POST /collect HTTP/1.1" 200 -
06:00:06 "GET /roster HTTP/1.1" 200 -
06:00:06 "POST /collect HTTP/1.1" 200 -
06:00:06 "POST /collect HTTP/1.1" 200 -
06:00:06 "POST /collect HTTP/1.1" 200 -
06:00:06 "POST /collect HTTP/1.1" 200 -
06:00:07 "POST /collect HTTP/1.1" 200 -
06:00:07 "POST /collect HTTP/1.1" 200 -
06:00:07 "POST /collect HTTP/1.1" 200 -
06:00:07 "GET /roster HTTP/1.1" 200 -
06:00:07 "POST /collect HTTP/1.1" 200 -
06:00:07 "POST /collect HTTP/1.1" 200 -
06:00:07 "POST /collect HTTP/1.1" 200 -
06:00:08 "POST /collect HTTP/1.1" 200 -
06:00:08 "POST /collect HTTP/1.1" 200 -
06:00:08 "GET /roster HTTP/1.1" 200 -
06:00:08 "POST /collect HTTP/1.1" 200 -
06:00:08 "POST /collect HTTP/1.1" 200 -
06:00:08 "POST /collect HTTP/1.1" 200 -
06:00:09 "POST /collect HTTP/1.1" 200 -
06:00:09 "POST /collect HTTP/1.1" 200 -
06:00:09 "POST /collect HTTP/1.1" 200 -
06:00:09 "GET /roster HTTP/1.1" 200 -
06:00:09 "POST /collect HTTP/1.1" 200 -
06:00:10 "GET /roster HTTP/1.1" 200 -
06:00:10 "POST /collect HTTP/1.1" 200 -
06:00:10 "POST /collect HTTP/1.1" 200 -
06:00:10 "POST /collect HTTP/1.1" 200 -
06:00:10 "POST /collect HTTP/1.1" 200 -
06:00:10 "POST /collect HTTP/1.1" 200 -
06:00:10 "POST /collect HTTP/1.1" 200 -
06:00:11 "POST /collect HTTP/1.1" 200 -
06:00:11 "POST /collect HTTP/1.1" 200 -
06:00:11 "POST /collect HTTP/1.1" 200 -
06:00:11 "POST /collect HTTP/1.1" 200 -
06:00:11 "GET /roster HTTP/1.1" 200 -
06:00:11 "POST /collect HTTP/1.1" 200 -
06:00:12 "GET /roster HTTP/1.1" 200 -
06:00:12 "POST /collect HTTP/1.1" 200 -
06:00:12 "POST /collect HTTP/1.1" 200 -
06:00:12 "POST /collect HTTP/1.1" 200 -
06:00:12 "POST /collect HTTP/1.1" 200 -
06:00:13 "POST /collect HTTP/1.1" 200 -
06:00:13 "POST /collect HTTP/1.1" 200 -
06:00:13 "POST /collect HTTP/1.1" 200 -
06:00:13 "GET /roster HTTP/1.1" 200 -
06:00:13 "POST /collect HTTP/1.1" 200 -
06:00:13 "POST /collect HTTP/1.1" 200 -
06:00:13 "POST /collect HTTP/1.1" 200 -
06:00:14 "POST /collect HTTP/1.1" 200 -
06:00:14 "POST /collect HTTP/1.1" 200 -
06:00:14 "GET /roster HTTP/1.1" 200 -
06:00:14 "POST /collect HTTP/1.1" 200 -
06:00:14 "POST /collect HTTP/1.1" 200 -
06:00:14 "POST /collect HTTP/1.1" 200 -
06:00:15 "POST /collect HTTP/1.1" 200 -
06:00:15 "POST /collect HTTP/1.1" 200 -
06:00:15 "POST /collect HTTP/1.1" 200 -
06:00:15 "GET /roster HTTP/1.1" 200 -
06:00:15 "POST /collect HTTP/1.1" 200 -
06:00:16 "GET /roster HTTP/1.1" 200 -
06:00:16 "POST /collect HTTP/1.1" 200 -
06:00:16 "POST /collect HTTP/1.1" 200 -
06:00:16 "POST /collect HTTP/1.1" 200 -
06:00:16 "POST /collect HTTP/1.1" 200 -
06:00:16 "POST /collect HTTP/1.1" 200 -
06:00:16 "POST /collect HTTP/1.1" 200 -
06:00:16 "POST /collect HTTP/1.1" 200 -
06:00:17 "POST /collect HTTP/1.1" 200 -
06:00:17 "POST /collect HTTP/1.1" 200 -
06:00:17 "POST /collect HTTP/1.1" 200 -
06:00:17 "POST /collect HTTP/1.1" 200 -
06:00:17 "GET /roster HTTP/1.1" 200 -
06:00:17 "POST /collect HTTP/1.1" 200 -
06:00:18 "GET /roster HTTP/1.1" 200 -
06:00:18 "POST /collect HTTP/1.1" 200 -
06:00:18 "POST /collect HTTP/1.1" 200 -
06:00:18 "POST /collect HTTP/1.1" 200 -
06:00:18 "POST /collect HTTP/1.1" 200 -
06:00:19 "POST /collect HTTP/1.1" 200 -
06:00:19 "POST /collect HTTP/1.1" 200 -
06:00:19 "POST /collect HTTP/1.1" 200 -
06:00:19 "GET /roster HTTP/1.1" 200 -
06:00:19 "POST /collect HTTP/1.1" 200 -
06:00:19 "POST /collect HTTP/1.1" 200 -
06:00:19 "POST /collect HTTP/1.1" 200 -
06:00:20 "POST /collect HTTP/1.1" 200 -
06:00:20 "POST /collect HTTP/1.1" 200 -
06:00:20 "GET /roster HTTP/1.1" 200 -
06:00:20 "POST /collect HTTP/1.1" 200 -
06:00:20 "POST /collect HTTP/1.1" 200 -
06:00:20 "POST /collect HTTP/1.1" 200 -
06:00:21 "POST /collect HTTP/1.1" 200 -
06:00:21 "POST /collect HTTP/1.1" 200 -
06:00:21 "POST /collect HTTP/1.1" 200 -
06:00:21 "GET /roster HTTP/1.1" 200 -
06:00:21 "POST /collect HTTP/1.1" 200 -
06:00:22 "GET /roster HTTP/1.1" 200 -
06:00:22 "POST /collect HTTP/1.1" 200 -
06:00:22 "POST /collect HTTP/1.1" 200 -
06:00:22 "POST /collect HTTP/1.1" 200 -
06:00:22 "POST /collect HTTP/1.1" 200 -
06:00:22 "POST /collect HTTP/1.1" 200 -
06:00:22 "POST /collect HTTP/1.1" 200 -
06:00:23 "POST /collect HTTP/1.1" 200 -
06:00:23 "POST /collect HTTP/1.1" 200 -
06:00:23 "POST /collect HTTP/1.1" 200 -
06:00:23 "POST /collect HTTP/1.1" 200 -
06:00:23 "GET /roster HTTP/1.1" 200 -
06:00:23 "POST /collect HTTP/1.1" 200 -
06:00:24 "GET /roster HTTP/1.1" 200 -
06:00:24 "POST /collect HTTP/1.1" 200 -
06:00:24 "POST /collect HTTP/1.1" 200 -
06:00:24 "POST /collect HTTP/1.1" 200 -
06:00:24 "POST /collect HTTP/1.1" 200 -
06:00:25 "POST /collect HTTP/1.1" 200 -
06:00:25 "POST /collect HTTP/1.1" 200 -
06:00:25 "POST /collect HTTP/1.1" 200 -
06:00:25 "GET /roster HTTP/1.1" 200 -
06:00:25 "POST /collect HTTP/1.1" 200 -
06:00:25 "POST /collect HTTP/1.1" 200 -
06:00:25 "POST /collect HTTP/1.1" 200 -
06:00:26 "POST /collect HTTP/1.1" 200 -
06:00:26 "POST /collect HTTP/1.1" 200 -
06:00:26 "GET /roster HTTP/1.1" 200 -
06:00:26 "POST /collect HTTP/1.1" 200 -
06:00:26 "POST /collect HTTP/1.1" 200 -
06:00:26 "POST /collect HTTP/1.1" 200 -
06:00:27 "POST /collect HTTP/1.1" 200 -
06:00:27 "POST /collect HTTP/1.1" 200 -
06:00:27 "POST /collect HTTP/1.1" 200 -
06:00:27 "GET /roster HTTP/1.1" 200 -
06:00:27 "POST /collect HTTP/1.1" 200 -
06:00:28 "GET /roster HTTP/1.1" 200 -
06:00:28 "POST /collect HTTP/1.1" 200 -
06:00:28 "POST /collect HTTP/1.1" 200 -
06:00:28 "POST /collect HTTP/1.1" 200 -
06:00:28 "POST /collect HTTP/1.1" 200 -
06:00:28 "POST /collect HTTP/1.1" 200 -
06:00:28 "POST /collect HTTP/1.1" 200 -
06:00:29 "POST /collect HTTP/1.1" 200 -
06:00:29 "POST /collect HTTP/1.1" 200 -
06:00:29 "POST /collect HTTP/1.1" 200 -
06:00:29 "POST /collect HTTP/1.1" 200 -
06:00:29 "GET /roster HTTP/1.1" 200 -
06:00:29 "POST /collect HTTP/1.1" 200 -
06:00:30 "GET /roster HTTP/1.1" 200 -
06:00:30 "POST /collect HTTP/1.1" 200 -
06:00:30 "POST /collect HTTP/1.1" 200 -
06:00:30 "POST /collect HTTP/1.1" 200 -
06:00:30 "POST /collect HTTP/1.1" 200 -
06:00:31 "POST /collect HTTP/1.1" 200 -
06:00:31 "POST /collect HTTP/1.1" 200 -
06:00:31 "POST /collect HTTP/1.1" 200 -
06:00:31 "POST /collect HTTP/1.1" 200 -
06:00:31 "GET /roster HTTP/1.1" 200 -
06:00:31 "POST /collect HTTP/1.1" 200 -
06:00:31 "POST /collect HTTP/1.1" 200 -
06:00:31 "POST /collect HTTP/1.1" 200 -
06:00:32 "POST /collect HTTP/1.1" 200 -
06:00:32 "POST /collect HTTP/1.1" 200 -
06:00:32 "GET /roster HTTP/1.1" 200 -
06:00:32 "POST /collect HTTP/1.1" 200 -
06:00:32 "POST /collect HTTP/1.1" 200 -
06:00:32 "POST /collect HTTP/1.1" 200 -
06:00:33 "POST /collect HTTP/1.1" 200 -
06:00:33 "POST /collect HTTP/1.1" 200 -
06:00:33 "POST /collect HTTP/1.1" 200 -
06:00:33 "GET /roster HTTP/1.1" 200 -
06:00:33 "POST /collect HTTP/1.1" 200 -
06:00:34 "GET /roster HTTP/1.1" 200 -
06:00:34 "POST /collect HTTP/1.1" 200 -
06:00:34 "POST /collect HTTP/1.1" 200 -
06:00:34 "POST /collect HTTP/1.1" 200 -
06:00:34 "POST /collect HTTP/1.1" 200 -
06:00:34 "POST /collect HTTP/1.1" 200 -
06:00:34 "POST /collect HTTP/1.1" 200 -
06:00:35 "POST /collect HTTP/1.1" 200 -
06:00:35 "POST /collect HTTP/1.1" 200 -
06:00:35 "POST /collect HTTP/1.1" 200 -
06:00:35 "POST /collect HTTP/1.1" 200 -
06:00:35 "GET /roster HTTP/1.1" 200 -
06:00:35 "POST /collect HTTP/1.1" 200 -
06:00:36 "GET /roster HTTP/1.1" 200 -
06:00:36 "POST /collect HTTP/1.1" 200 -
06:00:36 "POST /collect HTTP/1.1" 200 -
06:00:36 "POST /collect HTTP/1.1" 200 -
06:00:36 "POST /collect HTTP/1.1" 200 -
06:00:37 "POST /collect HTTP/1.1" 200 -
06:00:37 "POST /collect HTTP/1.1" 200 -
06:00:37 "POST /collect HTTP/1.1" 200 -
06:00:37 "GET /roster HTTP/1.1" 200 -
06:00:37 "POST /collect HTTP/1.1" 200 -
06:00:37 "POST /collect HTTP/1.1" 200 -
06:00:37 "POST /collect HTTP/1.1" 200 -
06:00:38 "POST /collect HTTP/1.1" 200 -
06:00:38 "POST /collect HTTP/1.1" 200 -
06:00:38 "GET /roster HTTP/1.1" 200 -
06:00:38 "POST /collect HTTP/1.1" 200 -
06:00:38 "POST /collect HTTP/1.1" 200 -
06:00:38 "POST /collect HTTP/1.1" 200 -
06:00:39 "POST /collect HTTP/1.1" 200 -
06:00:39 "POST /collect HTTP/1.1" 200 -
06:00:39 "POST /collect HTTP/1.1" 200 -
06:00:39 "GET /roster HTTP/1.1" 200 -
06:00:39 "POST /collect HTTP/1.1" 200 -
06:00:40 "GET /roster HTTP/1.1" 200 -
06:00:40 "POST /collect HTTP/1.1" 200 -
06:00:40 "POST /collect HTTP/1.1" 200 -
06:00:40 "POST /collect HTTP/1.1" 200 -
06:00:40 "POST /collect HTTP/1.1" 200 -
06:00:40 "POST /collect HTTP/1.1" 200 -
06:00:40 "POST /collect HTTP/1.1" 200 -
06:00:41 "POST /collect HTTP/1.1" 200 -
06:00:41 "POST /collect HTTP/1.1" 200 -
06:00:41 "POST /collect HTTP/1.1" 200 -
06:00:41 "POST /collect HTTP/1.1" 200 -
06:00:41 "GET /roster HTTP/1.1" 200 -
06:00:41 "POST /collect HTTP/1.1" 200 -
06:00:42 "GET /roster HTTP/1.1" 200 -
06:00:42 "POST /collect HTTP/1.1" 200 -
06:00:42 "POST /collect HTTP/1.1" 200 -
06:00:42 "POST /collect HTTP/1.1" 200 -
06:00:42 "POST /collect HTTP/1.1" 200 -
06:00:43 "POST /collect HTTP/1.1" 200 -
06:00:43 "POST /collect HTTP/1.1" 200 -
06:00:43 "POST /collect HTTP/1.1" 200 -
06:00:43 "GET /roster HTTP/1.1" 200 -
06:00:43 "POST /collect HTTP/1.1" 200 -
06:00:43 "POST /collect HTTP/1.1" 200 -
06:00:43 "POST /collect HTTP/1.1" 200 -
06:00:44 "POST /collect HTTP/1.1" 200 -
06:00:44 "POST /collect HTTP/1.1" 200 -
06:00:44 "GET /roster HTTP/1.1" 200 -
06:00:44 "POST /collect HTTP/1.1" 200 -
06:00:44 "POST /collect HTTP/1.1" 200 -
06:00:44 "POST /collect HTTP/1.1" 200 -
06:00:45 "POST /collect HTTP/1.1" 200 -
06:00:45 "POST /collect HTTP/1.1" 200 -
06:00:45 "POST /collect HTTP/1.1" 200 -
06:00:45 "GET /roster HTTP/1.1" 200 -
06:00:45 "POST /collect HTTP/1.1" 200 -
06:00:46 "GET /roster HTTP/1.1" 200 -
06:00:46 "POST /collect HTTP/1.1" 200 -
06:00:46 "POST /collect HTTP/1.1" 200 -
06:00:46 "POST /collect HTTP/1.1" 200 -
06:00:46 "POST /collect HTTP/1.1" 200 -
06:00:46 "POST /collect HTTP/1.1" 200 -
06:00:46 "POST /collect HTTP/1.1" 200 -
06:00:46 "POST /collect HTTP/1.1" 200 -
06:00:47 "POST /collect HTTP/1.1" 200 -
06:00:47 "POST /collect HTTP/1.1" 200 -
06:00:47 "POST /collect HTTP/1.1" 200 -
06:00:47 "POST /collect HTTP/1.1" 200 -
06:00:47 "GET /roster HTTP/1.1" 200 -
06:00:47 "POST /collect HTTP/1.1" 200 -
06:00:48 "GET /roster HTTP/1.1" 200 -
06:00:48 "POST /collect HTTP/1.1" 200 -
06:00:48 "POST /collect HTTP/1.1" 200 -
06:00:48 "POST /collect HTTP/1.1" 200 -
06:00:48 "POST /collect HTTP/1.1" 200 -
06:00:49 "POST /collect HTTP/1.1" 200 -
06:00:49 "POST /collect HTTP/1.1" 200 -
06:00:49 "POST /collect HTTP/1.1" 200 -
06:00:49 "GET /roster HTTP/1.1" 200 -
06:00:49 "POST /collect HTTP/1.1" 200 -
06:00:49 "POST /collect HTTP/1.1" 200 -
06:00:49 "POST /collect HTTP/1.1" 200 -
06:00:50 "POST /collect HTTP/1.1" 200 -
06:00:50 "POST /collect HTTP/1.1" 200 -
06:00:50 "GET /roster HTTP/1.1" 200 -
06:00:50 "POST /collect HTTP/1.1" 200 -
06:00:50 "POST /collect HTTP/1.1" 200 -
06:00:50 "POST /collect HTTP/1.1" 200 -
06:00:51 "POST /collect HTTP/1.1" 200 -
06:00:51 "POST /collect HTTP/1.1" 200 -
06:00:51 "POST /collect HTTP/1.1" 200 -
06:00:51 "GET /roster HTTP/1.1" 200 -
06:00:51 "POST /collect HTTP/1.1" 200 -
06:00:52 "GET /roster HTTP/1.1" 200 -
06:00:52 "POST /collect HTTP/1.1" 200 -
06:00:52 "POST /collect HTTP/1.1" 200 -
06:00:52 "POST /collect HTTP/1.1" 200 -
06:00:52 "POST /collect HTTP/1.1" 200 -
06:00:52 "POST /collect HTTP/1.1" 200 -
06:00:52 "POST /collect HTTP/1.1" 200 -
06:00:53 "POST /collect HTTP/1.1" 200 -
06:00:53 "POST /collect HTTP/1.1" 200 -
06:00:53 "POST /collect HTTP/1.1" 200 -
06:00:53 "POST /collect HTTP/1.1" 200 -
06:00:53 "GET /roster HTTP/1.1" 200 -
06:00:53 "POST /collect HTTP/1.1" 200 -
06:00:54 "GET /roster HTTP/1.1" 200 -
06:00:54 "POST /collect HTTP/1.1" 200 -
06:00:54 "POST /collect HTTP/1.1" 200 -
06:00:54 "POST /collect HTTP/1.1" 200 -
06:00:54 "POST /collect HTTP/1.1" 200 -
06:00:55 "POST /collect HTTP/1.1" 200 -
06:00:55 "POST /collect HTTP/1.1" 200 -
06:00:55 "POST /collect HTTP/1.1" 200 -
06:00:55 "GET /roster HTTP/1.1" 200 -
06:00:55 "POST /collect HTTP/1.1" 200 -
06:00:55 "POST /collect HTTP/1.1" 200 -
06:00:55 "POST /collect HTTP/1.1" 200 -
06:00:56 "POST /collect HTTP/1.1" 200 -
06:00:56 "POST /collect HTTP/1.1" 200 -
06:00:56 "GET /roster HTTP/1.1" 200 -
06:00:56 "POST /collect HTTP/1.1" 200 -
06:00:56 "POST /collect HTTP/1.1" 200 -
06:00:56 "POST /collect HTTP/1.1" 200 -
06:00:57 "POST /collect HTTP/1.1" 200 -
06:00:57 "POST /collect HTTP/1.1" 200 -
06:00:57 "POST /collect HTTP/1.1" 200 -
06:00:57 "GET /roster HTTP/1.1" 200 -
06:00:57 "POST /collect HTTP/1.1" 200 -
06:00:58 "GET /roster HTTP/1.1" 200 -
06:00:58 "POST /collect HTTP/1.1" 200 -
06:00:58 "POST /collect HTTP/1.1" 200 -
06:00:58 "POST /collect HTTP/1.1" 200 -
06:00:58 "POST /collect HTTP/1.1" 200 -
06:00:58 "POST /collect HTTP/1.1" 200 -
06:00:58 "POST /collect HTTP/1.1" 200 -
06:00:59 "POST /collect HTTP/1.1" 200 -
06:00:59 "POST /collect HTTP/1.1" 200 -
06:00:59 "POST /collect HTTP/1.1" 200 -
06:00:59 "POST /collect HTTP/1.1" 200 -
06:00:59 "GET /roster HTTP/1.1" 200 -
06:00:59 "POST /collect HTTP/1.1" 200 -
06:01:00 "GET /roster HTTP/1.1" 200 -
06:01:00 "POST /collect HTTP/1.1" 200 -
06:01:00 "POST /collect HTTP/1.1" 200 -
06:01:00 "POST /collect HTTP/1.1" 200 -
06:01:00 "POST /collect HTTP/1.1" 200 -
06:01:01 "POST /collect HTTP/1.1" 200 -
06:01:01 "POST /collect HTTP/1.1" 200 -
06:01:01 "POST /collect HTTP/1.1" 200 -
06:01:01 "POST /collect HTTP/1.1" 200 -
06:01:01 "GET /roster HTTP/1.1" 200 -
06:01:01 "POST /collect HTTP/1.1" 200 -
06:01:01 "POST /collect HTTP/1.1" 200 -
06:01:01 "POST /collect HTTP/1.1" 200 -
06:01:02 "POST /collect HTTP/1.1" 200 -
06:01:02 "POST /collect HTTP/1.1" 200 -
06:01:02 "GET /roster HTTP/1.1" 200 -
06:01:02 "POST /collect HTTP/1.1" 200 -
06:01:02 "POST /collect HTTP/1.1" 200 -
06:01:02 "POST /collect HTTP/1.1" 200 -
06:01:03 "POST /collect HTTP/1.1" 200 -
06:01:03 "POST /collect HTTP/1.1" 200 -
06:01:03 "POST /collect HTTP/1.1" 200 -
06:01:03 "GET /roster HTTP/1.1" 200 -
06:01:03 "POST /collect HTTP/1.1" 200 -
06:01:04 "GET /roster HTTP/1.1" 200 -
06:01:04 "POST /collect HTTP/1.1" 200 -
06:01:04 "POST /collect HTTP/1.1" 200 -
06:01:04 "POST /collect HTTP/1.1" 200 -
06:01:04 "POST /collect HTTP/1.1" 200 -
06:01:04 "POST /collect HTTP/1.1" 200 -
06:01:04 "POST /collect HTTP/1.1" 200 -
06:01:05 "POST /collect HTTP/1.1" 200 -
06:01:05 "POST /collect HTTP/1.1" 200 -
06:01:05 "POST /collect HTTP/1.1" 200 -
06:01:05 "POST /collect HTTP/1.1" 200 -
06:01:05 "GET /roster HTTP/1.1" 200 -
06:01:05 "POST /collect HTTP/1.1" 200 -
06:01:06 "GET /roster HTTP/1.1" 200 -
06:01:06 "POST /collect HTTP/1.1" 200 -
06:01:06 "POST /collect HTTP/1.1" 200 -
06:01:06 "POST /collect HTTP/1.1" 200 -
06:01:06 "POST /collect HTTP/1.1" 200 -
06:01:07 "POST /collect HTTP/1.1" 200 -
06:01:07 "POST /collect HTTP/1.1" 200 -
06:01:07 "POST /collect HTTP/1.1" 200 -
06:01:07 "GET /roster HTTP/1.1" 200 -
06:01:07 "POST /collect HTTP/1.1" 200 -
06:01:07 "POST /collect HTTP/1.1" 200 -
06:01:07 "POST /collect HTTP/1.1" 200 -
06:01:08 "POST /collect HTTP/1.1" 200 -
06:01:08 "POST /collect HTTP/1.1" 200 -
06:01:08 "GET /roster HTTP/1.1" 200 -
06:01:08 "POST /collect HTTP/1.1" 200 -
06:01:08 "POST /collect HTTP/1.1" 200 -
06:01:08 "POST /collect HTTP/1.1" 200 -
06:01:09 "POST /collect HTTP/1.1" 200 -
06:01:09 "POST /collect HTTP/1.1" 200 -
06:01:09 "POST /collect HTTP/1.1" 200 -
06:01:09 "GET /roster HTTP/1.1" 200 -
06:01:09 "POST /collect HTTP/1.1" 200 -
06:01:10 "GET /roster HTTP/1.1" 200 -
06:01:10 "POST /collect HTTP/1.1" 200 -
06:01:10 "POST /collect HTTP/1.1" 200 -
06:01:10 "POST /collect HTTP/1.1" 200 -
06:01:10 "POST /collect HTTP/1.1" 200 -
06:01:10 "POST /collect HTTP/1.1" 200 -
06:01:10 "POST /collect HTTP/1.1" 200 -
06:01:11 "POST /collect HTTP/1.1" 200 -
06:01:11 "POST /collect HTTP/1.1" 200 -
06:01:11 "POST /collect HTTP/1.1" 200 -
06:01:11 "POST /collect HTTP/1.1" 200 -
06:01:11 "GET /roster HTTP/1.1" 200 -
06:01:11 "POST /collect HTTP/1.1" 200 -
06:01:12 "GET /roster HTTP/1.1" 200 -
06:01:12 "POST /collect HTTP/1.1" 200 -
06:01:12 "POST /collect HTTP/1.1" 200 -
06:01:12 "POST /collect HTTP/1.1" 200 -
06:01:12 "POST /collect HTTP/1.1" 200 -
06:01:13 "POST /collect HTTP/1.1" 200 -
06:01:13 "POST /collect HTTP/1.1" 200 -
06:01:13 "POST /collect HTTP/1.1" 200 -
06:01:13 "GET /roster HTTP/1.1" 200 -
06:01:13 "POST /collect HTTP/1.1" 200 -
06:01:13 "POST /collect HTTP/1.1" 200 -
06:01:13 "POST /collect HTTP/1.1" 200 -
06:01:14 "POST /collect HTTP/1.1" 200 -
06:01:14 "POST /collect HTTP/1.1" 200 -
06:01:14 "GET /roster HTTP/1.1" 200 -
06:01:14 "POST /collect HTTP/1.1" 200 -
06:01:14 "POST /collect HTTP/1.1" 200 -
06:01:14 "POST /collect HTTP/1.1" 200 -
06:01:15 "POST /collect HTTP/1.1" 200 -
06:01:15 "POST /collect HTTP/1.1" 200 -
06:01:15 "POST /collect HTTP/1.1" 200 -
06:01:15 "GET /roster HTTP/1.1" 200 -
06:01:15 "POST /collect HTTP/1.1" 200 -
06:01:16 "GET /roster HTTP/1.1" 200 -
06:01:16 "POST /collect HTTP/1.1" 200 -
06:01:16 "POST /collect HTTP/1.1" 200 -
06:01:16 "POST /collect HTTP/1.1" 200 -
06:01:16 "POST /collect HTTP/1.1" 200 -
06:01:16 "POST /collect HTTP/1.1" 200 -
06:01:16 "POST /collect HTTP/1.1" 200 -
06:01:16 "POST /collect HTTP/1.1" 200 -
06:01:17 "POST /collect HTTP/1.1" 200 -
06:01:17 "POST /collect HTTP/1.1" 200 -
06:01:17 "POST /collect HTTP/1.1" 200 -
06:01:17 "POST /collect HTTP/1.1" 200 -
06:01:17 "GET /roster HTTP/1.1" 200 -
06:01:17 "POST /collect HTTP/1.1" 200 -
06:01:18 "GET /roster HTTP/1.1" 200 -
06:01:18 "POST /collect HTTP/1.1" 200 -
06:01:18 "POST /collect HTTP/1.1" 200 -
06:01:18 "POST /collect HTTP/1.1" 200 -
06:01:18 "POST /collect HTTP/1.1" 200 -
06:01:19 "POST /collect HTTP/1.1" 200 -
06:01:19 "POST /collect HTTP/1.1" 200 -
06:01:19 "POST /collect HTTP/1.1" 200 -
06:01:19 "GET /roster HTTP/1.1" 200 -
06:01:19 "POST /collect HTTP/1.1" 200 -
06:01:19 "POST /collect HTTP/1.1" 200 -
06:01:19 "POST /collect HTTP/1.1" 200 -
06:01:20 "POST /collect HTTP/1.1" 200 -
06:01:20 "POST /collect HTTP/1.1" 200 -
06:01:20 "GET /roster HTTP/1.1" 200 -
06:01:20 "POST /collect HTTP/1.1" 200 -
06:01:20 "POST /collect HTTP/1.1" 200 -
06:01:20 "POST /collect HTTP/1.1" 200 -
06:01:21 "POST /collect HTTP/1.1" 200 -
06:01:21 "POST /collect HTTP/1.1" 200 -
06:01:21 "POST /collect HTTP/1.1" 200 -
06:01:21 "GET /roster HTTP/1.1" 200 -
06:01:21 "POST /collect HTTP/1.1" 200 -
06:01:22 "GET /roster HTTP/1.1" 200 -
06:01:22 "POST /collect HTTP/1.1" 200 -
06:01:22 "POST /collect HTTP/1.1" 200 -
06:01:22 "POST /collect HTTP/1.1" 200 -
06:01:22 "POST /collect HTTP/1.1" 200 -
06:01:22 "POST /collect HTTP/1.1" 200 -
06:01:22 "POST /collect HTTP/1.1" 200 -
06:01:23 "POST /collect HTTP/1.1" 200 -
06:01:23 "POST /collect HTTP/1.1" 200 -
06:01:23 "POST /collect HTTP/1.1" 200 -
06:01:23 "POST /collect HTTP/1.1" 200 -
06:01:23 "GET /roster HTTP/1.1" 200 -
06:01:23 "POST /collect HTTP/1.1" 200 -
06:01:24 "GET /roster HTTP/1.1" 200 -
06:01:24 "POST /collect HTTP/1.1" 200 -
06:01:24 "POST /collect HTTP/1.1" 200 -
06:01:24 "POST /collect HTTP/1.1" 200 -
06:01:24 "POST /collect HTTP/1.1" 200 -
06:01:25 "POST /collect HTTP/1.1" 200 -
06:01:25 "POST /collect HTTP/1.1" 200 -
06:01:25 "POST /collect HTTP/1.1" 200 -
06:01:25 "GET /roster HTTP/1.1" 200 -
06:01:25 "POST /collect HTTP/1.1" 200 -
06:01:25 "POST /collect HTTP/1.1" 200 -
06:01:25 "POST /collect HTTP/1.1" 200 -
06:01:26 "POST /collect HTTP/1.1" 200 -
06:01:26 "POST /collect HTTP/1.1" 200 -
06:01:26 "GET /roster HTTP/1.1" 200 -
06:01:26 "POST /collect HTTP/1.1" 200 -
06:01:26 "POST /collect HTTP/1.1" 200 -
06:01:26 "POST /collect HTTP/1.1" 200 -
06:01:26 "POST /collect HTTP/1.1" 200 -
06:01:27 "POST /collect HTTP/1.1" 200 -
06:01:27 "POST /collect HTTP/1.1" 200 -
06:01:27 "POST /collect HTTP/1.1" 200 -
06:01:27 "GET /roster HTTP/1.1" 200 -
06:01:27 "POST /collect HTTP/1.1" 200 -
06:01:28 "GET /roster HTTP/1.1" 200 -
06:01:28 "POST /collect HTTP/1.1" 200 -
06:01:28 "POST /collect HTTP/1.1" 200 -
