m2m server on :8897, results -> /Users/s32863/personal/elektron/results/m2m-heavy-N24.jsonl, app 8c2a974b…
06:10:43 "GET /roster HTTP/1.1" 200 -
06:10:43 "POST /reset HTTP/1.1" 200 -
06:10:44 "GET /room.html?id=1&n=24&hold=1&cb=1787713844337&audio=1&mode=full&cls=probe HTTP/1.1" 200 -
06:10:44 code 404, message File not found
06:10:44 "GET /favicon.ico HTTP/1.1" 404 -
06:10:44 "GET /room.html?id=2&n=24&hold=1&cb=1787713844431&audio=1&mode=full&cls=probe HTTP/1.1" 200 -
06:10:44 "GET /room.html?id=A&n=24&hold=1&cb=1787713844514&audio=1&mode=pub&vw=320&vh=180&vfps=15&cls=light HTTP/1.1" 200 -
06:10:44 "GET /room.html?id=B&n=24&hold=1&cb=1787713844601&audio=1&mode=pub&vw=320&vh=180&vfps=15&cls=light HTTP/1.1" 200 -
06:10:44 "GET /room.html?id=C&n=24&hold=1&cb=1787713844684&audio=1&mode=pub&vw=320&vh=180&vfps=15&cls=light HTTP/1.1" 200 -
06:10:45 "GET /room.html?id=D&n=24&hold=1&cb=1787713845283&audio=1&mode=pub&vw=320&vh=180&vfps=15&cls=light HTTP/1.1" 200 -
06:10:45 code 404, message File not found
06:10:45 "GET /favicon.ico HTTP/1.1" 404 -
06:10:45 "GET /room.html?id=E&n=24&hold=1&cb=1787713845383&audio=1&mode=pub&vw=320&vh=180&vfps=15&cls=light HTTP/1.1" 200 -
06:10:45 "GET /room.html?id=F&n=24&hold=1&cb=1787713845468&audio=1&mode=pub&vw=320&vh=180&vfps=15&cls=light HTTP/1.1" 200 -
06:10:45 "GET /room.html?id=G&n=24&hold=1&cb=1787713845556&audio=1&mode=pub&vw=320&vh=180&vfps=15&cls=light HTTP/1.1" 200 -
06:10:45 "GET /room.html?id=H&n=24&hold=1&cb=1787713845642&audio=1&mode=pub&vw=320&vh=180&vfps=15&cls=light HTTP/1.1" 200 -
06:10:46 "GET /room.html?id=I&n=24&hold=1&cb=1787713846271&audio=1&mode=pub&vw=320&vh=180&vfps=15&cls=light HTTP/1.1" 200 -
06:10:46 code 404, message File not found
06:10:46 "GET /favicon.ico HTTP/1.1" 404 -
06:10:46 "GET /room.html?id=J&n=24&hold=1&cb=1787713846363&audio=1&mode=pub&vw=320&vh=180&vfps=15&cls=light HTTP/1.1" 200 -
06:10:46 "GET /room.html?id=K&n=24&hold=1&cb=1787713846452&audio=1&mode=pub&vw=320&vh=180&vfps=15&cls=light HTTP/1.1" 200 -
06:10:46 "GET /room.html?id=L&n=24&hold=1&cb=1787713846543&audio=1&mode=pub&vw=320&vh=180&vfps=15&cls=light HTTP/1.1" 200 -
06:10:46 "GET /room.html?id=M&n=24&hold=1&cb=1787713846633&audio=1&mode=pub&vw=320&vh=180&vfps=15&cls=light HTTP/1.1" 200 -
06:10:47 "GET /room.html?id=N&n=24&hold=1&cb=1787713847298&audio=1&mode=pub&vw=320&vh=180&vfps=15&cls=light HTTP/1.1" 200 -
06:10:47 code 404, message File not found
06:10:47 "GET /favicon.ico HTTP/1.1" 404 -
06:10:47 "GET /room.html?id=O&n=24&hold=1&cb=1787713847401&audio=1&mode=pub&vw=320&vh=180&vfps=15&cls=light HTTP/1.1" 200 -
06:10:47 "GET /room.html?id=P&n=24&hold=1&cb=1787713847493&audio=1&mode=pub&vw=320&vh=180&vfps=15&cls=light HTTP/1.1" 200 -
06:10:47 "GET /room.html?id=Q&n=24&hold=1&cb=1787713847585&audio=1&mode=pub&vw=320&vh=180&vfps=15&cls=light HTTP/1.1" 200 -
06:10:47 "GET /room.html?id=R&n=24&hold=1&cb=1787713847675&audio=1&mode=pub&vw=320&vh=180&vfps=15&cls=light HTTP/1.1" 200 -
06:10:48 "GET /room.html?id=S&n=24&hold=1&cb=1787713848295&audio=1&mode=pub&vw=320&vh=180&vfps=15&cls=light HTTP/1.1" 200 -
06:10:48 code 404, message File not found
06:10:48 "GET /favicon.ico HTTP/1.1" 404 -
06:10:48 "GET /room.html?id=T&n=24&hold=1&cb=1787713848393&audio=1&mode=pub&vw=320&vh=180&vfps=15&cls=light HTTP/1.1" 200 -
06:10:48 "GET /room.html?id=U&n=24&hold=1&cb=1787713848484&audio=1&mode=pub&vw=320&vh=180&vfps=15&cls=light HTTP/1.1" 200 -
06:10:48 "GET /room.html?id=V&n=24&hold=1&cb=1787713848573&audio=1&mode=pub&vw=320&vh=180&vfps=15&cls=light HTTP/1.1" 200 -
06:10:48 "POST /collect HTTP/1.1" 200 -
06:10:49 CF POST /sessions/new -> 201 (358 ms)
06:10:49 "POST /cf/sessions/new HTTP/1.1" 201 -
06:10:49 CF POST /sessions/new -> 201 (272 ms)
06:10:49 "POST /cf/sessions/new HTTP/1.1" 201 -
06:10:49 CF POST /sessions/new -> 201 (318 ms)
06:10:49 "POST /cf/sessions/new HTTP/1.1" 201 -
06:10:49 CF POST /sessions/new -> 201 (366 ms)
06:10:49 "POST /cf/sessions/new HTTP/1.1" 201 -
06:10:49 CF POST /sessions/new -> 201 (359 ms)
06:10:49 "POST /cf/sessions/new HTTP/1.1" 201 -
06:10:49 CF POST /sessions/new -> 201 (360 ms)
06:10:49 "POST /cf/sessions/new HTTP/1.1" 201 -
06:10:49 CF POST /sessions/new -> 201 (291 ms)
06:10:49 "POST /cf/sessions/new HTTP/1.1" 201 -
06:10:49 CF POST /sessions/new -> 201 (375 ms)
06:10:49 CF POST /sessions/new -> 201 (377 ms)
06:10:49 "POST /cf/sessions/new HTTP/1.1" 201 -
06:10:49 CF POST /sessions/new -> 201 (311 ms)
06:10:49 "POST /cf/sessions/new HTTP/1.1" 201 -
06:10:49 CF POST /sessions/new -> 201 (376 ms)
06:10:49 CF POST /sessions/new -> 201 (345 ms)
06:10:49 "POST /cf/sessions/new HTTP/1.1" 201 -
06:10:49 "POST /cf/sessions/new HTTP/1.1" 201 -
06:10:49 "POST /cf/sessions/new HTTP/1.1" 201 -
06:10:49 CF POST /sessions/new -> 201 (316 ms)
06:10:49 CF POST /sessions/new -> 201 (341 ms)
06:10:49 "POST /cf/sessions/new HTTP/1.1" 201 -
06:10:49 "POST /cf/sessions/new HTTP/1.1" 201 -
06:10:49 CF POST /sessions/new -> 201 (347 ms)
06:10:49 "POST /cf/sessions/new HTTP/1.1" 201 -
06:10:49 CF POST /sessions/new -> 201 (337 ms)
06:10:49 "POST /cf/sessions/new HTTP/1.1" 201 -
06:10:49 CF POST /sessions/new -> 201 (366 ms)
06:10:49 "POST /cf/sessions/new HTTP/1.1" 201 -
06:10:49 CF POST /sessions/new -> 201 (343 ms)
06:10:49 "POST /cf/sessions/new HTTP/1.1" 201 -
06:10:49 CF POST /sessions/new -> 201 (427 ms)
06:10:49 "POST /cf/sessions/new HTTP/1.1" 201 -
06:10:49 CF POST /sessions/new -> 201 (372 ms)
06:10:49 "POST /cf/sessions/new HTTP/1.1" 201 -
06:10:49 CF POST /sessions/new -> 201 (428 ms)
06:10:49 "POST /cf/sessions/new HTTP/1.1" 201 -
06:10:49 CF POST /sessions/new -> 201 (432 ms)
06:10:49 "POST /cf/sessions/new HTTP/1.1" 201 -
06:10:49 CF POST /sessions/new -> 201 (401 ms)
06:10:49 "POST /cf/sessions/new HTTP/1.1" 201 -
06:10:49 CF POST /sessions/new -> 201 (433 ms)
06:10:49 "POST /cf/sessions/new HTTP/1.1" 201 -
06:10:49 "POST /save/pub-offer-v.sdp HTTP/1.1" 200 -
06:10:49 "POST /save/pub-offer-c.sdp HTTP/1.1" 200 -
06:10:49 "POST /save/pub-offer-h.sdp HTTP/1.1" 200 -
06:10:49 "POST /save/pub-offer-r.sdp HTTP/1.1" 200 -
06:10:49 "POST /save/pub-offer-m.sdp HTTP/1.1" 200 -
06:10:49 "POST /save/pub-offer-o.sdp HTTP/1.1" 200 -
06:10:49 "POST /save/pub-offer-q.sdp HTTP/1.1" 200 -
06:10:49 "POST /save/pub-offer-2.sdp HTTP/1.1" 200 -
06:10:49 "POST /save/pub-offer-s.sdp HTTP/1.1" 200 -
06:10:49 "POST /save/pub-offer-d.sdp HTTP/1.1" 200 -
06:10:49 "POST /save/pub-offer-u.sdp HTTP/1.1" 200 -
06:10:49 "POST /save/pub-offer-f.sdp HTTP/1.1" 200 -
06:10:49 "POST /save/pub-offer-j.sdp HTTP/1.1" 200 -
06:10:49 "POST /save/pub-offer-1.sdp HTTP/1.1" 200 -
06:10:49 "POST /save/pub-offer-k.sdp HTTP/1.1" 200 -
06:10:49 "POST /save/pub-offer-e.sdp HTTP/1.1" 200 -
06:10:49 "POST /save/pub-offer-t.sdp HTTP/1.1" 200 -
06:10:49 "POST /save/pub-offer-a.sdp HTTP/1.1" 200 -
06:10:49 "POST /save/pub-offer-b.sdp HTTP/1.1" 200 -
06:10:49 "POST /save/pub-offer-g.sdp HTTP/1.1" 200 -
06:10:49 "POST /save/pub-offer-l.sdp HTTP/1.1" 200 -
06:10:49 "POST /save/pub-offer-n.sdp HTTP/1.1" 200 -
06:10:49 "POST /save/pub-offer-i.sdp HTTP/1.1" 200 -
06:10:49 "POST /save/pub-offer-p.sdp HTTP/1.1" 200 -
06:10:50 CF POST /sessions/7e1679f81cbd7f90ae0b95dd160648ee98421f5667febdcf2ccaa8a8b537238a/tracks/new -> 200 (388 ms)
06:10:50 "POST /cf/sessions/7e1679f81cbd7f90ae0b95dd160648ee98421f5667febdcf2ccaa8a8b537238a/tracks/new HTTP/1.1" 200 -
06:10:50 "POST /save/pub-answer-h.sdp HTTP/1.1" 200 -
06:10:50 "POST /collect HTTP/1.1" 200 -
06:10:50 "POST /collect HTTP/1.1" 200 -
06:10:50 "POST /collect HTTP/1.1" 200 -
06:10:50 CF POST /sessions/dd8be5170453b8e5bb4cee7c286a68470f8f6f4b29eb05b14ec99b44b47cbb12/tracks/new -> 200 (399 ms)
06:10:50 "POST /cf/sessions/dd8be5170453b8e5bb4cee7c286a68470f8f6f4b29eb05b14ec99b44b47cbb12/tracks/new HTTP/1.1" 200 -
06:10:50 "POST /save/pub-answer-v.sdp HTTP/1.1" 200 -
06:10:50 "POST /collect HTTP/1.1" 200 -
06:10:50 "POST /collect HTTP/1.1" 200 -
06:10:50 "POST /collect HTTP/1.1" 200 -
06:10:50 CF POST /sessions/e429b4394c1731a1c357387124e7b98a984ddaefcc60144d89fc2b5344a37f56/tracks/new -> 200 (415 ms)
06:10:50 "POST /cf/sessions/e429b4394c1731a1c357387124e7b98a984ddaefcc60144d89fc2b5344a37f56/tracks/new HTTP/1.1" 200 -
06:10:50 "POST /save/pub-answer-r.sdp HTTP/1.1" 200 -
06:10:50 "POST /collect HTTP/1.1" 200 -
06:10:50 "POST /collect HTTP/1.1" 200 -
06:10:50 "POST /collect HTTP/1.1" 200 -
06:10:50 CF POST /sessions/841089f9c54a14ba23f2a0931896a91a4211fab348d5b25ffc3f5407cb182259/tracks/new -> 200 (468 ms)
06:10:50 "POST /cf/sessions/841089f9c54a14ba23f2a0931896a91a4211fab348d5b25ffc3f5407cb182259/tracks/new HTTP/1.1" 200 -
06:10:50 CF POST /sessions/ae3b0a377537bf98e0c2ed6ae8c22779217e44ffcab2352421338225c15d70b9/tracks/new -> 200 (412 ms)
06:10:50 "POST /cf/sessions/ae3b0a377537bf98e0c2ed6ae8c22779217e44ffcab2352421338225c15d70b9/tracks/new HTTP/1.1" 200 -
06:10:50 "POST /save/pub-answer-c.sdp HTTP/1.1" 200 -
06:10:50 "POST /save/pub-answer-a.sdp HTTP/1.1" 200 -
06:10:50 "POST /collect HTTP/1.1" 200 -
06:10:50 "POST /collect HTTP/1.1" 200 -
06:10:50 "POST /collect HTTP/1.1" 200 -
06:10:50 "POST /collect HTTP/1.1" 200 -
06:10:50 "POST /collect HTTP/1.1" 200 -
06:10:50 "POST /collect HTTP/1.1" 200 -
06:10:50 CF POST /sessions/f209c8d1611a489c044346c73e32a4e0e9361cd6c38e7b0f5998e294166f81bc/tracks/new -> 200 (456 ms)
06:10:50 "POST /cf/sessions/f209c8d1611a489c044346c73e32a4e0e9361cd6c38e7b0f5998e294166f81bc/tracks/new HTTP/1.1" 200 -
06:10:50 "POST /save/pub-answer-2.sdp HTTP/1.1" 200 -
06:10:50 "POST /collect HTTP/1.1" 200 -
06:10:50 "POST /collect HTTP/1.1" 200 -
06:10:50 "POST /collect HTTP/1.1" 200 -
06:10:50 CF POST /sessions/41322d971898622caf4f914ef0d563d4b72f3b215743f3664af6d6a378270f71/tracks/new -> 200 (439 ms)
06:10:50 CF POST /sessions/7ef9244ada962d133a64451d5f0b82fe52c061891fc372ef95c1da6362dc7e0c/tracks/new -> 200 (485 ms)
06:10:50 "POST /cf/sessions/41322d971898622caf4f914ef0d563d4b72f3b215743f3664af6d6a378270f71/tracks/new HTTP/1.1" 200 -
06:10:50 "POST /cf/sessions/7ef9244ada962d133a64451d5f0b82fe52c061891fc372ef95c1da6362dc7e0c/tracks/new HTTP/1.1" 200 -
06:10:50 "POST /save/pub-answer-m.sdp HTTP/1.1" 200 -
06:10:50 "POST /save/pub-answer-t.sdp HTTP/1.1" 200 -
06:10:50 "POST /collect HTTP/1.1" 200 -
06:10:50 "POST /collect HTTP/1.1" 200 -
06:10:50 "POST /collect HTTP/1.1" 200 -
06:10:50 "POST /collect HTTP/1.1" 200 -
06:10:50 CF POST /sessions/66a366249821fc29185d89067da3687ab8f088775beb65d4b6fe3a6c65d080a8/tracks/new -> 200 (466 ms)
06:10:50 "POST /cf/sessions/66a366249821fc29185d89067da3687ab8f088775beb65d4b6fe3a6c65d080a8/tracks/new HTTP/1.1" 200 -
06:10:50 "POST /collect HTTP/1.1" 200 -
06:10:50 "POST /collect HTTP/1.1" 200 -
06:10:50 "POST /save/pub-answer-u.sdp HTTP/1.1" 200 -
06:10:50 "POST /collect HTTP/1.1" 200 -
06:10:50 "POST /collect HTTP/1.1" 200 -
06:10:50 "POST /collect HTTP/1.1" 200 -
06:10:50 CF POST /sessions/800a7a9c823a6750db46aeb1e2c401b248883958e64e34f5b1efe297de275000/tracks/new -> 200 (463 ms)
06:10:50 "POST /cf/sessions/800a7a9c823a6750db46aeb1e2c401b248883958e64e34f5b1efe297de275000/tracks/new HTTP/1.1" 200 -
06:10:50 "POST /save/pub-answer-f.sdp HTTP/1.1" 200 -
06:10:50 "POST /collect HTTP/1.1" 200 -
06:10:50 "POST /collect HTTP/1.1" 200 -
06:10:50 "POST /collect HTTP/1.1" 200 -
06:10:50 CF POST /sessions/b4cfe33e28df930b2ed4240a2850b33dcecddca7fc87bff13f6e2805ddfbc06c/tracks/new -> 200 (518 ms)
06:10:50 "POST /cf/sessions/b4cfe33e28df930b2ed4240a2850b33dcecddca7fc87bff13f6e2805ddfbc06c/tracks/new HTTP/1.1" 200 -
06:10:50 "POST /save/pub-answer-d.sdp HTTP/1.1" 200 -
06:10:50 CF POST /sessions/26aceb4552c07a2af71ec8c5b35eecc5e6116c8699f812ff211195692ccd317f/tracks/new -> 200 (527 ms)
06:10:50 "POST /cf/sessions/26aceb4552c07a2af71ec8c5b35eecc5e6116c8699f812ff211195692ccd317f/tracks/new HTTP/1.1" 200 -
06:10:50 CF POST /sessions/d2904b4a2dfdddac731d3b132bd0d6be1b73b847bfa04a4164428db6164c8c0a/tracks/new -> 200 (565 ms)
06:10:50 CF POST /sessions/0467085ef5313dd7608f55434453d9f6bfeca1ffa5a2c00f35b8ea1c1400917a/tracks/new -> 200 (560 ms)
06:10:50 "POST /cf/sessions/0467085ef5313dd7608f55434453d9f6bfeca1ffa5a2c00f35b8ea1c1400917a/tracks/new HTTP/1.1" 200 -
06:10:50 "POST /cf/sessions/d2904b4a2dfdddac731d3b132bd0d6be1b73b847bfa04a4164428db6164c8c0a/tracks/new HTTP/1.1" 200 -
06:10:50 "POST /collect HTTP/1.1" 200 -
06:10:50 "POST /save/pub-answer-i.sdp HTTP/1.1" 200 -
06:10:50 "POST /save/pub-answer-s.sdp HTTP/1.1" 200 -
06:10:50 "POST /collect HTTP/1.1" 200 -
06:10:50 "POST /save/pub-answer-q.sdp HTTP/1.1" 200 -
06:10:50 "POST /collect HTTP/1.1" 200 -
06:10:50 "POST /collect HTTP/1.1" 200 -
06:10:50 CF POST /sessions/5f82fb1129a8a3fd2b4edeebeae6e3fef130d34db65013e12e07885505b0636e/tracks/new -> 200 (548 ms)
06:10:50 "POST /cf/sessions/5f82fb1129a8a3fd2b4edeebeae6e3fef130d34db65013e12e07885505b0636e/tracks/new HTTP/1.1" 200 -
06:10:50 "POST /collect HTTP/1.1" 200 -
06:10:50 "POST /collect HTTP/1.1" 200 -
06:10:50 "POST /collect HTTP/1.1" 200 -
06:10:50 "POST /save/pub-answer-k.sdp HTTP/1.1" 200 -
06:10:50 "POST /collect HTTP/1.1" 200 -
06:10:50 "POST /collect HTTP/1.1" 200 -
06:10:50 "POST /collect HTTP/1.1" 200 -
06:10:50 CF POST /sessions/a8eaac99634a3a9cf7ac83820012e5dce896d7d1821661e7c26c053ca6951fe2/tracks/new -> 200 (545 ms)
06:10:50 "POST /cf/sessions/a8eaac99634a3a9cf7ac83820012e5dce896d7d1821661e7c26c053ca6951fe2/tracks/new HTTP/1.1" 200 -
06:10:50 "POST /collect HTTP/1.1" 200 -
06:10:50 "POST /collect HTTP/1.1" 200 -
06:10:50 "POST /collect HTTP/1.1" 200 -
06:10:50 "POST /collect HTTP/1.1" 200 -
06:10:50 "POST /collect HTTP/1.1" 200 -
06:10:50 "POST /save/pub-answer-n.sdp HTTP/1.1" 200 -
06:10:50 "POST /collect HTTP/1.1" 200 -
06:10:50 "POST /collect HTTP/1.1" 200 -
06:10:50 "POST /collect HTTP/1.1" 200 -
06:10:50 "POST /collect HTTP/1.1" 200 -
06:10:50 CF POST /sessions/e30622c7a1e163249451a5ead3d4adf838869018c70726477ef41f803c92c84b/tracks/new -> 200 (566 ms)
06:10:50 "POST /cf/sessions/e30622c7a1e163249451a5ead3d4adf838869018c70726477ef41f803c92c84b/tracks/new HTTP/1.1" 200 -
06:10:50 CF POST /sessions/28e26df70f581560a261b8f58c413475be269ee20416da8887cb1ea467553d05/tracks/new -> 200 (539 ms)
06:10:50 "POST /cf/sessions/28e26df70f581560a261b8f58c413475be269ee20416da8887cb1ea467553d05/tracks/new HTTP/1.1" 200 -
06:10:50 "POST /save/pub-answer-g.sdp HTTP/1.1" 200 -
06:10:50 "POST /save/pub-answer-l.sdp HTTP/1.1" 200 -
06:10:50 "POST /collect HTTP/1.1" 200 -
06:10:50 "POST /collect HTTP/1.1" 200 -
06:10:50 "POST /collect HTTP/1.1" 200 -
06:10:50 "POST /collect HTTP/1.1" 200 -
06:10:50 "POST /collect HTTP/1.1" 200 -
06:10:50 CF POST /sessions/d06dfa7ffbead903e2e9130f5bcff0ca3a05a77082da3b38fdabe93502d31b93/tracks/new -> 200 (585 ms)
06:10:50 "POST /collect HTTP/1.1" 200 -
06:10:50 "POST /cf/sessions/d06dfa7ffbead903e2e9130f5bcff0ca3a05a77082da3b38fdabe93502d31b93/tracks/new HTTP/1.1" 200 -
06:10:50 CF POST /sessions/6e37d525f8538f6e29bed312a438a2bf6cc3c5b9cf67a5c83e237af987872dd3/tracks/new -> 200 (517 ms)
06:10:50 "POST /cf/sessions/6e37d525f8538f6e29bed312a438a2bf6cc3c5b9cf67a5c83e237af987872dd3/tracks/new HTTP/1.1" 200 -
06:10:50 "POST /collect HTTP/1.1" 200 -
06:10:50 "POST /collect HTTP/1.1" 200 -
06:10:50 CF POST /sessions/6d962339cdc2cd7eae6fccd721b7c435cc1071c5889638fa0b3337a67ac0774f/tracks/new -> 200 (577 ms)
06:10:50 "POST /cf/sessions/6d962339cdc2cd7eae6fccd721b7c435cc1071c5889638fa0b3337a67ac0774f/tracks/new HTTP/1.1" 200 -
06:10:50 "POST /save/pub-answer-j.sdp HTTP/1.1" 200 -
06:10:50 "POST /save/pub-answer-p.sdp HTTP/1.1" 200 -
06:10:50 "POST /save/pub-answer-e.sdp HTTP/1.1" 200 -
06:10:50 "POST /collect HTTP/1.1" 200 -
06:10:50 "POST /collect HTTP/1.1" 200 -
06:10:50 "POST /collect HTTP/1.1" 200 -
06:10:50 "POST /collect HTTP/1.1" 200 -
06:10:50 "POST /collect HTTP/1.1" 200 -
06:10:50 "POST /collect HTTP/1.1" 200 -
06:10:50 "POST /collect HTTP/1.1" 200 -
06:10:50 "POST /collect HTTP/1.1" 200 -
06:10:50 "POST /collect HTTP/1.1" 200 -
06:10:50 CF POST /sessions/af19bda87a3d43d3d6cf7e72c13d55611f03ae6055669d2272e9e8161f097c90/tracks/new -> 200 (620 ms)
06:10:50 "POST /cf/sessions/af19bda87a3d43d3d6cf7e72c13d55611f03ae6055669d2272e9e8161f097c90/tracks/new HTTP/1.1" 200 -
06:10:50 CF POST /sessions/e28e41b8cf5e95f187916bbcbc39d6a15b1dcd3f61d508c0e6b99012d57d1f8b/tracks/new -> 200 (609 ms)
06:10:50 "POST /cf/sessions/e28e41b8cf5e95f187916bbcbc39d6a15b1dcd3f61d508c0e6b99012d57d1f8b/tracks/new HTTP/1.1" 200 -
06:10:50 "POST /save/pub-answer-o.sdp HTTP/1.1" 200 -
06:10:50 "POST /save/pub-answer-1.sdp HTTP/1.1" 200 -
06:10:50 "POST /collect HTTP/1.1" 200 -
06:10:50 "POST /collect HTTP/1.1" 200 -
06:10:50 "POST /collect HTTP/1.1" 200 -
06:10:50 CF POST /sessions/afe81ef7805b1e89a08e66f0af1ed909595e9e9c8ce57ae77d65d2404b3135b4/tracks/new -> 200 (571 ms)
06:10:50 "POST /cf/sessions/afe81ef7805b1e89a08e66f0af1ed909595e9e9c8ce57ae77d65d2404b3135b4/tracks/new HTTP/1.1" 200 -
06:10:50 "POST /collect HTTP/1.1" 200 -
06:10:50 "POST /collect HTTP/1.1" 200 -
06:10:50 "POST /collect HTTP/1.1" 200 -
06:10:50 "POST /save/pub-answer-b.sdp HTTP/1.1" 200 -
06:10:50 "POST /collect HTTP/1.1" 200 -
06:10:50 "POST /collect HTTP/1.1" 200 -
06:10:50 "POST /collect HTTP/1.1" 200 -
06:10:50 "POST /collect HTTP/1.1" 200 -
06:10:50 "POST /collect HTTP/1.1" 200 -
06:10:50 "POST /join HTTP/1.1" 200 -
06:10:50 "POST /collect HTTP/1.1" 200 -
06:10:50 "POST /collect HTTP/1.1" 200 -
06:10:50 "POST /collect HTTP/1.1" 200 -
06:10:50 "POST /collect HTTP/1.1" 200 -
06:10:50 "POST /collect HTTP/1.1" 200 -
06:10:50 "POST /collect HTTP/1.1" 200 -
06:10:50 "POST /join HTTP/1.1" 200 -
06:10:50 "POST /collect HTTP/1.1" 200 -
06:10:50 "POST /join HTTP/1.1" 200 -
06:10:50 "POST /collect HTTP/1.1" 200 -
06:10:50 "POST /join HTTP/1.1" 200 -
06:10:50 "POST /join HTTP/1.1" 200 -
06:10:50 "POST /join HTTP/1.1" 200 -
06:10:50 "POST /collect HTTP/1.1" 200 -
06:10:50 "POST /collect HTTP/1.1" 200 -
06:10:50 "GET /roster HTTP/1.1" 200 -
06:10:50 "POST /collect HTTP/1.1" 200 -
06:10:50 "POST /join HTTP/1.1" 200 -
06:10:50 "POST /collect HTTP/1.1" 200 -
06:10:50 "POST /collect HTTP/1.1" 200 -
06:10:50 "POST /collect HTTP/1.1" 200 -
06:10:50 "POST /collect HTTP/1.1" 200 -
06:10:50 "POST /join HTTP/1.1" 200 -
06:10:50 "POST /collect HTTP/1.1" 200 -
06:10:50 "POST /collect HTTP/1.1" 200 -
06:10:50 "POST /collect HTTP/1.1" 200 -
06:10:50 "POST /collect HTTP/1.1" 200 -
06:10:50 "POST /collect HTTP/1.1" 200 -
06:10:50 "POST /collect HTTP/1.1" 200 -
06:10:50 "POST /collect HTTP/1.1" 200 -
06:10:50 "POST /collect HTTP/1.1" 200 -
06:10:50 "POST /join HTTP/1.1" 200 -
06:10:50 "POST /collect HTTP/1.1" 200 -
06:10:50 "POST /collect HTTP/1.1" 200 -
06:10:50 "POST /join HTTP/1.1" 200 -
06:10:50 "POST /join HTTP/1.1" 200 -
06:10:50 "POST /collect HTTP/1.1" 200 -
06:10:50 "POST /collect HTTP/1.1" 200 -
06:10:50 "POST /collect HTTP/1.1" 200 -
06:10:50 "POST /collect HTTP/1.1" 200 -
06:10:50 "POST /join HTTP/1.1" 200 -
06:10:50 "POST /collect HTTP/1.1" 200 -
06:10:50 "POST /join HTTP/1.1" 200 -
06:10:50 "POST /join HTTP/1.1" 200 -
06:10:50 "POST /collect HTTP/1.1" 200 -
06:10:50 "POST /collect HTTP/1.1" 200 -
06:10:50 "POST /join HTTP/1.1" 200 -
06:10:50 "POST /join HTTP/1.1" 200 -
06:10:50 "POST /collect HTTP/1.1" 200 -
06:10:50 "POST /collect HTTP/1.1" 200 -
06:10:50 "POST /join HTTP/1.1" 200 -
06:10:50 "POST /collect HTTP/1.1" 200 -
06:10:50 "GET /roster HTTP/1.1" 200 -
06:10:50 "POST /join HTTP/1.1" 200 -
06:10:50 "POST /collect HTTP/1.1" 200 -
06:10:50 "POST /collect HTTP/1.1" 200 -
06:10:50 CF POST /sessions/f209c8d1611a489c044346c73e32a4e0e9361cd6c38e7b0f5998e294166f81bc/tracks/new -> 200 (253 ms)
06:10:50 "POST /cf/sessions/f209c8d1611a489c044346c73e32a4e0e9361cd6c38e7b0f5998e294166f81bc/tracks/new HTTP/1.1" 200 -
06:10:50 CF POST /sessions/e28e41b8cf5e95f187916bbcbc39d6a15b1dcd3f61d508c0e6b99012d57d1f8b/tracks/new -> 200 (214 ms)
06:10:50 "POST /cf/sessions/e28e41b8cf5e95f187916bbcbc39d6a15b1dcd3f61d508c0e6b99012d57d1f8b/tracks/new HTTP/1.1" 200 -
06:10:51 CF PUT /sessions/f209c8d1611a489c044346c73e32a4e0e9361cd6c38e7b0f5998e294166f81bc/renegotiate -> 200 (157 ms)
06:10:51 "PUT /cf/sessions/f209c8d1611a489c044346c73e32a4e0e9361cd6c38e7b0f5998e294166f81bc/renegotiate HTTP/1.1" 200 -
06:10:51 "POST /collect HTTP/1.1" 200 -
06:10:51 CF PUT /sessions/e28e41b8cf5e95f187916bbcbc39d6a15b1dcd3f61d508c0e6b99012d57d1f8b/renegotiate -> 200 (139 ms)
06:10:51 "PUT /cf/sessions/e28e41b8cf5e95f187916bbcbc39d6a15b1dcd3f61d508c0e6b99012d57d1f8b/renegotiate HTTP/1.1" 200 -
06:10:51 "POST /collect HTTP/1.1" 200 -
06:10:51 CF POST /sessions/f209c8d1611a489c044346c73e32a4e0e9361cd6c38e7b0f5998e294166f81bc/tracks/new -> 200 (292 ms)
06:10:51 "POST /cf/sessions/f209c8d1611a489c044346c73e32a4e0e9361cd6c38e7b0f5998e294166f81bc/tracks/new HTTP/1.1" 200 -
06:10:51 CF POST /sessions/e28e41b8cf5e95f187916bbcbc39d6a15b1dcd3f61d508c0e6b99012d57d1f8b/tracks/new -> 200 (211 ms)
06:10:51 "POST /cf/sessions/e28e41b8cf5e95f187916bbcbc39d6a15b1dcd3f61d508c0e6b99012d57d1f8b/tracks/new HTTP/1.1" 200 -
06:10:51 CF PUT /sessions/f209c8d1611a489c044346c73e32a4e0e9361cd6c38e7b0f5998e294166f81bc/renegotiate -> 200 (142 ms)
06:10:51 "PUT /cf/sessions/f209c8d1611a489c044346c73e32a4e0e9361cd6c38e7b0f5998e294166f81bc/renegotiate HTTP/1.1" 200 -
06:10:51 "POST /collect HTTP/1.1" 200 -
06:10:51 "POST /collect HTTP/1.1" 200 -
06:10:51 CF PUT /sessions/e28e41b8cf5e95f187916bbcbc39d6a15b1dcd3f61d508c0e6b99012d57d1f8b/renegotiate -> 200 (142 ms)
06:10:51 "PUT /cf/sessions/e28e41b8cf5e95f187916bbcbc39d6a15b1dcd3f61d508c0e6b99012d57d1f8b/renegotiate HTTP/1.1" 200 -
06:10:51 "POST /collect HTTP/1.1" 200 -
06:10:51 "POST /join HTTP/1.1" 200 -
06:10:51 "POST /collect HTTP/1.1" 200 -
06:10:51 "POST /join HTTP/1.1" 200 -
06:10:51 "POST /collect HTTP/1.1" 200 -
06:10:51 "POST /join HTTP/1.1" 200 -
06:10:51 "POST /join HTTP/1.1" 200 -
06:10:51 "POST /collect HTTP/1.1" 200 -
06:10:51 "POST /collect HTTP/1.1" 200 -
06:10:51 CF POST /sessions/e28e41b8cf5e95f187916bbcbc39d6a15b1dcd3f61d508c0e6b99012d57d1f8b/tracks/new -> 200 (349 ms)
06:10:51 "POST /cf/sessions/e28e41b8cf5e95f187916bbcbc39d6a15b1dcd3f61d508c0e6b99012d57d1f8b/tracks/new HTTP/1.1" 200 -
06:10:51 CF POST /sessions/f209c8d1611a489c044346c73e32a4e0e9361cd6c38e7b0f5998e294166f81bc/tracks/new -> 200 (360 ms)
06:10:51 "POST /cf/sessions/f209c8d1611a489c044346c73e32a4e0e9361cd6c38e7b0f5998e294166f81bc/tracks/new HTTP/1.1" 200 -
06:10:51 "POST /join HTTP/1.1" 200 -
06:10:51 "POST /collect HTTP/1.1" 200 -
06:10:51 "POST /join HTTP/1.1" 200 -
06:10:51 "POST /collect HTTP/1.1" 200 -
06:10:51 CF PUT /sessions/e28e41b8cf5e95f187916bbcbc39d6a15b1dcd3f61d508c0e6b99012d57d1f8b/renegotiate -> 200 (146 ms)
06:10:51 "PUT /cf/sessions/e28e41b8cf5e95f187916bbcbc39d6a15b1dcd3f61d508c0e6b99012d57d1f8b/renegotiate HTTP/1.1" 200 -
06:10:51 "POST /collect HTTP/1.1" 200 -
06:10:52 CF PUT /sessions/f209c8d1611a489c044346c73e32a4e0e9361cd6c38e7b0f5998e294166f81bc/renegotiate -> 200 (160 ms)
06:10:52 "PUT /cf/sessions/f209c8d1611a489c044346c73e32a4e0e9361cd6c38e7b0f5998e294166f81bc/renegotiate HTTP/1.1" 200 -
06:10:52 "POST /collect HTTP/1.1" 200 -
06:10:52 CF POST /sessions/e28e41b8cf5e95f187916bbcbc39d6a15b1dcd3f61d508c0e6b99012d57d1f8b/tracks/new -> 200 (256 ms)
06:10:52 "POST /cf/sessions/e28e41b8cf5e95f187916bbcbc39d6a15b1dcd3f61d508c0e6b99012d57d1f8b/tracks/new HTTP/1.1" 200 -
06:10:52 CF POST /sessions/f209c8d1611a489c044346c73e32a4e0e9361cd6c38e7b0f5998e294166f81bc/tracks/new -> 200 (251 ms)
06:10:52 "POST /cf/sessions/f209c8d1611a489c044346c73e32a4e0e9361cd6c38e7b0f5998e294166f81bc/tracks/new HTTP/1.1" 200 -
06:10:52 "POST /collect HTTP/1.1" 200 -
06:10:52 CF PUT /sessions/f209c8d1611a489c044346c73e32a4e0e9361cd6c38e7b0f5998e294166f81bc/renegotiate -> 200 (137 ms)
06:10:52 "PUT /cf/sessions/f209c8d1611a489c044346c73e32a4e0e9361cd6c38e7b0f5998e294166f81bc/renegotiate HTTP/1.1" 200 -
06:10:52 "POST /collect HTTP/1.1" 200 -
06:10:52 CF PUT /sessions/e28e41b8cf5e95f187916bbcbc39d6a15b1dcd3f61d508c0e6b99012d57d1f8b/renegotiate -> 200 (156 ms)
06:10:52 "PUT /cf/sessions/e28e41b8cf5e95f187916bbcbc39d6a15b1dcd3f61d508c0e6b99012d57d1f8b/renegotiate HTTP/1.1" 200 -
06:10:52 "POST /collect HTTP/1.1" 200 -
06:10:52 "POST /collect HTTP/1.1" 200 -
06:10:52 CF POST /sessions/f209c8d1611a489c044346c73e32a4e0e9361cd6c38e7b0f5998e294166f81bc/tracks/new -> 200 (157 ms)
06:10:52 "POST /cf/sessions/f209c8d1611a489c044346c73e32a4e0e9361cd6c38e7b0f5998e294166f81bc/tracks/new HTTP/1.1" 200 -
06:10:52 "GET /roster HTTP/1.1" 200 -
06:10:52 "POST /collect HTTP/1.1" 200 -
06:10:52 CF POST /sessions/e28e41b8cf5e95f187916bbcbc39d6a15b1dcd3f61d508c0e6b99012d57d1f8b/tracks/new -> 200 (293 ms)
06:10:52 "POST /cf/sessions/e28e41b8cf5e95f187916bbcbc39d6a15b1dcd3f61d508c0e6b99012d57d1f8b/tracks/new HTTP/1.1" 200 -
06:10:52 "GET /roster HTTP/1.1" 200 -
06:10:52 CF PUT /sessions/f209c8d1611a489c044346c73e32a4e0e9361cd6c38e7b0f5998e294166f81bc/renegotiate -> 200 (157 ms)
06:10:52 "PUT /cf/sessions/f209c8d1611a489c044346c73e32a4e0e9361cd6c38e7b0f5998e294166f81bc/renegotiate HTTP/1.1" 200 -
06:10:52 "POST /collect HTTP/1.1" 200 -
06:10:52 "POST /collect HTTP/1.1" 200 -
06:10:52 CF PUT /sessions/e28e41b8cf5e95f187916bbcbc39d6a15b1dcd3f61d508c0e6b99012d57d1f8b/renegotiate -> 200 (157 ms)
06:10:52 "PUT /cf/sessions/e28e41b8cf5e95f187916bbcbc39d6a15b1dcd3f61d508c0e6b99012d57d1f8b/renegotiate HTTP/1.1" 200 -
06:10:52 "POST /collect HTTP/1.1" 200 -
06:10:53 CF POST /sessions/f209c8d1611a489c044346c73e32a4e0e9361cd6c38e7b0f5998e294166f81bc/tracks/new -> 200 (272 ms)
06:10:53 "POST /cf/sessions/f209c8d1611a489c044346c73e32a4e0e9361cd6c38e7b0f5998e294166f81bc/tracks/new HTTP/1.1" 200 -
06:10:53 CF POST /sessions/e28e41b8cf5e95f187916bbcbc39d6a15b1dcd3f61d508c0e6b99012d57d1f8b/tracks/new -> 200 (205 ms)
06:10:53 "POST /cf/sessions/e28e41b8cf5e95f187916bbcbc39d6a15b1dcd3f61d508c0e6b99012d57d1f8b/tracks/new HTTP/1.1" 200 -
06:10:53 CF PUT /sessions/f209c8d1611a489c044346c73e32a4e0e9361cd6c38e7b0f5998e294166f81bc/renegotiate -> 200 (166 ms)
06:10:53 "PUT /cf/sessions/f209c8d1611a489c044346c73e32a4e0e9361cd6c38e7b0f5998e294166f81bc/renegotiate HTTP/1.1" 200 -
06:10:53 "POST /collect HTTP/1.1" 200 -
06:10:53 CF PUT /sessions/e28e41b8cf5e95f187916bbcbc39d6a15b1dcd3f61d508c0e6b99012d57d1f8b/renegotiate -> 200 (173 ms)
06:10:53 "PUT /cf/sessions/e28e41b8cf5e95f187916bbcbc39d6a15b1dcd3f61d508c0e6b99012d57d1f8b/renegotiate HTTP/1.1" 200 -
06:10:53 "POST /collect HTTP/1.1" 200 -
06:10:53 "POST /collect HTTP/1.1" 200 -
06:10:53 CF POST /sessions/f209c8d1611a489c044346c73e32a4e0e9361cd6c38e7b0f5998e294166f81bc/tracks/new -> 200 (256 ms)
06:10:53 "POST /cf/sessions/f209c8d1611a489c044346c73e32a4e0e9361cd6c38e7b0f5998e294166f81bc/tracks/new HTTP/1.1" 200 -
06:10:53 "POST /collect HTTP/1.1" 200 -
06:10:53 CF POST /sessions/e28e41b8cf5e95f187916bbcbc39d6a15b1dcd3f61d508c0e6b99012d57d1f8b/tracks/new -> 200 (183 ms)
06:10:53 "POST /cf/sessions/e28e41b8cf5e95f187916bbcbc39d6a15b1dcd3f61d508c0e6b99012d57d1f8b/tracks/new HTTP/1.1" 200 -
06:10:53 "POST /collect HTTP/1.1" 200 -
06:10:53 "POST /collect HTTP/1.1" 200 -
06:10:53 "POST /collect HTTP/1.1" 200 -
06:10:53 "POST /collect HTTP/1.1" 200 -
06:10:53 "POST /collect HTTP/1.1" 200 -
06:10:53 "POST /collect HTTP/1.1" 200 -
06:10:53 "POST /collect HTTP/1.1" 200 -
06:10:53 CF PUT /sessions/f209c8d1611a489c044346c73e32a4e0e9361cd6c38e7b0f5998e294166f81bc/renegotiate -> 200 (153 ms)
06:10:53 "PUT /cf/sessions/f209c8d1611a489c044346c73e32a4e0e9361cd6c38e7b0f5998e294166f81bc/renegotiate HTTP/1.1" 200 -
06:10:53 "POST /collect HTTP/1.1" 200 -
06:10:53 CF PUT /sessions/e28e41b8cf5e95f187916bbcbc39d6a15b1dcd3f61d508c0e6b99012d57d1f8b/renegotiate -> 200 (151 ms)
06:10:53 "PUT /cf/sessions/e28e41b8cf5e95f187916bbcbc39d6a15b1dcd3f61d508c0e6b99012d57d1f8b/renegotiate HTTP/1.1" 200 -
06:10:53 "POST /collect HTTP/1.1" 200 -
06:10:53 "POST /collect HTTP/1.1" 200 -
06:10:53 "POST /collect HTTP/1.1" 200 -
06:10:53 "POST /collect HTTP/1.1" 200 -
06:10:53 "POST /collect HTTP/1.1" 200 -
06:10:53 "POST /collect HTTP/1.1" 200 -
06:10:53 "POST /collect HTTP/1.1" 200 -
06:10:53 "POST /collect HTTP/1.1" 200 -
06:10:53 "POST /collect HTTP/1.1" 200 -
06:10:53 "POST /collect HTTP/1.1" 200 -
06:10:53 CF POST /sessions/e28e41b8cf5e95f187916bbcbc39d6a15b1dcd3f61d508c0e6b99012d57d1f8b/tracks/new -> 200 (140 ms)
06:10:53 "POST /cf/sessions/e28e41b8cf5e95f187916bbcbc39d6a15b1dcd3f61d508c0e6b99012d57d1f8b/tracks/new HTTP/1.1" 200 -
06:10:53 CF POST /sessions/f209c8d1611a489c044346c73e32a4e0e9361cd6c38e7b0f5998e294166f81bc/tracks/new -> 200 (254 ms)
06:10:53 "POST /cf/sessions/f209c8d1611a489c044346c73e32a4e0e9361cd6c38e7b0f5998e294166f81bc/tracks/new HTTP/1.1" 200 -
06:10:53 CF PUT /sessions/e28e41b8cf5e95f187916bbcbc39d6a15b1dcd3f61d508c0e6b99012d57d1f8b/renegotiate -> 200 (163 ms)
06:10:53 "PUT /cf/sessions/e28e41b8cf5e95f187916bbcbc39d6a15b1dcd3f61d508c0e6b99012d57d1f8b/renegotiate HTTP/1.1" 200 -
06:10:53 "POST /collect HTTP/1.1" 200 -
06:10:54 CF PUT /sessions/f209c8d1611a489c044346c73e32a4e0e9361cd6c38e7b0f5998e294166f81bc/renegotiate -> 200 (166 ms)
06:10:54 "PUT /cf/sessions/f209c8d1611a489c044346c73e32a4e0e9361cd6c38e7b0f5998e294166f81bc/renegotiate HTTP/1.1" 200 -
06:10:54 "POST /collect HTTP/1.1" 200 -
06:10:54 CF POST /sessions/e28e41b8cf5e95f187916bbcbc39d6a15b1dcd3f61d508c0e6b99012d57d1f8b/tracks/new -> 200 (207 ms)
06:10:54 "POST /cf/sessions/e28e41b8cf5e95f187916bbcbc39d6a15b1dcd3f61d508c0e6b99012d57d1f8b/tracks/new HTTP/1.1" 200 -
06:10:54 CF POST /sessions/f209c8d1611a489c044346c73e32a4e0e9361cd6c38e7b0f5998e294166f81bc/tracks/new -> 200 (245 ms)
06:10:54 "POST /cf/sessions/f209c8d1611a489c044346c73e32a4e0e9361cd6c38e7b0f5998e294166f81bc/tracks/new HTTP/1.1" 200 -
06:10:54 "POST /collect HTTP/1.1" 200 -
06:10:54 CF PUT /sessions/e28e41b8cf5e95f187916bbcbc39d6a15b1dcd3f61d508c0e6b99012d57d1f8b/renegotiate -> 200 (184 ms)
06:10:54 "PUT /cf/sessions/e28e41b8cf5e95f187916bbcbc39d6a15b1dcd3f61d508c0e6b99012d57d1f8b/renegotiate HTTP/1.1" 200 -
06:10:54 "POST /collect HTTP/1.1" 200 -
06:10:54 "POST /collect HTTP/1.1" 200 -
06:10:54 CF PUT /sessions/f209c8d1611a489c044346c73e32a4e0e9361cd6c38e7b0f5998e294166f81bc/renegotiate -> 200 (202 ms)
06:10:54 "PUT /cf/sessions/f209c8d1611a489c044346c73e32a4e0e9361cd6c38e7b0f5998e294166f81bc/renegotiate HTTP/1.1" 200 -
06:10:54 "POST /collect HTTP/1.1" 200 -
06:10:54 "GET /roster HTTP/1.1" 200 -
06:10:54 "POST /collect HTTP/1.1" 200 -
06:10:54 CF POST /sessions/e28e41b8cf5e95f187916bbcbc39d6a15b1dcd3f61d508c0e6b99012d57d1f8b/tracks/new -> 200 (224 ms)
06:10:54 "POST /cf/sessions/e28e41b8cf5e95f187916bbcbc39d6a15b1dcd3f61d508c0e6b99012d57d1f8b/tracks/new HTTP/1.1" 200 -
06:10:54 "POST /collect HTTP/1.1" 200 -
06:10:54 "POST /collect HTTP/1.1" 200 -
06:10:54 "GET /roster HTTP/1.1" 200 -
06:10:54 "POST /collect HTTP/1.1" 200 -
06:10:54 "POST /collect HTTP/1.1" 200 -
06:10:54 "POST /collect HTTP/1.1" 200 -
06:10:54 CF POST /sessions/f209c8d1611a489c044346c73e32a4e0e9361cd6c38e7b0f5998e294166f81bc/tracks/new -> 200 (273 ms)
06:10:54 CF PUT /sessions/e28e41b8cf5e95f187916bbcbc39d6a15b1dcd3f61d508c0e6b99012d57d1f8b/renegotiate -> 200 (161 ms)
06:10:54 "PUT /cf/sessions/e28e41b8cf5e95f187916bbcbc39d6a15b1dcd3f61d508c0e6b99012d57d1f8b/renegotiate HTTP/1.1" 200 -
06:10:54 "POST /cf/sessions/f209c8d1611a489c044346c73e32a4e0e9361cd6c38e7b0f5998e294166f81bc/tracks/new HTTP/1.1" 200 -
06:10:54 "POST /collect HTTP/1.1" 200 -
06:10:54 "POST /collect HTTP/1.1" 200 -
06:10:54 "POST /collect HTTP/1.1" 200 -
06:10:55 CF POST /sessions/e28e41b8cf5e95f187916bbcbc39d6a15b1dcd3f61d508c0e6b99012d57d1f8b/tracks/new -> 200 (193 ms)
06:10:55 "POST /cf/sessions/e28e41b8cf5e95f187916bbcbc39d6a15b1dcd3f61d508c0e6b99012d57d1f8b/tracks/new HTTP/1.1" 200 -
06:10:55 CF PUT /sessions/f209c8d1611a489c044346c73e32a4e0e9361cd6c38e7b0f5998e294166f81bc/renegotiate -> 200 (172 ms)
06:10:55 "PUT /cf/sessions/f209c8d1611a489c044346c73e32a4e0e9361cd6c38e7b0f5998e294166f81bc/renegotiate HTTP/1.1" 200 -
06:10:55 "POST /collect HTTP/1.1" 200 -
06:10:55 CF PUT /sessions/e28e41b8cf5e95f187916bbcbc39d6a15b1dcd3f61d508c0e6b99012d57d1f8b/renegotiate -> 200 (188 ms)
06:10:55 "PUT /cf/sessions/e28e41b8cf5e95f187916bbcbc39d6a15b1dcd3f61d508c0e6b99012d57d1f8b/renegotiate HTTP/1.1" 200 -
06:10:55 "POST /collect HTTP/1.1" 200 -
06:10:55 CF POST /sessions/f209c8d1611a489c044346c73e32a4e0e9361cd6c38e7b0f5998e294166f81bc/tracks/new -> 200 (220 ms)
06:10:55 "POST /cf/sessions/f209c8d1611a489c044346c73e32a4e0e9361cd6c38e7b0f5998e294166f81bc/tracks/new HTTP/1.1" 200 -
06:10:55 "POST /collect HTTP/1.1" 200 -
06:10:55 CF POST /sessions/e28e41b8cf5e95f187916bbcbc39d6a15b1dcd3f61d508c0e6b99012d57d1f8b/tracks/new -> 200 (134 ms)
06:10:55 "POST /cf/sessions/e28e41b8cf5e95f187916bbcbc39d6a15b1dcd3f61d508c0e6b99012d57d1f8b/tracks/new HTTP/1.1" 200 -
06:10:55 "POST /collect HTTP/1.1" 200 -
06:10:55 CF PUT /sessions/f209c8d1611a489c044346c73e32a4e0e9361cd6c38e7b0f5998e294166f81bc/renegotiate -> 200 (173 ms)
06:10:55 "PUT /cf/sessions/f209c8d1611a489c044346c73e32a4e0e9361cd6c38e7b0f5998e294166f81bc/renegotiate HTTP/1.1" 200 -
06:10:55 "POST /collect HTTP/1.1" 200 -
06:10:55 CF PUT /sessions/e28e41b8cf5e95f187916bbcbc39d6a15b1dcd3f61d508c0e6b99012d57d1f8b/renegotiate -> 200 (202 ms)
06:10:55 "PUT /cf/sessions/e28e41b8cf5e95f187916bbcbc39d6a15b1dcd3f61d508c0e6b99012d57d1f8b/renegotiate HTTP/1.1" 200 -
06:10:55 "POST /collect HTTP/1.1" 200 -
06:10:55 CF POST /sessions/f209c8d1611a489c044346c73e32a4e0e9361cd6c38e7b0f5998e294166f81bc/tracks/new -> 200 (249 ms)
06:10:55 "POST /cf/sessions/f209c8d1611a489c044346c73e32a4e0e9361cd6c38e7b0f5998e294166f81bc/tracks/new HTTP/1.1" 200 -
06:10:55 CF POST /sessions/e28e41b8cf5e95f187916bbcbc39d6a15b1dcd3f61d508c0e6b99012d57d1f8b/tracks/new -> 200 (189 ms)
06:10:55 "POST /cf/sessions/e28e41b8cf5e95f187916bbcbc39d6a15b1dcd3f61d508c0e6b99012d57d1f8b/tracks/new HTTP/1.1" 200 -
06:10:55 CF PUT /sessions/f209c8d1611a489c044346c73e32a4e0e9361cd6c38e7b0f5998e294166f81bc/renegotiate -> 200 (167 ms)
06:10:55 "PUT /cf/sessions/f209c8d1611a489c044346c73e32a4e0e9361cd6c38e7b0f5998e294166f81bc/renegotiate HTTP/1.1" 200 -
06:10:55 "POST /collect HTTP/1.1" 200 -
06:10:56 CF PUT /sessions/e28e41b8cf5e95f187916bbcbc39d6a15b1dcd3f61d508c0e6b99012d57d1f8b/renegotiate -> 200 (164 ms)
06:10:56 "PUT /cf/sessions/e28e41b8cf5e95f187916bbcbc39d6a15b1dcd3f61d508c0e6b99012d57d1f8b/renegotiate HTTP/1.1" 200 -
06:10:56 "POST /collect HTTP/1.1" 200 -
06:10:56 CF POST /sessions/f209c8d1611a489c044346c73e32a4e0e9361cd6c38e7b0f5998e294166f81bc/tracks/new -> 200 (262 ms)
06:10:56 "POST /cf/sessions/f209c8d1611a489c044346c73e32a4e0e9361cd6c38e7b0f5998e294166f81bc/tracks/new HTTP/1.1" 200 -
06:10:56 CF POST /sessions/e28e41b8cf5e95f187916bbcbc39d6a15b1dcd3f61d508c0e6b99012d57d1f8b/tracks/new -> 200 (216 ms)
06:10:56 "POST /cf/sessions/e28e41b8cf5e95f187916bbcbc39d6a15b1dcd3f61d508c0e6b99012d57d1f8b/tracks/new HTTP/1.1" 200 -
06:10:56 "POST /collect HTTP/1.1" 200 -
06:10:56 CF PUT /sessions/f209c8d1611a489c044346c73e32a4e0e9361cd6c38e7b0f5998e294166f81bc/renegotiate -> 200 (179 ms)
06:10:56 "PUT /cf/sessions/f209c8d1611a489c044346c73e32a4e0e9361cd6c38e7b0f5998e294166f81bc/renegotiate HTTP/1.1" 200 -
06:10:56 "POST /collect HTTP/1.1" 200 -
06:10:56 "POST /collect HTTP/1.1" 200 -
06:10:56 CF PUT /sessions/e28e41b8cf5e95f187916bbcbc39d6a15b1dcd3f61d508c0e6b99012d57d1f8b/renegotiate -> 200 (183 ms)
06:10:56 "PUT /cf/sessions/e28e41b8cf5e95f187916bbcbc39d6a15b1dcd3f61d508c0e6b99012d57d1f8b/renegotiate HTTP/1.1" 200 -
06:10:56 "POST /collect HTTP/1.1" 200 -
06:10:56 "POST /collect HTTP/1.1" 200 -
06:10:56 "POST /collect HTTP/1.1" 200 -
06:10:56 "POST /collect HTTP/1.1" 200 -
06:10:56 "GET /roster HTTP/1.1" 200 -
06:10:56 "POST /collect HTTP/1.1" 200 -
06:10:56 "POST /collect HTTP/1.1" 200 -
06:10:56 "POST /collect HTTP/1.1" 200 -
06:10:56 "POST /collect HTTP/1.1" 200 -
06:10:56 "POST /collect HTTP/1.1" 200 -
06:10:56 CF POST /sessions/f209c8d1611a489c044346c73e32a4e0e9361cd6c38e7b0f5998e294166f81bc/tracks/new -> 200 (230 ms)
06:10:56 "POST /cf/sessions/f209c8d1611a489c044346c73e32a4e0e9361cd6c38e7b0f5998e294166f81bc/tracks/new HTTP/1.1" 200 -
06:10:56 CF POST /sessions/e28e41b8cf5e95f187916bbcbc39d6a15b1dcd3f61d508c0e6b99012d57d1f8b/tracks/new -> 200 (190 ms)
06:10:56 "POST /cf/sessions/e28e41b8cf5e95f187916bbcbc39d6a15b1dcd3f61d508c0e6b99012d57d1f8b/tracks/new HTTP/1.1" 200 -
06:10:56 "POST /collect HTTP/1.1" 200 -
06:10:56 "POST /collect HTTP/1.1" 200 -
06:10:56 "POST /collect HTTP/1.1" 200 -
06:10:56 "POST /collect HTTP/1.1" 200 -
06:10:56 "POST /collect HTTP/1.1" 200 -
06:10:56 "POST /collect HTTP/1.1" 200 -
06:10:56 "POST /collect HTTP/1.1" 200 -
06:10:56 "POST /collect HTTP/1.1" 200 -
06:10:56 "GET /roster HTTP/1.1" 200 -
06:10:56 "POST /collect HTTP/1.1" 200 -
06:10:56 "POST /collect HTTP/1.1" 200 -
06:10:56 CF PUT /sessions/f209c8d1611a489c044346c73e32a4e0e9361cd6c38e7b0f5998e294166f81bc/renegotiate -> 200 (181 ms)
06:10:56 "PUT /cf/sessions/f209c8d1611a489c044346c73e32a4e0e9361cd6c38e7b0f5998e294166f81bc/renegotiate HTTP/1.1" 200 -
06:10:56 "POST /collect HTTP/1.1" 200 -
06:10:56 CF PUT /sessions/e28e41b8cf5e95f187916bbcbc39d6a15b1dcd3f61d508c0e6b99012d57d1f8b/renegotiate -> 200 (184 ms)
06:10:56 "PUT /cf/sessions/e28e41b8cf5e95f187916bbcbc39d6a15b1dcd3f61d508c0e6b99012d57d1f8b/renegotiate HTTP/1.1" 200 -
06:10:56 "POST /collect HTTP/1.1" 200 -
06:10:57 CF POST /sessions/f209c8d1611a489c044346c73e32a4e0e9361cd6c38e7b0f5998e294166f81bc/tracks/new -> 200 (294 ms)
06:10:57 "POST /cf/sessions/f209c8d1611a489c044346c73e32a4e0e9361cd6c38e7b0f5998e294166f81bc/tracks/new HTTP/1.1" 200 -
06:10:57 CF POST /sessions/e28e41b8cf5e95f187916bbcbc39d6a15b1dcd3f61d508c0e6b99012d57d1f8b/tracks/new -> 200 (258 ms)
06:10:57 "POST /cf/sessions/e28e41b8cf5e95f187916bbcbc39d6a15b1dcd3f61d508c0e6b99012d57d1f8b/tracks/new HTTP/1.1" 200 -
06:10:57 CF PUT /sessions/e28e41b8cf5e95f187916bbcbc39d6a15b1dcd3f61d508c0e6b99012d57d1f8b/renegotiate -> 200 (169 ms)
06:10:57 "PUT /cf/sessions/e28e41b8cf5e95f187916bbcbc39d6a15b1dcd3f61d508c0e6b99012d57d1f8b/renegotiate HTTP/1.1" 200 -
06:10:57 CF PUT /sessions/f209c8d1611a489c044346c73e32a4e0e9361cd6c38e7b0f5998e294166f81bc/renegotiate -> 200 (183 ms)
06:10:57 "PUT /cf/sessions/f209c8d1611a489c044346c73e32a4e0e9361cd6c38e7b0f5998e294166f81bc/renegotiate HTTP/1.1" 200 -
06:10:57 "POST /collect HTTP/1.1" 200 -
06:10:57 "POST /collect HTTP/1.1" 200 -
06:10:57 "POST /collect HTTP/1.1" 200 -
06:10:57 "POST /collect HTTP/1.1" 200 -
06:10:57 "POST /collect HTTP/1.1" 200 -
06:10:57 "POST /collect HTTP/1.1" 200 -
06:10:57 CF POST /sessions/f209c8d1611a489c044346c73e32a4e0e9361cd6c38e7b0f5998e294166f81bc/tracks/new -> 200 (259 ms)
06:10:57 "POST /cf/sessions/f209c8d1611a489c044346c73e32a4e0e9361cd6c38e7b0f5998e294166f81bc/tracks/new HTTP/1.1" 200 -
06:10:57 CF POST /sessions/e28e41b8cf5e95f187916bbcbc39d6a15b1dcd3f61d508c0e6b99012d57d1f8b/tracks/new -> 200 (278 ms)
06:10:57 "POST /cf/sessions/e28e41b8cf5e95f187916bbcbc39d6a15b1dcd3f61d508c0e6b99012d57d1f8b/tracks/new HTTP/1.1" 200 -
06:10:57 "POST /collect HTTP/1.1" 200 -
06:10:57 "POST /collect HTTP/1.1" 200 -
06:10:57 "POST /collect HTTP/1.1" 200 -
06:10:57 "POST /collect HTTP/1.1" 200 -
06:10:57 CF PUT /sessions/f209c8d1611a489c044346c73e32a4e0e9361cd6c38e7b0f5998e294166f81bc/renegotiate -> 200 (197 ms)
06:10:57 "PUT /cf/sessions/f209c8d1611a489c044346c73e32a4e0e9361cd6c38e7b0f5998e294166f81bc/renegotiate HTTP/1.1" 200 -
06:10:57 "POST /collect HTTP/1.1" 200 -
06:10:57 CF PUT /sessions/e28e41b8cf5e95f187916bbcbc39d6a15b1dcd3f61d508c0e6b99012d57d1f8b/renegotiate -> 200 (204 ms)
06:10:57 "PUT /cf/sessions/e28e41b8cf5e95f187916bbcbc39d6a15b1dcd3f61d508c0e6b99012d57d1f8b/renegotiate HTTP/1.1" 200 -
06:10:57 "POST /collect HTTP/1.1" 200 -
06:10:58 CF POST /sessions/f209c8d1611a489c044346c73e32a4e0e9361cd6c38e7b0f5998e294166f81bc/tracks/new -> 200 (208 ms)
06:10:58 "POST /cf/sessions/f209c8d1611a489c044346c73e32a4e0e9361cd6c38e7b0f5998e294166f81bc/tracks/new HTTP/1.1" 200 -
06:10:58 CF POST /sessions/e28e41b8cf5e95f187916bbcbc39d6a15b1dcd3f61d508c0e6b99012d57d1f8b/tracks/new -> 200 (294 ms)
06:10:58 "POST /cf/sessions/e28e41b8cf5e95f187916bbcbc39d6a15b1dcd3f61d508c0e6b99012d57d1f8b/tracks/new HTTP/1.1" 200 -
06:10:58 CF PUT /sessions/f209c8d1611a489c044346c73e32a4e0e9361cd6c38e7b0f5998e294166f81bc/renegotiate -> 200 (187 ms)
06:10:58 "PUT /cf/sessions/f209c8d1611a489c044346c73e32a4e0e9361cd6c38e7b0f5998e294166f81bc/renegotiate HTTP/1.1" 200 -
06:10:58 "POST /collect HTTP/1.1" 200 -
06:10:58 "POST /collect HTTP/1.1" 200 -
06:10:58 "POST /collect HTTP/1.1" 200 -
06:10:58 CF PUT /sessions/e28e41b8cf5e95f187916bbcbc39d6a15b1dcd3f61d508c0e6b99012d57d1f8b/renegotiate -> 200 (188 ms)
06:10:58 "PUT /cf/sessions/e28e41b8cf5e95f187916bbcbc39d6a15b1dcd3f61d508c0e6b99012d57d1f8b/renegotiate HTTP/1.1" 200 -
06:10:58 "POST /collect HTTP/1.1" 200 -
06:10:58 CF POST /sessions/f209c8d1611a489c044346c73e32a4e0e9361cd6c38e7b0f5998e294166f81bc/tracks/new -> 200 (192 ms)
06:10:58 "POST /cf/sessions/f209c8d1611a489c044346c73e32a4e0e9361cd6c38e7b0f5998e294166f81bc/tracks/new HTTP/1.1" 200 -
06:10:58 "GET /roster HTTP/1.1" 200 -
06:10:58 "POST /collect HTTP/1.1" 200 -
06:10:58 CF POST /sessions/e28e41b8cf5e95f187916bbcbc39d6a15b1dcd3f61d508c0e6b99012d57d1f8b/tracks/new -> 200 (246 ms)
06:10:58 "POST /cf/sessions/e28e41b8cf5e95f187916bbcbc39d6a15b1dcd3f61d508c0e6b99012d57d1f8b/tracks/new HTTP/1.1" 200 -
06:10:58 "GET /roster HTTP/1.1" 200 -
06:10:58 "POST /collect HTTP/1.1" 200 -
06:10:58 CF PUT /sessions/f209c8d1611a489c044346c73e32a4e0e9361cd6c38e7b0f5998e294166f81bc/renegotiate -> 200 (190 ms)
06:10:58 "PUT /cf/sessions/f209c8d1611a489c044346c73e32a4e0e9361cd6c38e7b0f5998e294166f81bc/renegotiate HTTP/1.1" 200 -
06:10:58 "POST /collect HTTP/1.1" 200 -
06:10:58 CF POST /sessions/f209c8d1611a489c044346c73e32a4e0e9361cd6c38e7b0f5998e294166f81bc/tracks/new -> 200 (193 ms)
06:10:58 "POST /cf/sessions/f209c8d1611a489c044346c73e32a4e0e9361cd6c38e7b0f5998e294166f81bc/tracks/new HTTP/1.1" 200 -
06:10:58 CF PUT /sessions/e28e41b8cf5e95f187916bbcbc39d6a15b1dcd3f61d508c0e6b99012d57d1f8b/renegotiate -> 200 (195 ms)
06:10:58 "PUT /cf/sessions/e28e41b8cf5e95f187916bbcbc39d6a15b1dcd3f61d508c0e6b99012d57d1f8b/renegotiate HTTP/1.1" 200 -
06:10:59 "POST /collect HTTP/1.1" 200 -
06:10:59 CF PUT /sessions/f209c8d1611a489c044346c73e32a4e0e9361cd6c38e7b0f5998e294166f81bc/renegotiate -> 200 (181 ms)
06:10:59 "PUT /cf/sessions/f209c8d1611a489c044346c73e32a4e0e9361cd6c38e7b0f5998e294166f81bc/renegotiate HTTP/1.1" 200 -
06:10:59 "POST /collect HTTP/1.1" 200 -
06:10:59 CF POST /sessions/e28e41b8cf5e95f187916bbcbc39d6a15b1dcd3f61d508c0e6b99012d57d1f8b/tracks/new -> 200 (228 ms)
06:10:59 "POST /cf/sessions/e28e41b8cf5e95f187916bbcbc39d6a15b1dcd3f61d508c0e6b99012d57d1f8b/tracks/new HTTP/1.1" 200 -
06:10:59 "POST /collect HTTP/1.1" 200 -
06:10:59 CF POST /sessions/f209c8d1611a489c044346c73e32a4e0e9361cd6c38e7b0f5998e294166f81bc/tracks/new -> 200 (184 ms)
06:10:59 "POST /cf/sessions/f209c8d1611a489c044346c73e32a4e0e9361cd6c38e7b0f5998e294166f81bc/tracks/new HTTP/1.1" 200 -
06:10:59 "POST /collect HTTP/1.1" 200 -
06:10:59 "POST /collect HTTP/1.1" 200 -
06:10:59 "POST /collect HTTP/1.1" 200 -
06:10:59 "POST /collect HTTP/1.1" 200 -
06:10:59 CF PUT /sessions/e28e41b8cf5e95f187916bbcbc39d6a15b1dcd3f61d508c0e6b99012d57d1f8b/renegotiate -> 200 (257 ms)
06:10:59 "PUT /cf/sessions/e28e41b8cf5e95f187916bbcbc39d6a15b1dcd3f61d508c0e6b99012d57d1f8b/renegotiate HTTP/1.1" 200 -
06:10:59 "POST /collect HTTP/1.1" 200 -
06:10:59 "POST /collect HTTP/1.1" 200 -
06:10:59 "POST /collect HTTP/1.1" 200 -
06:10:59 "POST /collect HTTP/1.1" 200 -
06:10:59 "POST /collect HTTP/1.1" 200 -
06:10:59 CF PUT /sessions/f209c8d1611a489c044346c73e32a4e0e9361cd6c38e7b0f5998e294166f81bc/renegotiate -> 200 (205 ms)
06:10:59 "PUT /cf/sessions/f209c8d1611a489c044346c73e32a4e0e9361cd6c38e7b0f5998e294166f81bc/renegotiate HTTP/1.1" 200 -
06:10:59 "POST /collect HTTP/1.1" 200 -
06:10:59 "POST /collect HTTP/1.1" 200 -
06:10:59 "POST /collect HTTP/1.1" 200 -
06:10:59 "POST /collect HTTP/1.1" 200 -
06:10:59 "POST /collect HTTP/1.1" 200 -
06:10:59 "POST /collect HTTP/1.1" 200 -
06:10:59 "POST /collect HTTP/1.1" 200 -
06:10:59 "POST /collect HTTP/1.1" 200 -
06:10:59 "POST /collect HTTP/1.1" 200 -
06:10:59 "POST /collect HTTP/1.1" 200 -
06:10:59 CF POST /sessions/e28e41b8cf5e95f187916bbcbc39d6a15b1dcd3f61d508c0e6b99012d57d1f8b/tracks/new -> 200 (306 ms)
06:10:59 "POST /cf/sessions/e28e41b8cf5e95f187916bbcbc39d6a15b1dcd3f61d508c0e6b99012d57d1f8b/tracks/new HTTP/1.1" 200 -
06:10:59 CF POST /sessions/f209c8d1611a489c044346c73e32a4e0e9361cd6c38e7b0f5998e294166f81bc/tracks/new -> 200 (228 ms)
06:10:59 "POST /cf/sessions/f209c8d1611a489c044346c73e32a4e0e9361cd6c38e7b0f5998e294166f81bc/tracks/new HTTP/1.1" 200 -
06:11:00 CF PUT /sessions/f209c8d1611a489c044346c73e32a4e0e9361cd6c38e7b0f5998e294166f81bc/renegotiate -> 200 (188 ms)
06:11:00 "PUT /cf/sessions/f209c8d1611a489c044346c73e32a4e0e9361cd6c38e7b0f5998e294166f81bc/renegotiate HTTP/1.1" 200 -
06:11:00 CF PUT /sessions/e28e41b8cf5e95f187916bbcbc39d6a15b1dcd3f61d508c0e6b99012d57d1f8b/renegotiate -> 200 (226 ms)
06:11:00 "PUT /cf/sessions/e28e41b8cf5e95f187916bbcbc39d6a15b1dcd3f61d508c0e6b99012d57d1f8b/renegotiate HTTP/1.1" 200 -
06:11:00 "POST /collect HTTP/1.1" 200 -
06:11:00 "POST /collect HTTP/1.1" 200 -
06:11:00 "POST /collect HTTP/1.1" 200 -
06:11:00 "POST /collect HTTP/1.1" 200 -
06:11:00 CF POST /sessions/f209c8d1611a489c044346c73e32a4e0e9361cd6c38e7b0f5998e294166f81bc/tracks/new -> 200 (296 ms)
06:11:00 "POST /cf/sessions/f209c8d1611a489c044346c73e32a4e0e9361cd6c38e7b0f5998e294166f81bc/tracks/new HTTP/1.1" 200 -
06:11:00 CF POST /sessions/e28e41b8cf5e95f187916bbcbc39d6a15b1dcd3f61d508c0e6b99012d57d1f8b/tracks/new -> 200 (294 ms)
06:11:00 "POST /cf/sessions/e28e41b8cf5e95f187916bbcbc39d6a15b1dcd3f61d508c0e6b99012d57d1f8b/tracks/new HTTP/1.1" 200 -
06:11:00 "GET /roster HTTP/1.1" 200 -
06:11:00 "POST /collect HTTP/1.1" 200 -
06:11:00 "POST /collect HTTP/1.1" 200 -
06:11:00 "POST /collect HTTP/1.1" 200 -
06:11:00 "GET /roster HTTP/1.1" 200 -
06:11:00 "POST /collect HTTP/1.1" 200 -
06:11:00 CF PUT /sessions/f209c8d1611a489c044346c73e32a4e0e9361cd6c38e7b0f5998e294166f81bc/renegotiate -> 200 (218 ms)
06:11:00 "PUT /cf/sessions/f209c8d1611a489c044346c73e32a4e0e9361cd6c38e7b0f5998e294166f81bc/renegotiate HTTP/1.1" 200 -
06:11:00 "POST /collect HTTP/1.1" 200 -
06:11:00 "POST /collect HTTP/1.1" 200 -
06:11:00 "POST /collect HTTP/1.1" 200 -
06:11:00 CF PUT /sessions/e28e41b8cf5e95f187916bbcbc39d6a15b1dcd3f61d508c0e6b99012d57d1f8b/renegotiate -> 200 (234 ms)
06:11:00 "PUT /cf/sessions/e28e41b8cf5e95f187916bbcbc39d6a15b1dcd3f61d508c0e6b99012d57d1f8b/renegotiate HTTP/1.1" 200 -
06:11:00 "POST /collect HTTP/1.1" 200 -
06:11:00 "POST /collect HTTP/1.1" 200 -
06:11:00 "POST /collect HTTP/1.1" 200 -
06:11:01 CF POST /sessions/f209c8d1611a489c044346c73e32a4e0e9361cd6c38e7b0f5998e294166f81bc/tracks/new -> 200 (291 ms)
06:11:01 CF POST /sessions/e28e41b8cf5e95f187916bbcbc39d6a15b1dcd3f61d508c0e6b99012d57d1f8b/tracks/new -> 200 (240 ms)
06:11:01 "POST /cf/sessions/e28e41b8cf5e95f187916bbcbc39d6a15b1dcd3f61d508c0e6b99012d57d1f8b/tracks/new HTTP/1.1" 200 -
06:11:01 "POST /cf/sessions/f209c8d1611a489c044346c73e32a4e0e9361cd6c38e7b0f5998e294166f81bc/tracks/new HTTP/1.1" 200 -
06:11:01 "POST /collect HTTP/1.1" 200 -
06:11:01 CF PUT /sessions/f209c8d1611a489c044346c73e32a4e0e9361cd6c38e7b0f5998e294166f81bc/renegotiate -> 200 (217 ms)
06:11:01 "PUT /cf/sessions/f209c8d1611a489c044346c73e32a4e0e9361cd6c38e7b0f5998e294166f81bc/renegotiate HTTP/1.1" 200 -
06:11:01 "POST /collect HTTP/1.1" 200 -
06:11:01 CF PUT /sessions/e28e41b8cf5e95f187916bbcbc39d6a15b1dcd3f61d508c0e6b99012d57d1f8b/renegotiate -> 200 (236 ms)
06:11:01 "PUT /cf/sessions/e28e41b8cf5e95f187916bbcbc39d6a15b1dcd3f61d508c0e6b99012d57d1f8b/renegotiate HTTP/1.1" 200 -
06:11:01 "POST /collect HTTP/1.1" 200 -
06:11:01 "POST /collect HTTP/1.1" 200 -
06:11:02 "POST /collect HTTP/1.1" 200 -
06:11:02 "POST /collect HTTP/1.1" 200 -
06:11:02 "POST /collect HTTP/1.1" 200 -
06:11:02 "POST /collect HTTP/1.1" 200 -
06:11:02 "POST /collect HTTP/1.1" 200 -
06:11:02 "POST /collect HTTP/1.1" 200 -
06:11:02 "POST /collect HTTP/1.1" 200 -
06:11:02 "GET /roster HTTP/1.1" 200 -
06:11:02 "POST /collect HTTP/1.1" 200 -
06:11:02 "POST /collect HTTP/1.1" 200 -
06:11:02 "POST /collect HTTP/1.1" 200 -
06:11:02 "POST /collect HTTP/1.1" 200 -
06:11:02 "POST /collect HTTP/1.1" 200 -
06:11:02 "POST /collect HTTP/1.1" 200 -
06:11:02 "POST /collect HTTP/1.1" 200 -
06:11:02 "POST /collect HTTP/1.1" 200 -
06:11:02 "POST /collect HTTP/1.1" 200 -
06:11:02 "POST /collect HTTP/1.1" 200 -
06:11:02 "POST /collect HTTP/1.1" 200 -
06:11:02 "GET /roster HTTP/1.1" 200 -
06:11:02 "POST /collect HTTP/1.1" 200 -
06:11:02 "POST /collect HTTP/1.1" 200 -
06:11:03 "POST /collect HTTP/1.1" 200 -
06:11:03 "POST /collect HTTP/1.1" 200 -
06:11:03 "POST /collect HTTP/1.1" 200 -
06:11:03 "POST /collect HTTP/1.1" 200 -
06:11:03 "POST /collect HTTP/1.1" 200 -
06:11:03 "POST /collect HTTP/1.1" 200 -
06:11:03 "POST /collect HTTP/1.1" 200 -
06:11:03 "POST /collect HTTP/1.1" 200 -
06:11:04 "POST /collect HTTP/1.1" 200 -
06:11:04 "POST /collect HTTP/1.1" 200 -
06:11:04 "GET /roster HTTP/1.1" 200 -
06:11:04 "POST /collect HTTP/1.1" 200 -
06:11:04 "GET /roster HTTP/1.1" 200 -
06:11:04 "POST /collect HTTP/1.1" 200 -
06:11:04 "POST /collect HTTP/1.1" 200 -
06:11:05 "POST /collect HTTP/1.1" 200 -
06:11:05 "POST /collect HTTP/1.1" 200 -
06:11:05 "POST /collect HTTP/1.1" 200 -
06:11:05 "POST /collect HTTP/1.1" 200 -
06:11:05 "POST /collect HTTP/1.1" 200 -
06:11:05 "POST /collect HTTP/1.1" 200 -
06:11:05 "POST /collect HTTP/1.1" 200 -
06:11:05 "POST /collect HTTP/1.1" 200 -
06:11:05 "POST /collect HTTP/1.1" 200 -
06:11:05 "POST /collect HTTP/1.1" 200 -
06:11:05 "POST /collect HTTP/1.1" 200 -
06:11:05 "POST /collect HTTP/1.1" 200 -
06:11:05 "POST /collect HTTP/1.1" 200 -
06:11:05 "POST /collect HTTP/1.1" 200 -
06:11:05 "POST /collect HTTP/1.1" 200 -
06:11:05 "POST /collect HTTP/1.1" 200 -
06:11:05 "POST /collect HTTP/1.1" 200 -
06:11:05 "POST /collect HTTP/1.1" 200 -
06:11:06 "POST /collect HTTP/1.1" 200 -
06:11:06 "POST /collect HTTP/1.1" 200 -
06:11:06 "GET /roster HTTP/1.1" 200 -
06:11:06 "POST /collect HTTP/1.1" 200 -
06:11:06 "POST /collect HTTP/1.1" 200 -
06:11:06 "POST /collect HTTP/1.1" 200 -
06:11:06 "GET /roster HTTP/1.1" 200 -
06:11:06 "POST /collect HTTP/1.1" 200 -
06:11:06 "POST /collect HTTP/1.1" 200 -
06:11:06 "POST /collect HTTP/1.1" 200 -
06:11:06 "POST /collect HTTP/1.1" 200 -
06:11:06 "POST /collect HTTP/1.1" 200 -
06:11:07 "POST /collect HTTP/1.1" 200 -
06:11:07 "POST /collect HTTP/1.1" 200 -
06:11:08 "POST /collect HTTP/1.1" 200 -
06:11:08 "POST /collect HTTP/1.1" 200 -
06:11:08 "POST /collect HTTP/1.1" 200 -
06:11:08 "POST /collect HTTP/1.1" 200 -
06:11:08 "POST /collect HTTP/1.1" 200 -
06:11:08 "POST /collect HTTP/1.1" 200 -
06:11:08 "POST /collect HTTP/1.1" 200 -
06:11:08 "GET /roster HTTP/1.1" 200 -
06:11:08 "POST /collect HTTP/1.1" 200 -
06:11:08 "POST /collect HTTP/1.1" 200 -
06:11:08 "POST /collect HTTP/1.1" 200 -
06:11:08 "POST /collect HTTP/1.1" 200 -
06:11:08 "POST /collect HTTP/1.1" 200 -
06:11:08 "POST /collect HTTP/1.1" 200 -
06:11:08 "POST /collect HTTP/1.1" 200 -
06:11:08 "POST /collect HTTP/1.1" 200 -
06:11:08 "POST /collect HTTP/1.1" 200 -
06:11:08 "POST /collect HTTP/1.1" 200 -
06:11:08 "POST /collect HTTP/1.1" 200 -
06:11:08 "GET /roster HTTP/1.1" 200 -
06:11:08 "POST /collect HTTP/1.1" 200 -
06:11:08 "POST /collect HTTP/1.1" 200 -
06:11:09 "POST /collect HTTP/1.1" 200 -
06:11:09 "POST /collect HTTP/1.1" 200 -
06:11:09 "POST /collect HTTP/1.1" 200 -
06:11:09 "POST /collect HTTP/1.1" 200 -
06:11:09 "POST /collect HTTP/1.1" 200 -
06:11:09 "POST /collect HTTP/1.1" 200 -
06:11:09 "POST /collect HTTP/1.1" 200 -
06:11:09 "POST /collect HTTP/1.1" 200 -
06:11:10 "POST /collect HTTP/1.1" 200 -
06:11:10 "POST /collect HTTP/1.1" 200 -
06:11:10 "POST /collect HTTP/1.1" 200 -
06:11:10 "GET /roster HTTP/1.1" 200 -
06:11:10 "POST /collect HTTP/1.1" 200 -
06:11:10 "GET /roster HTTP/1.1" 200 -
06:11:10 "POST /collect HTTP/1.1" 200 -
06:11:11 "POST /collect HTTP/1.1" 200 -
06:11:11 "POST /collect HTTP/1.1" 200 -
06:11:11 "POST /collect HTTP/1.1" 200 -
06:11:11 "POST /collect HTTP/1.1" 200 -
06:11:11 "POST /collect HTTP/1.1" 200 -
06:11:11 "POST /collect HTTP/1.1" 200 -
06:11:11 "POST /collect HTTP/1.1" 200 -
06:11:11 "POST /collect HTTP/1.1" 200 -
06:11:11 "POST /collect HTTP/1.1" 200 -
06:11:11 "POST /collect HTTP/1.1" 200 -
06:11:11 "POST /collect HTTP/1.1" 200 -
06:11:11 "POST /collect HTTP/1.1" 200 -
06:11:11 "POST /collect HTTP/1.1" 200 -
06:11:11 "POST /collect HTTP/1.1" 200 -
06:11:11 "POST /collect HTTP/1.1" 200 -
06:11:11 "POST /collect HTTP/1.1" 200 -
06:11:11 "POST /collect HTTP/1.1" 200 -
06:11:11 "POST /collect HTTP/1.1" 200 -
06:11:12 "POST /collect HTTP/1.1" 200 -
06:11:12 "POST /collect HTTP/1.1" 200 -
06:11:12 "GET /roster HTTP/1.1" 200 -
06:11:12 "POST /collect HTTP/1.1" 200 -
06:11:12 "POST /collect HTTP/1.1" 200 -
06:11:12 "POST /collect HTTP/1.1" 200 -
06:11:12 "GET /roster HTTP/1.1" 200 -
06:11:12 "POST /collect HTTP/1.1" 200 -
06:11:12 "POST /collect HTTP/1.1" 200 -
06:11:12 "POST /collect HTTP/1.1" 200 -
06:11:12 "POST /collect HTTP/1.1" 200 -
06:11:12 "POST /collect HTTP/1.1" 200 -
06:11:13 "POST /collect HTTP/1.1" 200 -
06:11:13 "POST /collect HTTP/1.1" 200 -
06:11:14 "POST /collect HTTP/1.1" 200 -
06:11:14 "POST /collect HTTP/1.1" 200 -
06:11:14 "POST /collect HTTP/1.1" 200 -
06:11:14 "POST /collect HTTP/1.1" 200 -
06:11:14 "POST /collect HTTP/1.1" 200 -
06:11:14 "POST /collect HTTP/1.1" 200 -
06:11:14 "POST /collect HTTP/1.1" 200 -
06:11:14 "POST /collect HTTP/1.1" 200 -
06:11:14 "GET /roster HTTP/1.1" 200 -
06:11:14 "POST /collect HTTP/1.1" 200 -
06:11:14 "POST /collect HTTP/1.1" 200 -
06:11:14 "POST /collect HTTP/1.1" 200 -
06:11:14 "POST /collect HTTP/1.1" 200 -
06:11:14 "POST /collect HTTP/1.1" 200 -
06:11:14 "POST /collect HTTP/1.1" 200 -
06:11:14 "POST /collect HTTP/1.1" 200 -
06:11:14 "POST /collect HTTP/1.1" 200 -
06:11:14 "POST /collect HTTP/1.1" 200 -
06:11:14 "POST /collect HTTP/1.1" 200 -
06:11:14 "GET /roster HTTP/1.1" 200 -
06:11:14 "POST /collect HTTP/1.1" 200 -
06:11:14 "POST /collect HTTP/1.1" 200 -
06:11:15 "POST /collect HTTP/1.1" 200 -
06:11:15 "POST /collect HTTP/1.1" 200 -
06:11:15 "POST /collect HTTP/1.1" 200 -
06:11:15 "POST /collect HTTP/1.1" 200 -
06:11:15 "POST /collect HTTP/1.1" 200 -
06:11:15 "POST /collect HTTP/1.1" 200 -
06:11:15 "POST /collect HTTP/1.1" 200 -
06:11:15 "POST /collect HTTP/1.1" 200 -
06:11:16 "POST /collect HTTP/1.1" 200 -
06:11:16 "POST /collect HTTP/1.1" 200 -
06:11:16 "GET /roster HTTP/1.1" 200 -
06:11:16 "POST /collect HTTP/1.1" 200 -
06:11:16 "GET /roster HTTP/1.1" 200 -
06:11:16 "POST /collect HTTP/1.1" 200 -
06:11:17 "POST /collect HTTP/1.1" 200 -
06:11:17 "POST /collect HTTP/1.1" 200 -
06:11:17 "POST /collect HTTP/1.1" 200 -
06:11:17 "POST /collect HTTP/1.1" 200 -
06:11:17 "POST /collect HTTP/1.1" 200 -
06:11:17 "POST /collect HTTP/1.1" 200 -
06:11:17 "POST /collect HTTP/1.1" 200 -
06:11:17 "POST /collect HTTP/1.1" 200 -
06:11:17 "POST /collect HTTP/1.1" 200 -
06:11:17 "POST /collect HTTP/1.1" 200 -
06:11:17 "POST /collect HTTP/1.1" 200 -
06:11:17 "POST /collect HTTP/1.1" 200 -
06:11:17 "POST /collect HTTP/1.1" 200 -
06:11:17 "POST /collect HTTP/1.1" 200 -
06:11:17 "POST /collect HTTP/1.1" 200 -
06:11:17 "POST /collect HTTP/1.1" 200 -
06:11:17 "POST /collect HTTP/1.1" 200 -
06:11:17 "POST /collect HTTP/1.1" 200 -
06:11:18 "POST /collect HTTP/1.1" 200 -
06:11:18 "POST /collect HTTP/1.1" 200 -
06:11:18 "GET /roster HTTP/1.1" 200 -
06:11:18 "POST /collect HTTP/1.1" 200 -
06:11:18 "POST /collect HTTP/1.1" 200 -
06:11:18 "POST /collect HTTP/1.1" 200 -
06:11:18 "GET /roster HTTP/1.1" 200 -
06:11:18 "POST /collect HTTP/1.1" 200 -
06:11:18 "POST /collect HTTP/1.1" 200 -
06:11:18 "POST /collect HTTP/1.1" 200 -
06:11:18 "POST /collect HTTP/1.1" 200 -
06:11:18 "POST /collect HTTP/1.1" 200 -
06:11:19 "POST /collect HTTP/1.1" 200 -
06:11:19 "POST /collect HTTP/1.1" 200 -
06:11:20 "POST /collect HTTP/1.1" 200 -
06:11:20 "POST /collect HTTP/1.1" 200 -
06:11:20 "POST /collect HTTP/1.1" 200 -
06:11:20 "POST /collect HTTP/1.1" 200 -
06:11:20 "POST /collect HTTP/1.1" 200 -
06:11:20 "GET /roster HTTP/1.1" 200 -
06:11:20 "POST /collect HTTP/1.1" 200 -
06:11:20 "POST /collect HTTP/1.1" 200 -
06:11:20 "POST /collect HTTP/1.1" 200 -
06:11:20 "POST /collect HTTP/1.1" 200 -
06:11:20 "POST /collect HTTP/1.1" 200 -
06:11:20 "POST /collect HTTP/1.1" 200 -
06:11:20 "POST /collect HTTP/1.1" 200 -
06:11:20 "POST /collect HTTP/1.1" 200 -
06:11:20 "POST /collect HTTP/1.1" 200 -
06:11:20 "POST /collect HTTP/1.1" 200 -
06:11:20 "POST /collect HTTP/1.1" 200 -
06:11:20 "POST /collect HTTP/1.1" 200 -
06:11:20 "POST /collect HTTP/1.1" 200 -
06:11:20 "POST /collect HTTP/1.1" 200 -
06:11:20 "GET /roster HTTP/1.1" 200 -
06:11:20 "POST /collect HTTP/1.1" 200 -
06:11:21 "POST /collect HTTP/1.1" 200 -
06:11:21 "POST /collect HTTP/1.1" 200 -
06:11:21 "POST /collect HTTP/1.1" 200 -
06:11:21 "POST /collect HTTP/1.1" 200 -
06:11:21 "POST /collect HTTP/1.1" 200 -
06:11:21 "POST /collect HTTP/1.1" 200 -
06:11:21 "POST /collect HTTP/1.1" 200 -
06:11:21 "POST /collect HTTP/1.1" 200 -
06:11:22 "POST /collect HTTP/1.1" 200 -
06:11:22 "POST /collect HTTP/1.1" 200 -
06:11:22 "GET /roster HTTP/1.1" 200 -
06:11:22 "POST /collect HTTP/1.1" 200 -
06:11:22 "GET /roster HTTP/1.1" 200 -
06:11:22 "POST /collect HTTP/1.1" 200 -
06:11:23 "POST /collect HTTP/1.1" 200 -
06:11:23 "POST /collect HTTP/1.1" 200 -
06:11:23 "POST /collect HTTP/1.1" 200 -
06:11:23 "POST /collect HTTP/1.1" 200 -
06:11:23 "POST /collect HTTP/1.1" 200 -
06:11:23 "POST /collect HTTP/1.1" 200 -
06:11:23 "POST /collect HTTP/1.1" 200 -
06:11:23 "POST /collect HTTP/1.1" 200 -
06:11:23 "POST /collect HTTP/1.1" 200 -
06:11:23 "POST /collect HTTP/1.1" 200 -
06:11:23 "POST /collect HTTP/1.1" 200 -
06:11:23 "POST /collect HTTP/1.1" 200 -
06:11:23 "POST /collect HTTP/1.1" 200 -
06:11:23 "POST /collect HTTP/1.1" 200 -
06:11:23 "POST /collect HTTP/1.1" 200 -
06:11:23 "POST /collect HTTP/1.1" 200 -
06:11:23 "POST /collect HTTP/1.1" 200 -
06:11:23 "POST /collect HTTP/1.1" 200 -
06:11:24 "POST /collect HTTP/1.1" 200 -
06:11:24 "POST /collect HTTP/1.1" 200 -
06:11:24 "GET /roster HTTP/1.1" 200 -
06:11:24 "POST /collect HTTP/1.1" 200 -
06:11:24 "POST /collect HTTP/1.1" 200 -
06:11:24 "POST /collect HTTP/1.1" 200 -
06:11:24 "GET /roster HTTP/1.1" 200 -
06:11:24 "POST /collect HTTP/1.1" 200 -
06:11:24 "POST /collect HTTP/1.1" 200 -
06:11:24 "POST /collect HTTP/1.1" 200 -
06:11:24 "POST /collect HTTP/1.1" 200 -
06:11:24 "POST /collect HTTP/1.1" 200 -
06:11:25 "POST /collect HTTP/1.1" 200 -
06:11:25 "POST /collect HTTP/1.1" 200 -
06:11:25 "POST /collect HTTP/1.1" 200 -
06:11:26 "POST /collect HTTP/1.1" 200 -
06:11:26 "POST /collect HTTP/1.1" 200 -
06:11:26 "POST /collect HTTP/1.1" 200 -
06:11:26 "POST /collect HTTP/1.1" 200 -
06:11:26 "POST /collect HTTP/1.1" 200 -
06:11:26 "GET /roster HTTP/1.1" 200 -
06:11:26 "POST /collect HTTP/1.1" 200 -
06:11:26 "POST /collect HTTP/1.1" 200 -
06:11:26 "POST /collect HTTP/1.1" 200 -
06:11:26 "POST /collect HTTP/1.1" 200 -
06:11:26 "POST /collect HTTP/1.1" 200 -
06:11:26 "POST /collect HTTP/1.1" 200 -
06:11:26 "POST /collect HTTP/1.1" 200 -
06:11:26 "POST /collect HTTP/1.1" 200 -
06:11:26 "POST /collect HTTP/1.1" 200 -
06:11:26 "POST /collect HTTP/1.1" 200 -
06:11:26 "POST /collect HTTP/1.1" 200 -
06:11:26 "POST /collect HTTP/1.1" 200 -
06:11:26 "POST /collect HTTP/1.1" 200 -
06:11:26 "GET /roster HTTP/1.1" 200 -
06:11:26 "POST /collect HTTP/1.1" 200 -
06:11:26 "POST /collect HTTP/1.1" 200 -
06:11:27 "POST /collect HTTP/1.1" 200 -
06:11:27 "POST /collect HTTP/1.1" 200 -
06:11:27 "POST /collect HTTP/1.1" 200 -
06:11:27 "POST /collect HTTP/1.1" 200 -
06:11:27 "POST /collect HTTP/1.1" 200 -
06:11:27 "POST /collect HTTP/1.1" 200 -
06:11:27 "POST /collect HTTP/1.1" 200 -
06:11:27 "POST /collect HTTP/1.1" 200 -
06:11:28 "POST /collect HTTP/1.1" 200 -
06:11:28 "POST /collect HTTP/1.1" 200 -
06:11:28 "GET /roster HTTP/1.1" 200 -
06:11:28 "POST /collect HTTP/1.1" 200 -
06:11:28 "GET /roster HTTP/1.1" 200 -
06:11:28 "POST /collect HTTP/1.1" 200 -
06:11:29 "POST /collect HTTP/1.1" 200 -
06:11:29 "POST /collect HTTP/1.1" 200 -
06:11:29 "POST /collect HTTP/1.1" 200 -
06:11:29 "POST /collect HTTP/1.1" 200 -
06:11:29 "POST /collect HTTP/1.1" 200 -
06:11:29 "POST /collect HTTP/1.1" 200 -
06:11:29 "POST /collect HTTP/1.1" 200 -
06:11:29 "POST /collect HTTP/1.1" 200 -
06:11:29 "POST /collect HTTP/1.1" 200 -
06:11:29 "POST /collect HTTP/1.1" 200 -
06:11:29 "POST /collect HTTP/1.1" 200 -
06:11:29 "POST /collect HTTP/1.1" 200 -
06:11:29 "POST /collect HTTP/1.1" 200 -
06:11:29 "POST /collect HTTP/1.1" 200 -
06:11:29 "POST /collect HTTP/1.1" 200 -
06:11:29 "POST /collect HTTP/1.1" 200 -
06:11:29 "POST /collect HTTP/1.1" 200 -
06:11:29 "POST /collect HTTP/1.1" 200 -
06:11:30 "POST /collect HTTP/1.1" 200 -
06:11:30 "POST /collect HTTP/1.1" 200 -
06:11:30 "GET /roster HTTP/1.1" 200 -
06:11:30 "POST /collect HTTP/1.1" 200 -
06:11:30 "POST /collect HTTP/1.1" 200 -
06:11:30 "POST /collect HTTP/1.1" 200 -
06:11:30 "GET /roster HTTP/1.1" 200 -
06:11:30 "POST /collect HTTP/1.1" 200 -
06:11:30 "POST /collect HTTP/1.1" 200 -
06:11:30 "POST /collect HTTP/1.1" 200 -
06:11:30 "POST /collect HTTP/1.1" 200 -
06:11:30 "POST /collect HTTP/1.1" 200 -
06:11:31 "POST /collect HTTP/1.1" 200 -
06:11:31 "POST /collect HTTP/1.1" 200 -
06:11:32 "POST /collect HTTP/1.1" 200 -
06:11:32 "POST /collect HTTP/1.1" 200 -
06:11:32 "POST /collect HTTP/1.1" 200 -
06:11:32 "POST /collect HTTP/1.1" 200 -
06:11:32 "POST /collect HTTP/1.1" 200 -
06:11:32 "POST /collect HTTP/1.1" 200 -
06:11:32 "GET /roster HTTP/1.1" 200 -
06:11:32 "POST /collect HTTP/1.1" 200 -
06:11:32 "POST /collect HTTP/1.1" 200 -
06:11:32 "POST /collect HTTP/1.1" 200 -
06:11:32 "POST /collect HTTP/1.1" 200 -
06:11:32 "POST /collect HTTP/1.1" 200 -
06:11:32 "POST /collect HTTP/1.1" 200 -
06:11:32 "POST /collect HTTP/1.1" 200 -
06:11:32 "POST /collect HTTP/1.1" 200 -
06:11:32 "POST /collect HTTP/1.1" 200 -
06:11:32 "POST /collect HTTP/1.1" 200 -
06:11:32 "POST /collect HTTP/1.1" 200 -
06:11:32 "POST /collect HTTP/1.1" 200 -
06:11:32 "POST /collect HTTP/1.1" 200 -
06:11:32 "GET /roster HTTP/1.1" 200 -
06:11:32 "POST /collect HTTP/1.1" 200 -
06:11:33 "POST /collect HTTP/1.1" 200 -
06:11:33 "POST /collect HTTP/1.1" 200 -
06:11:33 "POST /collect HTTP/1.1" 200 -
06:11:33 "POST /collect HTTP/1.1" 200 -
06:11:33 "POST /collect HTTP/1.1" 200 -
06:11:33 "POST /collect HTTP/1.1" 200 -
06:11:33 "POST /collect HTTP/1.1" 200 -
06:11:33 "POST /collect HTTP/1.1" 200 -
06:11:34 "POST /collect HTTP/1.1" 200 -
06:11:34 "POST /collect HTTP/1.1" 200 -
06:11:34 "GET /roster HTTP/1.1" 200 -
06:11:34 "POST /collect HTTP/1.1" 200 -
06:11:34 "GET /roster HTTP/1.1" 200 -
06:11:34 "POST /collect HTTP/1.1" 200 -
06:11:35 "POST /collect HTTP/1.1" 200 -
06:11:35 "POST /collect HTTP/1.1" 200 -
06:11:35 "POST /collect HTTP/1.1" 200 -
06:11:35 "POST /collect HTTP/1.1" 200 -
06:11:35 "POST /collect HTTP/1.1" 200 -
06:11:35 "POST /collect HTTP/1.1" 200 -
06:11:35 "POST /collect HTTP/1.1" 200 -
06:11:35 "POST /collect HTTP/1.1" 200 -
06:11:35 "POST /collect HTTP/1.1" 200 -
06:11:35 "POST /collect HTTP/1.1" 200 -
06:11:35 "POST /collect HTTP/1.1" 200 -
06:11:35 "POST /collect HTTP/1.1" 200 -
06:11:35 "POST /collect HTTP/1.1" 200 -
06:11:35 "POST /collect HTTP/1.1" 200 -
06:11:35 "POST /collect HTTP/1.1" 200 -
06:11:35 "POST /collect HTTP/1.1" 200 -
06:11:35 "POST /collect HTTP/1.1" 200 -
06:11:35 "POST /collect HTTP/1.1" 200 -
06:11:36 "POST /collect HTTP/1.1" 200 -
06:11:36 "POST /collect HTTP/1.1" 200 -
06:11:36 "GET /roster HTTP/1.1" 200 -
06:11:36 "POST /collect HTTP/1.1" 200 -
06:11:36 "POST /collect HTTP/1.1" 200 -
06:11:36 "POST /collect HTTP/1.1" 200 -
06:11:36 "GET /roster HTTP/1.1" 200 -
06:11:36 "POST /collect HTTP/1.1" 200 -
06:11:36 "POST /collect HTTP/1.1" 200 -
06:11:36 "POST /collect HTTP/1.1" 200 -
06:11:36 "POST /collect HTTP/1.1" 200 -
06:11:36 "POST /collect HTTP/1.1" 200 -
06:11:37 "POST /collect HTTP/1.1" 200 -
06:11:37 "POST /collect HTTP/1.1" 200 -
06:11:38 "POST /collect HTTP/1.1" 200 -
06:11:38 "POST /collect HTTP/1.1" 200 -
06:11:38 "POST /collect HTTP/1.1" 200 -
06:11:38 "POST /collect HTTP/1.1" 200 -
06:11:38 "POST /collect HTTP/1.1" 200 -
06:11:38 "GET /roster HTTP/1.1" 200 -
06:11:38 "POST /collect HTTP/1.1" 200 -
06:11:38 "POST /collect HTTP/1.1" 200 -
06:11:38 "POST /collect HTTP/1.1" 200 -
06:11:38 "POST /collect HTTP/1.1" 200 -
06:11:38 "POST /collect HTTP/1.1" 200 -
06:11:38 "POST /collect HTTP/1.1" 200 -
06:11:38 "POST /collect HTTP/1.1" 200 -
06:11:38 "POST /collect HTTP/1.1" 200 -
06:11:38 "POST /collect HTTP/1.1" 200 -
06:11:38 "POST /collect HTTP/1.1" 200 -
06:11:38 "POST /collect HTTP/1.1" 200 -
06:11:38 "POST /collect HTTP/1.1" 200 -
06:11:38 "POST /collect HTTP/1.1" 200 -
06:11:38 "GET /roster HTTP/1.1" 200 -
06:11:38 "POST /collect HTTP/1.1" 200 -
06:11:38 "POST /collect HTTP/1.1" 200 -
06:11:39 "POST /collect HTTP/1.1" 200 -
06:11:39 "POST /collect HTTP/1.1" 200 -
06:11:39 "POST /collect HTTP/1.1" 200 -
06:11:39 "POST /collect HTTP/1.1" 200 -
06:11:39 "POST /collect HTTP/1.1" 200 -
06:11:39 "POST /collect HTTP/1.1" 200 -
06:11:39 "POST /collect HTTP/1.1" 200 -
06:11:39 "POST /collect HTTP/1.1" 200 -
06:11:40 "POST /collect HTTP/1.1" 200 -
06:11:40 "POST /collect HTTP/1.1" 200 -
06:11:40 "POST /collect HTTP/1.1" 200 -
06:11:40 "GET /roster HTTP/1.1" 200 -
06:11:40 "POST /collect HTTP/1.1" 200 -
06:11:40 "GET /roster HTTP/1.1" 200 -
06:11:40 "POST /collect HTTP/1.1" 200 -
06:11:41 "POST /collect HTTP/1.1" 200 -
06:11:41 "POST /collect HTTP/1.1" 200 -
06:11:41 "POST /collect HTTP/1.1" 200 -
06:11:41 "POST /collect HTTP/1.1" 200 -
06:11:41 "POST /collect HTTP/1.1" 200 -
06:11:41 "POST /collect HTTP/1.1" 200 -
06:11:41 "POST /collect HTTP/1.1" 200 -
06:11:41 "POST /collect HTTP/1.1" 200 -
06:11:41 "POST /collect HTTP/1.1" 200 -
06:11:41 "POST /collect HTTP/1.1" 200 -
06:11:41 "POST /collect HTTP/1.1" 200 -
06:11:41 "POST /collect HTTP/1.1" 200 -
06:11:41 "POST /collect HTTP/1.1" 200 -
06:11:41 "POST /collect HTTP/1.1" 200 -
06:11:41 "POST /collect HTTP/1.1" 200 -
06:11:41 "POST /collect HTTP/1.1" 200 -
06:11:41 "POST /collect HTTP/1.1" 200 -
06:11:41 "POST /collect HTTP/1.1" 200 -
06:11:42 "POST /collect HTTP/1.1" 200 -
06:11:42 "POST /collect HTTP/1.1" 200 -
06:11:42 "GET /roster HTTP/1.1" 200 -
06:11:42 "POST /collect HTTP/1.1" 200 -
06:11:42 "POST /collect HTTP/1.1" 200 -
06:11:42 "POST /collect HTTP/1.1" 200 -
06:11:42 "GET /roster HTTP/1.1" 200 -
06:11:42 "POST /collect HTTP/1.1" 200 -
06:11:42 "POST /collect HTTP/1.1" 200 -
06:11:42 "POST /collect HTTP/1.1" 200 -
06:11:42 "POST /collect HTTP/1.1" 200 -
06:11:42 "POST /collect HTTP/1.1" 200 -
06:11:43 "POST /collect HTTP/1.1" 200 -
06:11:43 "POST /collect HTTP/1.1" 200 -
06:11:44 "POST /collect HTTP/1.1" 200 -
06:11:44 "POST /collect HTTP/1.1" 200 -
06:11:44 "POST /collect HTTP/1.1" 200 -
06:11:44 "POST /collect HTTP/1.1" 200 -
06:11:44 "POST /collect HTTP/1.1" 200 -
06:11:44 "GET /roster HTTP/1.1" 200 -
06:11:44 "POST /collect HTTP/1.1" 200 -
06:11:44 "POST /collect HTTP/1.1" 200 -
06:11:44 "POST /collect HTTP/1.1" 200 -
06:11:44 "POST /collect HTTP/1.1" 200 -
06:11:44 "POST /collect HTTP/1.1" 200 -
06:11:44 "POST /collect HTTP/1.1" 200 -
06:11:44 "POST /collect HTTP/1.1" 200 -
06:11:44 "POST /collect HTTP/1.1" 200 -
06:11:44 "POST /collect HTTP/1.1" 200 -
06:11:44 "POST /collect HTTP/1.1" 200 -
06:11:44 "POST /collect HTTP/1.1" 200 -
06:11:44 "POST /collect HTTP/1.1" 200 -
06:11:44 "POST /collect HTTP/1.1" 200 -
06:11:44 "POST /collect HTTP/1.1" 200 -
06:11:44 "GET /roster HTTP/1.1" 200 -
06:11:44 "POST /collect HTTP/1.1" 200 -
06:11:45 "POST /collect HTTP/1.1" 200 -
06:11:45 "POST /collect HTTP/1.1" 200 -
06:11:45 "POST /collect HTTP/1.1" 200 -
06:11:45 "POST /collect HTTP/1.1" 200 -
06:11:45 "POST /collect HTTP/1.1" 200 -
06:11:45 "POST /collect HTTP/1.1" 200 -
06:11:45 "POST /collect HTTP/1.1" 200 -
06:11:45 "POST /collect HTTP/1.1" 200 -
06:11:46 "POST /collect HTTP/1.1" 200 -
06:11:46 "POST /collect HTTP/1.1" 200 -
06:11:46 "GET /roster HTTP/1.1" 200 -
06:11:46 "POST /collect HTTP/1.1" 200 -
06:11:46 "GET /roster HTTP/1.1" 200 -
06:11:46 "POST /collect HTTP/1.1" 200 -
06:11:47 "POST /collect HTTP/1.1" 200 -
06:11:47 "POST /collect HTTP/1.1" 200 -
06:11:47 "POST /collect HTTP/1.1" 200 -
06:11:47 "POST /collect HTTP/1.1" 200 -
06:11:47 "POST /collect HTTP/1.1" 200 -
06:11:47 "POST /collect HTTP/1.1" 200 -
06:11:47 "POST /collect HTTP/1.1" 200 -
06:11:47 "POST /collect HTTP/1.1" 200 -
06:11:47 "POST /collect HTTP/1.1" 200 -
06:11:47 "POST /collect HTTP/1.1" 200 -
06:11:47 "POST /collect HTTP/1.1" 200 -
06:11:47 "POST /collect HTTP/1.1" 200 -
06:11:47 "POST /collect HTTP/1.1" 200 -
06:11:47 "POST /collect HTTP/1.1" 200 -
06:11:47 "POST /collect HTTP/1.1" 200 -
06:11:47 "POST /collect HTTP/1.1" 200 -
06:11:47 "POST /collect HTTP/1.1" 200 -
06:11:47 "POST /collect HTTP/1.1" 200 -
06:11:48 "POST /collect HTTP/1.1" 200 -
06:11:48 "POST /collect HTTP/1.1" 200 -
06:11:48 "GET /roster HTTP/1.1" 200 -
06:11:48 "POST /collect HTTP/1.1" 200 -
06:11:48 "POST /collect HTTP/1.1" 200 -
06:11:48 "POST /collect HTTP/1.1" 200 -
06:11:48 "GET /roster HTTP/1.1" 200 -
06:11:48 "POST /collect HTTP/1.1" 200 -
06:11:48 "POST /collect HTTP/1.1" 200 -
06:11:48 "POST /collect HTTP/1.1" 200 -
06:11:48 "POST /collect HTTP/1.1" 200 -
06:11:48 "POST /collect HTTP/1.1" 200 -
06:11:49 "POST /collect HTTP/1.1" 200 -
06:11:49 "POST /collect HTTP/1.1" 200 -
06:11:50 "POST /collect HTTP/1.1" 200 -
06:11:50 "POST /collect HTTP/1.1" 200 -
06:11:50 "POST /collect HTTP/1.1" 200 -
06:11:50 "POST /collect HTTP/1.1" 200 -
06:11:50 "POST /collect HTTP/1.1" 200 -
06:11:50 "GET /roster HTTP/1.1" 200 -
06:11:50 "POST /collect HTTP/1.1" 200 -
06:11:50 "POST /collect HTTP/1.1" 200 -
06:11:50 "POST /collect HTTP/1.1" 200 -
06:11:50 "POST /collect HTTP/1.1" 200 -
06:11:50 "POST /collect HTTP/1.1" 200 -
06:11:50 "POST /collect HTTP/1.1" 200 -
06:11:50 "POST /collect HTTP/1.1" 200 -
06:11:50 "POST /collect HTTP/1.1" 200 -
06:11:50 "POST /collect HTTP/1.1" 200 -
06:11:50 "POST /collect HTTP/1.1" 200 -
06:11:50 "POST /collect HTTP/1.1" 200 -
06:11:50 "POST /collect HTTP/1.1" 200 -
06:11:50 "POST /collect HTTP/1.1" 200 -
06:11:50 "GET /roster HTTP/1.1" 200 -
06:11:50 "POST /collect HTTP/1.1" 200 -
06:11:50 "POST /collect HTTP/1.1" 200 -
06:11:51 "POST /collect HTTP/1.1" 200 -
06:11:51 "POST /collect HTTP/1.1" 200 -
06:11:51 "POST /collect HTTP/1.1" 200 -
06:11:51 "POST /collect HTTP/1.1" 200 -
06:11:51 "POST /collect HTTP/1.1" 200 -
06:11:51 "POST /collect HTTP/1.1" 200 -
06:11:51 "POST /collect HTTP/1.1" 200 -
06:11:51 "POST /collect HTTP/1.1" 200 -
06:11:52 "POST /collect HTTP/1.1" 200 -
06:11:52 "POST /collect HTTP/1.1" 200 -
06:11:52 "GET /roster HTTP/1.1" 200 -
06:11:52 "POST /collect HTTP/1.1" 200 -
06:11:52 "GET /roster HTTP/1.1" 200 -
06:11:52 "POST /collect HTTP/1.1" 200 -
06:11:53 "POST /collect HTTP/1.1" 200 -
06:11:53 "POST /collect HTTP/1.1" 200 -
06:11:53 "POST /collect HTTP/1.1" 200 -
06:11:53 "POST /collect HTTP/1.1" 200 -
06:11:53 "POST /collect HTTP/1.1" 200 -
06:11:53 "POST /collect HTTP/1.1" 200 -
06:11:53 "POST /collect HTTP/1.1" 200 -
06:11:53 "POST /collect HTTP/1.1" 200 -
06:11:53 "POST /collect HTTP/1.1" 200 -
06:11:53 "POST /collect HTTP/1.1" 200 -
06:11:53 "POST /collect HTTP/1.1" 200 -
06:11:53 "POST /collect HTTP/1.1" 200 -
06:11:53 "POST /collect HTTP/1.1" 200 -
06:11:53 "POST /collect HTTP/1.1" 200 -
06:11:53 "POST /collect HTTP/1.1" 200 -
06:11:53 "POST /collect HTTP/1.1" 200 -
06:11:53 "POST /collect HTTP/1.1" 200 -
06:11:53 "POST /collect HTTP/1.1" 200 -
06:11:54 "POST /collect HTTP/1.1" 200 -
06:11:54 "POST /collect HTTP/1.1" 200 -
06:11:54 "GET /roster HTTP/1.1" 200 -
06:11:54 "POST /collect HTTP/1.1" 200 -
06:11:54 "POST /collect HTTP/1.1" 200 -
06:11:54 "POST /collect HTTP/1.1" 200 -
06:11:54 "GET /roster HTTP/1.1" 200 -
06:11:54 "POST /collect HTTP/1.1" 200 -
06:11:54 "POST /collect HTTP/1.1" 200 -
06:11:54 "POST /collect HTTP/1.1" 200 -
06:11:54 "POST /collect HTTP/1.1" 200 -
06:11:54 "POST /collect HTTP/1.1" 200 -
06:11:55 "POST /collect HTTP/1.1" 200 -
06:11:55 "POST /collect HTTP/1.1" 200 -
06:11:55 "POST /collect HTTP/1.1" 200 -
06:11:56 "POST /collect HTTP/1.1" 200 -
06:11:56 "POST /collect HTTP/1.1" 200 -
06:11:56 "POST /collect HTTP/1.1" 200 -
06:11:56 "POST /collect HTTP/1.1" 200 -
06:11:56 "POST /collect HTTP/1.1" 200 -
06:11:56 "GET /roster HTTP/1.1" 200 -
06:11:56 "POST /collect HTTP/1.1" 200 -
06:11:56 "POST /collect HTTP/1.1" 200 -
06:11:56 "POST /collect HTTP/1.1" 200 -
06:11:56 "POST /collect HTTP/1.1" 200 -
06:11:56 "POST /collect HTTP/1.1" 200 -
06:11:56 "POST /collect HTTP/1.1" 200 -
06:11:56 "POST /collect HTTP/1.1" 200 -
06:11:56 "POST /collect HTTP/1.1" 200 -
06:11:56 "POST /collect HTTP/1.1" 200 -
06:11:56 "POST /collect HTTP/1.1" 200 -
06:11:56 "POST /collect HTTP/1.1" 200 -
06:11:56 "POST /collect HTTP/1.1" 200 -
06:11:56 "POST /collect HTTP/1.1" 200 -
06:11:56 "GET /roster HTTP/1.1" 200 -
06:11:56 "POST /collect HTTP/1.1" 200 -
06:11:56 "POST /collect HTTP/1.1" 200 -
06:11:57 "POST /collect HTTP/1.1" 200 -
06:11:57 "POST /collect HTTP/1.1" 200 -
06:11:57 "POST /collect HTTP/1.1" 200 -
06:11:57 "POST /collect HTTP/1.1" 200 -
06:11:57 "POST /collect HTTP/1.1" 200 -
06:11:57 "POST /collect HTTP/1.1" 200 -
06:11:57 "POST /collect HTTP/1.1" 200 -
06:11:57 "POST /collect HTTP/1.1" 200 -
06:11:58 "POST /collect HTTP/1.1" 200 -
06:11:58 "POST /collect HTTP/1.1" 200 -
06:11:58 "GET /roster HTTP/1.1" 200 -
06:11:58 "POST /collect HTTP/1.1" 200 -
06:11:58 "GET /roster HTTP/1.1" 200 -
06:11:58 "POST /collect HTTP/1.1" 200 -
06:11:59 "POST /collect HTTP/1.1" 200 -
06:11:59 "POST /collect HTTP/1.1" 200 -
06:11:59 "POST /collect HTTP/1.1" 200 -
06:11:59 "POST /collect HTTP/1.1" 200 -
06:11:59 "POST /collect HTTP/1.1" 200 -
06:11:59 "POST /collect HTTP/1.1" 200 -
06:11:59 "POST /collect HTTP/1.1" 200 -
06:11:59 "POST /collect HTTP/1.1" 200 -
06:11:59 "POST /collect HTTP/1.1" 200 -
06:11:59 "POST /collect HTTP/1.1" 200 -
06:11:59 "POST /collect HTTP/1.1" 200 -
06:11:59 "POST /collect HTTP/1.1" 200 -
06:11:59 "POST /collect HTTP/1.1" 200 -
06:11:59 "POST /collect HTTP/1.1" 200 -
06:11:59 "POST /collect HTTP/1.1" 200 -
06:11:59 "POST /collect HTTP/1.1" 200 -
06:11:59 "POST /collect HTTP/1.1" 200 -
06:11:59 "POST /collect HTTP/1.1" 200 -
06:12:00 "POST /collect HTTP/1.1" 200 -
06:12:00 "POST /collect HTTP/1.1" 200 -
06:12:00 "GET /roster HTTP/1.1" 200 -
06:12:00 "POST /collect HTTP/1.1" 200 -
06:12:00 "POST /collect HTTP/1.1" 200 -
06:12:00 "POST /collect HTTP/1.1" 200 -
06:12:00 "GET /roster HTTP/1.1" 200 -
06:12:00 "POST /collect HTTP/1.1" 200 -
06:12:00 "POST /collect HTTP/1.1" 200 -
06:12:00 "POST /collect HTTP/1.1" 200 -
06:12:00 "POST /collect HTTP/1.1" 200 -
06:12:00 "POST /collect HTTP/1.1" 200 -
06:12:01 "POST /collect HTTP/1.1" 200 -
06:12:01 "POST /collect HTTP/1.1" 200 -
06:12:02 "POST /collect HTTP/1.1" 200 -
06:12:02 "POST /collect HTTP/1.1" 200 -
06:12:02 "POST /collect HTTP/1.1" 200 -
06:12:02 "POST /collect HTTP/1.1" 200 -
06:12:02 "POST /collect HTTP/1.1" 200 -
06:12:02 "GET /roster HTTP/1.1" 200 -
06:12:02 "POST /collect HTTP/1.1" 200 -
06:12:02 "POST /collect HTTP/1.1" 200 -
06:12:02 "POST /collect HTTP/1.1" 200 -
06:12:02 "POST /collect HTTP/1.1" 200 -
06:12:02 "POST /collect HTTP/1.1" 200 -
06:12:02 "POST /collect HTTP/1.1" 200 -
06:12:02 "POST /collect HTTP/1.1" 200 -
06:12:02 "POST /collect HTTP/1.1" 200 -
06:12:02 "POST /collect HTTP/1.1" 200 -
06:12:02 "POST /collect HTTP/1.1" 200 -
06:12:02 "POST /collect HTTP/1.1" 200 -
06:12:02 "POST /collect HTTP/1.1" 200 -
06:12:02 "POST /collect HTTP/1.1" 200 -
06:12:02 "GET /roster HTTP/1.1" 200 -
06:12:02 "POST /collect HTTP/1.1" 200 -
06:12:02 "POST /collect HTTP/1.1" 200 -
06:12:03 "POST /collect HTTP/1.1" 200 -
06:12:03 "POST /collect HTTP/1.1" 200 -
06:12:03 "POST /collect HTTP/1.1" 200 -
06:12:03 "POST /collect HTTP/1.1" 200 -
06:12:03 "POST /collect HTTP/1.1" 200 -
06:12:03 "POST /collect HTTP/1.1" 200 -
06:12:03 "POST /collect HTTP/1.1" 200 -
06:12:03 "POST /collect HTTP/1.1" 200 -
06:12:04 "POST /collect HTTP/1.1" 200 -
06:12:04 "POST /collect HTTP/1.1" 200 -
06:12:04 "GET /roster HTTP/1.1" 200 -
06:12:04 "POST /collect HTTP/1.1" 200 -
06:12:04 "GET /roster HTTP/1.1" 200 -
06:12:04 "POST /collect HTTP/1.1" 200 -
06:12:05 "POST /collect HTTP/1.1" 200 -
06:12:05 "POST /collect HTTP/1.1" 200 -
06:12:05 "POST /collect HTTP/1.1" 200 -
06:12:05 "POST /collect HTTP/1.1" 200 -
06:12:05 "POST /collect HTTP/1.1" 200 -
06:12:05 "POST /collect HTTP/1.1" 200 -
06:12:05 "POST /collect HTTP/1.1" 200 -
06:12:05 "POST /collect HTTP/1.1" 200 -
06:12:05 "POST /collect HTTP/1.1" 200 -
06:12:05 "POST /collect HTTP/1.1" 200 -
06:12:05 "POST /collect HTTP/1.1" 200 -
06:12:05 "POST /collect HTTP/1.1" 200 -
06:12:05 "POST /collect HTTP/1.1" 200 -
06:12:05 "POST /collect HTTP/1.1" 200 -
06:12:05 "POST /collect HTTP/1.1" 200 -
06:12:05 "POST /collect HTTP/1.1" 200 -
06:12:05 "POST /collect HTTP/1.1" 200 -
06:12:05 "POST /collect HTTP/1.1" 200 -
06:12:06 "POST /collect HTTP/1.1" 200 -
06:12:06 "POST /collect HTTP/1.1" 200 -
06:12:06 "GET /roster HTTP/1.1" 200 -
06:12:06 "POST /collect HTTP/1.1" 200 -
06:12:06 "POST /collect HTTP/1.1" 200 -
06:12:06 "POST /collect HTTP/1.1" 200 -
06:12:06 "GET /roster HTTP/1.1" 200 -
06:12:06 "POST /collect HTTP/1.1" 200 -
06:12:06 "POST /collect HTTP/1.1" 200 -
06:12:06 "POST /collect HTTP/1.1" 200 -
06:12:06 "POST /collect HTTP/1.1" 200 -
06:12:06 "POST /collect HTTP/1.1" 200 -
06:12:07 "POST /collect HTTP/1.1" 200 -
06:12:07 "POST /collect HTTP/1.1" 200 -
06:12:08 "POST /collect HTTP/1.1" 200 -
06:12:08 "POST /collect HTTP/1.1" 200 -
06:12:08 "POST /collect HTTP/1.1" 200 -
06:12:08 "POST /collect HTTP/1.1" 200 -
06:12:08 "POST /collect HTTP/1.1" 200 -
06:12:08 "GET /roster HTTP/1.1" 200 -
06:12:08 "POST /collect HTTP/1.1" 200 -
06:12:08 "POST /collect HTTP/1.1" 200 -
06:12:08 "POST /collect HTTP/1.1" 200 -
06:12:08 "POST /collect HTTP/1.1" 200 -
06:12:08 "POST /collect HTTP/1.1" 200 -
06:12:08 "POST /collect HTTP/1.1" 200 -
06:12:08 "POST /collect HTTP/1.1" 200 -
06:12:08 "POST /collect HTTP/1.1" 200 -
06:12:08 "POST /collect HTTP/1.1" 200 -
06:12:08 "POST /collect HTTP/1.1" 200 -
06:12:08 "POST /collect HTTP/1.1" 200 -
06:12:08 "POST /collect HTTP/1.1" 200 -
06:12:08 "POST /collect HTTP/1.1" 200 -
06:12:08 "GET /roster HTTP/1.1" 200 -
06:12:08 "POST /collect HTTP/1.1" 200 -
06:12:08 "POST /collect HTTP/1.1" 200 -
06:12:09 "POST /collect HTTP/1.1" 200 -
06:12:09 "POST /collect HTTP/1.1" 200 -
06:12:09 "POST /collect HTTP/1.1" 200 -
06:12:09 "POST /collect HTTP/1.1" 200 -
06:12:09 "POST /collect HTTP/1.1" 200 -
06:12:09 "POST /collect HTTP/1.1" 200 -
06:12:09 "POST /collect HTTP/1.1" 200 -
06:12:09 "POST /collect HTTP/1.1" 200 -
06:12:10 "POST /collect HTTP/1.1" 200 -
06:12:10 "POST /collect HTTP/1.1" 200 -
06:12:10 "GET /roster HTTP/1.1" 200 -
06:12:10 "POST /collect HTTP/1.1" 200 -
06:12:10 "POST /collect HTTP/1.1" 200 -
06:12:10 "GET /roster HTTP/1.1" 200 -
06:12:10 "POST /collect HTTP/1.1" 200 -
06:12:11 "POST /collect HTTP/1.1" 200 -
06:12:11 "POST /collect HTTP/1.1" 200 -
06:12:11 "POST /collect HTTP/1.1" 200 -
06:12:11 "POST /collect HTTP/1.1" 200 -
06:12:11 "POST /collect HTTP/1.1" 200 -
06:12:11 "POST /collect HTTP/1.1" 200 -
06:12:11 "POST /collect HTTP/1.1" 200 -
06:12:11 "POST /collect HTTP/1.1" 200 -
06:12:11 "POST /collect HTTP/1.1" 200 -
06:12:11 "POST /collect HTTP/1.1" 200 -
06:12:11 "POST /collect HTTP/1.1" 200 -
06:12:11 "POST /collect HTTP/1.1" 200 -
06:12:11 "POST /collect HTTP/1.1" 200 -
06:12:11 "POST /collect HTTP/1.1" 200 -
06:12:11 "POST /collect HTTP/1.1" 200 -
06:12:11 "POST /collect HTTP/1.1" 200 -
06:12:11 "POST /collect HTTP/1.1" 200 -
06:12:11 "POST /collect HTTP/1.1" 200 -
06:12:12 "POST /collect HTTP/1.1" 200 -
06:12:12 "POST /collect HTTP/1.1" 200 -
06:12:12 "GET /roster HTTP/1.1" 200 -
06:12:12 "POST /collect HTTP/1.1" 200 -
06:12:12 "POST /collect HTTP/1.1" 200 -
06:12:12 "POST /collect HTTP/1.1" 200 -
06:12:12 "GET /roster HTTP/1.1" 200 -
06:12:12 "POST /collect HTTP/1.1" 200 -
06:12:12 "POST /collect HTTP/1.1" 200 -
06:12:12 "POST /collect HTTP/1.1" 200 -
06:12:12 "POST /collect HTTP/1.1" 200 -
06:12:12 "POST /collect HTTP/1.1" 200 -
06:12:13 "POST /collect HTTP/1.1" 200 -
06:12:13 "POST /collect HTTP/1.1" 200 -
06:12:14 "POST /collect HTTP/1.1" 200 -
06:12:14 "POST /collect HTTP/1.1" 200 -
06:12:14 "POST /collect HTTP/1.1" 200 -
06:12:14 "POST /collect HTTP/1.1" 200 -
06:12:14 "POST /collect HTTP/1.1" 200 -
06:12:14 "POST /collect HTTP/1.1" 200 -
06:12:14 "GET /roster HTTP/1.1" 200 -
06:12:14 "POST /collect HTTP/1.1" 200 -
06:12:14 "POST /collect HTTP/1.1" 200 -
06:12:14 "POST /collect HTTP/1.1" 200 -
06:12:14 "POST /collect HTTP/1.1" 200 -
06:12:14 "POST /collect HTTP/1.1" 200 -
06:12:14 "POST /collect HTTP/1.1" 200 -
06:12:14 "POST /collect HTTP/1.1" 200 -
06:12:14 "POST /collect HTTP/1.1" 200 -
06:12:14 "POST /collect HTTP/1.1" 200 -
06:12:14 "POST /collect HTTP/1.1" 200 -
06:12:14 "POST /collect HTTP/1.1" 200 -
06:12:14 "POST /collect HTTP/1.1" 200 -
06:12:14 "GET /roster HTTP/1.1" 200 -
06:12:14 "POST /collect HTTP/1.1" 200 -
06:12:14 "POST /collect HTTP/1.1" 200 -
06:12:15 "POST /collect HTTP/1.1" 200 -
06:12:15 "POST /collect HTTP/1.1" 200 -
06:12:15 "POST /collect HTTP/1.1" 200 -
06:12:15 "POST /collect HTTP/1.1" 200 -
06:12:15 "POST /collect HTTP/1.1" 200 -
06:12:15 "POST /collect HTTP/1.1" 200 -
06:12:15 "POST /collect HTTP/1.1" 200 -
06:12:15 "POST /collect HTTP/1.1" 200 -
06:12:16 "POST /collect HTTP/1.1" 200 -
06:12:16 "POST /collect HTTP/1.1" 200 -
06:12:16 "GET /roster HTTP/1.1" 200 -
06:12:16 "POST /collect HTTP/1.1" 200 -
06:12:16 "GET /roster HTTP/1.1" 200 -
06:12:16 "POST /collect HTTP/1.1" 200 -
06:12:17 "POST /collect HTTP/1.1" 200 -
06:12:17 "POST /collect HTTP/1.1" 200 -
06:12:17 "POST /collect HTTP/1.1" 200 -
06:12:17 "POST /collect HTTP/1.1" 200 -
06:12:17 "POST /collect HTTP/1.1" 200 -
06:12:17 "POST /collect HTTP/1.1" 200 -
06:12:17 "POST /collect HTTP/1.1" 200 -
06:12:17 "POST /collect HTTP/1.1" 200 -
06:12:17 "POST /collect HTTP/1.1" 200 -
06:12:17 "POST /collect HTTP/1.1" 200 -
06:12:17 "POST /collect HTTP/1.1" 200 -
06:12:17 "POST /collect HTTP/1.1" 200 -
06:12:17 "POST /collect HTTP/1.1" 200 -
06:12:17 "POST /collect HTTP/1.1" 200 -
06:12:17 "POST /collect HTTP/1.1" 200 -
06:12:17 "POST /collect HTTP/1.1" 200 -
06:12:17 "POST /collect HTTP/1.1" 200 -
06:12:17 "POST /collect HTTP/1.1" 200 -
06:12:18 "POST /collect HTTP/1.1" 200 -
06:12:18 "POST /collect HTTP/1.1" 200 -
06:12:18 "GET /roster HTTP/1.1" 200 -
06:12:18 "POST /collect HTTP/1.1" 200 -
06:12:18 "POST /collect HTTP/1.1" 200 -
06:12:18 "POST /collect HTTP/1.1" 200 -
06:12:18 "GET /roster HTTP/1.1" 200 -
06:12:18 "POST /collect HTTP/1.1" 200 -
06:12:18 "POST /collect HTTP/1.1" 200 -
06:12:18 "POST /collect HTTP/1.1" 200 -
06:12:18 "POST /collect HTTP/1.1" 200 -
06:12:18 "POST /collect HTTP/1.1" 200 -
06:12:19 "POST /collect HTTP/1.1" 200 -
06:12:19 "POST /collect HTTP/1.1" 200 -
06:12:20 "POST /collect HTTP/1.1" 200 -
06:12:20 "POST /collect HTTP/1.1" 200 -
06:12:20 "POST /collect HTTP/1.1" 200 -
06:12:20 "POST /collect HTTP/1.1" 200 -
06:12:20 "POST /collect HTTP/1.1" 200 -
06:12:20 "GET /roster HTTP/1.1" 200 -
06:12:20 "POST /collect HTTP/1.1" 200 -
06:12:20 "POST /collect HTTP/1.1" 200 -
06:12:20 "POST /collect HTTP/1.1" 200 -
06:12:20 "POST /collect HTTP/1.1" 200 -
06:12:20 "POST /collect HTTP/1.1" 200 -
06:12:20 "POST /collect HTTP/1.1" 200 -
06:12:20 "POST /collect HTTP/1.1" 200 -
06:12:20 "POST /collect HTTP/1.1" 200 -
06:12:20 "POST /collect HTTP/1.1" 200 -
06:12:20 "POST /collect HTTP/1.1" 200 -
06:12:20 "POST /collect HTTP/1.1" 200 -
06:12:20 "POST /collect HTTP/1.1" 200 -
06:12:20 "POST /collect HTTP/1.1" 200 -
06:12:20 "GET /roster HTTP/1.1" 200 -
06:12:20 "POST /collect HTTP/1.1" 200 -
06:12:20 "POST /collect HTTP/1.1" 200 -
06:12:21 "POST /collect HTTP/1.1" 200 -
06:12:21 "POST /collect HTTP/1.1" 200 -
06:12:21 "POST /collect HTTP/1.1" 200 -
06:12:21 "POST /collect HTTP/1.1" 200 -
06:12:21 "POST /collect HTTP/1.1" 200 -
06:12:21 "POST /collect HTTP/1.1" 200 -
06:12:21 "POST /collect HTTP/1.1" 200 -
06:12:21 "POST /collect HTTP/1.1" 200 -
06:12:22 "POST /collect HTTP/1.1" 200 -
06:12:22 "POST /collect HTTP/1.1" 200 -
06:12:22 "GET /roster HTTP/1.1" 200 -
06:12:22 "POST /collect HTTP/1.1" 200 -
06:12:22 "GET /roster HTTP/1.1" 200 -
06:12:22 "POST /collect HTTP/1.1" 200 -
06:12:23 "POST /collect HTTP/1.1" 200 -
06:12:23 "POST /collect HTTP/1.1" 200 -
06:12:23 "POST /collect HTTP/1.1" 200 -
06:12:23 "POST /collect HTTP/1.1" 200 -
06:12:23 "POST /collect HTTP/1.1" 200 -
06:12:23 "POST /collect HTTP/1.1" 200 -
06:12:23 "POST /collect HTTP/1.1" 200 -
06:12:23 "POST /collect HTTP/1.1" 200 -
06:12:23 "POST /collect HTTP/1.1" 200 -
06:12:23 "POST /collect HTTP/1.1" 200 -
06:12:23 "POST /collect HTTP/1.1" 200 -
06:12:23 "POST /collect HTTP/1.1" 200 -
06:12:23 "POST /collect HTTP/1.1" 200 -
06:12:23 "POST /collect HTTP/1.1" 200 -
06:12:23 "POST /collect HTTP/1.1" 200 -
06:12:23 "POST /collect HTTP/1.1" 200 -
06:12:23 "POST /collect HTTP/1.1" 200 -
06:12:23 "POST /collect HTTP/1.1" 200 -
06:12:24 "POST /collect HTTP/1.1" 200 -
06:12:24 "POST /collect HTTP/1.1" 200 -
06:12:24 "GET /roster HTTP/1.1" 200 -
06:12:24 "POST /collect HTTP/1.1" 200 -
06:12:24 "POST /collect HTTP/1.1" 200 -
06:12:24 "POST /collect HTTP/1.1" 200 -
06:12:24 "GET /roster HTTP/1.1" 200 -
06:12:24 "POST /collect HTTP/1.1" 200 -
06:12:24 "POST /collect HTTP/1.1" 200 -
06:12:24 "POST /collect HTTP/1.1" 200 -
06:12:24 "POST /collect HTTP/1.1" 200 -
06:12:24 "POST /collect HTTP/1.1" 200 -
06:12:25 "POST /collect HTTP/1.1" 200 -
06:12:25 "POST /collect HTTP/1.1" 200 -
06:12:25 "POST /collect HTTP/1.1" 200 -
06:12:26 "POST /collect HTTP/1.1" 200 -
06:12:26 "POST /collect HTTP/1.1" 200 -
06:12:26 "POST /collect HTTP/1.1" 200 -
06:12:26 "POST /collect HTTP/1.1" 200 -
06:12:26 "POST /collect HTTP/1.1" 200 -
06:12:26 "GET /roster HTTP/1.1" 200 -
06:12:26 "POST /collect HTTP/1.1" 200 -
06:12:26 "POST /collect HTTP/1.1" 200 -
06:12:26 "POST /collect HTTP/1.1" 200 -
06:12:26 "POST /collect HTTP/1.1" 200 -
06:12:26 "POST /collect HTTP/1.1" 200 -
06:12:26 "POST /collect HTTP/1.1" 200 -
06:12:26 "POST /collect HTTP/1.1" 200 -
06:12:26 "POST /collect HTTP/1.1" 200 -
06:12:26 "POST /collect HTTP/1.1" 200 -
06:12:26 "POST /collect HTTP/1.1" 200 -
06:12:26 "POST /collect HTTP/1.1" 200 -
06:12:26 "POST /collect HTTP/1.1" 200 -
06:12:26 "POST /collect HTTP/1.1" 200 -
06:12:26 "GET /roster HTTP/1.1" 200 -
06:12:26 "POST /collect HTTP/1.1" 200 -
06:12:26 "POST /collect HTTP/1.1" 200 -
06:12:27 "POST /collect HTTP/1.1" 200 -
06:12:27 "POST /collect HTTP/1.1" 200 -
06:12:27 "POST /collect HTTP/1.1" 200 -
06:12:27 "POST /collect HTTP/1.1" 200 -
06:12:27 "POST /collect HTTP/1.1" 200 -
06:12:27 "POST /collect HTTP/1.1" 200 -
06:12:27 "POST /collect HTTP/1.1" 200 -
06:12:27 "POST /collect HTTP/1.1" 200 -
06:12:28 "POST /collect HTTP/1.1" 200 -
06:12:28 "POST /collect HTTP/1.1" 200 -
06:12:28 "GET /roster HTTP/1.1" 200 -
06:12:28 "POST /collect HTTP/1.1" 200 -
06:12:28 "GET /roster HTTP/1.1" 200 -
06:12:28 "POST /collect HTTP/1.1" 200 -
06:12:29 "POST /collect HTTP/1.1" 200 -
06:12:29 "POST /collect HTTP/1.1" 200 -
06:12:29 "POST /collect HTTP/1.1" 200 -
06:12:29 "POST /collect HTTP/1.1" 200 -
06:12:29 "POST /collect HTTP/1.1" 200 -
06:12:29 "POST /collect HTTP/1.1" 200 -
06:12:29 "POST /collect HTTP/1.1" 200 -
06:12:29 "POST /collect HTTP/1.1" 200 -
06:12:29 "POST /collect HTTP/1.1" 200 -
06:12:29 "POST /collect HTTP/1.1" 200 -
06:12:29 "POST /collect HTTP/1.1" 200 -
06:12:29 "POST /collect HTTP/1.1" 200 -
06:12:29 "POST /collect HTTP/1.1" 200 -
06:12:29 "POST /collect HTTP/1.1" 200 -
06:12:29 "POST /collect HTTP/1.1" 200 -
06:12:29 "POST /collect HTTP/1.1" 200 -
06:12:29 "POST /collect HTTP/1.1" 200 -
06:12:29 "POST /collect HTTP/1.1" 200 -
06:12:30 "POST /collect HTTP/1.1" 200 -
06:12:30 "POST /collect HTTP/1.1" 200 -
06:12:30 "GET /roster HTTP/1.1" 200 -
06:12:30 "POST /collect HTTP/1.1" 200 -
06:12:30 "POST /collect HTTP/1.1" 200 -
06:12:30 "POST /collect HTTP/1.1" 200 -
06:12:30 "GET /roster HTTP/1.1" 200 -
06:12:30 "POST /collect HTTP/1.1" 200 -
06:12:30 "POST /collect HTTP/1.1" 200 -
06:12:30 "POST /collect HTTP/1.1" 200 -
06:12:30 "POST /collect HTTP/1.1" 200 -
06:12:30 "POST /collect HTTP/1.1" 200 -
06:12:31 "POST /collect HTTP/1.1" 200 -
06:12:31 "POST /collect HTTP/1.1" 200 -
06:12:32 "POST /collect HTTP/1.1" 200 -
06:12:32 "POST /collect HTTP/1.1" 200 -
06:12:32 "POST /collect HTTP/1.1" 200 -
06:12:32 "POST /collect HTTP/1.1" 200 -
06:12:32 "POST /collect HTTP/1.1" 200 -
06:12:32 "GET /roster HTTP/1.1" 200 -
06:12:32 "POST /collect HTTP/1.1" 200 -
06:12:32 "POST /collect HTTP/1.1" 200 -
06:12:32 "POST /collect HTTP/1.1" 200 -
06:12:32 "POST /collect HTTP/1.1" 200 -
06:12:32 "POST /collect HTTP/1.1" 200 -
06:12:32 "POST /collect HTTP/1.1" 200 -
06:12:32 "POST /collect HTTP/1.1" 200 -
06:12:32 "POST /collect HTTP/1.1" 200 -
06:12:32 "POST /collect HTTP/1.1" 200 -
06:12:32 "POST /collect HTTP/1.1" 200 -
06:12:32 "POST /collect HTTP/1.1" 200 -
06:12:32 "POST /collect HTTP/1.1" 200 -
06:12:32 "POST /collect HTTP/1.1" 200 -
06:12:32 "GET /roster HTTP/1.1" 200 -
06:12:32 "POST /collect HTTP/1.1" 200 -
06:12:32 "POST /collect HTTP/1.1" 200 -
06:12:33 "POST /collect HTTP/1.1" 200 -
06:12:33 "POST /collect HTTP/1.1" 200 -
06:12:33 "POST /collect HTTP/1.1" 200 -
06:12:33 "POST /collect HTTP/1.1" 200 -
06:12:33 "POST /collect HTTP/1.1" 200 -
06:12:33 "POST /collect HTTP/1.1" 200 -
06:12:33 "POST /collect HTTP/1.1" 200 -
06:12:33 "POST /collect HTTP/1.1" 200 -
06:12:34 "POST /collect HTTP/1.1" 200 -
06:12:34 "POST /collect HTTP/1.1" 200 -
06:12:34 "GET /roster HTTP/1.1" 200 -
06:12:34 "POST /collect HTTP/1.1" 200 -
06:12:34 "GET /roster HTTP/1.1" 200 -
06:12:34 "POST /collect HTTP/1.1" 200 -
06:12:35 "POST /collect HTTP/1.1" 200 -
06:12:35 "POST /collect HTTP/1.1" 200 -
06:12:35 "POST /collect HTTP/1.1" 200 -
06:12:35 "POST /collect HTTP/1.1" 200 -
06:12:35 "POST /collect HTTP/1.1" 200 -
06:12:35 "POST /collect HTTP/1.1" 200 -
06:12:35 "POST /collect HTTP/1.1" 200 -
06:12:35 "POST /collect HTTP/1.1" 200 -
06:12:35 "POST /collect HTTP/1.1" 200 -
06:12:35 "POST /collect HTTP/1.1" 200 -
06:12:35 "POST /collect HTTP/1.1" 200 -
06:12:35 "POST /collect HTTP/1.1" 200 -
06:12:35 "POST /collect HTTP/1.1" 200 -
06:12:35 "POST /collect HTTP/1.1" 200 -
06:12:35 "POST /collect HTTP/1.1" 200 -
06:12:35 "POST /collect HTTP/1.1" 200 -
06:12:35 "POST /collect HTTP/1.1" 200 -
06:12:35 "POST /collect HTTP/1.1" 200 -
06:12:35 "POST /collect HTTP/1.1" 200 -
06:12:36 "POST /collect HTTP/1.1" 200 -
06:12:36 "POST /collect HTTP/1.1" 200 -
06:12:36 "GET /roster HTTP/1.1" 200 -
06:12:36 "POST /collect HTTP/1.1" 200 -
06:12:36 "POST /collect HTTP/1.1" 200 -
06:12:36 "POST /collect HTTP/1.1" 200 -
06:12:36 "GET /roster HTTP/1.1" 200 -
06:12:36 "POST /collect HTTP/1.1" 200 -
06:12:36 "POST /collect HTTP/1.1" 200 -
06:12:36 "POST /collect HTTP/1.1" 200 -
06:12:36 "POST /collect HTTP/1.1" 200 -
06:12:36 "POST /collect HTTP/1.1" 200 -
06:12:37 "POST /collect HTTP/1.1" 200 -
06:12:37 "POST /collect HTTP/1.1" 200 -
