m2m server on :8897, results -> /Users/s32863/personal/elektron/results/m2m-heavy-feat10.jsonl, app 8c2a974b…
06:04:33 "GET /roster HTTP/1.1" 200 -
06:04:33 "POST /reset HTTP/1.1" 200 -
06:04:34 "GET /room.html?id=1&n=10&hold=1&cb=1787713474280&audio=1&mode=full&cls=probe HTTP/1.1" 200 -
06:04:34 code 404, message File not found
06:04:34 "GET /favicon.ico HTTP/1.1" 404 -
06:04:34 "GET /room.html?id=2&n=10&hold=1&cb=1787713474875&audio=1&mode=full&cls=probe HTTP/1.1" 200 -
06:04:34 code 404, message File not found
06:04:34 "GET /favicon.ico HTTP/1.1" 404 -
06:04:35 "GET /room.html?id=A&n=10&hold=1&cb=1787713475484&audio=1&mode=pub&vw=1280&vh=720&vfps=30&cls=feat&kbps=2500&hint=motion HTTP/1.1" 200 -
06:04:35 code 404, message File not found
06:04:35 "GET /favicon.ico HTTP/1.1" 404 -
06:04:36 "GET /room.html?id=B&n=10&hold=1&cb=1787713476097&audio=1&mode=pub&vw=1280&vh=720&vfps=30&cls=feat&kbps=2500&hint=motion HTTP/1.1" 200 -
06:04:36 code 404, message File not found
06:04:36 "GET /favicon.ico HTTP/1.1" 404 -
06:04:36 "GET /room.html?id=C&n=10&hold=1&cb=1787713476743&audio=1&mode=pub&vw=320&vh=180&vfps=15&cls=light HTTP/1.1" 200 -
06:04:36 code 404, message File not found
06:04:36 "GET /favicon.ico HTTP/1.1" 404 -
06:04:37 "GET /room.html?id=D&n=10&hold=1&cb=1787713477379&audio=1&mode=pub&vw=320&vh=180&vfps=15&cls=light HTTP/1.1" 200 -
06:04:37 code 404, message File not found
06:04:37 "GET /favicon.ico HTTP/1.1" 404 -
06:04:38 "GET /room.html?id=E&n=10&hold=1&cb=1787713478017&audio=1&mode=pub&vw=320&vh=180&vfps=15&cls=light HTTP/1.1" 200 -
06:04:38 code 404, message File not found
06:04:38 "GET /favicon.ico HTTP/1.1" 404 -
06:04:38 "GET /room.html?id=F&n=10&hold=1&cb=1787713478688&audio=1&mode=pub&vw=320&vh=180&vfps=15&cls=light HTTP/1.1" 200 -
06:04:38 code 404, message File not found
06:04:38 "GET /favicon.ico HTTP/1.1" 404 -
06:04:39 "GET /room.html?id=G&n=10&hold=1&cb=1787713479330&audio=1&mode=pub&vw=320&vh=180&vfps=15&cls=light HTTP/1.1" 200 -
06:04:39 code 404, message File not found
06:04:39 "GET /favicon.ico HTTP/1.1" 404 -
06:04:39 "GET /room.html?id=H&n=10&hold=1&cb=1787713479962&audio=1&mode=pub&vw=320&vh=180&vfps=15&cls=light HTTP/1.1" 200 -
06:04:40 code 404, message File not found
06:04:40 "GET /favicon.ico HTTP/1.1" 404 -
06:04:40 "POST /collect HTTP/1.1" 200 -
06:04:40 CF POST /sessions/new -> 201 (262 ms)
06:04:40 "POST /cf/sessions/new HTTP/1.1" 201 -
06:04:40 CF POST /sessions/new -> 201 (234 ms)
06:04:40 CF POST /sessions/new -> 201 (281 ms)
06:04:40 "POST /cf/sessions/new HTTP/1.1" 201 -
06:04:40 "POST /cf/sessions/new HTTP/1.1" 201 -
06:04:40 CF POST /sessions/new -> 201 (272 ms)
06:04:40 "POST /cf/sessions/new HTTP/1.1" 201 -
06:04:40 CF POST /sessions/new -> 201 (267 ms)
06:04:40 "POST /cf/sessions/new HTTP/1.1" 201 -
06:04:40 CF POST /sessions/new -> 201 (275 ms)
06:04:40 "POST /cf/sessions/new HTTP/1.1" 201 -
06:04:40 CF POST /sessions/new -> 201 (272 ms)
06:04:40 "POST /cf/sessions/new HTTP/1.1" 201 -
06:04:40 CF POST /sessions/new -> 201 (327 ms)
06:04:40 "POST /cf/sessions/new HTTP/1.1" 201 -
06:04:40 CF POST /sessions/new -> 201 (338 ms)
06:04:40 "POST /cf/sessions/new HTTP/1.1" 201 -
06:04:40 CF POST /sessions/new -> 201 (379 ms)
06:04:40 "POST /cf/sessions/new HTTP/1.1" 201 -
06:04:41 "POST /save/pub-offer-g.sdp HTTP/1.1" 200 -
06:04:41 "POST /save/pub-offer-d.sdp HTTP/1.1" 200 -
06:04:41 "POST /save/pub-offer-c.sdp HTTP/1.1" 200 -
06:04:41 "POST /save/pub-offer-a.sdp HTTP/1.1" 200 -
06:04:41 "POST /save/pub-offer-f.sdp HTTP/1.1" 200 -
06:04:41 "POST /save/pub-offer-b.sdp HTTP/1.1" 200 -
06:04:41 "POST /save/pub-offer-h.sdp HTTP/1.1" 200 -
06:04:41 "POST /save/pub-offer-1.sdp HTTP/1.1" 200 -
06:04:41 "POST /save/pub-offer-e.sdp HTTP/1.1" 200 -
06:04:41 "POST /save/pub-offer-2.sdp HTTP/1.1" 200 -
06:04:41 CF POST /sessions/7232d9251aff241ed75319b0f5eaa73039c97facb441e844eca348063e1bb272/tracks/new -> 200 (315 ms)
06:04:41 "POST /cf/sessions/7232d9251aff241ed75319b0f5eaa73039c97facb441e844eca348063e1bb272/tracks/new HTTP/1.1" 200 -
06:04:41 "POST /save/pub-answer-g.sdp HTTP/1.1" 200 -
06:04:41 "POST /collect HTTP/1.1" 200 -
06:04:41 "POST /collect HTTP/1.1" 200 -
06:04:41 "POST /collect HTTP/1.1" 200 -
06:04:41 CF POST /sessions/61ef9acb4bcc7f22d6f41d38e6a155f1217f549ad37f9f69d6dc03f43b643873/tracks/new -> 200 (342 ms)
06:04:41 CF POST /sessions/606acabd1e237029452b9d54f08adc4c667193d22548b2c153af1bf1430fbce7/tracks/new -> 200 (343 ms)
06:04:41 "POST /cf/sessions/606acabd1e237029452b9d54f08adc4c667193d22548b2c153af1bf1430fbce7/tracks/new HTTP/1.1" 200 -
06:04:41 "POST /cf/sessions/61ef9acb4bcc7f22d6f41d38e6a155f1217f549ad37f9f69d6dc03f43b643873/tracks/new HTTP/1.1" 200 -
06:04:41 "POST /save/pub-answer-b.sdp HTTP/1.1" 200 -
06:04:41 "POST /save/pub-answer-d.sdp HTTP/1.1" 200 -
06:04:41 CF POST /sessions/a504183b2b7eb6692f62bde93e15b62b6638b345eaf0bf97d2c517194cd40020/tracks/new -> 200 (349 ms)
06:04:41 "POST /cf/sessions/a504183b2b7eb6692f62bde93e15b62b6638b345eaf0bf97d2c517194cd40020/tracks/new HTTP/1.1" 200 -
06:04:41 "POST /collect HTTP/1.1" 200 -
06:04:41 "POST /collect HTTP/1.1" 200 -
06:04:41 "POST /save/pub-answer-f.sdp HTTP/1.1" 200 -
06:04:41 "POST /collect HTTP/1.1" 200 -
06:04:41 "POST /collect HTTP/1.1" 200 -
06:04:41 "POST /collect HTTP/1.1" 200 -
06:04:41 "POST /collect HTTP/1.1" 200 -
06:04:41 "POST /collect HTTP/1.1" 200 -
06:04:41 "POST /collect HTTP/1.1" 200 -
06:04:41 "POST /collect HTTP/1.1" 200 -
06:04:41 CF POST /sessions/7408cf9f855bbd40e5fec5a8c08e93a6a975934605df495a6df31f582b4a2c98/tracks/new -> 200 (377 ms)
06:04:41 "POST /cf/sessions/7408cf9f855bbd40e5fec5a8c08e93a6a975934605df495a6df31f582b4a2c98/tracks/new HTTP/1.1" 200 -
06:04:41 "POST /save/pub-answer-a.sdp HTTP/1.1" 200 -
06:04:41 "POST /collect HTTP/1.1" 200 -
06:04:41 "POST /collect HTTP/1.1" 200 -
06:04:41 "POST /collect HTTP/1.1" 200 -
06:04:41 CF POST /sessions/6ef52071606b9508c7d002cac027e372315cb844dfc5036596fb431693272120/tracks/new -> 200 (395 ms)
06:04:41 "POST /cf/sessions/6ef52071606b9508c7d002cac027e372315cb844dfc5036596fb431693272120/tracks/new HTTP/1.1" 200 -
06:04:41 CF POST /sessions/6b4c1da26dd9767a1b8c22a9e89c8d6ed80e0fcb986d866a114649b6ec23395f/tracks/new -> 200 (363 ms)
06:04:41 "POST /cf/sessions/6b4c1da26dd9767a1b8c22a9e89c8d6ed80e0fcb986d866a114649b6ec23395f/tracks/new HTTP/1.1" 200 -
06:04:41 "POST /save/pub-answer-c.sdp HTTP/1.1" 200 -
06:04:41 "POST /save/pub-answer-2.sdp HTTP/1.1" 200 -
06:04:41 "POST /collect HTTP/1.1" 200 -
06:04:41 "POST /collect HTTP/1.1" 200 -
06:04:41 "POST /collect HTTP/1.1" 200 -
06:04:41 "POST /collect HTTP/1.1" 200 -
06:04:41 CF POST /sessions/4fdb68253810dd6ceb4c2f95fc5263e3e59d7734c8d519961923ecdcbbace261/tracks/new -> 200 (373 ms)
06:04:41 "POST /cf/sessions/4fdb68253810dd6ceb4c2f95fc5263e3e59d7734c8d519961923ecdcbbace261/tracks/new HTTP/1.1" 200 -
06:04:41 "POST /collect HTTP/1.1" 200 -
06:04:41 "POST /collect HTTP/1.1" 200 -
06:04:41 "POST /save/pub-answer-h.sdp HTTP/1.1" 200 -
06:04:41 "POST /collect HTTP/1.1" 200 -
06:04:41 "POST /collect HTTP/1.1" 200 -
06:04:41 "POST /collect HTTP/1.1" 200 -
06:04:41 CF POST /sessions/b281516d284eee2538ee432376548b010ea00a7e49776500df01bc6180bd9911/tracks/new -> 200 (382 ms)
06:04:41 "POST /cf/sessions/b281516d284eee2538ee432376548b010ea00a7e49776500df01bc6180bd9911/tracks/new HTTP/1.1" 200 -
06:04:41 "POST /save/pub-answer-1.sdp HTTP/1.1" 200 -
06:04:41 "POST /collect HTTP/1.1" 200 -
06:04:41 "POST /collect HTTP/1.1" 200 -
06:04:41 "POST /collect HTTP/1.1" 200 -
06:04:41 CF POST /sessions/6b994985a52e6c065d75b51c99672c64d2fb7053d759b9b8d5ef64847daf83e1/tracks/new -> 200 (390 ms)
06:04:41 "POST /cf/sessions/6b994985a52e6c065d75b51c99672c64d2fb7053d759b9b8d5ef64847daf83e1/tracks/new HTTP/1.1" 200 -
06:04:41 "POST /save/pub-answer-e.sdp HTTP/1.1" 200 -
06:04:41 "POST /collect HTTP/1.1" 200 -
06:04:41 "POST /collect HTTP/1.1" 200 -
06:04:41 "POST /collect HTTP/1.1" 200 -
06:04:41 "POST /collect HTTP/1.1" 200 -
06:04:42 "POST /collect HTTP/1.1" 200 -
06:04:42 "POST /collect HTTP/1.1" 200 -
06:04:42 "POST /collect HTTP/1.1" 200 -
06:04:42 "POST /collect HTTP/1.1" 200 -
06:04:42 "POST /join HTTP/1.1" 200 -
06:04:42 "POST /collect HTTP/1.1" 200 -
06:04:42 "POST /collect HTTP/1.1" 200 -
06:04:42 "POST /collect HTTP/1.1" 200 -
06:04:42 "POST /collect HTTP/1.1" 200 -
06:04:42 "POST /collect HTTP/1.1" 200 -
06:04:42 "POST /join HTTP/1.1" 200 -
06:04:42 "POST /collect HTTP/1.1" 200 -
06:04:42 "POST /collect HTTP/1.1" 200 -
06:04:42 "POST /join HTTP/1.1" 200 -
06:04:42 "POST /collect HTTP/1.1" 200 -
06:04:42 "GET /roster HTTP/1.1" 200 -
06:04:42 "POST /join HTTP/1.1" 200 -
06:04:42 "POST /join HTTP/1.1" 200 -
06:04:42 "POST /collect HTTP/1.1" 200 -
06:04:42 "GET /roster HTTP/1.1" 200 -
06:04:42 "POST /collect HTTP/1.1" 200 -
06:04:42 CF POST /sessions/b281516d284eee2538ee432376548b010ea00a7e49776500df01bc6180bd9911/tracks/new -> 200 (263 ms)
06:04:42 "POST /cf/sessions/b281516d284eee2538ee432376548b010ea00a7e49776500df01bc6180bd9911/tracks/new HTTP/1.1" 200 -
06:04:42 CF POST /sessions/6b4c1da26dd9767a1b8c22a9e89c8d6ed80e0fcb986d866a114649b6ec23395f/tracks/new -> 200 (253 ms)
06:04:42 "POST /cf/sessions/6b4c1da26dd9767a1b8c22a9e89c8d6ed80e0fcb986d866a114649b6ec23395f/tracks/new HTTP/1.1" 200 -
06:04:42 CF PUT /sessions/b281516d284eee2538ee432376548b010ea00a7e49776500df01bc6180bd9911/renegotiate -> 200 (159 ms)
06:04:42 "PUT /cf/sessions/b281516d284eee2538ee432376548b010ea00a7e49776500df01bc6180bd9911/renegotiate HTTP/1.1" 200 -
06:04:42 CF PUT /sessions/6b4c1da26dd9767a1b8c22a9e89c8d6ed80e0fcb986d866a114649b6ec23395f/renegotiate -> 200 (157 ms)
06:04:42 "PUT /cf/sessions/6b4c1da26dd9767a1b8c22a9e89c8d6ed80e0fcb986d866a114649b6ec23395f/renegotiate HTTP/1.1" 200 -
06:04:42 "POST /collect HTTP/1.1" 200 -
06:04:42 "POST /collect HTTP/1.1" 200 -
06:04:42 CF POST /sessions/b281516d284eee2538ee432376548b010ea00a7e49776500df01bc6180bd9911/tracks/new -> 200 (220 ms)
06:04:42 "POST /cf/sessions/b281516d284eee2538ee432376548b010ea00a7e49776500df01bc6180bd9911/tracks/new HTTP/1.1" 200 -
06:04:42 CF POST /sessions/6b4c1da26dd9767a1b8c22a9e89c8d6ed80e0fcb986d866a114649b6ec23395f/tracks/new -> 200 (221 ms)
06:04:42 "POST /cf/sessions/6b4c1da26dd9767a1b8c22a9e89c8d6ed80e0fcb986d866a114649b6ec23395f/tracks/new HTTP/1.1" 200 -
06:04:42 "POST /collect HTTP/1.1" 200 -
06:04:43 CF PUT /sessions/b281516d284eee2538ee432376548b010ea00a7e49776500df01bc6180bd9911/renegotiate -> 200 (147 ms)
06:04:43 "PUT /cf/sessions/b281516d284eee2538ee432376548b010ea00a7e49776500df01bc6180bd9911/renegotiate HTTP/1.1" 200 -
06:04:43 "POST /collect HTTP/1.1" 200 -
06:04:43 CF PUT /sessions/6b4c1da26dd9767a1b8c22a9e89c8d6ed80e0fcb986d866a114649b6ec23395f/renegotiate -> 200 (152 ms)
06:04:43 "PUT /cf/sessions/6b4c1da26dd9767a1b8c22a9e89c8d6ed80e0fcb986d866a114649b6ec23395f/renegotiate HTTP/1.1" 200 -
06:04:43 "POST /collect HTTP/1.1" 200 -
06:04:43 "POST /join HTTP/1.1" 200 -
06:04:43 "POST /collect HTTP/1.1" 200 -
06:04:43 "POST /join HTTP/1.1" 200 -
06:04:43 "POST /collect HTTP/1.1" 200 -
06:04:43 "POST /join HTTP/1.1" 200 -
06:04:43 "POST /collect HTTP/1.1" 200 -
06:04:43 CF POST /sessions/6b4c1da26dd9767a1b8c22a9e89c8d6ed80e0fcb986d866a114649b6ec23395f/tracks/new -> 200 (236 ms)
06:04:43 "POST /cf/sessions/6b4c1da26dd9767a1b8c22a9e89c8d6ed80e0fcb986d866a114649b6ec23395f/tracks/new HTTP/1.1" 200 -
06:04:43 "POST /join HTTP/1.1" 200 -
06:04:43 "POST /join HTTP/1.1" 200 -
06:04:43 "POST /collect HTTP/1.1" 200 -
06:04:43 "POST /collect HTTP/1.1" 200 -
06:04:43 "POST /collect HTTP/1.1" 200 -
06:04:43 CF PUT /sessions/6b4c1da26dd9767a1b8c22a9e89c8d6ed80e0fcb986d866a114649b6ec23395f/renegotiate -> 200 (137 ms)
06:04:43 "PUT /cf/sessions/6b4c1da26dd9767a1b8c22a9e89c8d6ed80e0fcb986d866a114649b6ec23395f/renegotiate HTTP/1.1" 200 -
06:04:43 "POST /collect HTTP/1.1" 200 -
06:04:43 CF POST /sessions/6b4c1da26dd9767a1b8c22a9e89c8d6ed80e0fcb986d866a114649b6ec23395f/tracks/new -> 200 (280 ms)
06:04:43 "POST /cf/sessions/6b4c1da26dd9767a1b8c22a9e89c8d6ed80e0fcb986d866a114649b6ec23395f/tracks/new HTTP/1.1" 200 -
06:04:43 CF PUT /sessions/6b4c1da26dd9767a1b8c22a9e89c8d6ed80e0fcb986d866a114649b6ec23395f/renegotiate -> 200 (165 ms)
06:04:43 "PUT /cf/sessions/6b4c1da26dd9767a1b8c22a9e89c8d6ed80e0fcb986d866a114649b6ec23395f/renegotiate HTTP/1.1" 200 -
06:04:43 "POST /collect HTTP/1.1" 200 -
06:04:43 "POST /collect HTTP/1.1" 200 -
06:04:44 "GET /roster HTTP/1.1" 200 -
06:04:44 "POST /collect HTTP/1.1" 200 -
06:04:44 "GET /roster HTTP/1.1" 200 -
06:04:44 "POST /collect HTTP/1.1" 200 -
06:04:44 "POST /collect HTTP/1.1" 200 -
06:04:44 CF POST /sessions/b281516d284eee2538ee432376548b010ea00a7e49776500df01bc6180bd9911/tracks/new -> 200 (239 ms)
06:04:44 "POST /cf/sessions/b281516d284eee2538ee432376548b010ea00a7e49776500df01bc6180bd9911/tracks/new HTTP/1.1" 200 -
06:04:44 CF POST /sessions/6b4c1da26dd9767a1b8c22a9e89c8d6ed80e0fcb986d866a114649b6ec23395f/tracks/new -> 200 (245 ms)
06:04:44 "POST /cf/sessions/6b4c1da26dd9767a1b8c22a9e89c8d6ed80e0fcb986d866a114649b6ec23395f/tracks/new HTTP/1.1" 200 -
06:04:44 CF PUT /sessions/b281516d284eee2538ee432376548b010ea00a7e49776500df01bc6180bd9911/renegotiate -> 200 (163 ms)
06:04:44 "PUT /cf/sessions/b281516d284eee2538ee432376548b010ea00a7e49776500df01bc6180bd9911/renegotiate HTTP/1.1" 200 -
06:04:44 "POST /collect HTTP/1.1" 200 -
06:04:44 CF PUT /sessions/6b4c1da26dd9767a1b8c22a9e89c8d6ed80e0fcb986d866a114649b6ec23395f/renegotiate -> 200 (174 ms)
06:04:44 "PUT /cf/sessions/6b4c1da26dd9767a1b8c22a9e89c8d6ed80e0fcb986d866a114649b6ec23395f/renegotiate HTTP/1.1" 200 -
06:04:44 "POST /collect HTTP/1.1" 200 -
06:04:44 CF POST /sessions/b281516d284eee2538ee432376548b010ea00a7e49776500df01bc6180bd9911/tracks/new -> 200 (167 ms)
06:04:44 "POST /cf/sessions/b281516d284eee2538ee432376548b010ea00a7e49776500df01bc6180bd9911/tracks/new HTTP/1.1" 200 -
06:04:44 "POST /collect HTTP/1.1" 200 -
06:04:44 CF POST /sessions/6b4c1da26dd9767a1b8c22a9e89c8d6ed80e0fcb986d866a114649b6ec23395f/tracks/new -> 200 (254 ms)
06:04:44 "POST /cf/sessions/6b4c1da26dd9767a1b8c22a9e89c8d6ed80e0fcb986d866a114649b6ec23395f/tracks/new HTTP/1.1" 200 -
06:04:44 CF PUT /sessions/b281516d284eee2538ee432376548b010ea00a7e49776500df01bc6180bd9911/renegotiate -> 200 (167 ms)
06:04:44 "PUT /cf/sessions/b281516d284eee2538ee432376548b010ea00a7e49776500df01bc6180bd9911/renegotiate HTTP/1.1" 200 -
06:04:44 "POST /collect HTTP/1.1" 200 -
06:04:45 CF PUT /sessions/6b4c1da26dd9767a1b8c22a9e89c8d6ed80e0fcb986d866a114649b6ec23395f/renegotiate -> 200 (149 ms)
06:04:45 "PUT /cf/sessions/6b4c1da26dd9767a1b8c22a9e89c8d6ed80e0fcb986d866a114649b6ec23395f/renegotiate HTTP/1.1" 200 -
06:04:45 "POST /collect HTTP/1.1" 200 -
06:04:45 "POST /collect HTTP/1.1" 200 -
06:04:45 CF POST /sessions/b281516d284eee2538ee432376548b010ea00a7e49776500df01bc6180bd9911/tracks/new -> 200 (164 ms)
06:04:45 "POST /cf/sessions/b281516d284eee2538ee432376548b010ea00a7e49776500df01bc6180bd9911/tracks/new HTTP/1.1" 200 -
06:04:45 "POST /collect HTTP/1.1" 200 -
06:04:45 "POST /collect HTTP/1.1" 200 -
06:04:45 CF PUT /sessions/b281516d284eee2538ee432376548b010ea00a7e49776500df01bc6180bd9911/renegotiate -> 200 (152 ms)
06:04:45 "PUT /cf/sessions/b281516d284eee2538ee432376548b010ea00a7e49776500df01bc6180bd9911/renegotiate HTTP/1.1" 200 -
06:04:45 "POST /collect HTTP/1.1" 200 -
06:04:45 "POST /collect HTTP/1.1" 200 -
06:04:45 CF POST /sessions/6b4c1da26dd9767a1b8c22a9e89c8d6ed80e0fcb986d866a114649b6ec23395f/tracks/new -> 200 (267 ms)
06:04:45 "POST /cf/sessions/6b4c1da26dd9767a1b8c22a9e89c8d6ed80e0fcb986d866a114649b6ec23395f/tracks/new HTTP/1.1" 200 -
06:04:45 CF POST /sessions/b281516d284eee2538ee432376548b010ea00a7e49776500df01bc6180bd9911/tracks/new -> 200 (140 ms)
06:04:45 "POST /cf/sessions/b281516d284eee2538ee432376548b010ea00a7e49776500df01bc6180bd9911/tracks/new HTTP/1.1" 200 -
06:04:45 CF PUT /sessions/6b4c1da26dd9767a1b8c22a9e89c8d6ed80e0fcb986d866a114649b6ec23395f/renegotiate -> 200 (173 ms)
06:04:45 "PUT /cf/sessions/6b4c1da26dd9767a1b8c22a9e89c8d6ed80e0fcb986d866a114649b6ec23395f/renegotiate HTTP/1.1" 200 -
06:04:45 "POST /collect HTTP/1.1" 200 -
06:04:45 CF PUT /sessions/b281516d284eee2538ee432376548b010ea00a7e49776500df01bc6180bd9911/renegotiate -> 200 (161 ms)
06:04:45 "PUT /cf/sessions/b281516d284eee2538ee432376548b010ea00a7e49776500df01bc6180bd9911/renegotiate HTTP/1.1" 200 -
06:04:45 "POST /collect HTTP/1.1" 200 -
06:04:45 CF POST /sessions/6b4c1da26dd9767a1b8c22a9e89c8d6ed80e0fcb986d866a114649b6ec23395f/tracks/new -> 200 (257 ms)
06:04:45 "POST /cf/sessions/6b4c1da26dd9767a1b8c22a9e89c8d6ed80e0fcb986d866a114649b6ec23395f/tracks/new HTTP/1.1" 200 -
06:04:45 CF POST /sessions/b281516d284eee2538ee432376548b010ea00a7e49776500df01bc6180bd9911/tracks/new -> 200 (193 ms)
06:04:45 "POST /cf/sessions/b281516d284eee2538ee432376548b010ea00a7e49776500df01bc6180bd9911/tracks/new HTTP/1.1" 200 -
06:04:45 "POST /collect HTTP/1.1" 200 -
06:04:46 CF PUT /sessions/b281516d284eee2538ee432376548b010ea00a7e49776500df01bc6180bd9911/renegotiate -> 200 (160 ms)
06:04:46 "PUT /cf/sessions/b281516d284eee2538ee432376548b010ea00a7e49776500df01bc6180bd9911/renegotiate HTTP/1.1" 200 -
06:04:46 "POST /collect HTTP/1.1" 200 -
06:04:46 CF PUT /sessions/6b4c1da26dd9767a1b8c22a9e89c8d6ed80e0fcb986d866a114649b6ec23395f/renegotiate -> 200 (188 ms)
06:04:46 "PUT /cf/sessions/6b4c1da26dd9767a1b8c22a9e89c8d6ed80e0fcb986d866a114649b6ec23395f/renegotiate HTTP/1.1" 200 -
06:04:46 "POST /collect HTTP/1.1" 200 -
06:04:46 "POST /collect HTTP/1.1" 200 -
06:04:46 CF POST /sessions/b281516d284eee2538ee432376548b010ea00a7e49776500df01bc6180bd9911/tracks/new -> 200 (195 ms)
06:04:46 "POST /cf/sessions/b281516d284eee2538ee432376548b010ea00a7e49776500df01bc6180bd9911/tracks/new HTTP/1.1" 200 -
06:04:46 "GET /roster HTTP/1.1" 200 -
06:04:46 "POST /collect HTTP/1.1" 200 -
06:04:46 "GET /roster HTTP/1.1" 200 -
06:04:46 "POST /collect HTTP/1.1" 200 -
06:04:46 "POST /collect HTTP/1.1" 200 -
06:04:46 "POST /collect HTTP/1.1" 200 -
06:04:46 CF POST /sessions/6b4c1da26dd9767a1b8c22a9e89c8d6ed80e0fcb986d866a114649b6ec23395f/tracks/new -> 200 (269 ms)
06:04:46 "POST /cf/sessions/6b4c1da26dd9767a1b8c22a9e89c8d6ed80e0fcb986d866a114649b6ec23395f/tracks/new HTTP/1.1" 200 -
06:04:46 "POST /collect HTTP/1.1" 200 -
06:04:46 "POST /collect HTTP/1.1" 200 -
06:04:46 "POST /collect HTTP/1.1" 200 -
06:04:46 CF PUT /sessions/b281516d284eee2538ee432376548b010ea00a7e49776500df01bc6180bd9911/renegotiate -> 200 (160 ms)
06:04:46 "PUT /cf/sessions/b281516d284eee2538ee432376548b010ea00a7e49776500df01bc6180bd9911/renegotiate HTTP/1.1" 200 -
06:04:46 "POST /collect HTTP/1.1" 200 -
06:04:46 CF PUT /sessions/6b4c1da26dd9767a1b8c22a9e89c8d6ed80e0fcb986d866a114649b6ec23395f/renegotiate -> 200 (165 ms)
06:04:46 "PUT /cf/sessions/6b4c1da26dd9767a1b8c22a9e89c8d6ed80e0fcb986d866a114649b6ec23395f/renegotiate HTTP/1.1" 200 -
06:04:46 "POST /collect HTTP/1.1" 200 -
06:04:46 CF POST /sessions/b281516d284eee2538ee432376548b010ea00a7e49776500df01bc6180bd9911/tracks/new -> 200 (201 ms)
06:04:46 "POST /cf/sessions/b281516d284eee2538ee432376548b010ea00a7e49776500df01bc6180bd9911/tracks/new HTTP/1.1" 200 -
06:04:46 CF PUT /sessions/b281516d284eee2538ee432376548b010ea00a7e49776500df01bc6180bd9911/renegotiate -> 200 (144 ms)
06:04:46 "PUT /cf/sessions/b281516d284eee2538ee432376548b010ea00a7e49776500df01bc6180bd9911/renegotiate HTTP/1.1" 200 -
06:04:46 "POST /collect HTTP/1.1" 200 -
06:04:46 "POST /collect HTTP/1.1" 200 -
06:04:47 "POST /collect HTTP/1.1" 200 -
06:04:47 "POST /collect HTTP/1.1" 200 -
06:04:48 "POST /collect HTTP/1.1" 200 -
06:04:48 "POST /collect HTTP/1.1" 200 -
06:04:48 "GET /roster HTTP/1.1" 200 -
06:04:48 "POST /collect HTTP/1.1" 200 -
06:04:48 "GET /roster HTTP/1.1" 200 -
06:04:48 "POST /collect HTTP/1.1" 200 -
06:04:48 "POST /collect HTTP/1.1" 200 -
06:04:48 "POST /collect HTTP/1.1" 200 -
06:04:48 "POST /collect HTTP/1.1" 200 -
06:04:49 "POST /collect HTTP/1.1" 200 -
06:04:49 "POST /collect HTTP/1.1" 200 -
06:04:49 "POST /collect HTTP/1.1" 200 -
06:04:49 "POST /collect HTTP/1.1" 200 -
06:04:49 "POST /collect HTTP/1.1" 200 -
06:04:49 "POST /collect HTTP/1.1" 200 -
06:04:49 "POST /collect HTTP/1.1" 200 -
06:04:50 "POST /collect HTTP/1.1" 200 -
06:04:50 "GET /roster HTTP/1.1" 200 -
06:04:50 "POST /collect HTTP/1.1" 200 -
06:04:50 "GET /roster HTTP/1.1" 200 -
06:04:50 "POST /collect HTTP/1.1" 200 -
06:04:50 "POST /collect HTTP/1.1" 200 -
06:04:50 "POST /collect HTTP/1.1" 200 -
06:04:51 "POST /collect HTTP/1.1" 200 -
06:04:51 "POST /collect HTTP/1.1" 200 -
06:04:51 "POST /collect HTTP/1.1" 200 -
06:04:51 "POST /collect HTTP/1.1" 200 -
06:04:51 "POST /collect HTTP/1.1" 200 -
06:04:52 "POST /collect HTTP/1.1" 200 -
06:04:52 "GET /roster HTTP/1.1" 200 -
06:04:52 "POST /collect HTTP/1.1" 200 -
06:04:52 "GET /roster HTTP/1.1" 200 -
06:04:52 "POST /collect HTTP/1.1" 200 -
06:04:52 "POST /collect HTTP/1.1" 200 -
06:04:52 "POST /collect HTTP/1.1" 200 -
06:04:52 "POST /collect HTTP/1.1" 200 -
06:04:52 "POST /collect HTTP/1.1" 200 -
06:04:52 "POST /collect HTTP/1.1" 200 -
06:04:52 "POST /collect HTTP/1.1" 200 -
06:04:53 "POST /collect HTTP/1.1" 200 -
06:04:53 "POST /collect HTTP/1.1" 200 -
06:04:54 "POST /collect HTTP/1.1" 200 -
06:04:54 "POST /collect HTTP/1.1" 200 -
06:04:54 "GET /roster HTTP/1.1" 200 -
06:04:54 "POST /collect HTTP/1.1" 200 -
06:04:54 "POST /collect HTTP/1.1" 200 -
06:04:54 "GET /roster HTTP/1.1" 200 -
06:04:54 "POST /collect HTTP/1.1" 200 -
06:04:54 "POST /collect HTTP/1.1" 200 -
06:04:54 "POST /collect HTTP/1.1" 200 -
06:04:55 "POST /collect HTTP/1.1" 200 -
06:04:55 "POST /collect HTTP/1.1" 200 -
06:04:55 "POST /collect HTTP/1.1" 200 -
06:04:55 "POST /collect HTTP/1.1" 200 -
06:04:55 "POST /collect HTTP/1.1" 200 -
06:04:55 "POST /collect HTTP/1.1" 200 -
06:04:55 "POST /collect HTTP/1.1" 200 -
06:04:55 "POST /collect HTTP/1.1" 200 -
06:04:56 "GET /roster HTTP/1.1" 200 -
06:04:56 "POST /collect HTTP/1.1" 200 -
06:04:56 "GET /roster HTTP/1.1" 200 -
06:04:56 "POST /collect HTTP/1.1" 200 -
06:04:56 "POST /collect HTTP/1.1" 200 -
06:04:56 "POST /collect HTTP/1.1" 200 -
06:04:57 "POST /collect HTTP/1.1" 200 -
06:04:57 "POST /collect HTTP/1.1" 200 -
06:04:57 "POST /collect HTTP/1.1" 200 -
06:04:57 "POST /collect HTTP/1.1" 200 -
06:04:57 "POST /collect HTTP/1.1" 200 -
06:04:58 "POST /collect HTTP/1.1" 200 -
06:04:58 "GET /roster HTTP/1.1" 200 -
06:04:58 "POST /collect HTTP/1.1" 200 -
06:04:58 "GET /roster HTTP/1.1" 200 -
06:04:58 "POST /collect HTTP/1.1" 200 -
06:04:58 "POST /collect HTTP/1.1" 200 -
06:04:58 "POST /collect HTTP/1.1" 200 -
06:04:58 "POST /collect HTTP/1.1" 200 -
06:04:58 "POST /collect HTTP/1.1" 200 -
06:04:58 "POST /collect HTTP/1.1" 200 -
06:04:58 "POST /collect HTTP/1.1" 200 -
06:04:59 "POST /collect HTTP/1.1" 200 -
06:04:59 "POST /collect HTTP/1.1" 200 -
06:05:00 "POST /collect HTTP/1.1" 200 -
06:05:00 "POST /collect HTTP/1.1" 200 -
06:05:00 "GET /roster HTTP/1.1" 200 -
06:05:00 "POST /collect HTTP/1.1" 200 -
06:05:00 "GET /roster HTTP/1.1" 200 -
06:05:00 "POST /collect HTTP/1.1" 200 -
06:05:00 "POST /collect HTTP/1.1" 200 -
06:05:00 "POST /collect HTTP/1.1" 200 -
06:05:00 "POST /collect HTTP/1.1" 200 -
06:05:01 "POST /collect HTTP/1.1" 200 -
06:05:01 "POST /collect HTTP/1.1" 200 -
06:05:01 "POST /collect HTTP/1.1" 200 -
06:05:01 "POST /collect HTTP/1.1" 200 -
06:05:01 "POST /collect HTTP/1.1" 200 -
06:05:01 "POST /collect HTTP/1.1" 200 -
06:05:01 "POST /collect HTTP/1.1" 200 -
06:05:02 "GET /roster HTTP/1.1" 200 -
06:05:02 "POST /collect HTTP/1.1" 200 -
06:05:02 "GET /roster HTTP/1.1" 200 -
06:05:02 "POST /collect HTTP/1.1" 200 -
06:05:02 "POST /collect HTTP/1.1" 200 -
06:05:02 "POST /collect HTTP/1.1" 200 -
06:05:03 "POST /collect HTTP/1.1" 200 -
06:05:03 "POST /collect HTTP/1.1" 200 -
06:05:03 "POST /collect HTTP/1.1" 200 -
06:05:03 "POST /collect HTTP/1.1" 200 -
06:05:03 "POST /collect HTTP/1.1" 200 -
06:05:04 "POST /collect HTTP/1.1" 200 -
06:05:04 "GET /roster HTTP/1.1" 200 -
06:05:04 "POST /collect HTTP/1.1" 200 -
06:05:04 "GET /roster HTTP/1.1" 200 -
06:05:04 "POST /collect HTTP/1.1" 200 -
06:05:04 "POST /collect HTTP/1.1" 200 -
06:05:04 "POST /collect HTTP/1.1" 200 -
06:05:04 "POST /collect HTTP/1.1" 200 -
06:05:04 "POST /collect HTTP/1.1" 200 -
06:05:04 "POST /collect HTTP/1.1" 200 -
06:05:04 "POST /collect HTTP/1.1" 200 -
06:05:05 "POST /collect HTTP/1.1" 200 -
06:05:05 "POST /collect HTTP/1.1" 200 -
06:05:06 "POST /collect HTTP/1.1" 200 -
06:05:06 "POST /collect HTTP/1.1" 200 -
06:05:06 "GET /roster HTTP/1.1" 200 -
06:05:06 "POST /collect HTTP/1.1" 200 -
06:05:06 "GET /roster HTTP/1.1" 200 -
06:05:06 "POST /collect HTTP/1.1" 200 -
06:05:06 "POST /collect HTTP/1.1" 200 -
06:05:06 "POST /collect HTTP/1.1" 200 -
06:05:06 "POST /collect HTTP/1.1" 200 -
06:05:07 "POST /collect HTTP/1.1" 200 -
06:05:07 "POST /collect HTTP/1.1" 200 -
06:05:07 "POST /collect HTTP/1.1" 200 -
06:05:07 "POST /collect HTTP/1.1" 200 -
06:05:07 "POST /collect HTTP/1.1" 200 -
06:05:07 "POST /collect HTTP/1.1" 200 -
06:05:07 "POST /collect HTTP/1.1" 200 -
06:05:08 "GET /roster HTTP/1.1" 200 -
06:05:08 "POST /collect HTTP/1.1" 200 -
06:05:08 "GET /roster HTTP/1.1" 200 -
06:05:08 "POST /collect HTTP/1.1" 200 -
06:05:08 "POST /collect HTTP/1.1" 200 -
06:05:08 "POST /collect HTTP/1.1" 200 -
06:05:09 "POST /collect HTTP/1.1" 200 -
06:05:09 "POST /collect HTTP/1.1" 200 -
06:05:09 "POST /collect HTTP/1.1" 200 -
06:05:09 "POST /collect HTTP/1.1" 200 -
06:05:09 "POST /collect HTTP/1.1" 200 -
06:05:10 "POST /collect HTTP/1.1" 200 -
06:05:10 "GET /roster HTTP/1.1" 200 -
06:05:10 "POST /collect HTTP/1.1" 200 -
06:05:10 "GET /roster HTTP/1.1" 200 -
06:05:10 "POST /collect HTTP/1.1" 200 -
06:05:10 "POST /collect HTTP/1.1" 200 -
06:05:10 "POST /collect HTTP/1.1" 200 -
06:05:10 "POST /collect HTTP/1.1" 200 -
06:05:10 "POST /collect HTTP/1.1" 200 -
06:05:10 "POST /collect HTTP/1.1" 200 -
06:05:10 "POST /collect HTTP/1.1" 200 -
06:05:10 "POST /collect HTTP/1.1" 200 -
06:05:11 "POST /collect HTTP/1.1" 200 -
06:05:11 "POST /collect HTTP/1.1" 200 -
06:05:12 "POST /collect HTTP/1.1" 200 -
06:05:12 "POST /collect HTTP/1.1" 200 -
06:05:12 "GET /roster HTTP/1.1" 200 -
06:05:12 "POST /collect HTTP/1.1" 200 -
06:05:12 "GET /roster HTTP/1.1" 200 -
06:05:12 "POST /collect HTTP/1.1" 200 -
06:05:12 "POST /collect HTTP/1.1" 200 -
06:05:12 "POST /collect HTTP/1.1" 200 -
06:05:12 "POST /collect HTTP/1.1" 200 -
06:05:13 "POST /collect HTTP/1.1" 200 -
06:05:13 "POST /collect HTTP/1.1" 200 -
06:05:13 "POST /collect HTTP/1.1" 200 -
06:05:13 "POST /collect HTTP/1.1" 200 -
06:05:13 "POST /collect HTTP/1.1" 200 -
06:05:13 "POST /collect HTTP/1.1" 200 -
06:05:13 "POST /collect HTTP/1.1" 200 -
06:05:14 "GET /roster HTTP/1.1" 200 -
06:05:14 "POST /collect HTTP/1.1" 200 -
06:05:14 "GET /roster HTTP/1.1" 200 -
06:05:14 "POST /collect HTTP/1.1" 200 -
06:05:14 "POST /collect HTTP/1.1" 200 -
06:05:14 "POST /collect HTTP/1.1" 200 -
06:05:15 "POST /collect HTTP/1.1" 200 -
06:05:15 "POST /collect HTTP/1.1" 200 -
06:05:15 "POST /collect HTTP/1.1" 200 -
06:05:15 "POST /collect HTTP/1.1" 200 -
06:05:15 "POST /collect HTTP/1.1" 200 -
06:05:16 "POST /collect HTTP/1.1" 200 -
06:05:16 "GET /roster HTTP/1.1" 200 -
06:05:16 "POST /collect HTTP/1.1" 200 -
06:05:16 "GET /roster HTTP/1.1" 200 -
06:05:16 "POST /collect HTTP/1.1" 200 -
06:05:16 "POST /collect HTTP/1.1" 200 -
06:05:16 "POST /collect HTTP/1.1" 200 -
06:05:16 "POST /collect HTTP/1.1" 200 -
06:05:16 "POST /collect HTTP/1.1" 200 -
06:05:16 "POST /collect HTTP/1.1" 200 -
06:05:16 "POST /collect HTTP/1.1" 200 -
06:05:17 "POST /collect HTTP/1.1" 200 -
06:05:17 "POST /collect HTTP/1.1" 200 -
06:05:18 "POST /collect HTTP/1.1" 200 -
06:05:18 "POST /collect HTTP/1.1" 200 -
06:05:18 "GET /roster HTTP/1.1" 200 -
06:05:18 "POST /collect HTTP/1.1" 200 -
06:05:18 "GET /roster HTTP/1.1" 200 -
06:05:18 "POST /collect HTTP/1.1" 200 -
06:05:18 "POST /collect HTTP/1.1" 200 -
06:05:18 "POST /collect HTTP/1.1" 200 -
06:05:18 "POST /collect HTTP/1.1" 200 -
06:05:19 "POST /collect HTTP/1.1" 200 -
06:05:19 "POST /collect HTTP/1.1" 200 -
06:05:19 "POST /collect HTTP/1.1" 200 -
06:05:19 "POST /collect HTTP/1.1" 200 -
06:05:19 "POST /collect HTTP/1.1" 200 -
06:05:19 "POST /collect HTTP/1.1" 200 -
06:05:19 "POST /collect HTTP/1.1" 200 -
06:05:20 "GET /roster HTTP/1.1" 200 -
06:05:20 "POST /collect HTTP/1.1" 200 -
06:05:20 "GET /roster HTTP/1.1" 200 -
06:05:20 "POST /collect HTTP/1.1" 200 -
06:05:20 "POST /collect HTTP/1.1" 200 -
06:05:20 "POST /collect HTTP/1.1" 200 -
06:05:21 "POST /collect HTTP/1.1" 200 -
06:05:21 "POST /collect HTTP/1.1" 200 -
06:05:21 "POST /collect HTTP/1.1" 200 -
06:05:21 "POST /collect HTTP/1.1" 200 -
06:05:21 "POST /collect HTTP/1.1" 200 -
06:05:22 "POST /collect HTTP/1.1" 200 -
06:05:22 "GET /roster HTTP/1.1" 200 -
06:05:22 "POST /collect HTTP/1.1" 200 -
06:05:22 "GET /roster HTTP/1.1" 200 -
06:05:22 "POST /collect HTTP/1.1" 200 -
06:05:22 "POST /collect HTTP/1.1" 200 -
06:05:22 "POST /collect HTTP/1.1" 200 -
06:05:22 "POST /collect HTTP/1.1" 200 -
06:05:22 "POST /collect HTTP/1.1" 200 -
06:05:22 "POST /collect HTTP/1.1" 200 -
06:05:22 "POST /collect HTTP/1.1" 200 -
06:05:23 "POST /collect HTTP/1.1" 200 -
06:05:23 "POST /collect HTTP/1.1" 200 -
06:05:24 "POST /collect HTTP/1.1" 200 -
06:05:24 "POST /collect HTTP/1.1" 200 -
06:05:24 "GET /roster HTTP/1.1" 200 -
06:05:24 "POST /collect HTTP/1.1" 200 -
06:05:24 "GET /roster HTTP/1.1" 200 -
06:05:24 "POST /collect HTTP/1.1" 200 -
06:05:24 "POST /collect HTTP/1.1" 200 -
06:05:24 "POST /collect HTTP/1.1" 200 -
06:05:24 "POST /collect HTTP/1.1" 200 -
06:05:25 "POST /collect HTTP/1.1" 200 -
06:05:25 "POST /collect HTTP/1.1" 200 -
06:05:25 "POST /collect HTTP/1.1" 200 -
06:05:25 "POST /collect HTTP/1.1" 200 -
06:05:25 "POST /collect HTTP/1.1" 200 -
06:05:25 "POST /collect HTTP/1.1" 200 -
06:05:25 "POST /collect HTTP/1.1" 200 -
06:05:25 "POST /collect HTTP/1.1" 200 -
06:05:26 "GET /roster HTTP/1.1" 200 -
06:05:26 "POST /collect HTTP/1.1" 200 -
06:05:26 "GET /roster HTTP/1.1" 200 -
06:05:26 "POST /collect HTTP/1.1" 200 -
06:05:26 "POST /collect HTTP/1.1" 200 -
06:05:26 "POST /collect HTTP/1.1" 200 -
06:05:27 "POST /collect HTTP/1.1" 200 -
06:05:27 "POST /collect HTTP/1.1" 200 -
06:05:27 "POST /collect HTTP/1.1" 200 -
06:05:27 "POST /collect HTTP/1.1" 200 -
06:05:27 "POST /collect HTTP/1.1" 200 -
06:05:28 "POST /collect HTTP/1.1" 200 -
06:05:28 "GET /roster HTTP/1.1" 200 -
06:05:28 "POST /collect HTTP/1.1" 200 -
06:05:28 "GET /roster HTTP/1.1" 200 -
06:05:28 "POST /collect HTTP/1.1" 200 -
06:05:28 "POST /collect HTTP/1.1" 200 -
06:05:28 "POST /collect HTTP/1.1" 200 -
06:05:28 "POST /collect HTTP/1.1" 200 -
06:05:28 "POST /collect HTTP/1.1" 200 -
06:05:28 "POST /collect HTTP/1.1" 200 -
06:05:28 "POST /collect HTTP/1.1" 200 -
06:05:29 "POST /collect HTTP/1.1" 200 -
06:05:29 "POST /collect HTTP/1.1" 200 -
06:05:30 "POST /collect HTTP/1.1" 200 -
06:05:30 "POST /collect HTTP/1.1" 200 -
06:05:30 "GET /roster HTTP/1.1" 200 -
06:05:30 "POST /collect HTTP/1.1" 200 -
06:05:30 "GET /roster HTTP/1.1" 200 -
06:05:30 "POST /collect HTTP/1.1" 200 -
06:05:30 "POST /collect HTTP/1.1" 200 -
06:05:30 "POST /collect HTTP/1.1" 200 -
06:05:30 "POST /collect HTTP/1.1" 200 -
06:05:31 "POST /collect HTTP/1.1" 200 -
06:05:31 "POST /collect HTTP/1.1" 200 -
06:05:31 "POST /collect HTTP/1.1" 200 -
06:05:31 "POST /collect HTTP/1.1" 200 -
06:05:31 "POST /collect HTTP/1.1" 200 -
06:05:31 "POST /collect HTTP/1.1" 200 -
06:05:31 "POST /collect HTTP/1.1" 200 -
06:05:32 "GET /roster HTTP/1.1" 200 -
06:05:32 "POST /collect HTTP/1.1" 200 -
06:05:32 "GET /roster HTTP/1.1" 200 -
06:05:32 "POST /collect HTTP/1.1" 200 -
06:05:32 "POST /collect HTTP/1.1" 200 -
06:05:32 "POST /collect HTTP/1.1" 200 -
06:05:33 "POST /collect HTTP/1.1" 200 -
06:05:33 "POST /collect HTTP/1.1" 200 -
06:05:33 "POST /collect HTTP/1.1" 200 -
06:05:33 "POST /collect HTTP/1.1" 200 -
06:05:33 "POST /collect HTTP/1.1" 200 -
06:05:34 "POST /collect HTTP/1.1" 200 -
06:05:34 "GET /roster HTTP/1.1" 200 -
06:05:34 "POST /collect HTTP/1.1" 200 -
06:05:34 "GET /roster HTTP/1.1" 200 -
06:05:34 "POST /collect HTTP/1.1" 200 -
06:05:34 "POST /collect HTTP/1.1" 200 -
06:05:34 "POST /collect HTTP/1.1" 200 -
06:05:34 "POST /collect HTTP/1.1" 200 -
06:05:34 "POST /collect HTTP/1.1" 200 -
06:05:34 "POST /collect HTTP/1.1" 200 -
06:05:34 "POST /collect HTTP/1.1" 200 -
06:05:35 "POST /collect HTTP/1.1" 200 -
06:05:35 "POST /collect HTTP/1.1" 200 -
06:05:36 "POST /collect HTTP/1.1" 200 -
06:05:36 "POST /collect HTTP/1.1" 200 -
06:05:36 "GET /roster HTTP/1.1" 200 -
06:05:36 "POST /collect HTTP/1.1" 200 -
06:05:36 "GET /roster HTTP/1.1" 200 -
06:05:36 "POST /collect HTTP/1.1" 200 -
06:05:36 "POST /collect HTTP/1.1" 200 -
06:05:36 "POST /collect HTTP/1.1" 200 -
06:05:36 "POST /collect HTTP/1.1" 200 -
06:05:37 "POST /collect HTTP/1.1" 200 -
06:05:37 "POST /collect HTTP/1.1" 200 -
06:05:37 "POST /collect HTTP/1.1" 200 -
06:05:37 "POST /collect HTTP/1.1" 200 -
06:05:37 "POST /collect HTTP/1.1" 200 -
06:05:37 "POST /collect HTTP/1.1" 200 -
06:05:37 "POST /collect HTTP/1.1" 200 -
06:05:38 "GET /roster HTTP/1.1" 200 -
06:05:38 "POST /collect HTTP/1.1" 200 -
06:05:38 "GET /roster HTTP/1.1" 200 -
06:05:38 "POST /collect HTTP/1.1" 200 -
06:05:38 "POST /collect HTTP/1.1" 200 -
06:05:38 "POST /collect HTTP/1.1" 200 -
06:05:39 "POST /collect HTTP/1.1" 200 -
06:05:39 "POST /collect HTTP/1.1" 200 -
06:05:39 "POST /collect HTTP/1.1" 200 -
06:05:39 "POST /collect HTTP/1.1" 200 -
06:05:39 "POST /collect HTTP/1.1" 200 -
06:05:40 "POST /collect HTTP/1.1" 200 -
06:05:40 "GET /roster HTTP/1.1" 200 -
06:05:40 "POST /collect HTTP/1.1" 200 -
06:05:40 "GET /roster HTTP/1.1" 200 -
06:05:40 "POST /collect HTTP/1.1" 200 -
06:05:40 "POST /collect HTTP/1.1" 200 -
06:05:40 "POST /collect HTTP/1.1" 200 -
06:05:40 "POST /collect HTTP/1.1" 200 -
06:05:40 "POST /collect HTTP/1.1" 200 -
06:05:40 "POST /collect HTTP/1.1" 200 -
06:05:40 "POST /collect HTTP/1.1" 200 -
06:05:40 "POST /collect HTTP/1.1" 200 -
06:05:41 "POST /collect HTTP/1.1" 200 -
06:05:41 "POST /collect HTTP/1.1" 200 -
06:05:42 "POST /collect HTTP/1.1" 200 -
06:05:42 "POST /collect HTTP/1.1" 200 -
06:05:42 "GET /roster HTTP/1.1" 200 -
06:05:42 "POST /collect HTTP/1.1" 200 -
06:05:42 "GET /roster HTTP/1.1" 200 -
06:05:42 "POST /collect HTTP/1.1" 200 -
06:05:42 "POST /collect HTTP/1.1" 200 -
06:05:42 "POST /collect HTTP/1.1" 200 -
06:05:42 "POST /collect HTTP/1.1" 200 -
06:05:43 "POST /collect HTTP/1.1" 200 -
06:05:43 "POST /collect HTTP/1.1" 200 -
06:05:43 "POST /collect HTTP/1.1" 200 -
06:05:43 "POST /collect HTTP/1.1" 200 -
06:05:43 "POST /collect HTTP/1.1" 200 -
06:05:43 "POST /collect HTTP/1.1" 200 -
06:05:43 "POST /collect HTTP/1.1" 200 -
06:05:44 "GET /roster HTTP/1.1" 200 -
06:05:44 "POST /collect HTTP/1.1" 200 -
06:05:44 "GET /roster HTTP/1.1" 200 -
06:05:44 "POST /collect HTTP/1.1" 200 -
06:05:44 "POST /collect HTTP/1.1" 200 -
06:05:44 "POST /collect HTTP/1.1" 200 -
06:05:45 "POST /collect HTTP/1.1" 200 -
06:05:45 "POST /collect HTTP/1.1" 200 -
06:05:45 "POST /collect HTTP/1.1" 200 -
06:05:45 "POST /collect HTTP/1.1" 200 -
06:05:45 "POST /collect HTTP/1.1" 200 -
06:05:46 "POST /collect HTTP/1.1" 200 -
06:05:46 "GET /roster HTTP/1.1" 200 -
06:05:46 "POST /collect HTTP/1.1" 200 -
06:05:46 "GET /roster HTTP/1.1" 200 -
06:05:46 "POST /collect HTTP/1.1" 200 -
06:05:46 "POST /collect HTTP/1.1" 200 -
06:05:46 "POST /collect HTTP/1.1" 200 -
06:05:46 "POST /collect HTTP/1.1" 200 -
06:05:46 "POST /collect HTTP/1.1" 200 -
06:05:46 "POST /collect HTTP/1.1" 200 -
06:05:46 "POST /collect HTTP/1.1" 200 -
06:05:47 "POST /collect HTTP/1.1" 200 -
06:05:47 "POST /collect HTTP/1.1" 200 -
06:05:48 "POST /collect HTTP/1.1" 200 -
06:05:48 "POST /collect HTTP/1.1" 200 -
06:05:48 "GET /roster HTTP/1.1" 200 -
06:05:48 "POST /collect HTTP/1.1" 200 -
06:05:48 "POST /collect HTTP/1.1" 200 -
06:05:48 "GET /roster HTTP/1.1" 200 -
06:05:48 "POST /collect HTTP/1.1" 200 -
06:05:48 "POST /collect HTTP/1.1" 200 -
06:05:48 "POST /collect HTTP/1.1" 200 -
06:05:49 "POST /collect HTTP/1.1" 200 -
06:05:49 "POST /collect HTTP/1.1" 200 -
06:05:49 "POST /collect HTTP/1.1" 200 -
06:05:49 "POST /collect HTTP/1.1" 200 -
06:05:49 "POST /collect HTTP/1.1" 200 -
06:05:49 "POST /collect HTTP/1.1" 200 -
06:05:49 "POST /collect HTTP/1.1" 200 -
06:05:50 "GET /roster HTTP/1.1" 200 -
06:05:50 "POST /collect HTTP/1.1" 200 -
06:05:50 "GET /roster HTTP/1.1" 200 -
06:05:50 "POST /collect HTTP/1.1" 200 -
06:05:50 "POST /collect HTTP/1.1" 200 -
06:05:50 "POST /collect HTTP/1.1" 200 -
06:05:51 "POST /collect HTTP/1.1" 200 -
06:05:51 "POST /collect HTTP/1.1" 200 -
06:05:51 "POST /collect HTTP/1.1" 200 -
06:05:51 "POST /collect HTTP/1.1" 200 -
06:05:51 "POST /collect HTTP/1.1" 200 -
06:05:52 "POST /collect HTTP/1.1" 200 -
06:05:52 "GET /roster HTTP/1.1" 200 -
06:05:52 "POST /collect HTTP/1.1" 200 -
06:05:52 "GET /roster HTTP/1.1" 200 -
06:05:52 "POST /collect HTTP/1.1" 200 -
06:05:52 "POST /collect HTTP/1.1" 200 -
06:05:52 "POST /collect HTTP/1.1" 200 -
06:05:52 "POST /collect HTTP/1.1" 200 -
06:05:52 "POST /collect HTTP/1.1" 200 -
06:05:52 "POST /collect HTTP/1.1" 200 -
06:05:52 "POST /collect HTTP/1.1" 200 -
06:05:53 "POST /collect HTTP/1.1" 200 -
06:05:53 "POST /collect HTTP/1.1" 200 -
06:05:54 "POST /collect HTTP/1.1" 200 -
06:05:54 "POST /collect HTTP/1.1" 200 -
06:05:54 "GET /roster HTTP/1.1" 200 -
06:05:54 "POST /collect HTTP/1.1" 200 -
06:05:54 "GET /roster HTTP/1.1" 200 -
06:05:54 "POST /collect HTTP/1.1" 200 -
06:05:54 "POST /collect HTTP/1.1" 200 -
06:05:54 "POST /collect HTTP/1.1" 200 -
06:05:54 "POST /collect HTTP/1.1" 200 -
06:05:55 "POST /collect HTTP/1.1" 200 -
06:05:55 "POST /collect HTTP/1.1" 200 -
06:05:55 "POST /collect HTTP/1.1" 200 -
06:05:55 "POST /collect HTTP/1.1" 200 -
06:05:55 "POST /collect HTTP/1.1" 200 -
06:05:55 "POST /collect HTTP/1.1" 200 -
06:05:55 "POST /collect HTTP/1.1" 200 -
06:05:55 "POST /collect HTTP/1.1" 200 -
06:05:56 "GET /roster HTTP/1.1" 200 -
06:05:56 "POST /collect HTTP/1.1" 200 -
06:05:56 "GET /roster HTTP/1.1" 200 -
06:05:56 "POST /collect HTTP/1.1" 200 -
06:05:56 "POST /collect HTTP/1.1" 200 -
06:05:56 "POST /collect HTTP/1.1" 200 -
06:05:57 "POST /collect HTTP/1.1" 200 -
06:05:57 "POST /collect HTTP/1.1" 200 -
06:05:57 "POST /collect HTTP/1.1" 200 -
06:05:57 "POST /collect HTTP/1.1" 200 -
06:05:57 "POST /collect HTTP/1.1" 200 -
06:05:58 "POST /collect HTTP/1.1" 200 -
06:05:58 "GET /roster HTTP/1.1" 200 -
06:05:58 "POST /collect HTTP/1.1" 200 -
06:05:58 "GET /roster HTTP/1.1" 200 -
06:05:58 "POST /collect HTTP/1.1" 200 -
06:05:58 "POST /collect HTTP/1.1" 200 -
06:05:58 "POST /collect HTTP/1.1" 200 -
06:05:58 "POST /collect HTTP/1.1" 200 -
06:05:58 "POST /collect HTTP/1.1" 200 -
06:05:58 "POST /collect HTTP/1.1" 200 -
06:05:58 "POST /collect HTTP/1.1" 200 -
06:05:59 "POST /collect HTTP/1.1" 200 -
06:05:59 "POST /collect HTTP/1.1" 200 -
06:06:00 "POST /collect HTTP/1.1" 200 -
06:06:00 "POST /collect HTTP/1.1" 200 -
06:06:00 "GET /roster HTTP/1.1" 200 -
06:06:00 "POST /collect HTTP/1.1" 200 -
06:06:00 "GET /roster HTTP/1.1" 200 -
06:06:00 "POST /collect HTTP/1.1" 200 -
06:06:00 "POST /collect HTTP/1.1" 200 -
06:06:00 "POST /collect HTTP/1.1" 200 -
06:06:00 "POST /collect HTTP/1.1" 200 -
06:06:01 "POST /collect HTTP/1.1" 200 -
06:06:01 "POST /collect HTTP/1.1" 200 -
06:06:01 "POST /collect HTTP/1.1" 200 -
06:06:01 "POST /collect HTTP/1.1" 200 -
06:06:01 "POST /collect HTTP/1.1" 200 -
06:06:01 "POST /collect HTTP/1.1" 200 -
06:06:01 "POST /collect HTTP/1.1" 200 -
06:06:02 "GET /roster HTTP/1.1" 200 -
06:06:02 "POST /collect HTTP/1.1" 200 -
06:06:02 "GET /roster HTTP/1.1" 200 -
06:06:02 "POST /collect HTTP/1.1" 200 -
06:06:02 "POST /collect HTTP/1.1" 200 -
06:06:02 "POST /collect HTTP/1.1" 200 -
06:06:03 "POST /collect HTTP/1.1" 200 -
06:06:03 "POST /collect HTTP/1.1" 200 -
06:06:03 "POST /collect HTTP/1.1" 200 -
06:06:03 "POST /collect HTTP/1.1" 200 -
06:06:03 "POST /collect HTTP/1.1" 200 -
06:06:04 "POST /collect HTTP/1.1" 200 -
06:06:04 "GET /roster HTTP/1.1" 200 -
06:06:04 "POST /collect HTTP/1.1" 200 -
06:06:04 "GET /roster HTTP/1.1" 200 -
06:06:04 "POST /collect HTTP/1.1" 200 -
06:06:04 "POST /collect HTTP/1.1" 200 -
06:06:04 "POST /collect HTTP/1.1" 200 -
06:06:04 "POST /collect HTTP/1.1" 200 -
06:06:04 "POST /collect HTTP/1.1" 200 -
06:06:04 "POST /collect HTTP/1.1" 200 -
06:06:04 "POST /collect HTTP/1.1" 200 -
06:06:05 "POST /collect HTTP/1.1" 200 -
06:06:05 "POST /collect HTTP/1.1" 200 -
06:06:06 "POST /collect HTTP/1.1" 200 -
06:06:06 "POST /collect HTTP/1.1" 200 -
06:06:06 "GET /roster HTTP/1.1" 200 -
06:06:06 "POST /collect HTTP/1.1" 200 -
06:06:06 "GET /roster HTTP/1.1" 200 -
06:06:06 "POST /collect HTTP/1.1" 200 -
06:06:06 "POST /collect HTTP/1.1" 200 -
06:06:06 "POST /collect HTTP/1.1" 200 -
06:06:06 "POST /collect HTTP/1.1" 200 -
06:06:07 "POST /collect HTTP/1.1" 200 -
06:06:07 "POST /collect HTTP/1.1" 200 -
06:06:07 "POST /collect HTTP/1.1" 200 -
06:06:07 "POST /collect HTTP/1.1" 200 -
06:06:07 "POST /collect HTTP/1.1" 200 -
06:06:07 "POST /collect HTTP/1.1" 200 -
06:06:07 "POST /collect HTTP/1.1" 200 -
06:06:08 "GET /roster HTTP/1.1" 200 -
06:06:08 "POST /collect HTTP/1.1" 200 -
06:06:08 "GET /roster HTTP/1.1" 200 -
06:06:08 "POST /collect HTTP/1.1" 200 -
06:06:08 "POST /collect HTTP/1.1" 200 -
06:06:08 "POST /collect HTTP/1.1" 200 -
06:06:09 "POST /collect HTTP/1.1" 200 -
06:06:09 "POST /collect HTTP/1.1" 200 -
06:06:09 "POST /collect HTTP/1.1" 200 -
06:06:09 "POST /collect HTTP/1.1" 200 -
06:06:09 "POST /collect HTTP/1.1" 200 -
06:06:10 "POST /collect HTTP/1.1" 200 -
06:06:10 "GET /roster HTTP/1.1" 200 -
06:06:10 "POST /collect HTTP/1.1" 200 -
06:06:10 "GET /roster HTTP/1.1" 200 -
06:06:10 "POST /collect HTTP/1.1" 200 -
06:06:10 "POST /collect HTTP/1.1" 200 -
06:06:10 "POST /collect HTTP/1.1" 200 -
06:06:10 "POST /collect HTTP/1.1" 200 -
06:06:10 "POST /collect HTTP/1.1" 200 -
06:06:10 "POST /collect HTTP/1.1" 200 -
06:06:10 "POST /collect HTTP/1.1" 200 -
06:06:10 "POST /collect HTTP/1.1" 200 -
06:06:11 "POST /collect HTTP/1.1" 200 -
06:06:11 "POST /collect HTTP/1.1" 200 -
06:06:12 "POST /collect HTTP/1.1" 200 -
06:06:12 "POST /collect HTTP/1.1" 200 -
06:06:12 "GET /roster HTTP/1.1" 200 -
06:06:12 "POST /collect HTTP/1.1" 200 -
06:06:12 "POST /collect HTTP/1.1" 200 -
06:06:12 "GET /roster HTTP/1.1" 200 -
06:06:12 "POST /collect HTTP/1.1" 200 -
06:06:12 "POST /collect HTTP/1.1" 200 -
06:06:12 "POST /collect HTTP/1.1" 200 -
06:06:13 "POST /collect HTTP/1.1" 200 -
06:06:13 "POST /collect HTTP/1.1" 200 -
06:06:13 "POST /collect HTTP/1.1" 200 -
06:06:13 "POST /collect HTTP/1.1" 200 -
06:06:13 "POST /collect HTTP/1.1" 200 -
06:06:13 "POST /collect HTTP/1.1" 200 -
06:06:13 "POST /collect HTTP/1.1" 200 -
06:06:14 "GET /roster HTTP/1.1" 200 -
06:06:14 "POST /collect HTTP/1.1" 200 -
06:06:14 "GET /roster HTTP/1.1" 200 -
06:06:14 "POST /collect HTTP/1.1" 200 -
06:06:14 "POST /collect HTTP/1.1" 200 -
06:06:14 "POST /collect HTTP/1.1" 200 -
06:06:15 "POST /collect HTTP/1.1" 200 -
06:06:15 "POST /collect HTTP/1.1" 200 -
06:06:15 "POST /collect HTTP/1.1" 200 -
06:06:15 "POST /collect HTTP/1.1" 200 -
06:06:15 "POST /collect HTTP/1.1" 200 -
06:06:16 "POST /collect HTTP/1.1" 200 -
06:06:16 "GET /roster HTTP/1.1" 200 -
06:06:16 "POST /collect HTTP/1.1" 200 -
06:06:16 "GET /roster HTTP/1.1" 200 -
06:06:16 "POST /collect HTTP/1.1" 200 -
06:06:16 "POST /collect HTTP/1.1" 200 -
06:06:16 "POST /collect HTTP/1.1" 200 -
06:06:16 "POST /collect HTTP/1.1" 200 -
06:06:16 "POST /collect HTTP/1.1" 200 -
06:06:16 "POST /collect HTTP/1.1" 200 -
06:06:16 "POST /collect HTTP/1.1" 200 -
06:06:17 "POST /collect HTTP/1.1" 200 -
06:06:17 "POST /collect HTTP/1.1" 200 -
06:06:18 "POST /collect HTTP/1.1" 200 -
06:06:18 "POST /collect HTTP/1.1" 200 -
06:06:18 "GET /roster HTTP/1.1" 200 -
06:06:18 "POST /collect HTTP/1.1" 200 -
06:06:18 "GET /roster HTTP/1.1" 200 -
06:06:18 "POST /collect HTTP/1.1" 200 -
06:06:18 "POST /collect HTTP/1.1" 200 -
06:06:18 "POST /collect HTTP/1.1" 200 -
06:06:18 "POST /collect HTTP/1.1" 200 -
06:06:19 "POST /collect HTTP/1.1" 200 -
06:06:19 "POST /collect HTTP/1.1" 200 -
06:06:19 "POST /collect HTTP/1.1" 200 -
06:06:19 "POST /collect HTTP/1.1" 200 -
06:06:19 "POST /collect HTTP/1.1" 200 -
06:06:19 "POST /collect HTTP/1.1" 200 -
06:06:19 "POST /collect HTTP/1.1" 200 -
06:06:20 "GET /roster HTTP/1.1" 200 -
06:06:20 "POST /collect HTTP/1.1" 200 -
06:06:20 "GET /roster HTTP/1.1" 200 -
06:06:20 "POST /collect HTTP/1.1" 200 -
06:06:20 "POST /collect HTTP/1.1" 200 -
06:06:20 "POST /collect HTTP/1.1" 200 -
06:06:20 "POST /collect HTTP/1.1" 200 -
06:06:21 "POST /collect HTTP/1.1" 200 -
06:06:21 "POST /collect HTTP/1.1" 200 -
06:06:21 "POST /collect HTTP/1.1" 200 -
06:06:21 "POST /collect HTTP/1.1" 200 -
06:06:21 "POST /collect HTTP/1.1" 200 -
06:06:22 "POST /collect HTTP/1.1" 200 -
06:06:22 "GET /roster HTTP/1.1" 200 -
06:06:22 "POST /collect HTTP/1.1" 200 -
06:06:22 "GET /roster HTTP/1.1" 200 -
06:06:22 "POST /collect HTTP/1.1" 200 -
06:06:22 "POST /collect HTTP/1.1" 200 -
06:06:22 "POST /collect HTTP/1.1" 200 -
06:06:22 "POST /collect HTTP/1.1" 200 -
06:06:22 "POST /collect HTTP/1.1" 200 -
06:06:22 "POST /collect HTTP/1.1" 200 -
