m2m server on :8897, results -> /Users/s32863/personal/elektron/results/m2m-heavy-cotenant8.jsonl, app 8c2a974b…
06:07:07 "GET /roster HTTP/1.1" 200 -
06:07:07 "POST /reset HTTP/1.1" 200 -
06:07:08 "GET /room.html?id=1&n=8&hold=1&cb=1787713628387&audio=1&mode=full&cls=probe HTTP/1.1" 200 -
06:07:08 code 404, message File not found
06:07:08 "GET /favicon.ico HTTP/1.1" 404 -
06:07:08 "GET /room.html?id=2&n=8&hold=1&cb=1787713628482&audio=1&mode=full&cls=probe HTTP/1.1" 200 -
06:07:08 "GET /room.html?id=A&n=8&hold=1&cb=1787713628567&audio=1&mode=pub&vw=320&vh=180&vfps=15&cls=light HTTP/1.1" 200 -
06:07:08 "GET /room.html?id=B&n=8&hold=1&cb=1787713628652&audio=1&mode=pub&vw=320&vh=180&vfps=15&cls=light HTTP/1.1" 200 -
06:07:08 "GET /room.html?id=C&n=8&hold=1&cb=1787713628737&audio=1&mode=pub&vw=320&vh=180&vfps=15&cls=light HTTP/1.1" 200 -
06:07:09 "GET /room.html?id=D&n=8&hold=1&cb=1787713629330&audio=1&mode=pub&vw=320&vh=180&vfps=15&cls=light HTTP/1.1" 200 -
06:07:09 code 404, message File not found
06:07:09 "GET /favicon.ico HTTP/1.1" 404 -
06:07:09 "GET /room.html?id=E&n=8&hold=1&cb=1787713629423&audio=1&mode=pub&vw=320&vh=180&vfps=15&cls=light HTTP/1.1" 200 -
06:07:09 "GET /room.html?id=F&n=8&hold=1&cb=1787713629510&audio=1&mode=pub&vw=320&vh=180&vfps=15&cls=light HTTP/1.1" 200 -
06:07:09 "POST /collect HTTP/1.1" 200 -
06:07:10 CF POST /sessions/new -> 201 (320 ms)
06:07:10 CF POST /sessions/new -> 201 (323 ms)
06:07:10 "POST /cf/sessions/new HTTP/1.1" 201 -
06:07:10 "POST /cf/sessions/new HTTP/1.1" 201 -
06:07:10 CF POST /sessions/new -> 201 (324 ms)
06:07:10 "POST /cf/sessions/new HTTP/1.1" 201 -
06:07:10 CF POST /sessions/new -> 201 (325 ms)
06:07:10 "POST /cf/sessions/new HTTP/1.1" 201 -
06:07:10 CF POST /sessions/new -> 201 (328 ms)
06:07:10 "POST /cf/sessions/new HTTP/1.1" 201 -
06:07:10 CF POST /sessions/new -> 201 (337 ms)
06:07:10 "POST /cf/sessions/new HTTP/1.1" 201 -
06:07:10 CF POST /sessions/new -> 201 (381 ms)
06:07:10 "POST /cf/sessions/new HTTP/1.1" 201 -
06:07:10 CF POST /sessions/new -> 201 (392 ms)
06:07:10 "POST /cf/sessions/new HTTP/1.1" 201 -
06:07:10 "POST /save/pub-offer-c.sdp HTTP/1.1" 200 -
06:07:10 "POST /save/pub-offer-1.sdp HTTP/1.1" 200 -
06:07:10 "POST /save/pub-offer-f.sdp HTTP/1.1" 200 -
06:07:10 "POST /save/pub-offer-e.sdp HTTP/1.1" 200 -
06:07:10 "POST /save/pub-offer-2.sdp HTTP/1.1" 200 -
06:07:10 "POST /save/pub-offer-d.sdp HTTP/1.1" 200 -
06:07:10 "POST /save/pub-offer-b.sdp HTTP/1.1" 200 -
06:07:10 "POST /save/pub-offer-a.sdp HTTP/1.1" 200 -
06:07:10 CF POST /sessions/5dc92dab837a3bc3d60bc2b387fab78a31f371c3d4116fa8e4afa6a3351b6586/tracks/new -> 200 (340 ms)
06:07:10 "POST /cf/sessions/5dc92dab837a3bc3d60bc2b387fab78a31f371c3d4116fa8e4afa6a3351b6586/tracks/new HTTP/1.1" 200 -
06:07:10 "POST /save/pub-answer-e.sdp HTTP/1.1" 200 -
06:07:10 "POST /collect HTTP/1.1" 200 -
06:07:10 "POST /collect HTTP/1.1" 200 -
06:07:10 "POST /collect HTTP/1.1" 200 -
06:07:10 CF POST /sessions/02e3fc02af60d272ba1d8737d969c5ad8d3525efe2db1db97dbb5653c4d7b0ed/tracks/new -> 200 (369 ms)
06:07:10 "POST /cf/sessions/02e3fc02af60d272ba1d8737d969c5ad8d3525efe2db1db97dbb5653c4d7b0ed/tracks/new HTTP/1.1" 200 -
06:07:10 "POST /save/pub-answer-d.sdp HTTP/1.1" 200 -
06:07:10 "POST /collect HTTP/1.1" 200 -
06:07:11 "POST /collect HTTP/1.1" 200 -
06:07:11 CF POST /sessions/3694844f4354c051047b8ae562fa8a93d7809a265ddf428c75bd17d4842f6f82/tracks/new -> 200 (396 ms)
06:07:11 "POST /cf/sessions/3694844f4354c051047b8ae562fa8a93d7809a265ddf428c75bd17d4842f6f82/tracks/new HTTP/1.1" 200 -
06:07:11 "POST /collect HTTP/1.1" 200 -
06:07:11 "POST /save/pub-answer-f.sdp HTTP/1.1" 200 -
06:07:11 CF POST /sessions/131cd142d8fcc4dd906c8b9903ff9305a925bfbe1831f8e0f1d7d7b942f38d7d/tracks/new -> 200 (409 ms)
06:07:11 "POST /cf/sessions/131cd142d8fcc4dd906c8b9903ff9305a925bfbe1831f8e0f1d7d7b942f38d7d/tracks/new HTTP/1.1" 200 -
06:07:11 CF POST /sessions/7b4d8c2131af917865feafda65c61d4468da8b9e2a317ec1520a50bb00772883/tracks/new -> 200 (386 ms)
06:07:11 "POST /cf/sessions/7b4d8c2131af917865feafda65c61d4468da8b9e2a317ec1520a50bb00772883/tracks/new HTTP/1.1" 200 -
06:07:11 CF POST /sessions/6eb30522baf4b07cc7b10d68718b5ad5293624794b102e0e203b922a80b26370/tracks/new -> 200 (395 ms)
06:07:11 "POST /cf/sessions/6eb30522baf4b07cc7b10d68718b5ad5293624794b102e0e203b922a80b26370/tracks/new HTTP/1.1" 200 -
06:07:11 "POST /save/pub-answer-c.sdp HTTP/1.1" 200 -
06:07:11 "POST /collect HTTP/1.1" 200 -
06:07:11 "POST /save/pub-answer-2.sdp HTTP/1.1" 200 -
06:07:11 "POST /save/pub-answer-a.sdp HTTP/1.1" 200 -
06:07:11 "POST /collect HTTP/1.1" 200 -
06:07:11 "POST /collect HTTP/1.1" 200 -
06:07:11 "POST /collect HTTP/1.1" 200 -
06:07:11 "POST /collect HTTP/1.1" 200 -
06:07:11 "POST /collect HTTP/1.1" 200 -
06:07:11 "POST /collect HTTP/1.1" 200 -
06:07:11 CF POST /sessions/e2bb4b1779b81257cb209c9ea909459961230fb5b3eac2c49cd0202ba05835d3/tracks/new -> 200 (397 ms)
06:07:11 "POST /cf/sessions/e2bb4b1779b81257cb209c9ea909459961230fb5b3eac2c49cd0202ba05835d3/tracks/new HTTP/1.1" 200 -
06:07:11 "POST /collect HTTP/1.1" 200 -
06:07:11 "POST /collect HTTP/1.1" 200 -
06:07:11 "POST /save/pub-answer-b.sdp HTTP/1.1" 200 -
06:07:11 "POST /collect HTTP/1.1" 200 -
06:07:11 "POST /collect HTTP/1.1" 200 -
06:07:11 "POST /collect HTTP/1.1" 200 -
06:07:11 "POST /collect HTTP/1.1" 200 -
06:07:11 "POST /collect HTTP/1.1" 200 -
06:07:11 "POST /collect HTTP/1.1" 200 -
06:07:11 CF POST /sessions/037360d7417b3909e19d6ac361bdbd4fe22fa9de1faf906f3fb7d019bcb668f4/tracks/new -> 200 (429 ms)
06:07:11 "POST /cf/sessions/037360d7417b3909e19d6ac361bdbd4fe22fa9de1faf906f3fb7d019bcb668f4/tracks/new HTTP/1.1" 200 -
06:07:11 "POST /save/pub-answer-1.sdp HTTP/1.1" 200 -
06:07:11 "POST /collect HTTP/1.1" 200 -
06:07:11 "POST /collect HTTP/1.1" 200 -
06:07:11 "POST /collect HTTP/1.1" 200 -
06:07:11 "POST /collect HTTP/1.1" 200 -
06:07:11 "POST /collect HTTP/1.1" 200 -
06:07:11 "POST /collect HTTP/1.1" 200 -
06:07:11 "POST /join HTTP/1.1" 200 -
06:07:11 "POST /collect HTTP/1.1" 200 -
06:07:11 "POST /collect HTTP/1.1" 200 -
06:07:11 "POST /collect HTTP/1.1" 200 -
06:07:11 "POST /collect HTTP/1.1" 200 -
06:07:11 "POST /collect HTTP/1.1" 200 -
06:07:11 "POST /join HTTP/1.1" 200 -
06:07:11 "POST /collect HTTP/1.1" 200 -
06:07:11 "POST /collect HTTP/1.1" 200 -
06:07:11 "POST /join HTTP/1.1" 200 -
06:07:11 "POST /join HTTP/1.1" 200 -
06:07:11 "POST /join HTTP/1.1" 200 -
06:07:11 "POST /collect HTTP/1.1" 200 -
06:07:11 "GET /roster HTTP/1.1" 200 -
06:07:11 "POST /collect HTTP/1.1" 200 -
06:07:11 "POST /collect HTTP/1.1" 200 -
06:07:11 "POST /join HTTP/1.1" 200 -
06:07:11 "POST /join HTTP/1.1" 200 -
06:07:11 "POST /collect HTTP/1.1" 200 -
06:07:11 "POST /collect HTTP/1.1" 200 -
06:07:11 "POST /join HTTP/1.1" 200 -
06:07:11 "POST /collect HTTP/1.1" 200 -
06:07:11 "GET /roster HTTP/1.1" 200 -
06:07:11 CF POST /sessions/6eb30522baf4b07cc7b10d68718b5ad5293624794b102e0e203b922a80b26370/tracks/new -> 200 (224 ms)
06:07:11 "POST /cf/sessions/6eb30522baf4b07cc7b10d68718b5ad5293624794b102e0e203b922a80b26370/tracks/new HTTP/1.1" 200 -
06:07:11 CF PUT /sessions/6eb30522baf4b07cc7b10d68718b5ad5293624794b102e0e203b922a80b26370/renegotiate -> 200 (130 ms)
06:07:11 "PUT /cf/sessions/6eb30522baf4b07cc7b10d68718b5ad5293624794b102e0e203b922a80b26370/renegotiate HTTP/1.1" 200 -
06:07:11 "POST /collect HTTP/1.1" 200 -
06:07:11 CF POST /sessions/037360d7417b3909e19d6ac361bdbd4fe22fa9de1faf906f3fb7d019bcb668f4/tracks/new -> 200 (402 ms)
06:07:11 "POST /cf/sessions/037360d7417b3909e19d6ac361bdbd4fe22fa9de1faf906f3fb7d019bcb668f4/tracks/new HTTP/1.1" 200 -
06:07:11 CF PUT /sessions/037360d7417b3909e19d6ac361bdbd4fe22fa9de1faf906f3fb7d019bcb668f4/renegotiate -> 200 (132 ms)
06:07:11 "PUT /cf/sessions/037360d7417b3909e19d6ac361bdbd4fe22fa9de1faf906f3fb7d019bcb668f4/renegotiate HTTP/1.1" 200 -
06:07:11 "POST /collect HTTP/1.1" 200 -
06:07:11 CF POST /sessions/6eb30522baf4b07cc7b10d68718b5ad5293624794b102e0e203b922a80b26370/tracks/new -> 200 (243 ms)
06:07:11 "POST /cf/sessions/6eb30522baf4b07cc7b10d68718b5ad5293624794b102e0e203b922a80b26370/tracks/new HTTP/1.1" 200 -
06:07:12 CF PUT /sessions/6eb30522baf4b07cc7b10d68718b5ad5293624794b102e0e203b922a80b26370/renegotiate -> 200 (144 ms)
06:07:12 "PUT /cf/sessions/6eb30522baf4b07cc7b10d68718b5ad5293624794b102e0e203b922a80b26370/renegotiate HTTP/1.1" 200 -
06:07:12 "POST /collect HTTP/1.1" 200 -
06:07:12 CF POST /sessions/037360d7417b3909e19d6ac361bdbd4fe22fa9de1faf906f3fb7d019bcb668f4/tracks/new -> 200 (188 ms)
06:07:12 "POST /cf/sessions/037360d7417b3909e19d6ac361bdbd4fe22fa9de1faf906f3fb7d019bcb668f4/tracks/new HTTP/1.1" 200 -
06:07:12 CF PUT /sessions/037360d7417b3909e19d6ac361bdbd4fe22fa9de1faf906f3fb7d019bcb668f4/renegotiate -> 200 (136 ms)
06:07:12 "PUT /cf/sessions/037360d7417b3909e19d6ac361bdbd4fe22fa9de1faf906f3fb7d019bcb668f4/renegotiate HTTP/1.1" 200 -
06:07:12 "POST /collect HTTP/1.1" 200 -
06:07:12 CF POST /sessions/6eb30522baf4b07cc7b10d68718b5ad5293624794b102e0e203b922a80b26370/tracks/new -> 200 (201 ms)
06:07:12 "POST /cf/sessions/6eb30522baf4b07cc7b10d68718b5ad5293624794b102e0e203b922a80b26370/tracks/new HTTP/1.1" 200 -
06:07:12 CF POST /sessions/037360d7417b3909e19d6ac361bdbd4fe22fa9de1faf906f3fb7d019bcb668f4/tracks/new -> 200 (134 ms)
06:07:12 "POST /cf/sessions/037360d7417b3909e19d6ac361bdbd4fe22fa9de1faf906f3fb7d019bcb668f4/tracks/new HTTP/1.1" 200 -
06:07:12 CF PUT /sessions/6eb30522baf4b07cc7b10d68718b5ad5293624794b102e0e203b922a80b26370/renegotiate -> 200 (129 ms)
06:07:12 "PUT /cf/sessions/6eb30522baf4b07cc7b10d68718b5ad5293624794b102e0e203b922a80b26370/renegotiate HTTP/1.1" 200 -
06:07:12 "POST /collect HTTP/1.1" 200 -
06:07:12 "POST /collect HTTP/1.1" 200 -
06:07:12 CF PUT /sessions/037360d7417b3909e19d6ac361bdbd4fe22fa9de1faf906f3fb7d019bcb668f4/renegotiate -> 200 (155 ms)
06:07:12 "PUT /cf/sessions/037360d7417b3909e19d6ac361bdbd4fe22fa9de1faf906f3fb7d019bcb668f4/renegotiate HTTP/1.1" 200 -
06:07:12 "POST /collect HTTP/1.1" 200 -
06:07:12 CF POST /sessions/6eb30522baf4b07cc7b10d68718b5ad5293624794b102e0e203b922a80b26370/tracks/new -> 200 (348 ms)
06:07:12 "POST /cf/sessions/6eb30522baf4b07cc7b10d68718b5ad5293624794b102e0e203b922a80b26370/tracks/new HTTP/1.1" 200 -
06:07:12 CF POST /sessions/037360d7417b3909e19d6ac361bdbd4fe22fa9de1faf906f3fb7d019bcb668f4/tracks/new -> 200 (223 ms)
06:07:12 "POST /cf/sessions/037360d7417b3909e19d6ac361bdbd4fe22fa9de1faf906f3fb7d019bcb668f4/tracks/new HTTP/1.1" 200 -
06:07:12 CF PUT /sessions/6eb30522baf4b07cc7b10d68718b5ad5293624794b102e0e203b922a80b26370/renegotiate -> 200 (139 ms)
06:07:12 "PUT /cf/sessions/6eb30522baf4b07cc7b10d68718b5ad5293624794b102e0e203b922a80b26370/renegotiate HTTP/1.1" 200 -
06:07:12 "POST /collect HTTP/1.1" 200 -
06:07:12 CF PUT /sessions/037360d7417b3909e19d6ac361bdbd4fe22fa9de1faf906f3fb7d019bcb668f4/renegotiate -> 200 (139 ms)
06:07:12 "PUT /cf/sessions/037360d7417b3909e19d6ac361bdbd4fe22fa9de1faf906f3fb7d019bcb668f4/renegotiate HTTP/1.1" 200 -
06:07:12 "POST /collect HTTP/1.1" 200 -
06:07:13 CF POST /sessions/037360d7417b3909e19d6ac361bdbd4fe22fa9de1faf906f3fb7d019bcb668f4/tracks/new -> 200 (266 ms)
06:07:13 "POST /cf/sessions/037360d7417b3909e19d6ac361bdbd4fe22fa9de1faf906f3fb7d019bcb668f4/tracks/new HTTP/1.1" 200 -
06:07:13 "GET /roster HTTP/1.1" 200 -
06:07:13 "POST /collect HTTP/1.1" 200 -
06:07:13 "GET /roster HTTP/1.1" 200 -
06:07:13 "POST /collect HTTP/1.1" 200 -
06:07:13 CF PUT /sessions/037360d7417b3909e19d6ac361bdbd4fe22fa9de1faf906f3fb7d019bcb668f4/renegotiate -> 200 (160 ms)
06:07:13 "PUT /cf/sessions/037360d7417b3909e19d6ac361bdbd4fe22fa9de1faf906f3fb7d019bcb668f4/renegotiate HTTP/1.1" 200 -
06:07:13 "POST /collect HTTP/1.1" 200 -
06:07:13 "POST /collect HTTP/1.1" 200 -
06:07:13 "POST /collect HTTP/1.1" 200 -
06:07:13 CF POST /sessions/6eb30522baf4b07cc7b10d68718b5ad5293624794b102e0e203b922a80b26370/tracks/new -> 200 (244 ms)
06:07:13 "POST /cf/sessions/6eb30522baf4b07cc7b10d68718b5ad5293624794b102e0e203b922a80b26370/tracks/new HTTP/1.1" 200 -
06:07:13 CF POST /sessions/037360d7417b3909e19d6ac361bdbd4fe22fa9de1faf906f3fb7d019bcb668f4/tracks/new -> 200 (187 ms)
06:07:13 "POST /cf/sessions/037360d7417b3909e19d6ac361bdbd4fe22fa9de1faf906f3fb7d019bcb668f4/tracks/new HTTP/1.1" 200 -
06:07:13 CF PUT /sessions/6eb30522baf4b07cc7b10d68718b5ad5293624794b102e0e203b922a80b26370/renegotiate -> 200 (156 ms)
06:07:13 "PUT /cf/sessions/6eb30522baf4b07cc7b10d68718b5ad5293624794b102e0e203b922a80b26370/renegotiate HTTP/1.1" 200 -
06:07:13 "POST /collect HTTP/1.1" 200 -
06:07:13 CF PUT /sessions/037360d7417b3909e19d6ac361bdbd4fe22fa9de1faf906f3fb7d019bcb668f4/renegotiate -> 200 (148 ms)
06:07:13 "PUT /cf/sessions/037360d7417b3909e19d6ac361bdbd4fe22fa9de1faf906f3fb7d019bcb668f4/renegotiate HTTP/1.1" 200 -
06:07:13 "POST /collect HTTP/1.1" 200 -
06:07:13 CF POST /sessions/6eb30522baf4b07cc7b10d68718b5ad5293624794b102e0e203b922a80b26370/tracks/new -> 200 (258 ms)
06:07:13 "POST /cf/sessions/6eb30522baf4b07cc7b10d68718b5ad5293624794b102e0e203b922a80b26370/tracks/new HTTP/1.1" 200 -
06:07:13 CF POST /sessions/037360d7417b3909e19d6ac361bdbd4fe22fa9de1faf906f3fb7d019bcb668f4/tracks/new -> 200 (251 ms)
06:07:13 "POST /cf/sessions/037360d7417b3909e19d6ac361bdbd4fe22fa9de1faf906f3fb7d019bcb668f4/tracks/new HTTP/1.1" 200 -
06:07:14 CF PUT /sessions/037360d7417b3909e19d6ac361bdbd4fe22fa9de1faf906f3fb7d019bcb668f4/renegotiate -> 200 (152 ms)
06:07:14 "PUT /cf/sessions/037360d7417b3909e19d6ac361bdbd4fe22fa9de1faf906f3fb7d019bcb668f4/renegotiate HTTP/1.1" 200 -
06:07:14 "POST /collect HTTP/1.1" 200 -
06:07:14 CF PUT /sessions/6eb30522baf4b07cc7b10d68718b5ad5293624794b102e0e203b922a80b26370/renegotiate -> 200 (189 ms)
06:07:14 "PUT /cf/sessions/6eb30522baf4b07cc7b10d68718b5ad5293624794b102e0e203b922a80b26370/renegotiate HTTP/1.1" 200 -
06:07:14 "POST /collect HTTP/1.1" 200 -
06:07:14 "POST /collect HTTP/1.1" 200 -
06:07:14 "POST /collect HTTP/1.1" 200 -
06:07:14 "POST /collect HTTP/1.1" 200 -
06:07:14 "POST /collect HTTP/1.1" 200 -
06:07:14 "POST /collect HTTP/1.1" 200 -
06:07:14 "POST /collect HTTP/1.1" 200 -
06:07:14 CF POST /sessions/6eb30522baf4b07cc7b10d68718b5ad5293624794b102e0e203b922a80b26370/tracks/new -> 200 (215 ms)
06:07:14 "POST /cf/sessions/6eb30522baf4b07cc7b10d68718b5ad5293624794b102e0e203b922a80b26370/tracks/new HTTP/1.1" 200 -
06:07:14 "POST /collect HTTP/1.1" 200 -
06:07:14 "POST /collect HTTP/1.1" 200 -
06:07:14 CF PUT /sessions/6eb30522baf4b07cc7b10d68718b5ad5293624794b102e0e203b922a80b26370/renegotiate -> 200 (144 ms)
06:07:14 "PUT /cf/sessions/6eb30522baf4b07cc7b10d68718b5ad5293624794b102e0e203b922a80b26370/renegotiate HTTP/1.1" 200 -
06:07:14 "POST /collect HTTP/1.1" 200 -
06:07:15 "GET /roster HTTP/1.1" 200 -
06:07:15 "POST /collect HTTP/1.1" 200 -
06:07:15 "GET /roster HTTP/1.1" 200 -
06:07:15 "POST /collect HTTP/1.1" 200 -
06:07:15 "POST /collect HTTP/1.1" 200 -
06:07:15 "POST /collect HTTP/1.1" 200 -
06:07:16 "POST /collect HTTP/1.1" 200 -
06:07:16 "POST /collect HTTP/1.1" 200 -
06:07:17 "POST /collect HTTP/1.1" 200 -
06:07:17 "POST /collect HTTP/1.1" 200 -
06:07:17 "GET /roster HTTP/1.1" 200 -
06:07:17 "POST /collect HTTP/1.1" 200 -
06:07:17 "POST /collect HTTP/1.1" 200 -
06:07:17 "POST /collect HTTP/1.1" 200 -
06:07:17 "POST /collect HTTP/1.1" 200 -
06:07:17 "POST /collect HTTP/1.1" 200 -
06:07:17 "GET /roster HTTP/1.1" 200 -
06:07:17 "POST /collect HTTP/1.1" 200 -
06:07:17 "POST /collect HTTP/1.1" 200 -
06:07:17 "POST /collect HTTP/1.1" 200 -
06:07:17 "POST /collect HTTP/1.1" 200 -
06:07:18 "POST /collect HTTP/1.1" 200 -
06:07:18 "POST /collect HTTP/1.1" 200 -
06:07:19 "GET /roster HTTP/1.1" 200 -
06:07:19 "POST /collect HTTP/1.1" 200 -
06:07:19 "GET /roster HTTP/1.1" 200 -
06:07:19 "POST /collect HTTP/1.1" 200 -
06:07:19 "POST /collect HTTP/1.1" 200 -
06:07:19 "POST /collect HTTP/1.1" 200 -
06:07:20 "POST /collect HTTP/1.1" 200 -
06:07:20 "POST /collect HTTP/1.1" 200 -
06:07:20 "POST /collect HTTP/1.1" 200 -
06:07:20 "POST /collect HTTP/1.1" 200 -
06:07:20 "POST /collect HTTP/1.1" 200 -
06:07:20 "POST /collect HTTP/1.1" 200 -
06:07:20 "POST /collect HTTP/1.1" 200 -
06:07:20 "POST /collect HTTP/1.1" 200 -
06:07:21 "GET /roster HTTP/1.1" 200 -
06:07:21 "POST /collect HTTP/1.1" 200 -
06:07:21 "GET /roster HTTP/1.1" 200 -
06:07:21 "POST /collect HTTP/1.1" 200 -
06:07:21 "POST /collect HTTP/1.1" 200 -
06:07:21 "POST /collect HTTP/1.1" 200 -
06:07:22 "POST /collect HTTP/1.1" 200 -
06:07:22 "POST /collect HTTP/1.1" 200 -
06:07:23 "POST /collect HTTP/1.1" 200 -
06:07:23 "POST /collect HTTP/1.1" 200 -
06:07:23 "POST /collect HTTP/1.1" 200 -
06:07:23 "GET /roster HTTP/1.1" 200 -
06:07:23 "POST /collect HTTP/1.1" 200 -
06:07:23 "POST /collect HTTP/1.1" 200 -
06:07:23 "POST /collect HTTP/1.1" 200 -
06:07:23 "POST /collect HTTP/1.1" 200 -
06:07:23 "POST /collect HTTP/1.1" 200 -
06:07:23 "GET /roster HTTP/1.1" 200 -
06:07:23 "POST /collect HTTP/1.1" 200 -
06:07:23 "POST /collect HTTP/1.1" 200 -
06:07:23 "POST /collect HTTP/1.1" 200 -
06:07:24 "POST /collect HTTP/1.1" 200 -
06:07:24 "POST /collect HTTP/1.1" 200 -
06:07:25 "GET /roster HTTP/1.1" 200 -
06:07:25 "POST /collect HTTP/1.1" 200 -
06:07:25 "GET /roster HTTP/1.1" 200 -
06:07:25 "POST /collect HTTP/1.1" 200 -
06:07:25 "POST /collect HTTP/1.1" 200 -
06:07:25 "POST /collect HTTP/1.1" 200 -
06:07:26 "POST /collect HTTP/1.1" 200 -
06:07:26 "POST /collect HTTP/1.1" 200 -
06:07:26 "POST /collect HTTP/1.1" 200 -
06:07:26 "POST /collect HTTP/1.1" 200 -
06:07:26 "POST /collect HTTP/1.1" 200 -
06:07:26 "POST /collect HTTP/1.1" 200 -
06:07:26 "POST /collect HTTP/1.1" 200 -
06:07:26 "POST /collect HTTP/1.1" 200 -
06:07:27 "GET /roster HTTP/1.1" 200 -
06:07:27 "POST /collect HTTP/1.1" 200 -
06:07:27 "GET /roster HTTP/1.1" 200 -
06:07:27 "POST /collect HTTP/1.1" 200 -
06:07:27 "POST /collect HTTP/1.1" 200 -
06:07:27 "POST /collect HTTP/1.1" 200 -
06:07:28 "POST /collect HTTP/1.1" 200 -
06:07:28 "POST /collect HTTP/1.1" 200 -
06:07:29 "POST /collect HTTP/1.1" 200 -
06:07:29 "POST /collect HTTP/1.1" 200 -
06:07:29 "GET /roster HTTP/1.1" 200 -
06:07:29 "POST /collect HTTP/1.1" 200 -
06:07:29 "POST /collect HTTP/1.1" 200 -
06:07:29 "POST /collect HTTP/1.1" 200 -
06:07:29 "POST /collect HTTP/1.1" 200 -
06:07:29 "POST /collect HTTP/1.1" 200 -
06:07:29 "GET /roster HTTP/1.1" 200 -
06:07:29 "POST /collect HTTP/1.1" 200 -
06:07:29 "POST /collect HTTP/1.1" 200 -
06:07:29 "POST /collect HTTP/1.1" 200 -
06:07:30 "POST /collect HTTP/1.1" 200 -
06:07:30 "POST /collect HTTP/1.1" 200 -
06:07:31 "GET /roster HTTP/1.1" 200 -
06:07:31 "POST /collect HTTP/1.1" 200 -
06:07:31 "GET /roster HTTP/1.1" 200 -
06:07:31 "POST /collect HTTP/1.1" 200 -
06:07:31 "POST /collect HTTP/1.1" 200 -
06:07:31 "POST /collect HTTP/1.1" 200 -
06:07:32 "POST /collect HTTP/1.1" 200 -
06:07:32 "POST /collect HTTP/1.1" 200 -
06:07:32 "POST /collect HTTP/1.1" 200 -
06:07:32 "POST /collect HTTP/1.1" 200 -
06:07:32 "POST /collect HTTP/1.1" 200 -
06:07:32 "POST /collect HTTP/1.1" 200 -
06:07:32 "POST /collect HTTP/1.1" 200 -
06:07:32 "POST /collect HTTP/1.1" 200 -
06:07:33 "GET /roster HTTP/1.1" 200 -
06:07:33 "POST /collect HTTP/1.1" 200 -
06:07:33 "GET /roster HTTP/1.1" 200 -
06:07:33 "POST /collect HTTP/1.1" 200 -
06:07:33 "POST /collect HTTP/1.1" 200 -
06:07:33 "POST /collect HTTP/1.1" 200 -
06:07:34 "POST /collect HTTP/1.1" 200 -
06:07:34 "POST /collect HTTP/1.1" 200 -
06:07:35 "POST /collect HTTP/1.1" 200 -
06:07:35 "POST /collect HTTP/1.1" 200 -
06:07:35 "POST /collect HTTP/1.1" 200 -
06:07:35 "GET /roster HTTP/1.1" 200 -
06:07:35 "POST /collect HTTP/1.1" 200 -
06:07:35 "POST /collect HTTP/1.1" 200 -
06:07:35 "POST /collect HTTP/1.1" 200 -
06:07:35 "POST /collect HTTP/1.1" 200 -
06:07:35 "GET /roster HTTP/1.1" 200 -
06:07:35 "POST /collect HTTP/1.1" 200 -
06:07:35 "POST /collect HTTP/1.1" 200 -
06:07:35 "POST /collect HTTP/1.1" 200 -
06:07:36 "POST /collect HTTP/1.1" 200 -
06:07:36 "POST /collect HTTP/1.1" 200 -
06:07:37 "GET /roster HTTP/1.1" 200 -
06:07:37 "POST /collect HTTP/1.1" 200 -
06:07:37 "GET /roster HTTP/1.1" 200 -
06:07:37 "POST /collect HTTP/1.1" 200 -
06:07:37 "POST /collect HTTP/1.1" 200 -
06:07:37 "POST /collect HTTP/1.1" 200 -
06:07:38 "POST /collect HTTP/1.1" 200 -
06:07:38 "POST /collect HTTP/1.1" 200 -
06:07:38 "POST /collect HTTP/1.1" 200 -
06:07:38 "POST /collect HTTP/1.1" 200 -
06:07:38 "POST /collect HTTP/1.1" 200 -
06:07:38 "POST /collect HTTP/1.1" 200 -
06:07:38 "POST /collect HTTP/1.1" 200 -
06:07:38 "POST /collect HTTP/1.1" 200 -
06:07:38 "POST /collect HTTP/1.1" 200 -
06:07:39 "GET /roster HTTP/1.1" 200 -
06:07:39 "POST /collect HTTP/1.1" 200 -
06:07:39 "GET /roster HTTP/1.1" 200 -
06:07:39 "POST /collect HTTP/1.1" 200 -
06:07:39 "POST /collect HTTP/1.1" 200 -
06:07:39 "POST /collect HTTP/1.1" 200 -
06:07:40 "POST /collect HTTP/1.1" 200 -
06:07:40 "POST /collect HTTP/1.1" 200 -
06:07:41 "POST /collect HTTP/1.1" 200 -
06:07:41 "POST /collect HTTP/1.1" 200 -
06:07:41 "GET /roster HTTP/1.1" 200 -
06:07:41 "POST /collect HTTP/1.1" 200 -
06:07:41 "POST /collect HTTP/1.1" 200 -
06:07:41 "POST /collect HTTP/1.1" 200 -
06:07:41 "POST /collect HTTP/1.1" 200 -
06:07:41 "POST /collect HTTP/1.1" 200 -
06:07:41 "GET /roster HTTP/1.1" 200 -
06:07:41 "POST /collect HTTP/1.1" 200 -
06:07:41 "POST /collect HTTP/1.1" 200 -
06:07:41 "POST /collect HTTP/1.1" 200 -
06:07:42 "POST /collect HTTP/1.1" 200 -
06:07:42 "POST /collect HTTP/1.1" 200 -
06:07:43 "GET /roster HTTP/1.1" 200 -
06:07:43 "POST /collect HTTP/1.1" 200 -
06:07:43 "GET /roster HTTP/1.1" 200 -
06:07:43 "POST /collect HTTP/1.1" 200 -
06:07:43 "POST /collect HTTP/1.1" 200 -
06:07:43 "POST /collect HTTP/1.1" 200 -
06:07:44 "POST /collect HTTP/1.1" 200 -
06:07:44 "POST /collect HTTP/1.1" 200 -
06:07:44 "POST /collect HTTP/1.1" 200 -
06:07:44 "POST /collect HTTP/1.1" 200 -
06:07:44 "POST /collect HTTP/1.1" 200 -
06:07:44 "POST /collect HTTP/1.1" 200 -
06:07:44 "POST /collect HTTP/1.1" 200 -
06:07:44 "POST /collect HTTP/1.1" 200 -
06:07:45 "GET /roster HTTP/1.1" 200 -
06:07:45 "POST /collect HTTP/1.1" 200 -
06:07:45 "GET /roster HTTP/1.1" 200 -
06:07:45 "POST /collect HTTP/1.1" 200 -
06:07:45 "POST /collect HTTP/1.1" 200 -
06:07:45 "POST /collect HTTP/1.1" 200 -
06:07:46 "POST /collect HTTP/1.1" 200 -
06:07:46 "POST /collect HTTP/1.1" 200 -
06:07:47 "POST /collect HTTP/1.1" 200 -
06:07:47 "POST /collect HTTP/1.1" 200 -
06:07:47 "POST /collect HTTP/1.1" 200 -
06:07:47 "GET /roster HTTP/1.1" 200 -
06:07:47 "POST /collect HTTP/1.1" 200 -
06:07:47 "POST /collect HTTP/1.1" 200 -
06:07:47 "POST /collect HTTP/1.1" 200 -
06:07:47 "POST /collect HTTP/1.1" 200 -
06:07:47 "GET /roster HTTP/1.1" 200 -
06:07:47 "POST /collect HTTP/1.1" 200 -
06:07:47 "POST /collect HTTP/1.1" 200 -
06:07:47 "POST /collect HTTP/1.1" 200 -
06:07:48 "POST /collect HTTP/1.1" 200 -
06:07:48 "POST /collect HTTP/1.1" 200 -
06:07:49 "GET /roster HTTP/1.1" 200 -
06:07:49 "POST /collect HTTP/1.1" 200 -
06:07:49 "GET /roster HTTP/1.1" 200 -
06:07:49 "POST /collect HTTP/1.1" 200 -
06:07:49 "POST /collect HTTP/1.1" 200 -
06:07:49 "POST /collect HTTP/1.1" 200 -
06:07:50 "POST /collect HTTP/1.1" 200 -
06:07:50 "POST /collect HTTP/1.1" 200 -
06:07:50 "POST /collect HTTP/1.1" 200 -
06:07:50 "POST /collect HTTP/1.1" 200 -
06:07:50 "POST /collect HTTP/1.1" 200 -
06:07:50 "POST /collect HTTP/1.1" 200 -
06:07:50 "POST /collect HTTP/1.1" 200 -
06:07:50 "POST /collect HTTP/1.1" 200 -
06:07:51 "GET /roster HTTP/1.1" 200 -
06:07:51 "POST /collect HTTP/1.1" 200 -
06:07:51 "GET /roster HTTP/1.1" 200 -
06:07:51 "POST /collect HTTP/1.1" 200 -
06:07:51 "POST /collect HTTP/1.1" 200 -
06:07:51 "POST /collect HTTP/1.1" 200 -
06:07:52 "POST /collect HTTP/1.1" 200 -
06:07:52 "POST /collect HTTP/1.1" 200 -
06:07:53 "POST /collect HTTP/1.1" 200 -
06:07:53 "POST /collect HTTP/1.1" 200 -
06:07:53 "POST /collect HTTP/1.1" 200 -
06:07:53 "GET /roster HTTP/1.1" 200 -
06:07:53 "POST /collect HTTP/1.1" 200 -
06:07:53 "POST /collect HTTP/1.1" 200 -
06:07:53 "POST /collect HTTP/1.1" 200 -
06:07:53 "POST /collect HTTP/1.1" 200 -
06:07:53 "POST /collect HTTP/1.1" 200 -
06:07:53 "GET /roster HTTP/1.1" 200 -
06:07:53 "POST /collect HTTP/1.1" 200 -
06:07:53 "POST /collect HTTP/1.1" 200 -
06:07:53 "POST /collect HTTP/1.1" 200 -
06:07:54 "POST /collect HTTP/1.1" 200 -
06:07:54 "POST /collect HTTP/1.1" 200 -
06:07:55 "GET /roster HTTP/1.1" 200 -
06:07:55 "POST /collect HTTP/1.1" 200 -
06:07:55 "GET /roster HTTP/1.1" 200 -
06:07:55 "POST /collect HTTP/1.1" 200 -
06:07:55 "POST /collect HTTP/1.1" 200 -
06:07:55 "POST /collect HTTP/1.1" 200 -
06:07:56 "POST /collect HTTP/1.1" 200 -
06:07:56 "POST /collect HTTP/1.1" 200 -
06:07:56 "POST /collect HTTP/1.1" 200 -
06:07:56 "POST /collect HTTP/1.1" 200 -
06:07:56 "POST /collect HTTP/1.1" 200 -
06:07:56 "POST /collect HTTP/1.1" 200 -
06:07:56 "POST /collect HTTP/1.1" 200 -
06:07:56 "POST /collect HTTP/1.1" 200 -
06:07:57 "GET /roster HTTP/1.1" 200 -
06:07:57 "POST /collect HTTP/1.1" 200 -
06:07:57 "GET /roster HTTP/1.1" 200 -
06:07:57 "POST /collect HTTP/1.1" 200 -
06:07:57 "POST /collect HTTP/1.1" 200 -
06:07:57 "POST /collect HTTP/1.1" 200 -
06:07:58 "POST /collect HTTP/1.1" 200 -
06:07:58 "POST /collect HTTP/1.1" 200 -
06:07:59 "POST /collect HTTP/1.1" 200 -
06:07:59 "POST /collect HTTP/1.1" 200 -
06:07:59 "POST /collect HTTP/1.1" 200 -
06:07:59 "GET /roster HTTP/1.1" 200 -
06:07:59 "POST /collect HTTP/1.1" 200 -
06:07:59 "POST /collect HTTP/1.1" 200 -
06:07:59 "POST /collect HTTP/1.1" 200 -
06:07:59 "POST /collect HTTP/1.1" 200 -
06:07:59 "GET /roster HTTP/1.1" 200 -
06:07:59 "POST /collect HTTP/1.1" 200 -
06:07:59 "POST /collect HTTP/1.1" 200 -
06:07:59 "POST /collect HTTP/1.1" 200 -
06:08:00 "POST /collect HTTP/1.1" 200 -
06:08:00 "POST /collect HTTP/1.1" 200 -
06:08:01 "GET /roster HTTP/1.1" 200 -
06:08:01 "POST /collect HTTP/1.1" 200 -
06:08:01 "GET /roster HTTP/1.1" 200 -
06:08:01 "POST /collect HTTP/1.1" 200 -
06:08:01 "POST /collect HTTP/1.1" 200 -
06:08:01 "POST /collect HTTP/1.1" 200 -
06:08:02 "POST /collect HTTP/1.1" 200 -
06:08:02 "POST /collect HTTP/1.1" 200 -
06:08:02 "POST /collect HTTP/1.1" 200 -
06:08:02 "POST /collect HTTP/1.1" 200 -
06:08:02 "POST /collect HTTP/1.1" 200 -
06:08:02 "POST /collect HTTP/1.1" 200 -
06:08:02 "POST /collect HTTP/1.1" 200 -
06:08:02 "POST /collect HTTP/1.1" 200 -
06:08:03 "GET /roster HTTP/1.1" 200 -
06:08:03 "POST /collect HTTP/1.1" 200 -
06:08:03 "GET /roster HTTP/1.1" 200 -
06:08:03 "POST /collect HTTP/1.1" 200 -
06:08:03 "POST /collect HTTP/1.1" 200 -
06:08:03 "POST /collect HTTP/1.1" 200 -
06:08:04 "POST /collect HTTP/1.1" 200 -
06:08:04 "POST /collect HTTP/1.1" 200 -
06:08:05 "POST /collect HTTP/1.1" 200 -
06:08:05 "POST /collect HTTP/1.1" 200 -
06:08:05 "GET /roster HTTP/1.1" 200 -
06:08:05 "POST /collect HTTP/1.1" 200 -
06:08:05 "POST /collect HTTP/1.1" 200 -
06:08:05 "POST /collect HTTP/1.1" 200 -
06:08:05 "POST /collect HTTP/1.1" 200 -
06:08:05 "POST /collect HTTP/1.1" 200 -
06:08:05 "GET /roster HTTP/1.1" 200 -
06:08:05 "POST /collect HTTP/1.1" 200 -
06:08:05 "POST /collect HTTP/1.1" 200 -
06:08:05 "POST /collect HTTP/1.1" 200 -
06:08:06 "POST /collect HTTP/1.1" 200 -
06:08:06 "POST /collect HTTP/1.1" 200 -
06:08:07 "GET /roster HTTP/1.1" 200 -
06:08:07 "POST /collect HTTP/1.1" 200 -
06:08:07 "GET /roster HTTP/1.1" 200 -
06:08:07 "POST /collect HTTP/1.1" 200 -
06:08:07 "POST /collect HTTP/1.1" 200 -
06:08:07 "POST /collect HTTP/1.1" 200 -
06:08:08 "POST /collect HTTP/1.1" 200 -
06:08:08 "POST /collect HTTP/1.1" 200 -
06:08:08 "POST /collect HTTP/1.1" 200 -
06:08:08 "POST /collect HTTP/1.1" 200 -
06:08:08 "POST /collect HTTP/1.1" 200 -
06:08:08 "POST /collect HTTP/1.1" 200 -
06:08:08 "POST /collect HTTP/1.1" 200 -
06:08:08 "POST /collect HTTP/1.1" 200 -
06:08:08 "POST /collect HTTP/1.1" 200 -
06:08:09 "GET /roster HTTP/1.1" 200 -
06:08:09 "POST /collect HTTP/1.1" 200 -
06:08:09 "GET /roster HTTP/1.1" 200 -
06:08:09 "POST /collect HTTP/1.1" 200 -
06:08:09 "POST /collect HTTP/1.1" 200 -
06:08:09 "POST /collect HTTP/1.1" 200 -
06:08:10 "POST /collect HTTP/1.1" 200 -
06:08:10 "POST /collect HTTP/1.1" 200 -
06:08:11 "POST /collect HTTP/1.1" 200 -
06:08:11 "POST /collect HTTP/1.1" 200 -
06:08:11 "GET /roster HTTP/1.1" 200 -
06:08:11 "POST /collect HTTP/1.1" 200 -
06:08:11 "POST /collect HTTP/1.1" 200 -
06:08:11 "POST /collect HTTP/1.1" 200 -
06:08:11 "POST /collect HTTP/1.1" 200 -
06:08:11 "POST /collect HTTP/1.1" 200 -
06:08:11 "GET /roster HTTP/1.1" 200 -
06:08:11 "POST /collect HTTP/1.1" 200 -
06:08:11 "POST /collect HTTP/1.1" 200 -
06:08:11 "POST /collect HTTP/1.1" 200 -
06:08:12 "POST /collect HTTP/1.1" 200 -
06:08:12 "POST /collect HTTP/1.1" 200 -
06:08:13 "GET /roster HTTP/1.1" 200 -
06:08:13 "POST /collect HTTP/1.1" 200 -
06:08:13 "GET /roster HTTP/1.1" 200 -
06:08:13 "POST /collect HTTP/1.1" 200 -
06:08:13 "POST /collect HTTP/1.1" 200 -
06:08:13 "POST /collect HTTP/1.1" 200 -
06:08:14 "POST /collect HTTP/1.1" 200 -
06:08:14 "POST /collect HTTP/1.1" 200 -
06:08:14 "POST /collect HTTP/1.1" 200 -
06:08:14 "POST /collect HTTP/1.1" 200 -
06:08:14 "POST /collect HTTP/1.1" 200 -
06:08:14 "POST /collect HTTP/1.1" 200 -
06:08:14 "POST /collect HTTP/1.1" 200 -
06:08:14 "POST /collect HTTP/1.1" 200 -
06:08:15 "GET /roster HTTP/1.1" 200 -
06:08:15 "POST /collect HTTP/1.1" 200 -
06:08:15 "GET /roster HTTP/1.1" 200 -
06:08:15 "POST /collect HTTP/1.1" 200 -
06:08:15 "POST /collect HTTP/1.1" 200 -
06:08:15 "POST /collect HTTP/1.1" 200 -
06:08:16 "POST /collect HTTP/1.1" 200 -
06:08:16 "POST /collect HTTP/1.1" 200 -
06:08:17 "POST /collect HTTP/1.1" 200 -
06:08:17 "POST /collect HTTP/1.1" 200 -
06:08:17 "GET /roster HTTP/1.1" 200 -
06:08:17 "POST /collect HTTP/1.1" 200 -
06:08:17 "POST /collect HTTP/1.1" 200 -
06:08:17 "POST /collect HTTP/1.1" 200 -
06:08:17 "POST /collect HTTP/1.1" 200 -
06:08:17 "POST /collect HTTP/1.1" 200 -
06:08:17 "GET /roster HTTP/1.1" 200 -
06:08:17 "POST /collect HTTP/1.1" 200 -
06:08:17 "POST /collect HTTP/1.1" 200 -
06:08:17 "POST /collect HTTP/1.1" 200 -
06:08:18 "POST /collect HTTP/1.1" 200 -
06:08:18 "POST /collect HTTP/1.1" 200 -
06:08:19 "GET /roster HTTP/1.1" 200 -
06:08:19 "POST /collect HTTP/1.1" 200 -
06:08:19 "GET /roster HTTP/1.1" 200 -
06:08:19 "POST /collect HTTP/1.1" 200 -
06:08:19 "POST /collect HTTP/1.1" 200 -
06:08:19 "POST /collect HTTP/1.1" 200 -
06:08:20 "POST /collect HTTP/1.1" 200 -
06:08:20 "POST /collect HTTP/1.1" 200 -
06:08:20 "POST /collect HTTP/1.1" 200 -
06:08:20 "POST /collect HTTP/1.1" 200 -
06:08:20 "POST /collect HTTP/1.1" 200 -
06:08:20 "POST /collect HTTP/1.1" 200 -
06:08:20 "POST /collect HTTP/1.1" 200 -
06:08:20 "POST /collect HTTP/1.1" 200 -
06:08:21 "GET /roster HTTP/1.1" 200 -
06:08:21 "POST /collect HTTP/1.1" 200 -
06:08:21 "GET /roster HTTP/1.1" 200 -
06:08:21 "POST /collect HTTP/1.1" 200 -
06:08:21 "POST /collect HTTP/1.1" 200 -
06:08:21 "POST /collect HTTP/1.1" 200 -
06:08:22 "POST /collect HTTP/1.1" 200 -
06:08:22 "POST /collect HTTP/1.1" 200 -
06:08:23 "POST /collect HTTP/1.1" 200 -
06:08:23 "POST /collect HTTP/1.1" 200 -
06:08:23 "GET /roster HTTP/1.1" 200 -
06:08:23 "POST /collect HTTP/1.1" 200 -
06:08:23 "POST /collect HTTP/1.1" 200 -
06:08:23 "POST /collect HTTP/1.1" 200 -
06:08:23 "POST /collect HTTP/1.1" 200 -
06:08:23 "POST /collect HTTP/1.1" 200 -
06:08:23 "GET /roster HTTP/1.1" 200 -
06:08:23 "POST /collect HTTP/1.1" 200 -
06:08:23 "POST /collect HTTP/1.1" 200 -
06:08:23 "POST /collect HTTP/1.1" 200 -
06:08:23 "POST /collect HTTP/1.1" 200 -
06:08:24 "POST /collect HTTP/1.1" 200 -
06:08:24 "POST /collect HTTP/1.1" 200 -
06:08:25 "GET /roster HTTP/1.1" 200 -
06:08:25 "POST /collect HTTP/1.1" 200 -
06:08:25 "GET /roster HTTP/1.1" 200 -
06:08:25 "POST /collect HTTP/1.1" 200 -
06:08:25 "POST /collect HTTP/1.1" 200 -
06:08:25 "POST /collect HTTP/1.1" 200 -
06:08:26 "POST /collect HTTP/1.1" 200 -
06:08:26 "POST /collect HTTP/1.1" 200 -
06:08:26 "POST /collect HTTP/1.1" 200 -
06:08:26 "POST /collect HTTP/1.1" 200 -
06:08:26 "POST /collect HTTP/1.1" 200 -
06:08:26 "POST /collect HTTP/1.1" 200 -
06:08:26 "POST /collect HTTP/1.1" 200 -
06:08:26 "POST /collect HTTP/1.1" 200 -
06:08:27 "GET /roster HTTP/1.1" 200 -
06:08:27 "POST /collect HTTP/1.1" 200 -
06:08:27 "GET /roster HTTP/1.1" 200 -
06:08:27 "POST /collect HTTP/1.1" 200 -
06:08:27 "POST /collect HTTP/1.1" 200 -
06:08:27 "POST /collect HTTP/1.1" 200 -
06:08:28 "POST /collect HTTP/1.1" 200 -
06:08:28 "POST /collect HTTP/1.1" 200 -
06:08:29 "POST /collect HTTP/1.1" 200 -
06:08:29 "POST /collect HTTP/1.1" 200 -
06:08:29 "GET /roster HTTP/1.1" 200 -
06:08:29 "POST /collect HTTP/1.1" 200 -
06:08:29 "POST /collect HTTP/1.1" 200 -
06:08:29 "POST /collect HTTP/1.1" 200 -
06:08:29 "POST /collect HTTP/1.1" 200 -
06:08:29 "POST /collect HTTP/1.1" 200 -
06:08:29 "GET /roster HTTP/1.1" 200 -
06:08:29 "POST /collect HTTP/1.1" 200 -
06:08:29 "POST /collect HTTP/1.1" 200 -
06:08:29 "POST /collect HTTP/1.1" 200 -
06:08:30 "POST /collect HTTP/1.1" 200 -
06:08:30 "POST /collect HTTP/1.1" 200 -
06:08:31 "GET /roster HTTP/1.1" 200 -
06:08:31 "POST /collect HTTP/1.1" 200 -
06:08:31 "GET /roster HTTP/1.1" 200 -
06:08:31 "POST /collect HTTP/1.1" 200 -
06:08:31 "POST /collect HTTP/1.1" 200 -
06:08:31 "POST /collect HTTP/1.1" 200 -
06:08:32 "POST /collect HTTP/1.1" 200 -
06:08:32 "POST /collect HTTP/1.1" 200 -
06:08:32 "POST /collect HTTP/1.1" 200 -
06:08:32 "POST /collect HTTP/1.1" 200 -
06:08:32 "POST /collect HTTP/1.1" 200 -
06:08:32 "POST /collect HTTP/1.1" 200 -
06:08:32 "POST /collect HTTP/1.1" 200 -
06:08:32 "POST /collect HTTP/1.1" 200 -
06:08:33 "GET /roster HTTP/1.1" 200 -
06:08:33 "POST /collect HTTP/1.1" 200 -
06:08:33 "GET /roster HTTP/1.1" 200 -
06:08:33 "POST /collect HTTP/1.1" 200 -
06:08:33 "POST /collect HTTP/1.1" 200 -
06:08:33 "POST /collect HTTP/1.1" 200 -
06:08:34 "POST /collect HTTP/1.1" 200 -
06:08:34 "POST /collect HTTP/1.1" 200 -
06:08:35 "POST /collect HTTP/1.1" 200 -
06:08:35 "POST /collect HTTP/1.1" 200 -
06:08:35 "POST /collect HTTP/1.1" 200 -
06:08:35 "POST /collect HTTP/1.1" 200 -
06:08:35 "GET /roster HTTP/1.1" 200 -
06:08:35 "POST /collect HTTP/1.1" 200 -
06:08:35 "POST /collect HTTP/1.1" 200 -
06:08:35 "POST /collect HTTP/1.1" 200 -
06:08:35 "GET /roster HTTP/1.1" 200 -
06:08:35 "POST /collect HTTP/1.1" 200 -
06:08:35 "POST /collect HTTP/1.1" 200 -
06:08:35 "POST /collect HTTP/1.1" 200 -
06:08:36 "POST /collect HTTP/1.1" 200 -
06:08:36 "POST /collect HTTP/1.1" 200 -
06:08:37 "GET /roster HTTP/1.1" 200 -
06:08:37 "POST /collect HTTP/1.1" 200 -
06:08:37 "GET /roster HTTP/1.1" 200 -
06:08:37 "POST /collect HTTP/1.1" 200 -
06:08:37 "POST /collect HTTP/1.1" 200 -
06:08:37 "POST /collect HTTP/1.1" 200 -
06:08:38 "POST /collect HTTP/1.1" 200 -
06:08:38 "POST /collect HTTP/1.1" 200 -
06:08:38 "POST /collect HTTP/1.1" 200 -
06:08:38 "POST /collect HTTP/1.1" 200 -
06:08:38 "POST /collect HTTP/1.1" 200 -
06:08:38 "POST /collect HTTP/1.1" 200 -
06:08:38 "POST /collect HTTP/1.1" 200 -
06:08:38 "POST /collect HTTP/1.1" 200 -
06:08:38 "POST /collect HTTP/1.1" 200 -
06:08:39 "GET /roster HTTP/1.1" 200 -
06:08:39 "POST /collect HTTP/1.1" 200 -
06:08:39 "GET /roster HTTP/1.1" 200 -
06:08:39 "POST /collect HTTP/1.1" 200 -
06:08:39 "POST /collect HTTP/1.1" 200 -
06:08:39 "POST /collect HTTP/1.1" 200 -
06:08:40 "POST /collect HTTP/1.1" 200 -
06:08:40 "POST /collect HTTP/1.1" 200 -
06:08:41 "POST /collect HTTP/1.1" 200 -
06:08:41 "POST /collect HTTP/1.1" 200 -
06:08:41 "GET /roster HTTP/1.1" 200 -
06:08:41 "POST /collect HTTP/1.1" 200 -
06:08:41 "POST /collect HTTP/1.1" 200 -
06:08:41 "POST /collect HTTP/1.1" 200 -
06:08:41 "POST /collect HTTP/1.1" 200 -
06:08:41 "POST /collect HTTP/1.1" 200 -
06:08:41 "GET /roster HTTP/1.1" 200 -
06:08:41 "POST /collect HTTP/1.1" 200 -
06:08:41 "POST /collect HTTP/1.1" 200 -
06:08:41 "POST /collect HTTP/1.1" 200 -
06:08:42 "POST /collect HTTP/1.1" 200 -
06:08:42 "POST /collect HTTP/1.1" 200 -
06:08:43 "GET /roster HTTP/1.1" 200 -
06:08:43 "POST /collect HTTP/1.1" 200 -
06:08:43 "GET /roster HTTP/1.1" 200 -
06:08:43 "POST /collect HTTP/1.1" 200 -
06:08:43 "POST /collect HTTP/1.1" 200 -
06:08:43 "POST /collect HTTP/1.1" 200 -
06:08:44 "POST /collect HTTP/1.1" 200 -
06:08:44 "POST /collect HTTP/1.1" 200 -
06:08:44 "POST /collect HTTP/1.1" 200 -
06:08:44 "POST /collect HTTP/1.1" 200 -
06:08:44 "POST /collect HTTP/1.1" 200 -
06:08:44 "POST /collect HTTP/1.1" 200 -
06:08:44 "POST /collect HTTP/1.1" 200 -
06:08:44 "POST /collect HTTP/1.1" 200 -
06:08:45 "GET /roster HTTP/1.1" 200 -
06:08:45 "POST /collect HTTP/1.1" 200 -
06:08:45 "GET /roster HTTP/1.1" 200 -
06:08:45 "POST /collect HTTP/1.1" 200 -
06:08:45 "POST /collect HTTP/1.1" 200 -
06:08:45 "POST /collect HTTP/1.1" 200 -
06:08:46 "POST /collect HTTP/1.1" 200 -
06:08:46 "POST /collect HTTP/1.1" 200 -
06:08:47 "POST /collect HTTP/1.1" 200 -
06:08:47 "POST /collect HTTP/1.1" 200 -
06:08:47 "GET /roster HTTP/1.1" 200 -
06:08:47 "POST /collect HTTP/1.1" 200 -
06:08:47 "POST /collect HTTP/1.1" 200 -
06:08:47 "POST /collect HTTP/1.1" 200 -
06:08:47 "POST /collect HTTP/1.1" 200 -
06:08:47 "POST /collect HTTP/1.1" 200 -
06:08:47 "GET /roster HTTP/1.1" 200 -
06:08:47 "POST /collect HTTP/1.1" 200 -
06:08:47 "POST /collect HTTP/1.1" 200 -
06:08:47 "POST /collect HTTP/1.1" 200 -
06:08:48 "POST /collect HTTP/1.1" 200 -
06:08:48 "POST /collect HTTP/1.1" 200 -
06:08:48 "POST /collect HTTP/1.1" 200 -
06:08:49 "GET /roster HTTP/1.1" 200 -
06:08:49 "POST /collect HTTP/1.1" 200 -
06:08:49 "GET /roster HTTP/1.1" 200 -
06:08:49 "POST /collect HTTP/1.1" 200 -
06:08:49 "POST /collect HTTP/1.1" 200 -
06:08:49 "POST /collect HTTP/1.1" 200 -
06:08:50 "POST /collect HTTP/1.1" 200 -
06:08:50 "POST /collect HTTP/1.1" 200 -
06:08:50 "POST /collect HTTP/1.1" 200 -
