m2m server on :8897, results -> /Users/s32863/personal/elektron/results/m2m-scale-N12.jsonl, app 8c2a974b…
23:52:37 "GET /roster HTTP/1.1" 200 -
23:52:42 "GET /roster HTTP/1.1" 200 -
23:52:42 "POST /reset HTTP/1.1" 200 -
23:52:42 "GET /room.html?id=1&n=12&mode=full&hold=1&cb=1787691162880 HTTP/1.1" 200 -
23:52:42 code 404, message File not found
23:52:42 "GET /favicon.ico HTTP/1.1" 404 -
23:52:43 "GET /room.html?id=2&n=12&mode=full&hold=1&cb=1787691163427 HTTP/1.1" 200 -
23:52:43 code 404, message File not found
23:52:43 "GET /favicon.ico HTTP/1.1" 404 -
23:52:44 "GET /room.html?id=A&n=12&mode=pub&hold=1&cb=1787691163990 HTTP/1.1" 200 -
23:52:44 code 404, message File not found
23:52:44 "GET /favicon.ico HTTP/1.1" 404 -
23:52:44 "GET /room.html?id=B&n=12&mode=pub&hold=1&cb=1787691164587 HTTP/1.1" 200 -
23:52:44 code 404, message File not found
23:52:44 "GET /favicon.ico HTTP/1.1" 404 -
23:52:45 "GET /room.html?id=C&n=12&mode=pub&hold=1&cb=1787691165169 HTTP/1.1" 200 -
23:52:45 code 404, message File not found
23:52:45 "GET /favicon.ico HTTP/1.1" 404 -
23:52:45 "GET /room.html?id=D&n=12&mode=pub&hold=1&cb=1787691165767 HTTP/1.1" 200 -
23:52:45 code 404, message File not found
23:52:45 "GET /favicon.ico HTTP/1.1" 404 -
23:52:46 "GET /room.html?id=E&n=12&mode=pub&hold=1&cb=1787691166373 HTTP/1.1" 200 -
23:52:46 code 404, message File not found
23:52:46 "GET /favicon.ico HTTP/1.1" 404 -
23:52:47 "GET /room.html?id=F&n=12&mode=pub&hold=1&cb=1787691166966 HTTP/1.1" 200 -
23:52:47 code 404, message File not found
23:52:47 "GET /favicon.ico HTTP/1.1" 404 -
23:52:48 "GET /room.html?id=G&n=12&mode=pub&hold=1&cb=1787691168327 HTTP/1.1" 200 -
23:52:48 code 404, message File not found
23:52:48 "GET /favicon.ico HTTP/1.1" 404 -
23:52:49 "GET /room.html?id=H&n=12&mode=pub&hold=1&cb=1787691169731 HTTP/1.1" 200 -
23:52:49 code 404, message File not found
23:52:49 "GET /favicon.ico HTTP/1.1" 404 -
23:52:50 "GET /room.html?id=I&n=12&mode=pub&hold=1&cb=1787691170765 HTTP/1.1" 200 -
23:52:50 code 404, message File not found
23:52:50 "GET /favicon.ico HTTP/1.1" 404 -
23:52:52 "GET /room.html?id=J&n=12&mode=pub&hold=1&cb=1787691172148 HTTP/1.1" 200 -
23:52:52 code 404, message File not found
23:52:52 "GET /favicon.ico HTTP/1.1" 404 -
23:52:52 "POST /collect HTTP/1.1" 200 -
23:52:52 CF POST /sessions/new -> 201 (285 ms)
23:52:52 "POST /cf/sessions/new HTTP/1.1" 201 -
23:52:52 CF POST /sessions/new -> 201 (279 ms)
23:52:52 "POST /cf/sessions/new HTTP/1.1" 201 -
23:52:52 CF POST /sessions/new -> 201 (306 ms)
23:52:52 "POST /cf/sessions/new HTTP/1.1" 201 -
23:52:52 CF POST /sessions/new -> 201 (251 ms)
23:52:52 "POST /cf/sessions/new HTTP/1.1" 201 -
23:52:52 CF POST /sessions/new -> 201 (339 ms)
23:52:52 "POST /cf/sessions/new HTTP/1.1" 201 -
23:52:52 CF POST /sessions/new -> 201 (333 ms)
23:52:52 "POST /cf/sessions/new HTTP/1.1" 201 -
23:52:52 CF POST /sessions/new -> 201 (267 ms)
23:52:52 "POST /cf/sessions/new HTTP/1.1" 201 -
23:52:52 CF POST /sessions/new -> 201 (287 ms)
23:52:52 "POST /cf/sessions/new HTTP/1.1" 201 -
23:52:52 CF POST /sessions/new -> 201 (359 ms)
23:52:52 "POST /cf/sessions/new HTTP/1.1" 201 -
23:52:52 CF POST /sessions/new -> 201 (305 ms)
23:52:52 "POST /cf/sessions/new HTTP/1.1" 201 -
23:52:52 CF POST /sessions/new -> 201 (361 ms)
23:52:52 "POST /cf/sessions/new HTTP/1.1" 201 -
23:52:52 CF POST /sessions/new -> 201 (380 ms)
23:52:52 "POST /cf/sessions/new HTTP/1.1" 201 -
23:52:52 "POST /save/pub-offer-2.sdp HTTP/1.1" 200 -
23:52:52 "POST /save/pub-offer-e.sdp HTTP/1.1" 200 -
23:52:52 "POST /save/pub-offer-a.sdp HTTP/1.1" 200 -
23:52:52 "POST /save/pub-offer-h.sdp HTTP/1.1" 200 -
23:52:52 "POST /save/pub-offer-g.sdp HTTP/1.1" 200 -
23:52:52 "POST /save/pub-offer-1.sdp HTTP/1.1" 200 -
23:52:52 "POST /save/pub-offer-b.sdp HTTP/1.1" 200 -
23:52:52 "POST /save/pub-offer-j.sdp HTTP/1.1" 200 -
23:52:52 "POST /save/pub-offer-i.sdp HTTP/1.1" 200 -
23:52:52 "POST /save/pub-offer-c.sdp HTTP/1.1" 200 -
23:52:52 "POST /save/pub-offer-f.sdp HTTP/1.1" 200 -
23:52:52 "POST /save/pub-offer-d.sdp HTTP/1.1" 200 -
23:52:53 CF POST /sessions/ac64bc7b35174dff13e5335131732e764208dfef0836dd897dd3ebd2ccd5f64b/tracks/new -> 200 (359 ms)
23:52:53 "POST /cf/sessions/ac64bc7b35174dff13e5335131732e764208dfef0836dd897dd3ebd2ccd5f64b/tracks/new HTTP/1.1" 200 -
23:52:53 "POST /save/pub-answer-i.sdp HTTP/1.1" 200 -
23:52:53 "POST /collect HTTP/1.1" 200 -
23:52:53 "POST /collect HTTP/1.1" 200 -
23:52:53 "POST /collect HTTP/1.1" 200 -
23:52:53 CF POST /sessions/20fc4ac5c1d4547b106e3b6a01c85790f9a29d356774ae8f143d6932286f9637/tracks/new -> 200 (392 ms)
23:52:53 "POST /cf/sessions/20fc4ac5c1d4547b106e3b6a01c85790f9a29d356774ae8f143d6932286f9637/tracks/new HTTP/1.1" 200 -
23:52:53 "POST /save/pub-answer-a.sdp HTTP/1.1" 200 -
23:52:53 CF POST /sessions/6cdf64198d6e5e41f48b597b5ef8fbae700942a6362aa3ab8f90fe3640c483bc/tracks/new -> 200 (395 ms)
23:52:53 "POST /cf/sessions/6cdf64198d6e5e41f48b597b5ef8fbae700942a6362aa3ab8f90fe3640c483bc/tracks/new HTTP/1.1" 200 -
23:52:53 "POST /save/pub-answer-g.sdp HTTP/1.1" 200 -
23:52:53 "POST /collect HTTP/1.1" 200 -
23:52:53 "POST /collect HTTP/1.1" 200 -
23:52:53 CF POST /sessions/aece697efc6f03d98d3480cfec64aad6f57f4de2a7bdb30b0d330943378efe06/tracks/new -> 200 (390 ms)
23:52:53 "POST /cf/sessions/aece697efc6f03d98d3480cfec64aad6f57f4de2a7bdb30b0d330943378efe06/tracks/new HTTP/1.1" 200 -
23:52:53 "POST /collect HTTP/1.1" 200 -
23:52:53 "POST /save/pub-answer-j.sdp HTTP/1.1" 200 -
23:52:53 "POST /collect HTTP/1.1" 200 -
23:52:53 "POST /collect HTTP/1.1" 200 -
23:52:53 CF POST /sessions/53d9e6855430a8a4f139f8944ee17fe37213a08fdb809ecb947681cd9a1d4d79/tracks/new -> 200 (407 ms)
23:52:53 "POST /cf/sessions/53d9e6855430a8a4f139f8944ee17fe37213a08fdb809ecb947681cd9a1d4d79/tracks/new HTTP/1.1" 200 -
23:52:53 CF POST /sessions/405c6db7a72de42bc471b326bb06304742e2d4ea4cf43a9d49ebdc75ae975f4e/tracks/new -> 200 (427 ms)
23:52:53 "POST /cf/sessions/405c6db7a72de42bc471b326bb06304742e2d4ea4cf43a9d49ebdc75ae975f4e/tracks/new HTTP/1.1" 200 -
23:52:53 "POST /collect HTTP/1.1" 200 -
23:52:53 "POST /save/pub-answer-h.sdp HTTP/1.1" 200 -
23:52:53 "POST /save/pub-answer-2.sdp HTTP/1.1" 200 -
23:52:53 "POST /collect HTTP/1.1" 200 -
23:52:53 "POST /collect HTTP/1.1" 200 -
23:52:53 "POST /collect HTTP/1.1" 200 -
23:52:53 "POST /collect HTTP/1.1" 200 -
23:52:53 "POST /collect HTTP/1.1" 200 -
23:52:53 "POST /collect HTTP/1.1" 200 -
23:52:53 "POST /collect HTTP/1.1" 200 -
23:52:53 "POST /collect HTTP/1.1" 200 -
23:52:53 "POST /collect HTTP/1.1" 200 -
23:52:53 CF POST /sessions/bd1b1f2928391874533f388a52a6f1d0730448fec791cf796cee68d90e1b9db6/tracks/new -> 200 (392 ms)
23:52:53 "POST /cf/sessions/bd1b1f2928391874533f388a52a6f1d0730448fec791cf796cee68d90e1b9db6/tracks/new HTTP/1.1" 200 -
23:52:53 CF POST /sessions/19e7b7e6669f4cb1e507398a8cfcb669d780774c728975f8f8300d1ec239dbbb/tracks/new -> 200 (423 ms)
23:52:53 "POST /save/pub-answer-c.sdp HTTP/1.1" 200 -
23:52:53 "POST /cf/sessions/19e7b7e6669f4cb1e507398a8cfcb669d780774c728975f8f8300d1ec239dbbb/tracks/new HTTP/1.1" 200 -
23:52:53 "POST /collect HTTP/1.1" 200 -
23:52:53 "POST /save/pub-answer-1.sdp HTTP/1.1" 200 -
23:52:53 "POST /collect HTTP/1.1" 200 -
23:52:53 "POST /collect HTTP/1.1" 200 -
23:52:53 "POST /collect HTTP/1.1" 200 -
23:52:53 "POST /collect HTTP/1.1" 200 -
23:52:53 "POST /collect HTTP/1.1" 200 -
23:52:53 CF POST /sessions/92164373258cf3ff88accc8be23cbebf2c389b136e919110cd91dab7e67a56d0/tracks/new -> 200 (432 ms)
23:52:53 CF POST /sessions/ec9f99274a24cbcedf08f36f58bdabf13e43574a90c883537198aa6881c4c45e/tracks/new -> 200 (452 ms)
23:52:53 "POST /cf/sessions/92164373258cf3ff88accc8be23cbebf2c389b136e919110cd91dab7e67a56d0/tracks/new HTTP/1.1" 200 -
23:52:53 "POST /cf/sessions/ec9f99274a24cbcedf08f36f58bdabf13e43574a90c883537198aa6881c4c45e/tracks/new HTTP/1.1" 200 -
23:52:53 "POST /save/pub-answer-e.sdp HTTP/1.1" 200 -
23:52:53 "POST /save/pub-answer-b.sdp HTTP/1.1" 200 -
23:52:53 "POST /collect HTTP/1.1" 200 -
23:52:53 "POST /collect HTTP/1.1" 200 -
23:52:53 "POST /collect HTTP/1.1" 200 -
23:52:53 "POST /collect HTTP/1.1" 200 -
23:52:53 "POST /collect HTTP/1.1" 200 -
23:52:53 "POST /collect HTTP/1.1" 200 -
23:52:53 CF POST /sessions/a885209858fcf504b59e77991d06e60c28842b031cf40a0a16c87638495b01c4/tracks/new -> 200 (366 ms)
23:52:53 "POST /cf/sessions/a885209858fcf504b59e77991d06e60c28842b031cf40a0a16c87638495b01c4/tracks/new HTTP/1.1" 200 -
23:52:53 CF POST /sessions/b15c54ee2de11f9ae4ba6282d5543ba1e2cd522cee270cc3a067f8aeb733a6ba/tracks/new -> 200 (381 ms)
23:52:53 "POST /cf/sessions/b15c54ee2de11f9ae4ba6282d5543ba1e2cd522cee270cc3a067f8aeb733a6ba/tracks/new HTTP/1.1" 200 -
23:52:53 "POST /save/pub-answer-d.sdp HTTP/1.1" 200 -
23:52:53 "POST /save/pub-answer-f.sdp HTTP/1.1" 200 -
23:52:53 "POST /collect HTTP/1.1" 200 -
23:52:53 "POST /collect HTTP/1.1" 200 -
23:52:53 "POST /collect HTTP/1.1" 200 -
23:52:53 "POST /collect HTTP/1.1" 200 -
23:52:53 "POST /collect HTTP/1.1" 200 -
23:52:53 "POST /collect HTTP/1.1" 200 -
23:52:53 "POST /collect HTTP/1.1" 200 -
23:52:53 "POST /collect HTTP/1.1" 200 -
23:52:53 "POST /collect HTTP/1.1" 200 -
23:52:53 "POST /collect HTTP/1.1" 200 -
23:52:53 "POST /collect HTTP/1.1" 200 -
23:52:53 "POST /collect HTTP/1.1" 200 -
23:52:53 "POST /collect HTTP/1.1" 200 -
23:52:53 "POST /join HTTP/1.1" 200 -
23:52:53 "POST /collect HTTP/1.1" 200 -
23:52:53 "POST /collect HTTP/1.1" 200 -
23:52:53 "POST /join HTTP/1.1" 200 -
23:52:53 "POST /collect HTTP/1.1" 200 -
23:52:53 "POST /collect HTTP/1.1" 200 -
23:52:53 "POST /collect HTTP/1.1" 200 -
23:52:53 "POST /join HTTP/1.1" 200 -
23:52:53 "POST /collect HTTP/1.1" 200 -
23:52:53 "POST /collect HTTP/1.1" 200 -
23:52:53 "POST /join HTTP/1.1" 200 -
23:52:53 "POST /collect HTTP/1.1" 200 -
23:52:53 "POST /collect HTTP/1.1" 200 -
23:52:53 "POST /join HTTP/1.1" 200 -
23:52:53 "POST /join HTTP/1.1" 200 -
23:52:53 "POST /collect HTTP/1.1" 200 -
23:52:53 "POST /collect HTTP/1.1" 200 -
23:52:53 "POST /join HTTP/1.1" 200 -
23:52:53 "POST /collect HTTP/1.1" 200 -
23:52:53 "POST /join HTTP/1.1" 200 -
23:52:53 "POST /collect HTTP/1.1" 200 -
23:52:53 "GET /roster HTTP/1.1" 200 -
23:52:53 "POST /join HTTP/1.1" 200 -
23:52:53 "GET /roster HTTP/1.1" 200 -
23:52:53 "POST /join HTTP/1.1" 200 -
23:52:53 "POST /collect HTTP/1.1" 200 -
23:52:53 "POST /collect HTTP/1.1" 200 -
23:52:53 CF POST /sessions/405c6db7a72de42bc471b326bb06304742e2d4ea4cf43a9d49ebdc75ae975f4e/tracks/new -> 200 (295 ms)
23:52:53 "POST /cf/sessions/405c6db7a72de42bc471b326bb06304742e2d4ea4cf43a9d49ebdc75ae975f4e/tracks/new HTTP/1.1" 200 -
23:52:53 CF POST /sessions/19e7b7e6669f4cb1e507398a8cfcb669d780774c728975f8f8300d1ec239dbbb/tracks/new -> 200 (298 ms)
23:52:53 "POST /cf/sessions/19e7b7e6669f4cb1e507398a8cfcb669d780774c728975f8f8300d1ec239dbbb/tracks/new HTTP/1.1" 200 -
23:52:54 CF PUT /sessions/19e7b7e6669f4cb1e507398a8cfcb669d780774c728975f8f8300d1ec239dbbb/renegotiate -> 200 (157 ms)
23:52:54 "PUT /cf/sessions/19e7b7e6669f4cb1e507398a8cfcb669d780774c728975f8f8300d1ec239dbbb/renegotiate HTTP/1.1" 200 -
23:52:54 "POST /collect HTTP/1.1" 200 -
23:52:54 CF PUT /sessions/405c6db7a72de42bc471b326bb06304742e2d4ea4cf43a9d49ebdc75ae975f4e/renegotiate -> 200 (203 ms)
23:52:54 "PUT /cf/sessions/405c6db7a72de42bc471b326bb06304742e2d4ea4cf43a9d49ebdc75ae975f4e/renegotiate HTTP/1.1" 200 -
23:52:54 "POST /collect HTTP/1.1" 200 -
23:52:54 CF POST /sessions/405c6db7a72de42bc471b326bb06304742e2d4ea4cf43a9d49ebdc75ae975f4e/tracks/new -> 200 (304 ms)
23:52:54 "POST /cf/sessions/405c6db7a72de42bc471b326bb06304742e2d4ea4cf43a9d49ebdc75ae975f4e/tracks/new HTTP/1.1" 200 -
23:52:54 "POST /collect HTTP/1.1" 200 -
23:52:54 CF POST /sessions/19e7b7e6669f4cb1e507398a8cfcb669d780774c728975f8f8300d1ec239dbbb/tracks/new -> 200 (359 ms)
23:52:54 "POST /cf/sessions/19e7b7e6669f4cb1e507398a8cfcb669d780774c728975f8f8300d1ec239dbbb/tracks/new HTTP/1.1" 200 -
23:52:54 CF PUT /sessions/19e7b7e6669f4cb1e507398a8cfcb669d780774c728975f8f8300d1ec239dbbb/renegotiate -> 200 (158 ms)
23:52:54 "PUT /cf/sessions/19e7b7e6669f4cb1e507398a8cfcb669d780774c728975f8f8300d1ec239dbbb/renegotiate HTTP/1.1" 200 -
23:52:54 "POST /collect HTTP/1.1" 200 -
23:52:54 CF PUT /sessions/405c6db7a72de42bc471b326bb06304742e2d4ea4cf43a9d49ebdc75ae975f4e/renegotiate -> 200 (175 ms)
23:52:54 "PUT /cf/sessions/405c6db7a72de42bc471b326bb06304742e2d4ea4cf43a9d49ebdc75ae975f4e/renegotiate HTTP/1.1" 200 -
23:52:54 "POST /collect HTTP/1.1" 200 -
23:52:54 "POST /join HTTP/1.1" 200 -
23:52:54 "POST /collect HTTP/1.1" 200 -
23:52:54 "POST /collect HTTP/1.1" 200 -
23:52:54 CF POST /sessions/19e7b7e6669f4cb1e507398a8cfcb669d780774c728975f8f8300d1ec239dbbb/tracks/new -> 200 (324 ms)
23:52:54 "POST /cf/sessions/19e7b7e6669f4cb1e507398a8cfcb669d780774c728975f8f8300d1ec239dbbb/tracks/new HTTP/1.1" 200 -
23:52:54 CF POST /sessions/405c6db7a72de42bc471b326bb06304742e2d4ea4cf43a9d49ebdc75ae975f4e/tracks/new -> 200 (315 ms)
23:52:54 "POST /cf/sessions/405c6db7a72de42bc471b326bb06304742e2d4ea4cf43a9d49ebdc75ae975f4e/tracks/new HTTP/1.1" 200 -
23:52:55 CF PUT /sessions/19e7b7e6669f4cb1e507398a8cfcb669d780774c728975f8f8300d1ec239dbbb/renegotiate -> 200 (150 ms)
23:52:55 "PUT /cf/sessions/19e7b7e6669f4cb1e507398a8cfcb669d780774c728975f8f8300d1ec239dbbb/renegotiate HTTP/1.1" 200 -
23:52:55 "POST /collect HTTP/1.1" 200 -
23:52:55 CF PUT /sessions/405c6db7a72de42bc471b326bb06304742e2d4ea4cf43a9d49ebdc75ae975f4e/renegotiate -> 200 (156 ms)
23:52:55 "PUT /cf/sessions/405c6db7a72de42bc471b326bb06304742e2d4ea4cf43a9d49ebdc75ae975f4e/renegotiate HTTP/1.1" 200 -
23:52:55 "POST /collect HTTP/1.1" 200 -
23:52:55 CF POST /sessions/19e7b7e6669f4cb1e507398a8cfcb669d780774c728975f8f8300d1ec239dbbb/tracks/new -> 200 (303 ms)
23:52:55 "POST /cf/sessions/19e7b7e6669f4cb1e507398a8cfcb669d780774c728975f8f8300d1ec239dbbb/tracks/new HTTP/1.1" 200 -
23:52:55 CF POST /sessions/405c6db7a72de42bc471b326bb06304742e2d4ea4cf43a9d49ebdc75ae975f4e/tracks/new -> 200 (304 ms)
23:52:55 "POST /cf/sessions/405c6db7a72de42bc471b326bb06304742e2d4ea4cf43a9d49ebdc75ae975f4e/tracks/new HTTP/1.1" 200 -
23:52:55 "POST /collect HTTP/1.1" 200 -
23:52:55 CF PUT /sessions/19e7b7e6669f4cb1e507398a8cfcb669d780774c728975f8f8300d1ec239dbbb/renegotiate -> 200 (179 ms)
23:52:55 "PUT /cf/sessions/19e7b7e6669f4cb1e507398a8cfcb669d780774c728975f8f8300d1ec239dbbb/renegotiate HTTP/1.1" 200 -
23:52:55 "POST /collect HTTP/1.1" 200 -
23:52:55 "GET /roster HTTP/1.1" 200 -
23:52:55 "POST /collect HTTP/1.1" 200 -
23:52:55 "GET /roster HTTP/1.1" 200 -
23:52:55 "POST /collect HTTP/1.1" 200 -
23:52:55 CF PUT /sessions/405c6db7a72de42bc471b326bb06304742e2d4ea4cf43a9d49ebdc75ae975f4e/renegotiate -> 200 (199 ms)
23:52:55 "PUT /cf/sessions/405c6db7a72de42bc471b326bb06304742e2d4ea4cf43a9d49ebdc75ae975f4e/renegotiate HTTP/1.1" 200 -
23:52:55 "POST /collect HTTP/1.1" 200 -
23:52:55 "POST /collect HTTP/1.1" 200 -
23:52:55 CF POST /sessions/19e7b7e6669f4cb1e507398a8cfcb669d780774c728975f8f8300d1ec239dbbb/tracks/new -> 200 (305 ms)
23:52:55 "POST /cf/sessions/19e7b7e6669f4cb1e507398a8cfcb669d780774c728975f8f8300d1ec239dbbb/tracks/new HTTP/1.1" 200 -
23:52:55 CF POST /sessions/405c6db7a72de42bc471b326bb06304742e2d4ea4cf43a9d49ebdc75ae975f4e/tracks/new -> 200 (295 ms)
23:52:55 "POST /cf/sessions/405c6db7a72de42bc471b326bb06304742e2d4ea4cf43a9d49ebdc75ae975f4e/tracks/new HTTP/1.1" 200 -
23:52:56 CF PUT /sessions/19e7b7e6669f4cb1e507398a8cfcb669d780774c728975f8f8300d1ec239dbbb/renegotiate -> 200 (164 ms)
23:52:56 "PUT /cf/sessions/19e7b7e6669f4cb1e507398a8cfcb669d780774c728975f8f8300d1ec239dbbb/renegotiate HTTP/1.1" 200 -
23:52:56 "POST /collect HTTP/1.1" 200 -
23:52:56 CF PUT /sessions/405c6db7a72de42bc471b326bb06304742e2d4ea4cf43a9d49ebdc75ae975f4e/renegotiate -> 200 (168 ms)
23:52:56 "PUT /cf/sessions/405c6db7a72de42bc471b326bb06304742e2d4ea4cf43a9d49ebdc75ae975f4e/renegotiate HTTP/1.1" 200 -
23:52:56 "POST /collect HTTP/1.1" 200 -
23:52:56 "POST /join HTTP/1.1" 200 -
23:52:56 "POST /collect HTTP/1.1" 200 -
23:52:56 CF POST /sessions/405c6db7a72de42bc471b326bb06304742e2d4ea4cf43a9d49ebdc75ae975f4e/tracks/new -> 200 (321 ms)
23:52:56 "POST /cf/sessions/405c6db7a72de42bc471b326bb06304742e2d4ea4cf43a9d49ebdc75ae975f4e/tracks/new HTTP/1.1" 200 -
23:52:56 CF POST /sessions/19e7b7e6669f4cb1e507398a8cfcb669d780774c728975f8f8300d1ec239dbbb/tracks/new -> 200 (350 ms)
23:52:56 "POST /cf/sessions/19e7b7e6669f4cb1e507398a8cfcb669d780774c728975f8f8300d1ec239dbbb/tracks/new HTTP/1.1" 200 -
23:52:56 "POST /collect HTTP/1.1" 200 -
23:52:56 "POST /collect HTTP/1.1" 200 -
23:52:56 "POST /collect HTTP/1.1" 200 -
23:52:56 "POST /collect HTTP/1.1" 200 -
23:52:56 "POST /collect HTTP/1.1" 200 -
23:52:56 "POST /collect HTTP/1.1" 200 -
23:52:56 "POST /collect HTTP/1.1" 200 -
23:52:56 CF PUT /sessions/405c6db7a72de42bc471b326bb06304742e2d4ea4cf43a9d49ebdc75ae975f4e/renegotiate -> 200 (147 ms)
23:52:56 "PUT /cf/sessions/405c6db7a72de42bc471b326bb06304742e2d4ea4cf43a9d49ebdc75ae975f4e/renegotiate HTTP/1.1" 200 -
23:52:56 "POST /collect HTTP/1.1" 200 -
23:52:56 "POST /collect HTTP/1.1" 200 -
23:52:56 "POST /collect HTTP/1.1" 200 -
23:52:56 CF PUT /sessions/19e7b7e6669f4cb1e507398a8cfcb669d780774c728975f8f8300d1ec239dbbb/renegotiate -> 200 (176 ms)
23:52:56 "PUT /cf/sessions/19e7b7e6669f4cb1e507398a8cfcb669d780774c728975f8f8300d1ec239dbbb/renegotiate HTTP/1.1" 200 -
23:52:56 "POST /collect HTTP/1.1" 200 -
23:52:56 "POST /collect HTTP/1.1" 200 -
23:52:56 CF POST /sessions/19e7b7e6669f4cb1e507398a8cfcb669d780774c728975f8f8300d1ec239dbbb/tracks/new -> 200 (279 ms)
23:52:56 "POST /cf/sessions/19e7b7e6669f4cb1e507398a8cfcb669d780774c728975f8f8300d1ec239dbbb/tracks/new HTTP/1.1" 200 -
23:52:56 CF POST /sessions/405c6db7a72de42bc471b326bb06304742e2d4ea4cf43a9d49ebdc75ae975f4e/tracks/new -> 200 (318 ms)
23:52:56 "POST /cf/sessions/405c6db7a72de42bc471b326bb06304742e2d4ea4cf43a9d49ebdc75ae975f4e/tracks/new HTTP/1.1" 200 -
23:52:57 CF PUT /sessions/19e7b7e6669f4cb1e507398a8cfcb669d780774c728975f8f8300d1ec239dbbb/renegotiate -> 200 (186 ms)
23:52:57 "PUT /cf/sessions/19e7b7e6669f4cb1e507398a8cfcb669d780774c728975f8f8300d1ec239dbbb/renegotiate HTTP/1.1" 200 -
23:52:57 "POST /collect HTTP/1.1" 200 -
23:52:57 CF PUT /sessions/405c6db7a72de42bc471b326bb06304742e2d4ea4cf43a9d49ebdc75ae975f4e/renegotiate -> 200 (191 ms)
23:52:57 "PUT /cf/sessions/405c6db7a72de42bc471b326bb06304742e2d4ea4cf43a9d49ebdc75ae975f4e/renegotiate HTTP/1.1" 200 -
23:52:57 "POST /collect HTTP/1.1" 200 -
23:52:57 "POST /collect HTTP/1.1" 200 -
23:52:57 CF POST /sessions/405c6db7a72de42bc471b326bb06304742e2d4ea4cf43a9d49ebdc75ae975f4e/tracks/new -> 200 (318 ms)
23:52:57 "POST /cf/sessions/405c6db7a72de42bc471b326bb06304742e2d4ea4cf43a9d49ebdc75ae975f4e/tracks/new HTTP/1.1" 200 -
23:52:57 CF POST /sessions/19e7b7e6669f4cb1e507398a8cfcb669d780774c728975f8f8300d1ec239dbbb/tracks/new -> 200 (333 ms)
23:52:57 "POST /cf/sessions/19e7b7e6669f4cb1e507398a8cfcb669d780774c728975f8f8300d1ec239dbbb/tracks/new HTTP/1.1" 200 -
23:52:57 "GET /roster HTTP/1.1" 200 -
23:52:57 "POST /collect HTTP/1.1" 200 -
23:52:57 "GET /roster HTTP/1.1" 200 -
23:52:57 "POST /collect HTTP/1.1" 200 -
23:52:57 CF PUT /sessions/19e7b7e6669f4cb1e507398a8cfcb669d780774c728975f8f8300d1ec239dbbb/renegotiate -> 200 (161 ms)
23:52:57 "PUT /cf/sessions/19e7b7e6669f4cb1e507398a8cfcb669d780774c728975f8f8300d1ec239dbbb/renegotiate HTTP/1.1" 200 -
23:52:57 "POST /collect HTTP/1.1" 200 -
23:52:57 "POST /collect HTTP/1.1" 200 -
23:52:57 CF PUT /sessions/405c6db7a72de42bc471b326bb06304742e2d4ea4cf43a9d49ebdc75ae975f4e/renegotiate -> 200 (230 ms)
23:52:57 "PUT /cf/sessions/405c6db7a72de42bc471b326bb06304742e2d4ea4cf43a9d49ebdc75ae975f4e/renegotiate HTTP/1.1" 200 -
23:52:57 "POST /collect HTTP/1.1" 200 -
23:52:57 "POST /collect HTTP/1.1" 200 -
23:52:58 CF POST /sessions/19e7b7e6669f4cb1e507398a8cfcb669d780774c728975f8f8300d1ec239dbbb/tracks/new -> 200 (351 ms)
23:52:58 "POST /cf/sessions/19e7b7e6669f4cb1e507398a8cfcb669d780774c728975f8f8300d1ec239dbbb/tracks/new HTTP/1.1" 200 -
23:52:58 CF POST /sessions/405c6db7a72de42bc471b326bb06304742e2d4ea4cf43a9d49ebdc75ae975f4e/tracks/new -> 200 (279 ms)
23:52:58 "POST /cf/sessions/405c6db7a72de42bc471b326bb06304742e2d4ea4cf43a9d49ebdc75ae975f4e/tracks/new HTTP/1.1" 200 -
23:52:58 CF PUT /sessions/405c6db7a72de42bc471b326bb06304742e2d4ea4cf43a9d49ebdc75ae975f4e/renegotiate -> 200 (154 ms)
23:52:58 "PUT /cf/sessions/405c6db7a72de42bc471b326bb06304742e2d4ea4cf43a9d49ebdc75ae975f4e/renegotiate HTTP/1.1" 200 -
23:52:58 "POST /collect HTTP/1.1" 200 -
23:52:58 CF PUT /sessions/19e7b7e6669f4cb1e507398a8cfcb669d780774c728975f8f8300d1ec239dbbb/renegotiate -> 200 (199 ms)
23:52:58 "PUT /cf/sessions/19e7b7e6669f4cb1e507398a8cfcb669d780774c728975f8f8300d1ec239dbbb/renegotiate HTTP/1.1" 200 -
23:52:58 "POST /collect HTTP/1.1" 200 -
23:52:58 "POST /collect HTTP/1.1" 200 -
23:52:58 CF POST /sessions/19e7b7e6669f4cb1e507398a8cfcb669d780774c728975f8f8300d1ec239dbbb/tracks/new -> 200 (303 ms)
23:52:58 "POST /cf/sessions/19e7b7e6669f4cb1e507398a8cfcb669d780774c728975f8f8300d1ec239dbbb/tracks/new HTTP/1.1" 200 -
23:52:58 CF POST /sessions/405c6db7a72de42bc471b326bb06304742e2d4ea4cf43a9d49ebdc75ae975f4e/tracks/new -> 200 (351 ms)
23:52:58 "POST /cf/sessions/405c6db7a72de42bc471b326bb06304742e2d4ea4cf43a9d49ebdc75ae975f4e/tracks/new HTTP/1.1" 200 -
23:52:58 CF PUT /sessions/19e7b7e6669f4cb1e507398a8cfcb669d780774c728975f8f8300d1ec239dbbb/renegotiate -> 200 (207 ms)
23:52:58 "PUT /cf/sessions/19e7b7e6669f4cb1e507398a8cfcb669d780774c728975f8f8300d1ec239dbbb/renegotiate HTTP/1.1" 200 -
23:52:58 CF PUT /sessions/405c6db7a72de42bc471b326bb06304742e2d4ea4cf43a9d49ebdc75ae975f4e/renegotiate -> 200 (191 ms)
23:52:58 "PUT /cf/sessions/405c6db7a72de42bc471b326bb06304742e2d4ea4cf43a9d49ebdc75ae975f4e/renegotiate HTTP/1.1" 200 -
23:52:58 "POST /collect HTTP/1.1" 200 -
23:52:58 "POST /collect HTTP/1.1" 200 -
23:52:58 "POST /collect HTTP/1.1" 200 -
23:52:59 CF POST /sessions/405c6db7a72de42bc471b326bb06304742e2d4ea4cf43a9d49ebdc75ae975f4e/tracks/new -> 200 (346 ms)
23:52:59 "POST /cf/sessions/405c6db7a72de42bc471b326bb06304742e2d4ea4cf43a9d49ebdc75ae975f4e/tracks/new HTTP/1.1" 200 -
23:52:59 CF POST /sessions/19e7b7e6669f4cb1e507398a8cfcb669d780774c728975f8f8300d1ec239dbbb/tracks/new -> 200 (350 ms)
23:52:59 "POST /cf/sessions/19e7b7e6669f4cb1e507398a8cfcb669d780774c728975f8f8300d1ec239dbbb/tracks/new HTTP/1.1" 200 -
23:52:59 CF PUT /sessions/405c6db7a72de42bc471b326bb06304742e2d4ea4cf43a9d49ebdc75ae975f4e/renegotiate -> 200 (166 ms)
23:52:59 "PUT /cf/sessions/405c6db7a72de42bc471b326bb06304742e2d4ea4cf43a9d49ebdc75ae975f4e/renegotiate HTTP/1.1" 200 -
23:52:59 CF PUT /sessions/19e7b7e6669f4cb1e507398a8cfcb669d780774c728975f8f8300d1ec239dbbb/renegotiate -> 200 (169 ms)
23:52:59 "PUT /cf/sessions/19e7b7e6669f4cb1e507398a8cfcb669d780774c728975f8f8300d1ec239dbbb/renegotiate HTTP/1.1" 200 -
23:52:59 "POST /collect HTTP/1.1" 200 -
23:52:59 "POST /collect HTTP/1.1" 200 -
23:52:59 "POST /collect HTTP/1.1" 200 -
23:52:59 "POST /collect HTTP/1.1" 200 -
23:52:59 "POST /collect HTTP/1.1" 200 -
23:52:59 "POST /collect HTTP/1.1" 200 -
23:52:59 "POST /collect HTTP/1.1" 200 -
23:52:59 "POST /collect HTTP/1.1" 200 -
23:52:59 "POST /collect HTTP/1.1" 200 -
23:52:59 "POST /collect HTTP/1.1" 200 -
23:52:59 "POST /collect HTTP/1.1" 200 -
23:52:59 "GET /roster HTTP/1.1" 200 -
23:52:59 "POST /collect HTTP/1.1" 200 -
23:52:59 "GET /roster HTTP/1.1" 200 -
23:52:59 "POST /collect HTTP/1.1" 200 -
23:52:59 "POST /collect HTTP/1.1" 200 -
23:52:59 "POST /collect HTTP/1.1" 200 -
23:53:00 "POST /collect HTTP/1.1" 200 -
23:53:00 "POST /collect HTTP/1.1" 200 -
23:53:00 "POST /collect HTTP/1.1" 200 -
23:53:00 "POST /collect HTTP/1.1" 200 -
23:53:01 "POST /collect HTTP/1.1" 200 -
23:53:01 "GET /roster HTTP/1.1" 200 -
23:53:01 "POST /collect HTTP/1.1" 200 -
23:53:01 "GET /roster HTTP/1.1" 200 -
23:53:01 "POST /collect HTTP/1.1" 200 -
23:53:01 "POST /collect HTTP/1.1" 200 -
23:53:02 "POST /collect HTTP/1.1" 200 -
23:53:02 "POST /collect HTTP/1.1" 200 -
23:53:02 "POST /collect HTTP/1.1" 200 -
23:53:02 "POST /collect HTTP/1.1" 200 -
23:53:02 "POST /collect HTTP/1.1" 200 -
23:53:02 "POST /collect HTTP/1.1" 200 -
23:53:02 "POST /collect HTTP/1.1" 200 -
23:53:02 "POST /collect HTTP/1.1" 200 -
23:53:02 "POST /collect HTTP/1.1" 200 -
23:53:02 "POST /collect HTTP/1.1" 200 -
23:53:02 "POST /collect HTTP/1.1" 200 -
23:53:03 "POST /collect HTTP/1.1" 200 -
23:53:03 "GET /roster HTTP/1.1" 200 -
23:53:03 "POST /collect HTTP/1.1" 200 -
23:53:03 "GET /roster HTTP/1.1" 200 -
23:53:03 "POST /collect HTTP/1.1" 200 -
23:53:03 "POST /collect HTTP/1.1" 200 -
23:53:03 "POST /collect HTTP/1.1" 200 -
23:53:04 "POST /collect HTTP/1.1" 200 -
23:53:04 "POST /collect HTTP/1.1" 200 -
23:53:05 "POST /collect HTTP/1.1" 200 -
23:53:05 "POST /collect HTTP/1.1" 200 -
23:53:05 "POST /collect HTTP/1.1" 200 -
23:53:05 "POST /collect HTTP/1.1" 200 -
23:53:05 "POST /collect HTTP/1.1" 200 -
23:53:05 "POST /collect HTTP/1.1" 200 -
23:53:05 "POST /collect HTTP/1.1" 200 -
23:53:05 "POST /collect HTTP/1.1" 200 -
23:53:05 "POST /collect HTTP/1.1" 200 -
23:53:05 "POST /collect HTTP/1.1" 200 -
23:53:05 "GET /roster HTTP/1.1" 200 -
23:53:05 "POST /collect HTTP/1.1" 200 -
23:53:05 "POST /collect HTTP/1.1" 200 -
23:53:05 "GET /roster HTTP/1.1" 200 -
23:53:05 "POST /collect HTTP/1.1" 200 -
23:53:05 "POST /collect HTTP/1.1" 200 -
23:53:06 "POST /collect HTTP/1.1" 200 -
23:53:06 "POST /collect HTTP/1.1" 200 -
23:53:06 "POST /collect HTTP/1.1" 200 -
23:53:07 "POST /collect HTTP/1.1" 200 -
23:53:07 "GET /roster HTTP/1.1" 200 -
23:53:07 "GET /roster HTTP/1.1" 200 -
23:53:07 "POST /collect HTTP/1.1" 200 -
23:53:07 "POST /collect HTTP/1.1" 200 -
23:53:07 "POST /collect HTTP/1.1" 200 -
23:53:08 "POST /collect HTTP/1.1" 200 -
23:53:08 "POST /collect HTTP/1.1" 200 -
23:53:08 "POST /collect HTTP/1.1" 200 -
23:53:08 "POST /collect HTTP/1.1" 200 -
23:53:08 "POST /collect HTTP/1.1" 200 -
23:53:08 "POST /collect HTTP/1.1" 200 -
23:53:08 "POST /collect HTTP/1.1" 200 -
23:53:08 "POST /collect HTTP/1.1" 200 -
23:53:08 "POST /collect HTTP/1.1" 200 -
23:53:08 "POST /collect HTTP/1.1" 200 -
23:53:08 "POST /collect HTTP/1.1" 200 -
23:53:09 "POST /collect HTTP/1.1" 200 -
23:53:09 "GET /roster HTTP/1.1" 200 -
23:53:09 "GET /roster HTTP/1.1" 200 -
23:53:09 "POST /collect HTTP/1.1" 200 -
23:53:09 "POST /collect HTTP/1.1" 200 -
23:53:09 "POST /collect HTTP/1.1" 200 -
23:53:09 "POST /collect HTTP/1.1" 200 -
23:53:10 "POST /collect HTTP/1.1" 200 -
23:53:10 "POST /collect HTTP/1.1" 200 -
23:53:11 "POST /collect HTTP/1.1" 200 -
23:53:11 "POST /collect HTTP/1.1" 200 -
23:53:11 "POST /collect HTTP/1.1" 200 -
23:53:11 "POST /collect HTTP/1.1" 200 -
23:53:11 "POST /collect HTTP/1.1" 200 -
23:53:11 "POST /collect HTTP/1.1" 200 -
23:53:11 "POST /collect HTTP/1.1" 200 -
23:53:11 "POST /collect HTTP/1.1" 200 -
23:53:11 "POST /collect HTTP/1.1" 200 -
23:53:11 "GET /roster HTTP/1.1" 200 -
23:53:11 "POST /collect HTTP/1.1" 200 -
23:53:11 "GET /roster HTTP/1.1" 200 -
23:53:11 "POST /collect HTTP/1.1" 200 -
23:53:11 "POST /collect HTTP/1.1" 200 -
23:53:11 "POST /collect HTTP/1.1" 200 -
23:53:12 "POST /collect HTTP/1.1" 200 -
23:53:12 "POST /collect HTTP/1.1" 200 -
23:53:12 "POST /collect HTTP/1.1" 200 -
23:53:13 "POST /collect HTTP/1.1" 200 -
23:53:13 "GET /roster HTTP/1.1" 200 -
23:53:13 "GET /roster HTTP/1.1" 200 -
23:53:13 "POST /collect HTTP/1.1" 200 -
23:53:13 "POST /collect HTTP/1.1" 200 -
23:53:13 "POST /collect HTTP/1.1" 200 -
23:53:14 "POST /collect HTTP/1.1" 200 -
23:53:14 "POST /collect HTTP/1.1" 200 -
23:53:14 "POST /collect HTTP/1.1" 200 -
23:53:14 "POST /collect HTTP/1.1" 200 -
23:53:14 "POST /collect HTTP/1.1" 200 -
23:53:14 "POST /collect HTTP/1.1" 200 -
23:53:14 "POST /collect HTTP/1.1" 200 -
23:53:14 "POST /collect HTTP/1.1" 200 -
23:53:14 "POST /collect HTTP/1.1" 200 -
23:53:14 "POST /collect HTTP/1.1" 200 -
23:53:14 "POST /collect HTTP/1.1" 200 -
23:53:15 "POST /collect HTTP/1.1" 200 -
23:53:15 "GET /roster HTTP/1.1" 200 -
23:53:15 "POST /collect HTTP/1.1" 200 -
23:53:15 "GET /roster HTTP/1.1" 200 -
23:53:15 "POST /collect HTTP/1.1" 200 -
23:53:15 "POST /collect HTTP/1.1" 200 -
23:53:15 "POST /collect HTTP/1.1" 200 -
23:53:16 "POST /collect HTTP/1.1" 200 -
23:53:16 "POST /collect HTTP/1.1" 200 -
23:53:17 "POST /collect HTTP/1.1" 200 -
23:53:17 "POST /collect HTTP/1.1" 200 -
23:53:17 "POST /collect HTTP/1.1" 200 -
23:53:17 "POST /collect HTTP/1.1" 200 -
23:53:17 "POST /collect HTTP/1.1" 200 -
23:53:17 "POST /collect HTTP/1.1" 200 -
23:53:17 "POST /collect HTTP/1.1" 200 -
23:53:17 "POST /collect HTTP/1.1" 200 -
23:53:17 "POST /collect HTTP/1.1" 200 -
23:53:17 "GET /roster HTTP/1.1" 200 -
23:53:17 "GET /roster HTTP/1.1" 200 -
23:53:17 "POST /collect HTTP/1.1" 200 -
23:53:17 "POST /collect HTTP/1.1" 200 -
23:53:17 "POST /collect HTTP/1.1" 200 -
23:53:17 "POST /collect HTTP/1.1" 200 -
23:53:18 "POST /collect HTTP/1.1" 200 -
23:53:18 "POST /collect HTTP/1.1" 200 -
23:53:18 "POST /collect HTTP/1.1" 200 -
23:53:19 "POST /collect HTTP/1.1" 200 -
23:53:19 "GET /roster HTTP/1.1" 200 -
23:53:19 "POST /collect HTTP/1.1" 200 -
23:53:19 "GET /roster HTTP/1.1" 200 -
23:53:19 "POST /collect HTTP/1.1" 200 -
23:53:19 "POST /collect HTTP/1.1" 200 -
23:53:20 "POST /collect HTTP/1.1" 200 -
23:53:20 "POST /collect HTTP/1.1" 200 -
23:53:20 "POST /collect HTTP/1.1" 200 -
23:53:20 "POST /collect HTTP/1.1" 200 -
23:53:20 "POST /collect HTTP/1.1" 200 -
23:53:20 "POST /collect HTTP/1.1" 200 -
23:53:20 "POST /collect HTTP/1.1" 200 -
23:53:20 "POST /collect HTTP/1.1" 200 -
23:53:20 "POST /collect HTTP/1.1" 200 -
23:53:20 "POST /collect HTTP/1.1" 200 -
23:53:20 "POST /collect HTTP/1.1" 200 -
23:53:20 "POST /collect HTTP/1.1" 200 -
23:53:21 "POST /collect HTTP/1.1" 200 -
23:53:21 "GET /roster HTTP/1.1" 200 -
23:53:21 "GET /roster HTTP/1.1" 200 -
23:53:21 "POST /collect HTTP/1.1" 200 -
23:53:21 "POST /collect HTTP/1.1" 200 -
23:53:21 "POST /collect HTTP/1.1" 200 -
23:53:21 "POST /collect HTTP/1.1" 200 -
23:53:22 "POST /collect HTTP/1.1" 200 -
23:53:22 "POST /collect HTTP/1.1" 200 -
23:53:23 "POST /collect HTTP/1.1" 200 -
23:53:23 "POST /collect HTTP/1.1" 200 -
23:53:23 "POST /collect HTTP/1.1" 200 -
23:53:23 "POST /collect HTTP/1.1" 200 -
23:53:23 "POST /collect HTTP/1.1" 200 -
23:53:23 "POST /collect HTTP/1.1" 200 -
23:53:23 "POST /collect HTTP/1.1" 200 -
23:53:23 "POST /collect HTTP/1.1" 200 -
23:53:23 "POST /collect HTTP/1.1" 200 -
23:53:23 "GET /roster HTTP/1.1" 200 -
23:53:23 "POST /collect HTTP/1.1" 200 -
23:53:23 "GET /roster HTTP/1.1" 200 -
23:53:23 "POST /collect HTTP/1.1" 200 -
23:53:23 "POST /collect HTTP/1.1" 200 -
23:53:23 "POST /collect HTTP/1.1" 200 -
23:53:24 "POST /collect HTTP/1.1" 200 -
23:53:24 "POST /collect HTTP/1.1" 200 -
23:53:24 "POST /collect HTTP/1.1" 200 -
23:53:25 "POST /collect HTTP/1.1" 200 -
23:53:25 "GET /roster HTTP/1.1" 200 -
23:53:25 "POST /collect HTTP/1.1" 200 -
23:53:25 "GET /roster HTTP/1.1" 200 -
23:53:25 "POST /collect HTTP/1.1" 200 -
23:53:25 "POST /collect HTTP/1.1" 200 -
23:53:26 "POST /collect HTTP/1.1" 200 -
23:53:26 "POST /collect HTTP/1.1" 200 -
23:53:26 "POST /collect HTTP/1.1" 200 -
23:53:26 "POST /collect HTTP/1.1" 200 -
23:53:26 "POST /collect HTTP/1.1" 200 -
23:53:26 "POST /collect HTTP/1.1" 200 -
23:53:26 "POST /collect HTTP/1.1" 200 -
23:53:26 "POST /collect HTTP/1.1" 200 -
23:53:26 "POST /collect HTTP/1.1" 200 -
23:53:26 "POST /collect HTTP/1.1" 200 -
23:53:26 "POST /collect HTTP/1.1" 200 -
23:53:27 "POST /collect HTTP/1.1" 200 -
23:53:27 "GET /roster HTTP/1.1" 200 -
23:53:27 "GET /roster HTTP/1.1" 200 -
23:53:27 "POST /collect HTTP/1.1" 200 -
23:53:27 "POST /collect HTTP/1.1" 200 -
23:53:27 "POST /collect HTTP/1.1" 200 -
23:53:27 "POST /collect HTTP/1.1" 200 -
23:53:28 "POST /collect HTTP/1.1" 200 -
23:53:28 "POST /collect HTTP/1.1" 200 -
23:53:29 "POST /collect HTTP/1.1" 200 -
23:53:29 "POST /collect HTTP/1.1" 200 -
23:53:29 "POST /collect HTTP/1.1" 200 -
23:53:29 "POST /collect HTTP/1.1" 200 -
23:53:29 "POST /collect HTTP/1.1" 200 -
23:53:29 "POST /collect HTTP/1.1" 200 -
23:53:29 "POST /collect HTTP/1.1" 200 -
23:53:29 "POST /collect HTTP/1.1" 200 -
23:53:29 "POST /collect HTTP/1.1" 200 -
23:53:29 "GET /roster HTTP/1.1" 200 -
23:53:29 "GET /roster HTTP/1.1" 200 -
23:53:29 "POST /collect HTTP/1.1" 200 -
23:53:29 "POST /collect HTTP/1.1" 200 -
23:53:29 "POST /collect HTTP/1.1" 200 -
23:53:29 "POST /collect HTTP/1.1" 200 -
23:53:30 "POST /collect HTTP/1.1" 200 -
23:53:30 "POST /collect HTTP/1.1" 200 -
23:53:30 "POST /collect HTTP/1.1" 200 -
23:53:31 "POST /collect HTTP/1.1" 200 -
23:53:31 "GET /roster HTTP/1.1" 200 -
23:53:31 "POST /collect HTTP/1.1" 200 -
23:53:31 "GET /roster HTTP/1.1" 200 -
23:53:31 "POST /collect HTTP/1.1" 200 -
23:53:31 "POST /collect HTTP/1.1" 200 -
23:53:32 "POST /collect HTTP/1.1" 200 -
23:53:32 "POST /collect HTTP/1.1" 200 -
23:53:32 "POST /collect HTTP/1.1" 200 -
23:53:32 "POST /collect HTTP/1.1" 200 -
23:53:32 "POST /collect HTTP/1.1" 200 -
23:53:32 "POST /collect HTTP/1.1" 200 -
23:53:32 "POST /collect HTTP/1.1" 200 -
23:53:32 "POST /collect HTTP/1.1" 200 -
23:53:32 "POST /collect HTTP/1.1" 200 -
23:53:32 "POST /collect HTTP/1.1" 200 -
23:53:32 "POST /collect HTTP/1.1" 200 -
23:53:33 "POST /collect HTTP/1.1" 200 -
23:53:33 "GET /roster HTTP/1.1" 200 -
23:53:33 "POST /collect HTTP/1.1" 200 -
23:53:33 "GET /roster HTTP/1.1" 200 -
23:53:33 "POST /collect HTTP/1.1" 200 -
23:53:33 "POST /collect HTTP/1.1" 200 -
23:53:33 "POST /collect HTTP/1.1" 200 -
23:53:34 "POST /collect HTTP/1.1" 200 -
23:53:34 "POST /collect HTTP/1.1" 200 -
23:53:35 "POST /collect HTTP/1.1" 200 -
23:53:35 "POST /collect HTTP/1.1" 200 -
23:53:35 "POST /collect HTTP/1.1" 200 -
23:53:35 "POST /collect HTTP/1.1" 200 -
23:53:35 "POST /collect HTTP/1.1" 200 -
23:53:35 "POST /collect HTTP/1.1" 200 -
23:53:35 "POST /collect HTTP/1.1" 200 -
23:53:35 "POST /collect HTTP/1.1" 200 -
23:53:35 "POST /collect HTTP/1.1" 200 -
23:53:35 "GET /roster HTTP/1.1" 200 -
23:53:35 "POST /collect HTTP/1.1" 200 -
23:53:35 "GET /roster HTTP/1.1" 200 -
23:53:35 "POST /collect HTTP/1.1" 200 -
23:53:35 "POST /collect HTTP/1.1" 200 -
23:53:35 "POST /collect HTTP/1.1" 200 -
23:53:35 "POST /collect HTTP/1.1" 200 -
23:53:36 "POST /collect HTTP/1.1" 200 -
23:53:36 "POST /collect HTTP/1.1" 200 -
23:53:36 "POST /collect HTTP/1.1" 200 -
23:53:37 "POST /collect HTTP/1.1" 200 -
23:53:37 "GET /roster HTTP/1.1" 200 -
23:53:37 "POST /collect HTTP/1.1" 200 -
23:53:37 "GET /roster HTTP/1.1" 200 -
23:53:37 "POST /collect HTTP/1.1" 200 -
23:53:37 "POST /collect HTTP/1.1" 200 -
23:53:38 "POST /collect HTTP/1.1" 200 -
23:53:38 "POST /collect HTTP/1.1" 200 -
23:53:38 "POST /collect HTTP/1.1" 200 -
23:53:38 "POST /collect HTTP/1.1" 200 -
23:53:38 "POST /collect HTTP/1.1" 200 -
23:53:38 "POST /collect HTTP/1.1" 200 -
23:53:38 "POST /collect HTTP/1.1" 200 -
23:53:38 "POST /collect HTTP/1.1" 200 -
23:53:38 "POST /collect HTTP/1.1" 200 -
23:53:38 "POST /collect HTTP/1.1" 200 -
23:53:38 "POST /collect HTTP/1.1" 200 -
23:53:39 "POST /collect HTTP/1.1" 200 -
23:53:39 "GET /roster HTTP/1.1" 200 -
23:53:39 "POST /collect HTTP/1.1" 200 -
23:53:39 "GET /roster HTTP/1.1" 200 -
23:53:39 "POST /collect HTTP/1.1" 200 -
23:53:39 "POST /collect HTTP/1.1" 200 -
23:53:39 "POST /collect HTTP/1.1" 200 -
23:53:40 "POST /collect HTTP/1.1" 200 -
23:53:40 "POST /collect HTTP/1.1" 200 -
23:53:41 "POST /collect HTTP/1.1" 200 -
23:53:41 "POST /collect HTTP/1.1" 200 -
23:53:41 "POST /collect HTTP/1.1" 200 -
23:53:41 "POST /collect HTTP/1.1" 200 -
23:53:41 "POST /collect HTTP/1.1" 200 -
23:53:41 "POST /collect HTTP/1.1" 200 -
23:53:41 "POST /collect HTTP/1.1" 200 -
23:53:41 "POST /collect HTTP/1.1" 200 -
23:53:41 "POST /collect HTTP/1.1" 200 -
23:53:41 "GET /roster HTTP/1.1" 200 -
23:53:41 "POST /collect HTTP/1.1" 200 -
23:53:41 "POST /collect HTTP/1.1" 200 -
23:53:41 "GET /roster HTTP/1.1" 200 -
23:53:41 "POST /collect HTTP/1.1" 200 -
23:53:41 "POST /collect HTTP/1.1" 200 -
23:53:42 "POST /collect HTTP/1.1" 200 -
23:53:42 "POST /collect HTTP/1.1" 200 -
23:53:42 "POST /collect HTTP/1.1" 200 -
23:53:43 "POST /collect HTTP/1.1" 200 -
23:53:43 "GET /roster HTTP/1.1" 200 -
23:53:43 "GET /roster HTTP/1.1" 200 -
23:53:43 "POST /collect HTTP/1.1" 200 -
23:53:43 "POST /collect HTTP/1.1" 200 -
23:53:43 "POST /collect HTTP/1.1" 200 -
23:53:44 "POST /collect HTTP/1.1" 200 -
23:53:44 "POST /collect HTTP/1.1" 200 -
23:53:44 "POST /collect HTTP/1.1" 200 -
23:53:44 "POST /collect HTTP/1.1" 200 -
23:53:44 "POST /collect HTTP/1.1" 200 -
23:53:44 "POST /collect HTTP/1.1" 200 -
23:53:44 "POST /collect HTTP/1.1" 200 -
23:53:44 "POST /collect HTTP/1.1" 200 -
23:53:44 "POST /collect HTTP/1.1" 200 -
23:53:44 "POST /collect HTTP/1.1" 200 -
23:53:44 "POST /collect HTTP/1.1" 200 -
23:53:45 "POST /collect HTTP/1.1" 200 -
23:53:45 "GET /roster HTTP/1.1" 200 -
23:53:45 "POST /collect HTTP/1.1" 200 -
23:53:45 "GET /roster HTTP/1.1" 200 -
23:53:45 "POST /collect HTTP/1.1" 200 -
23:53:45 "POST /collect HTTP/1.1" 200 -
23:53:45 "POST /collect HTTP/1.1" 200 -
23:53:46 "POST /collect HTTP/1.1" 200 -
23:53:46 "POST /collect HTTP/1.1" 200 -
23:53:47 "POST /collect HTTP/1.1" 200 -
23:53:47 "POST /collect HTTP/1.1" 200 -
23:53:47 "POST /collect HTTP/1.1" 200 -
23:53:47 "POST /collect HTTP/1.1" 200 -
23:53:47 "POST /collect HTTP/1.1" 200 -
23:53:47 "POST /collect HTTP/1.1" 200 -
23:53:47 "POST /collect HTTP/1.1" 200 -
23:53:47 "POST /collect HTTP/1.1" 200 -
23:53:47 "POST /collect HTTP/1.1" 200 -
23:53:47 "GET /roster HTTP/1.1" 200 -
23:53:47 "POST /collect HTTP/1.1" 200 -
23:53:47 "GET /roster HTTP/1.1" 200 -
23:53:47 "POST /collect HTTP/1.1" 200 -
23:53:47 "POST /collect HTTP/1.1" 200 -
23:53:47 "POST /collect HTTP/1.1" 200 -
23:53:48 "POST /collect HTTP/1.1" 200 -
23:53:48 "POST /collect HTTP/1.1" 200 -
23:53:48 "POST /collect HTTP/1.1" 200 -
23:53:49 "POST /collect HTTP/1.1" 200 -
23:53:49 "GET /roster HTTP/1.1" 200 -
23:53:49 "POST /collect HTTP/1.1" 200 -
23:53:49 "GET /roster HTTP/1.1" 200 -
23:53:49 "POST /collect HTTP/1.1" 200 -
23:53:49 "POST /collect HTTP/1.1" 200 -
23:53:50 "POST /collect HTTP/1.1" 200 -
23:53:50 "POST /collect HTTP/1.1" 200 -
23:53:50 "POST /collect HTTP/1.1" 200 -
23:53:50 "POST /collect HTTP/1.1" 200 -
23:53:50 "POST /collect HTTP/1.1" 200 -
23:53:50 "POST /collect HTTP/1.1" 200 -
23:53:50 "POST /collect HTTP/1.1" 200 -
23:53:50 "POST /collect HTTP/1.1" 200 -
23:53:50 "POST /collect HTTP/1.1" 200 -
23:53:50 "POST /collect HTTP/1.1" 200 -
23:53:50 "POST /collect HTTP/1.1" 200 -
23:53:50 "POST /collect HTTP/1.1" 200 -
23:53:51 "POST /collect HTTP/1.1" 200 -
23:53:51 "GET /roster HTTP/1.1" 200 -
23:53:51 "GET /roster HTTP/1.1" 200 -
23:53:51 "POST /collect HTTP/1.1" 200 -
23:53:51 "POST /collect HTTP/1.1" 200 -
23:53:51 "POST /collect HTTP/1.1" 200 -
23:53:51 "POST /collect HTTP/1.1" 200 -
23:53:52 "POST /collect HTTP/1.1" 200 -
23:53:52 "POST /collect HTTP/1.1" 200 -
23:53:53 "POST /collect HTTP/1.1" 200 -
23:53:53 "POST /collect HTTP/1.1" 200 -
23:53:53 "POST /collect HTTP/1.1" 200 -
23:53:53 "POST /collect HTTP/1.1" 200 -
23:53:53 "POST /collect HTTP/1.1" 200 -
23:53:53 "POST /collect HTTP/1.1" 200 -
23:53:53 "POST /collect HTTP/1.1" 200 -
23:53:53 "POST /collect HTTP/1.1" 200 -
23:53:53 "POST /collect HTTP/1.1" 200 -
23:53:53 "GET /roster HTTP/1.1" 200 -
23:53:53 "POST /collect HTTP/1.1" 200 -
23:53:53 "GET /roster HTTP/1.1" 200 -
23:53:53 "POST /collect HTTP/1.1" 200 -
23:53:53 "POST /collect HTTP/1.1" 200 -
23:53:53 "POST /collect HTTP/1.1" 200 -
23:53:54 "POST /collect HTTP/1.1" 200 -
23:53:54 "POST /collect HTTP/1.1" 200 -
23:53:54 "POST /collect HTTP/1.1" 200 -
23:53:55 "POST /collect HTTP/1.1" 200 -
23:53:55 "GET /roster HTTP/1.1" 200 -
23:53:55 "POST /collect HTTP/1.1" 200 -
23:53:55 "GET /roster HTTP/1.1" 200 -
23:53:55 "POST /collect HTTP/1.1" 200 -
23:53:55 "POST /collect HTTP/1.1" 200 -
23:53:56 "POST /collect HTTP/1.1" 200 -
23:53:56 "POST /collect HTTP/1.1" 200 -
23:53:56 "POST /collect HTTP/1.1" 200 -
23:53:56 "POST /collect HTTP/1.1" 200 -
23:53:56 "POST /collect HTTP/1.1" 200 -
23:53:56 "POST /collect HTTP/1.1" 200 -
23:53:56 "POST /collect HTTP/1.1" 200 -
23:53:56 "POST /collect HTTP/1.1" 200 -
23:53:56 "POST /collect HTTP/1.1" 200 -
23:53:56 "POST /collect HTTP/1.1" 200 -
23:53:56 "POST /collect HTTP/1.1" 200 -
23:53:57 "POST /collect HTTP/1.1" 200 -
23:53:57 "GET /roster HTTP/1.1" 200 -
23:53:57 "GET /roster HTTP/1.1" 200 -
23:53:57 "POST /collect HTTP/1.1" 200 -
23:53:57 "POST /collect HTTP/1.1" 200 -
23:53:57 "POST /collect HTTP/1.1" 200 -
23:53:57 "POST /collect HTTP/1.1" 200 -
23:53:58 "POST /collect HTTP/1.1" 200 -
23:53:58 "POST /collect HTTP/1.1" 200 -
23:53:59 "POST /collect HTTP/1.1" 200 -
23:53:59 "POST /collect HTTP/1.1" 200 -
23:53:59 "POST /collect HTTP/1.1" 200 -
23:53:59 "POST /collect HTTP/1.1" 200 -
23:53:59 "POST /collect HTTP/1.1" 200 -
23:53:59 "POST /collect HTTP/1.1" 200 -
23:53:59 "POST /collect HTTP/1.1" 200 -
23:53:59 "POST /collect HTTP/1.1" 200 -
23:53:59 "POST /collect HTTP/1.1" 200 -
23:53:59 "GET /roster HTTP/1.1" 200 -
23:53:59 "GET /roster HTTP/1.1" 200 -
23:53:59 "POST /collect HTTP/1.1" 200 -
23:53:59 "POST /collect HTTP/1.1" 200 -
23:53:59 "POST /collect HTTP/1.1" 200 -
23:53:59 "POST /collect HTTP/1.1" 200 -
23:54:00 "POST /collect HTTP/1.1" 200 -
23:54:00 "POST /collect HTTP/1.1" 200 -
23:54:00 "POST /collect HTTP/1.1" 200 -
23:54:01 "POST /collect HTTP/1.1" 200 -
23:54:01 "GET /roster HTTP/1.1" 200 -
23:54:01 "POST /collect HTTP/1.1" 200 -
23:54:01 "GET /roster HTTP/1.1" 200 -
23:54:01 "POST /collect HTTP/1.1" 200 -
23:54:01 "POST /collect HTTP/1.1" 200 -
23:54:02 "POST /collect HTTP/1.1" 200 -
23:54:02 "POST /collect HTTP/1.1" 200 -
23:54:02 "POST /collect HTTP/1.1" 200 -
23:54:02 "POST /collect HTTP/1.1" 200 -
23:54:02 "POST /collect HTTP/1.1" 200 -
23:54:02 "POST /collect HTTP/1.1" 200 -
23:54:02 "POST /collect HTTP/1.1" 200 -
23:54:02 "POST /collect HTTP/1.1" 200 -
23:54:02 "POST /collect HTTP/1.1" 200 -
23:54:02 "POST /collect HTTP/1.1" 200 -
23:54:02 "POST /collect HTTP/1.1" 200 -
23:54:03 "POST /collect HTTP/1.1" 200 -
23:54:03 "GET /roster HTTP/1.1" 200 -
23:54:03 "POST /collect HTTP/1.1" 200 -
23:54:03 "GET /roster HTTP/1.1" 200 -
23:54:03 "POST /collect HTTP/1.1" 200 -
23:54:03 "POST /collect HTTP/1.1" 200 -
23:54:03 "POST /collect HTTP/1.1" 200 -
23:54:04 "POST /collect HTTP/1.1" 200 -
23:54:04 "POST /collect HTTP/1.1" 200 -
23:54:05 "POST /collect HTTP/1.1" 200 -
23:54:05 "POST /collect HTTP/1.1" 200 -
23:54:05 "POST /collect HTTP/1.1" 200 -
23:54:05 "POST /collect HTTP/1.1" 200 -
23:54:05 "POST /collect HTTP/1.1" 200 -
23:54:05 "POST /collect HTTP/1.1" 200 -
23:54:05 "POST /collect HTTP/1.1" 200 -
23:54:05 "POST /collect HTTP/1.1" 200 -
23:54:05 "POST /collect HTTP/1.1" 200 -
23:54:05 "GET /roster HTTP/1.1" 200 -
23:54:05 "GET /roster HTTP/1.1" 200 -
23:54:05 "POST /collect HTTP/1.1" 200 -
23:54:05 "POST /collect HTTP/1.1" 200 -
23:54:05 "POST /collect HTTP/1.1" 200 -
23:54:05 "POST /collect HTTP/1.1" 200 -
23:54:05 "POST /collect HTTP/1.1" 200 -
23:54:06 "POST /collect HTTP/1.1" 200 -
23:54:06 "POST /collect HTTP/1.1" 200 -
23:54:06 "POST /collect HTTP/1.1" 200 -
23:54:07 "POST /collect HTTP/1.1" 200 -
23:54:07 "GET /roster HTTP/1.1" 200 -
23:54:07 "POST /collect HTTP/1.1" 200 -
23:54:07 "GET /roster HTTP/1.1" 200 -
23:54:07 "POST /collect HTTP/1.1" 200 -
23:54:07 "POST /collect HTTP/1.1" 200 -
23:54:08 "POST /collect HTTP/1.1" 200 -
23:54:08 "POST /collect HTTP/1.1" 200 -
23:54:08 "POST /collect HTTP/1.1" 200 -
23:54:08 "POST /collect HTTP/1.1" 200 -
23:54:08 "POST /collect HTTP/1.1" 200 -
23:54:08 "POST /collect HTTP/1.1" 200 -
23:54:08 "POST /collect HTTP/1.1" 200 -
23:54:08 "POST /collect HTTP/1.1" 200 -
23:54:08 "POST /collect HTTP/1.1" 200 -
23:54:08 "POST /collect HTTP/1.1" 200 -
23:54:08 "POST /collect HTTP/1.1" 200 -
23:54:09 "POST /collect HTTP/1.1" 200 -
23:54:09 "GET /roster HTTP/1.1" 200 -
23:54:09 "POST /collect HTTP/1.1" 200 -
23:54:09 "GET /roster HTTP/1.1" 200 -
23:54:09 "POST /collect HTTP/1.1" 200 -
23:54:09 "POST /collect HTTP/1.1" 200 -
23:54:09 "POST /collect HTTP/1.1" 200 -
23:54:10 "POST /collect HTTP/1.1" 200 -
23:54:10 "POST /collect HTTP/1.1" 200 -
23:54:11 "POST /collect HTTP/1.1" 200 -
23:54:11 "POST /collect HTTP/1.1" 200 -
23:54:11 "POST /collect HTTP/1.1" 200 -
23:54:11 "POST /collect HTTP/1.1" 200 -
23:54:11 "POST /collect HTTP/1.1" 200 -
23:54:11 "POST /collect HTTP/1.1" 200 -
23:54:11 "POST /collect HTTP/1.1" 200 -
23:54:11 "POST /collect HTTP/1.1" 200 -
23:54:11 "POST /collect HTTP/1.1" 200 -
23:54:11 "GET /roster HTTP/1.1" 200 -
23:54:11 "GET /roster HTTP/1.1" 200 -
23:54:11 "POST /collect HTTP/1.1" 200 -
23:54:11 "POST /collect HTTP/1.1" 200 -
23:54:11 "POST /collect HTTP/1.1" 200 -
23:54:11 "POST /collect HTTP/1.1" 200 -
23:54:12 "POST /collect HTTP/1.1" 200 -
23:54:12 "POST /collect HTTP/1.1" 200 -
23:54:12 "POST /collect HTTP/1.1" 200 -
23:54:13 "POST /collect HTTP/1.1" 200 -
23:54:13 "GET /roster HTTP/1.1" 200 -
23:54:13 "POST /collect HTTP/1.1" 200 -
23:54:13 "GET /roster HTTP/1.1" 200 -
23:54:13 "POST /collect HTTP/1.1" 200 -
23:54:13 "POST /collect HTTP/1.1" 200 -
23:54:14 "POST /collect HTTP/1.1" 200 -
23:54:14 "POST /collect HTTP/1.1" 200 -
23:54:14 "POST /collect HTTP/1.1" 200 -
23:54:14 "POST /collect HTTP/1.1" 200 -
23:54:14 "POST /collect HTTP/1.1" 200 -
23:54:14 "POST /collect HTTP/1.1" 200 -
23:54:14 "POST /collect HTTP/1.1" 200 -
23:54:14 "POST /collect HTTP/1.1" 200 -
23:54:14 "POST /collect HTTP/1.1" 200 -
23:54:14 "POST /collect HTTP/1.1" 200 -
23:54:14 "POST /collect HTTP/1.1" 200 -
23:54:15 "POST /collect HTTP/1.1" 200 -
23:54:15 "GET /roster HTTP/1.1" 200 -
23:54:15 "POST /collect HTTP/1.1" 200 -
23:54:15 "GET /roster HTTP/1.1" 200 -
23:54:15 "POST /collect HTTP/1.1" 200 -
23:54:15 "POST /collect HTTP/1.1" 200 -
23:54:15 "POST /collect HTTP/1.1" 200 -
23:54:16 "POST /collect HTTP/1.1" 200 -
23:54:16 "POST /collect HTTP/1.1" 200 -
23:54:17 "POST /collect HTTP/1.1" 200 -
23:54:17 "POST /collect HTTP/1.1" 200 -
23:54:17 "POST /collect HTTP/1.1" 200 -
23:54:17 "POST /collect HTTP/1.1" 200 -
23:54:17 "POST /collect HTTP/1.1" 200 -
23:54:17 "POST /collect HTTP/1.1" 200 -
23:54:17 "POST /collect HTTP/1.1" 200 -
23:54:17 "POST /collect HTTP/1.1" 200 -
23:54:17 "POST /collect HTTP/1.1" 200 -
23:54:17 "GET /roster HTTP/1.1" 200 -
23:54:17 "GET /roster HTTP/1.1" 200 -
23:54:17 "POST /collect HTTP/1.1" 200 -
23:54:17 "POST /collect HTTP/1.1" 200 -
23:54:17 "POST /collect HTTP/1.1" 200 -
23:54:17 "POST /collect HTTP/1.1" 200 -
23:54:18 "POST /collect HTTP/1.1" 200 -
23:54:18 "POST /collect HTTP/1.1" 200 -
23:54:18 "POST /collect HTTP/1.1" 200 -
23:54:19 "POST /collect HTTP/1.1" 200 -
23:54:19 "GET /roster HTTP/1.1" 200 -
23:54:19 "GET /roster HTTP/1.1" 200 -
23:54:19 "POST /collect HTTP/1.1" 200 -
23:54:19 "POST /collect HTTP/1.1" 200 -
23:54:19 "POST /collect HTTP/1.1" 200 -
23:54:20 "POST /collect HTTP/1.1" 200 -
23:54:20 "POST /collect HTTP/1.1" 200 -
23:54:20 "POST /collect HTTP/1.1" 200 -
23:54:20 "POST /collect HTTP/1.1" 200 -
23:54:20 "POST /collect HTTP/1.1" 200 -
23:54:20 "POST /collect HTTP/1.1" 200 -
23:54:20 "POST /collect HTTP/1.1" 200 -
23:54:20 "POST /collect HTTP/1.1" 200 -
23:54:20 "POST /collect HTTP/1.1" 200 -
23:54:20 "POST /collect HTTP/1.1" 200 -
23:54:20 "POST /collect HTTP/1.1" 200 -
23:54:20 "POST /collect HTTP/1.1" 200 -
23:54:21 "POST /collect HTTP/1.1" 200 -
23:54:21 "GET /roster HTTP/1.1" 200 -
23:54:21 "GET /roster HTTP/1.1" 200 -
23:54:21 "POST /collect HTTP/1.1" 200 -
23:54:21 "POST /collect HTTP/1.1" 200 -
23:54:21 "POST /collect HTTP/1.1" 200 -
23:54:21 "POST /collect HTTP/1.1" 200 -
23:54:22 "POST /collect HTTP/1.1" 200 -
23:54:22 "POST /collect HTTP/1.1" 200 -
23:54:23 "POST /collect HTTP/1.1" 200 -
23:54:23 "POST /collect HTTP/1.1" 200 -
23:54:23 "POST /collect HTTP/1.1" 200 -
23:54:23 "POST /collect HTTP/1.1" 200 -
23:54:23 "POST /collect HTTP/1.1" 200 -
23:54:23 "POST /collect HTTP/1.1" 200 -
23:54:23 "POST /collect HTTP/1.1" 200 -
23:54:23 "POST /collect HTTP/1.1" 200 -
23:54:23 "GET /roster HTTP/1.1" 200 -
23:54:23 "POST /collect HTTP/1.1" 200 -
23:54:23 "POST /collect HTTP/1.1" 200 -
23:54:23 "POST /collect HTTP/1.1" 200 -
23:54:23 "GET /roster HTTP/1.1" 200 -
23:54:23 "POST /collect HTTP/1.1" 200 -
23:54:23 "POST /collect HTTP/1.1" 200 -
23:54:24 "POST /collect HTTP/1.1" 200 -
23:54:24 "POST /collect HTTP/1.1" 200 -
23:54:24 "POST /collect HTTP/1.1" 200 -
23:54:25 "POST /collect HTTP/1.1" 200 -
23:54:25 "GET /roster HTTP/1.1" 200 -
23:54:25 "POST /collect HTTP/1.1" 200 -
23:54:25 "GET /roster HTTP/1.1" 200 -
23:54:25 "POST /collect HTTP/1.1" 200 -
23:54:25 "POST /collect HTTP/1.1" 200 -
23:54:26 "POST /collect HTTP/1.1" 200 -
23:54:26 "POST /collect HTTP/1.1" 200 -
23:54:26 "POST /collect HTTP/1.1" 200 -
23:54:26 "POST /collect HTTP/1.1" 200 -
23:54:26 "POST /collect HTTP/1.1" 200 -
23:54:26 "POST /collect HTTP/1.1" 200 -
23:54:26 "POST /collect HTTP/1.1" 200 -
23:54:26 "POST /collect HTTP/1.1" 200 -
23:54:26 "POST /collect HTTP/1.1" 200 -
23:54:26 "POST /collect HTTP/1.1" 200 -
23:54:26 "POST /collect HTTP/1.1" 200 -
23:54:27 "POST /collect HTTP/1.1" 200 -
23:54:27 "GET /roster HTTP/1.1" 200 -
23:54:27 "POST /collect HTTP/1.1" 200 -
23:54:27 "GET /roster HTTP/1.1" 200 -
23:54:27 "POST /collect HTTP/1.1" 200 -
23:54:27 "POST /collect HTTP/1.1" 200 -
23:54:27 "POST /collect HTTP/1.1" 200 -
23:54:28 "POST /collect HTTP/1.1" 200 -
23:54:28 "POST /collect HTTP/1.1" 200 -
23:54:29 "POST /collect HTTP/1.1" 200 -
23:54:29 "POST /collect HTTP/1.1" 200 -
23:54:29 "POST /collect HTTP/1.1" 200 -
23:54:29 "POST /collect HTTP/1.1" 200 -
23:54:29 "POST /collect HTTP/1.1" 200 -
23:54:29 "POST /collect HTTP/1.1" 200 -
23:54:29 "POST /collect HTTP/1.1" 200 -
23:54:29 "POST /collect HTTP/1.1" 200 -
23:54:29 "POST /collect HTTP/1.1" 200 -
23:54:29 "GET /roster HTTP/1.1" 200 -
23:54:29 "POST /collect HTTP/1.1" 200 -
23:54:29 "GET /roster HTTP/1.1" 200 -
23:54:29 "POST /collect HTTP/1.1" 200 -
23:54:29 "POST /collect HTTP/1.1" 200 -
23:54:29 "POST /collect HTTP/1.1" 200 -
23:54:30 "POST /collect HTTP/1.1" 200 -
23:54:30 "POST /collect HTTP/1.1" 200 -
23:54:30 "POST /collect HTTP/1.1" 200 -
23:54:30 "POST /collect HTTP/1.1" 200 -
23:54:31 "POST /collect HTTP/1.1" 200 -
23:54:31 "GET /roster HTTP/1.1" 200 -
23:54:31 "POST /collect HTTP/1.1" 200 -
23:54:31 "GET /roster HTTP/1.1" 200 -
23:54:31 "POST /collect HTTP/1.1" 200 -
23:54:31 "POST /collect HTTP/1.1" 200 -
23:54:32 "POST /collect HTTP/1.1" 200 -
23:54:32 "POST /collect HTTP/1.1" 200 -
23:54:32 "POST /collect HTTP/1.1" 200 -
23:54:32 "POST /collect HTTP/1.1" 200 -
23:54:32 "POST /collect HTTP/1.1" 200 -
23:54:32 "POST /collect HTTP/1.1" 200 -
23:54:32 "POST /collect HTTP/1.1" 200 -
23:54:32 "POST /collect HTTP/1.1" 200 -
23:54:32 "POST /collect HTTP/1.1" 200 -
23:54:32 "POST /collect HTTP/1.1" 200 -
