m2m server on :8896, results -> /Users/s32863/personal/elektron/results/m2m-churn-happy.jsonl, app 8c2a974b…
05:58:22 "GET /roster HTTP/1.1" 200 -
05:58:23 "GET /roster HTTP/1.1" 200 -
05:58:23 "POST /reset HTTP/1.1" 200 -
05:58:24 "GET /room-churn.html?id=1&n=6&mode=full&hold=1&cb=1787713104001 HTTP/1.1" 200 -
05:58:24 code 404, message File not found
05:58:24 "GET /favicon.ico HTTP/1.1" 404 -
05:58:24 "GET /room-churn.html?id=2&n=6&mode=full&hold=1&cb=1787713104474 HTTP/1.1" 200 -
05:58:24 code 404, message File not found
05:58:24 "GET /favicon.ico HTTP/1.1" 404 -
05:58:24 "GET /room-churn.html?id=A&n=6&mode=pub&hold=1&cb=1787713104934 HTTP/1.1" 200 -
05:58:24 code 404, message File not found
05:58:24 "GET /favicon.ico HTTP/1.1" 404 -
05:58:25 "GET /room-churn.html?id=B&n=6&mode=pub&hold=1&cb=1787713105451 HTTP/1.1" 200 -
05:58:25 code 404, message File not found
05:58:25 "GET /favicon.ico HTTP/1.1" 404 -
05:58:25 "GET /room-churn.html?id=C&n=6&mode=pub&hold=1&cb=1787713105963 HTTP/1.1" 200 -
05:58:26 code 404, message File not found
05:58:26 "GET /favicon.ico HTTP/1.1" 404 -
05:58:26 "GET /room-churn.html?id=D&n=6&mode=pub&hold=1&cb=1787713106465 HTTP/1.1" 200 -
05:58:26 code 404, message File not found
05:58:26 "GET /favicon.ico HTTP/1.1" 404 -
05:58:26 "POST /collect HTTP/1.1" 200 -
05:58:26 "POST /collect HTTP/1.1" 200 -
05:58:26 "POST /collect HTTP/1.1" 200 -
05:58:26 "POST /collect HTTP/1.1" 200 -
05:58:26 "POST /collect HTTP/1.1" 200 -
05:58:26 "POST /collect HTTP/1.1" 200 -
05:58:26 "POST /collect HTTP/1.1" 200 -
05:58:26 CF POST /sessions/new -> 201 (288 ms)
05:58:26 "POST /cf/sessions/new HTTP/1.1" 201 -
05:58:26 CF POST /sessions/new -> 201 (295 ms)
05:58:26 "POST /cf/sessions/new HTTP/1.1" 201 -
05:58:26 CF POST /sessions/new -> 201 (299 ms)
05:58:26 "POST /cf/sessions/new HTTP/1.1" 201 -
05:58:27 CF POST /sessions/new -> 201 (358 ms)
05:58:27 "POST /cf/sessions/new HTTP/1.1" 201 -
05:58:27 CF POST /sessions/new -> 201 (357 ms)
05:58:27 "POST /cf/sessions/new HTTP/1.1" 201 -
05:58:27 CF POST /sessions/new -> 201 (185 ms)
05:58:27 "POST /cf/sessions/new HTTP/1.1" 201 -
05:58:27 CF POST /sessions/d36da63e860a0e9b7c1110a248646571030d3c4f4918df92ff1ce02d5d823194/tracks/new -> 200 (338 ms)
05:58:27 "POST /cf/sessions/d36da63e860a0e9b7c1110a248646571030d3c4f4918df92ff1ce02d5d823194/tracks/new HTTP/1.1" 200 -
05:58:27 CF POST /sessions/89357131b1a36e52d2d95f292e6a1498b64973bac6a4f672e0432aa5141dcc1f/tracks/new -> 200 (401 ms)
05:58:27 CF POST /sessions/38120bf5aa749fc485493dd264c94bbf7d3acc2eb74d439a4ae0eda306cde0ee/tracks/new -> 200 (402 ms)
05:58:27 "POST /cf/sessions/38120bf5aa749fc485493dd264c94bbf7d3acc2eb74d439a4ae0eda306cde0ee/tracks/new HTTP/1.1" 200 -
05:58:27 CF POST /sessions/80837c8651a0b0a5a3a077a555a046d88a4bdd75f08a6a0ca64488a1b2b07bcb/tracks/new -> 200 (339 ms)
05:58:27 "POST /cf/sessions/89357131b1a36e52d2d95f292e6a1498b64973bac6a4f672e0432aa5141dcc1f/tracks/new HTTP/1.1" 200 -
05:58:27 "POST /cf/sessions/80837c8651a0b0a5a3a077a555a046d88a4bdd75f08a6a0ca64488a1b2b07bcb/tracks/new HTTP/1.1" 200 -
05:58:27 CF POST /sessions/27aab2566e81f002b796e2f4a7a1f25d548bffb7b4f176f185114946875b06ea/tracks/new -> 200 (397 ms)
05:58:27 "POST /cf/sessions/27aab2566e81f002b796e2f4a7a1f25d548bffb7b4f176f185114946875b06ea/tracks/new HTTP/1.1" 200 -
05:58:27 "POST /collect HTTP/1.1" 200 -
05:58:27 "POST /collect HTTP/1.1" 200 -
05:58:27 "POST /collect HTTP/1.1" 200 -
05:58:27 "POST /collect HTTP/1.1" 200 -
05:58:27 "POST /collect HTTP/1.1" 200 -
05:58:27 "POST /collect HTTP/1.1" 200 -
05:58:27 CF POST /sessions/090fcc586cc9427cb47de3c01f1e731122d0710445c3b1443543be2a8bdfa8ce/tracks/new -> 200 (318 ms)
05:58:27 "POST /cf/sessions/090fcc586cc9427cb47de3c01f1e731122d0710445c3b1443543be2a8bdfa8ce/tracks/new HTTP/1.1" 200 -
05:58:27 "POST /collect HTTP/1.1" 200 -
05:58:27 "POST /collect HTTP/1.1" 200 -
05:58:27 "POST /collect HTTP/1.1" 200 -
05:58:27 "POST /collect HTTP/1.1" 200 -
05:58:27 "POST /collect HTTP/1.1" 200 -
05:58:27 "POST /collect HTTP/1.1" 200 -
05:58:27 "POST /collect HTTP/1.1" 200 -
05:58:27 "POST /collect HTTP/1.1" 200 -
05:58:27 "POST /collect HTTP/1.1" 200 -
05:58:27 "POST /collect HTTP/1.1" 200 -
05:58:27 "POST /collect HTTP/1.1" 200 -
05:58:27 "POST /collect HTTP/1.1" 200 -
05:58:27 "POST /join HTTP/1.1" 200 -
05:58:27 "POST /collect HTTP/1.1" 200 -
05:58:27 "POST /collect HTTP/1.1" 200 -
05:58:27 "POST /join HTTP/1.1" 200 -
05:58:27 "POST /collect HTTP/1.1" 200 -
05:58:27 "POST /join HTTP/1.1" 200 -
05:58:27 "POST /join HTTP/1.1" 200 -
05:58:27 "POST /collect HTTP/1.1" 200 -
05:58:27 "GET /roster HTTP/1.1" 200 -
05:58:27 "POST /collect HTTP/1.1" 200 -
05:58:27 "POST /collect HTTP/1.1" 200 -
05:58:27 "POST /collect HTTP/1.1" 200 -
05:58:27 "POST /collect HTTP/1.1" 200 -
05:58:27 "POST /join HTTP/1.1" 200 -
05:58:27 "GET /roster HTTP/1.1" 200 -
05:58:27 "POST /collect HTTP/1.1" 200 -
05:58:27 "POST /collect HTTP/1.1" 200 -
05:58:28 CF POST /sessions/89357131b1a36e52d2d95f292e6a1498b64973bac6a4f672e0432aa5141dcc1f/tracks/new -> 200 (267 ms)
05:58:28 "POST /cf/sessions/89357131b1a36e52d2d95f292e6a1498b64973bac6a4f672e0432aa5141dcc1f/tracks/new HTTP/1.1" 200 -
05:58:28 CF POST /sessions/38120bf5aa749fc485493dd264c94bbf7d3acc2eb74d439a4ae0eda306cde0ee/tracks/new -> 200 (246 ms)
05:58:28 "POST /cf/sessions/38120bf5aa749fc485493dd264c94bbf7d3acc2eb74d439a4ae0eda306cde0ee/tracks/new HTTP/1.1" 200 -
05:58:28 CF PUT /sessions/89357131b1a36e52d2d95f292e6a1498b64973bac6a4f672e0432aa5141dcc1f/renegotiate -> 200 (149 ms)
05:58:28 "PUT /cf/sessions/89357131b1a36e52d2d95f292e6a1498b64973bac6a4f672e0432aa5141dcc1f/renegotiate HTTP/1.1" 200 -
05:58:28 CF PUT /sessions/38120bf5aa749fc485493dd264c94bbf7d3acc2eb74d439a4ae0eda306cde0ee/renegotiate -> 200 (149 ms)
05:58:28 "PUT /cf/sessions/38120bf5aa749fc485493dd264c94bbf7d3acc2eb74d439a4ae0eda306cde0ee/renegotiate HTTP/1.1" 200 -
05:58:28 "POST /collect HTTP/1.1" 200 -
05:58:28 "POST /collect HTTP/1.1" 200 -
05:58:28 "POST /collect HTTP/1.1" 200 -
05:58:28 "POST /collect HTTP/1.1" 200 -
05:58:28 "POST /collect HTTP/1.1" 200 -
05:58:28 "POST /collect HTTP/1.1" 200 -
05:58:28 CF POST /sessions/38120bf5aa749fc485493dd264c94bbf7d3acc2eb74d439a4ae0eda306cde0ee/tracks/new -> 200 (262 ms)
05:58:28 "POST /cf/sessions/38120bf5aa749fc485493dd264c94bbf7d3acc2eb74d439a4ae0eda306cde0ee/tracks/new HTTP/1.1" 200 -
05:58:28 "POST /collect HTTP/1.1" 200 -
05:58:28 CF POST /sessions/89357131b1a36e52d2d95f292e6a1498b64973bac6a4f672e0432aa5141dcc1f/tracks/new -> 200 (302 ms)
05:58:28 "POST /cf/sessions/89357131b1a36e52d2d95f292e6a1498b64973bac6a4f672e0432aa5141dcc1f/tracks/new HTTP/1.1" 200 -
05:58:28 CF PUT /sessions/38120bf5aa749fc485493dd264c94bbf7d3acc2eb74d439a4ae0eda306cde0ee/renegotiate -> 200 (162 ms)
05:58:28 "PUT /cf/sessions/38120bf5aa749fc485493dd264c94bbf7d3acc2eb74d439a4ae0eda306cde0ee/renegotiate HTTP/1.1" 200 -
05:58:28 CF PUT /sessions/89357131b1a36e52d2d95f292e6a1498b64973bac6a4f672e0432aa5141dcc1f/renegotiate -> 200 (127 ms)
05:58:28 "PUT /cf/sessions/89357131b1a36e52d2d95f292e6a1498b64973bac6a4f672e0432aa5141dcc1f/renegotiate HTTP/1.1" 200 -
05:58:28 "POST /collect HTTP/1.1" 200 -
05:58:28 "POST /collect HTTP/1.1" 200 -
05:58:28 "POST /collect HTTP/1.1" 200 -
05:58:28 "POST /collect HTTP/1.1" 200 -
05:58:28 "POST /collect HTTP/1.1" 200 -
05:58:28 "POST /collect HTTP/1.1" 200 -
05:58:28 CF POST /sessions/89357131b1a36e52d2d95f292e6a1498b64973bac6a4f672e0432aa5141dcc1f/tracks/new -> 200 (183 ms)
05:58:28 "POST /cf/sessions/89357131b1a36e52d2d95f292e6a1498b64973bac6a4f672e0432aa5141dcc1f/tracks/new HTTP/1.1" 200 -
05:58:28 "POST /join HTTP/1.1" 200 -
05:58:28 "POST /collect HTTP/1.1" 200 -
05:58:28 "POST /collect HTTP/1.1" 200 -
05:58:28 CF POST /sessions/38120bf5aa749fc485493dd264c94bbf7d3acc2eb74d439a4ae0eda306cde0ee/tracks/new -> 200 (259 ms)
05:58:28 "POST /cf/sessions/38120bf5aa749fc485493dd264c94bbf7d3acc2eb74d439a4ae0eda306cde0ee/tracks/new HTTP/1.1" 200 -
05:58:29 CF PUT /sessions/89357131b1a36e52d2d95f292e6a1498b64973bac6a4f672e0432aa5141dcc1f/renegotiate -> 200 (158 ms)
05:58:29 "PUT /cf/sessions/89357131b1a36e52d2d95f292e6a1498b64973bac6a4f672e0432aa5141dcc1f/renegotiate HTTP/1.1" 200 -
05:58:29 "POST /collect HTTP/1.1" 200 -
05:58:29 "POST /collect HTTP/1.1" 200 -
05:58:29 CF PUT /sessions/38120bf5aa749fc485493dd264c94bbf7d3acc2eb74d439a4ae0eda306cde0ee/renegotiate -> 200 (135 ms)
05:58:29 "PUT /cf/sessions/38120bf5aa749fc485493dd264c94bbf7d3acc2eb74d439a4ae0eda306cde0ee/renegotiate HTTP/1.1" 200 -
05:58:29 "POST /collect HTTP/1.1" 200 -
05:58:29 "POST /collect HTTP/1.1" 200 -
05:58:29 "POST /collect HTTP/1.1" 200 -
05:58:29 "POST /collect HTTP/1.1" 200 -
05:58:29 "POST /collect HTTP/1.1" 200 -
05:58:29 CF POST /sessions/38120bf5aa749fc485493dd264c94bbf7d3acc2eb74d439a4ae0eda306cde0ee/tracks/new -> 200 (241 ms)
05:58:29 "POST /cf/sessions/38120bf5aa749fc485493dd264c94bbf7d3acc2eb74d439a4ae0eda306cde0ee/tracks/new HTTP/1.1" 200 -
05:58:29 CF PUT /sessions/38120bf5aa749fc485493dd264c94bbf7d3acc2eb74d439a4ae0eda306cde0ee/renegotiate -> 200 (151 ms)
05:58:29 "PUT /cf/sessions/38120bf5aa749fc485493dd264c94bbf7d3acc2eb74d439a4ae0eda306cde0ee/renegotiate HTTP/1.1" 200 -
05:58:29 "POST /collect HTTP/1.1" 200 -
05:58:29 "POST /collect HTTP/1.1" 200 -
05:58:29 "POST /collect HTTP/1.1" 200 -
05:58:29 "POST /collect HTTP/1.1" 200 -
05:58:29 "GET /roster HTTP/1.1" 200 -
05:58:29 "GET /roster HTTP/1.1" 200 -
05:58:29 "POST /collect HTTP/1.1" 200 -
05:58:29 "POST /collect HTTP/1.1" 200 -
05:58:29 CF POST /sessions/89357131b1a36e52d2d95f292e6a1498b64973bac6a4f672e0432aa5141dcc1f/tracks/new -> 200 (184 ms)
05:58:29 "POST /cf/sessions/89357131b1a36e52d2d95f292e6a1498b64973bac6a4f672e0432aa5141dcc1f/tracks/new HTTP/1.1" 200 -
05:58:30 CF POST /sessions/38120bf5aa749fc485493dd264c94bbf7d3acc2eb74d439a4ae0eda306cde0ee/tracks/new -> 200 (262 ms)
05:58:30 "POST /cf/sessions/38120bf5aa749fc485493dd264c94bbf7d3acc2eb74d439a4ae0eda306cde0ee/tracks/new HTTP/1.1" 200 -
05:58:30 "POST /collect HTTP/1.1" 200 -
05:58:30 CF PUT /sessions/89357131b1a36e52d2d95f292e6a1498b64973bac6a4f672e0432aa5141dcc1f/renegotiate -> 200 (145 ms)
05:58:30 "PUT /cf/sessions/89357131b1a36e52d2d95f292e6a1498b64973bac6a4f672e0432aa5141dcc1f/renegotiate HTTP/1.1" 200 -
05:58:30 "POST /collect HTTP/1.1" 200 -
05:58:30 "POST /collect HTTP/1.1" 200 -
05:58:30 CF PUT /sessions/38120bf5aa749fc485493dd264c94bbf7d3acc2eb74d439a4ae0eda306cde0ee/renegotiate -> 200 (129 ms)
05:58:30 "PUT /cf/sessions/38120bf5aa749fc485493dd264c94bbf7d3acc2eb74d439a4ae0eda306cde0ee/renegotiate HTTP/1.1" 200 -
05:58:30 "POST /collect HTTP/1.1" 200 -
05:58:30 "POST /collect HTTP/1.1" 200 -
05:58:30 "POST /collect HTTP/1.1" 200 -
05:58:30 CF POST /sessions/89357131b1a36e52d2d95f292e6a1498b64973bac6a4f672e0432aa5141dcc1f/tracks/new -> 200 (166 ms)
05:58:30 "POST /cf/sessions/89357131b1a36e52d2d95f292e6a1498b64973bac6a4f672e0432aa5141dcc1f/tracks/new HTTP/1.1" 200 -
05:58:30 "POST /collect HTTP/1.1" 200 -
05:58:30 CF PUT /sessions/89357131b1a36e52d2d95f292e6a1498b64973bac6a4f672e0432aa5141dcc1f/renegotiate -> 200 (191 ms)
05:58:30 "PUT /cf/sessions/89357131b1a36e52d2d95f292e6a1498b64973bac6a4f672e0432aa5141dcc1f/renegotiate HTTP/1.1" 200 -
05:58:30 "POST /collect HTTP/1.1" 200 -
05:58:30 "POST /collect HTTP/1.1" 200 -
05:58:30 "POST /collect HTTP/1.1" 200 -
05:58:30 "POST /collect HTTP/1.1" 200 -
05:58:30 "POST /collect HTTP/1.1" 200 -
05:58:30 "POST /collect HTTP/1.1" 200 -
05:58:31 "POST /collect HTTP/1.1" 200 -
05:58:31 "POST /collect HTTP/1.1" 200 -
05:58:31 "POST /collect HTTP/1.1" 200 -
05:58:31 "GET /roster HTTP/1.1" 200 -
05:58:31 "GET /roster HTTP/1.1" 200 -
05:58:31 "POST /collect HTTP/1.1" 200 -
05:58:31 "POST /collect HTTP/1.1" 200 -
05:58:31 "POST /collect HTTP/1.1" 200 -
05:58:32 "POST /collect HTTP/1.1" 200 -
05:58:32 "POST /collect HTTP/1.1" 200 -
05:58:32 "POST /collect HTTP/1.1" 200 -
05:58:33 "POST /collect HTTP/1.1" 200 -
05:58:33 "POST /collect HTTP/1.1" 200 -
05:58:33 "POST /collect HTTP/1.1" 200 -
05:58:33 "GET /roster HTTP/1.1" 200 -
05:58:33 "GET /roster HTTP/1.1" 200 -
05:58:33 "POST /collect HTTP/1.1" 200 -
05:58:33 "POST /collect HTTP/1.1" 200 -
05:58:33 "POST /collect HTTP/1.1" 200 -
05:58:33 "POST /collect HTTP/1.1" 200 -
05:58:34 "POST /collect HTTP/1.1" 200 -
05:58:34 "POST /collect HTTP/1.1" 200 -
05:58:34 "POST /collect HTTP/1.1" 200 -
05:58:35 "POST /collect HTTP/1.1" 200 -
05:58:35 "POST /collect HTTP/1.1" 200 -
05:58:35 "GET /roster HTTP/1.1" 200 -
05:58:35 "POST /collect HTTP/1.1" 200 -
05:58:35 "GET /roster HTTP/1.1" 200 -
05:58:35 "POST /collect HTTP/1.1" 200 -
05:58:36 "POST /collect HTTP/1.1" 200 -
05:58:36 "POST /collect HTTP/1.1" 200 -
05:58:36 "POST /collect HTTP/1.1" 200 -
05:58:36 "POST /collect HTTP/1.1" 200 -
05:58:36 "POST /collect HTTP/1.1" 200 -
05:58:37 "POST /collect HTTP/1.1" 200 -
05:58:37 "POST /collect HTTP/1.1" 200 -
05:58:37 "POST /collect HTTP/1.1" 200 -
05:58:37 "GET /roster HTTP/1.1" 200 -
05:58:37 "GET /roster HTTP/1.1" 200 -
05:58:37 "POST /collect HTTP/1.1" 200 -
05:58:37 "POST /collect HTTP/1.1" 200 -
05:58:37 "POST /collect HTTP/1.1" 200 -
05:58:38 "POST /collect HTTP/1.1" 200 -
05:58:38 "POST /collect HTTP/1.1" 200 -
05:58:39 "POST /collect HTTP/1.1" 200 -
05:58:39 "POST /collect HTTP/1.1" 200 -
05:58:39 "POST /collect HTTP/1.1" 200 -
05:58:39 "GET /roster HTTP/1.1" 200 -
05:58:39 "POST /collect HTTP/1.1" 200 -
05:58:39 "POST /collect HTTP/1.1" 200 -
05:58:39 "GET /roster HTTP/1.1" 200 -
05:58:39 "POST /collect HTTP/1.1" 200 -
05:58:39 "POST /collect HTTP/1.1" 200 -
05:58:40 "POST /collect HTTP/1.1" 200 -
05:58:40 "POST /collect HTTP/1.1" 200 -
05:58:40 "POST /collect HTTP/1.1" 200 -
05:58:41 "POST /collect HTTP/1.1" 200 -
05:58:41 "POST /collect HTTP/1.1" 200 -
05:58:41 "GET /roster HTTP/1.1" 200 -
05:58:41 "POST /collect HTTP/1.1" 200 -
05:58:41 "GET /roster HTTP/1.1" 200 -
05:58:41 "POST /collect HTTP/1.1" 200 -
05:58:42 "POST /collect HTTP/1.1" 200 -
05:58:42 "POST /collect HTTP/1.1" 200 -
05:58:42 "POST /collect HTTP/1.1" 200 -
05:58:42 "POST /collect HTTP/1.1" 200 -
05:58:42 "POST /collect HTTP/1.1" 200 -
05:58:43 "POST /collect HTTP/1.1" 200 -
05:58:43 "POST /collect HTTP/1.1" 200 -
05:58:43 "GET /roster HTTP/1.1" 200 -
05:58:43 "POST /collect HTTP/1.1" 200 -
05:58:43 "GET /roster HTTP/1.1" 200 -
05:58:43 "POST /collect HTTP/1.1" 200 -
05:58:43 "POST /collect HTTP/1.1" 200 -
05:58:44 "POST /collect HTTP/1.1" 200 -
05:58:44 "POST /collect HTTP/1.1" 200 -
05:58:45 "POST /collect HTTP/1.1" 200 -
05:58:45 "POST /collect HTTP/1.1" 200 -
05:58:45 "POST /collect HTTP/1.1" 200 -
05:58:45 "GET /roster HTTP/1.1" 200 -
05:58:45 "POST /collect HTTP/1.1" 200 -
05:58:45 "GET /roster HTTP/1.1" 200 -
05:58:45 "POST /collect HTTP/1.1" 200 -
05:58:45 "POST /collect HTTP/1.1" 200 -
05:58:45 "POST /collect HTTP/1.1" 200 -
05:58:46 "POST /collect HTTP/1.1" 200 -
05:58:46 "POST /collect HTTP/1.1" 200 -
05:58:46 "POST /collect HTTP/1.1" 200 -
05:58:47 "POST /collect HTTP/1.1" 200 -
05:58:47 "POST /collect HTTP/1.1" 200 -
05:58:47 "GET /roster HTTP/1.1" 200 -
05:58:47 "POST /collect HTTP/1.1" 200 -
05:58:47 "GET /roster HTTP/1.1" 200 -
05:58:47 "POST /collect HTTP/1.1" 200 -
05:58:48 "POST /collect HTTP/1.1" 200 -
05:58:48 "POST /collect HTTP/1.1" 200 -
05:58:48 "POST /collect HTTP/1.1" 200 -
05:58:48 "POST /collect HTTP/1.1" 200 -
05:58:48 "POST /collect HTTP/1.1" 200 -
05:58:49 "POST /collect HTTP/1.1" 200 -
05:58:49 "POST /collect HTTP/1.1" 200 -
05:58:49 "GET /roster HTTP/1.1" 200 -
05:58:49 "POST /collect HTTP/1.1" 200 -
05:58:49 "GET /roster HTTP/1.1" 200 -
05:58:49 "POST /collect HTTP/1.1" 200 -
05:58:49 "POST /collect HTTP/1.1" 200 -
05:58:50 "POST /collect HTTP/1.1" 200 -
05:58:50 "POST /collect HTTP/1.1" 200 -
05:58:51 "POST /collect HTTP/1.1" 200 -
05:58:51 "POST /collect HTTP/1.1" 200 -
05:58:51 "POST /collect HTTP/1.1" 200 -
05:58:51 "GET /roster HTTP/1.1" 200 -
05:58:51 "POST /collect HTTP/1.1" 200 -
05:58:51 "POST /collect HTTP/1.1" 200 -
05:58:51 "GET /roster HTTP/1.1" 200 -
05:58:51 "POST /collect HTTP/1.1" 200 -
05:58:51 "POST /collect HTTP/1.1" 200 -
05:58:52 "POST /collect HTTP/1.1" 200 -
05:58:52 "POST /collect HTTP/1.1" 200 -
05:58:52 "POST /collect HTTP/1.1" 200 -
05:58:53 "POST /collect HTTP/1.1" 200 -
05:58:53 "POST /collect HTTP/1.1" 200 -
05:58:53 "GET /roster HTTP/1.1" 200 -
05:58:53 "POST /collect HTTP/1.1" 200 -
05:58:53 "GET /roster HTTP/1.1" 200 -
05:58:53 "POST /collect HTTP/1.1" 200 -
05:58:54 "POST /collect HTTP/1.1" 200 -
05:58:54 "POST /collect HTTP/1.1" 200 -
05:58:54 "POST /collect HTTP/1.1" 200 -
05:58:54 "POST /collect HTTP/1.1" 200 -
05:58:54 "POST /collect HTTP/1.1" 200 -
05:58:55 "POST /collect HTTP/1.1" 200 -
05:58:55 "POST /collect HTTP/1.1" 200 -
05:58:55 "GET /roster HTTP/1.1" 200 -
05:58:55 "POST /collect HTTP/1.1" 200 -
05:58:55 "GET /roster HTTP/1.1" 200 -
05:58:55 "POST /collect HTTP/1.1" 200 -
05:58:55 "POST /collect HTTP/1.1" 200 -
05:58:56 "POST /collect HTTP/1.1" 200 -
05:58:56 "POST /collect HTTP/1.1" 200 -
05:58:57 "POST /collect HTTP/1.1" 200 -
05:58:57 "POST /collect HTTP/1.1" 200 -
05:58:57 "POST /collect HTTP/1.1" 200 -
05:58:57 "GET /roster HTTP/1.1" 200 -
05:58:57 "POST /collect HTTP/1.1" 200 -
05:58:57 "GET /roster HTTP/1.1" 200 -
05:58:57 "POST /collect HTTP/1.1" 200 -
05:58:57 "POST /collect HTTP/1.1" 200 -
05:58:57 "POST /collect HTTP/1.1" 200 -
05:58:58 "POST /collect HTTP/1.1" 200 -
05:58:58 "POST /collect HTTP/1.1" 200 -
05:58:58 "POST /collect HTTP/1.1" 200 -
05:58:59 "POST /collect HTTP/1.1" 200 -
05:58:59 "POST /collect HTTP/1.1" 200 -
05:58:59 "GET /roster HTTP/1.1" 200 -
05:58:59 "POST /collect HTTP/1.1" 200 -
05:58:59 "GET /roster HTTP/1.1" 200 -
05:58:59 "POST /collect HTTP/1.1" 200 -
05:59:00 "POST /collect HTTP/1.1" 200 -
05:59:00 "POST /collect HTTP/1.1" 200 -
05:59:00 "POST /collect HTTP/1.1" 200 -
05:59:00 "POST /collect HTTP/1.1" 200 -
05:59:00 "POST /collect HTTP/1.1" 200 -
05:59:01 "POST /collect HTTP/1.1" 200 -
05:59:01 "POST /collect HTTP/1.1" 200 -
05:59:01 "GET /roster HTTP/1.1" 200 -
05:59:01 "POST /collect HTTP/1.1" 200 -
05:59:01 "GET /roster HTTP/1.1" 200 -
05:59:01 "POST /collect HTTP/1.1" 200 -
05:59:01 "POST /collect HTTP/1.1" 200 -
05:59:02 "POST /collect HTTP/1.1" 200 -
05:59:02 "POST /collect HTTP/1.1" 200 -
05:59:03 "POST /collect HTTP/1.1" 200 -
05:59:03 "POST /collect HTTP/1.1" 200 -
05:59:03 "POST /collect HTTP/1.1" 200 -
05:59:03 "GET /roster HTTP/1.1" 200 -
05:59:03 "POST /collect HTTP/1.1" 200 -
05:59:03 "POST /collect HTTP/1.1" 200 -
05:59:03 "GET /roster HTTP/1.1" 200 -
05:59:03 "POST /collect HTTP/1.1" 200 -
05:59:03 "POST /collect HTTP/1.1" 200 -
05:59:04 "POST /collect HTTP/1.1" 200 -
05:59:04 "POST /collect HTTP/1.1" 200 -
05:59:04 "POST /collect HTTP/1.1" 200 -
05:59:05 "POST /collect HTTP/1.1" 200 -
05:59:05 "POST /collect HTTP/1.1" 200 -
05:59:05 "GET /roster HTTP/1.1" 200 -
05:59:05 "POST /collect HTTP/1.1" 200 -
05:59:05 "GET /roster HTTP/1.1" 200 -
05:59:05 "POST /collect HTTP/1.1" 200 -
05:59:06 "POST /collect HTTP/1.1" 200 -
05:59:06 "POST /collect HTTP/1.1" 200 -
05:59:06 "POST /collect HTTP/1.1" 200 -
05:59:06 "POST /collect HTTP/1.1" 200 -
05:59:06 "POST /collect HTTP/1.1" 200 -
05:59:07 "POST /collect HTTP/1.1" 200 -
05:59:07 "POST /collect HTTP/1.1" 200 -
05:59:07 "GET /roster HTTP/1.1" 200 -
05:59:07 "POST /collect HTTP/1.1" 200 -
05:59:07 "GET /roster HTTP/1.1" 200 -
05:59:07 "POST /collect HTTP/1.1" 200 -
05:59:07 "POST /collect HTTP/1.1" 200 -
05:59:08 "POST /collect HTTP/1.1" 200 -
05:59:08 "POST /collect HTTP/1.1" 200 -
05:59:09 "POST /collect HTTP/1.1" 200 -
05:59:09 "POST /collect HTTP/1.1" 200 -
05:59:09 "POST /collect HTTP/1.1" 200 -
05:59:09 "GET /roster HTTP/1.1" 200 -
05:59:09 "GET /roster HTTP/1.1" 200 -
05:59:09 "POST /collect HTTP/1.1" 200 -
05:59:09 "POST /collect HTTP/1.1" 200 -
05:59:09 "POST /collect HTTP/1.1" 200 -
05:59:09 "POST /collect HTTP/1.1" 200 -
05:59:10 "POST /collect HTTP/1.1" 200 -
05:59:10 "POST /collect HTTP/1.1" 200 -
05:59:10 "POST /collect HTTP/1.1" 200 -
05:59:11 "POST /collect HTTP/1.1" 200 -
05:59:11 "POST /collect HTTP/1.1" 200 -
05:59:11 "GET /roster HTTP/1.1" 200 -
05:59:11 "GET /roster HTTP/1.1" 200 -
05:59:11 "POST /collect HTTP/1.1" 200 -
05:59:11 "POST /collect HTTP/1.1" 200 -
05:59:12 "POST /collect HTTP/1.1" 200 -
05:59:12 "POST /collect HTTP/1.1" 200 -
05:59:12 "POST /collect HTTP/1.1" 200 -
05:59:12 "POST /collect HTTP/1.1" 200 -
05:59:12 "POST /collect HTTP/1.1" 200 -
05:59:13 "POST /collect HTTP/1.1" 200 -
05:59:13 "POST /collect HTTP/1.1" 200 -
05:59:13 "GET /roster HTTP/1.1" 200 -
05:59:13 "GET /roster HTTP/1.1" 200 -
05:59:13 "POST /collect HTTP/1.1" 200 -
05:59:13 "POST /collect HTTP/1.1" 200 -
05:59:13 "POST /collect HTTP/1.1" 200 -
05:59:14 "POST /collect HTTP/1.1" 200 -
05:59:14 "POST /collect HTTP/1.1" 200 -
05:59:15 "POST /collect HTTP/1.1" 200 -
05:59:15 "POST /collect HTTP/1.1" 200 -
05:59:15 "POST /collect HTTP/1.1" 200 -
05:59:15 "GET /roster HTTP/1.1" 200 -
05:59:15 "POST /collect HTTP/1.1" 200 -
05:59:15 "GET /roster HTTP/1.1" 200 -
05:59:15 "POST /collect HTTP/1.1" 200 -
05:59:15 "POST /collect HTTP/1.1" 200 -
05:59:15 "POST /collect HTTP/1.1" 200 -
05:59:16 "POST /collect HTTP/1.1" 200 -
05:59:16 "POST /collect HTTP/1.1" 200 -
05:59:16 "POST /collect HTTP/1.1" 200 -
05:59:17 "POST /collect HTTP/1.1" 200 -
05:59:17 "POST /collect HTTP/1.1" 200 -
05:59:17 "GET /roster HTTP/1.1" 200 -
05:59:17 "POST /collect HTTP/1.1" 200 -
05:59:17 "GET /roster HTTP/1.1" 200 -
05:59:17 "POST /collect HTTP/1.1" 200 -
05:59:18 "POST /collect HTTP/1.1" 200 -
05:59:18 "POST /collect HTTP/1.1" 200 -
05:59:18 "POST /collect HTTP/1.1" 200 -
05:59:18 "POST /collect HTTP/1.1" 200 -
05:59:18 "POST /collect HTTP/1.1" 200 -
05:59:19 "POST /collect HTTP/1.1" 200 -
05:59:19 "POST /collect HTTP/1.1" 200 -
05:59:19 "GET /roster HTTP/1.1" 200 -
05:59:19 "GET /roster HTTP/1.1" 200 -
05:59:19 "POST /collect HTTP/1.1" 200 -
05:59:19 "POST /collect HTTP/1.1" 200 -
05:59:19 "POST /collect HTTP/1.1" 200 -
05:59:20 "POST /collect HTTP/1.1" 200 -
05:59:20 "POST /collect HTTP/1.1" 200 -
05:59:21 "POST /collect HTTP/1.1" 200 -
05:59:21 "POST /collect HTTP/1.1" 200 -
05:59:21 "POST /collect HTTP/1.1" 200 -
05:59:21 "GET /roster HTTP/1.1" 200 -
05:59:21 "POST /collect HTTP/1.1" 200 -
05:59:21 "POST /collect HTTP/1.1" 200 -
05:59:21 "GET /roster HTTP/1.1" 200 -
05:59:21 "POST /collect HTTP/1.1" 200 -
05:59:21 "POST /collect HTTP/1.1" 200 -
05:59:22 "POST /collect HTTP/1.1" 200 -
05:59:22 "POST /collect HTTP/1.1" 200 -
05:59:22 "POST /collect HTTP/1.1" 200 -
05:59:23 "POST /collect HTTP/1.1" 200 -
05:59:23 "POST /collect HTTP/1.1" 200 -
05:59:23 "GET /roster HTTP/1.1" 200 -
05:59:23 "POST /collect HTTP/1.1" 200 -
05:59:23 "GET /roster HTTP/1.1" 200 -
05:59:23 "POST /collect HTTP/1.1" 200 -
05:59:24 "POST /collect HTTP/1.1" 200 -
05:59:24 "POST /collect HTTP/1.1" 200 -
05:59:24 "POST /collect HTTP/1.1" 200 -
05:59:24 "POST /collect HTTP/1.1" 200 -
05:59:24 "POST /collect HTTP/1.1" 200 -
05:59:25 "POST /collect HTTP/1.1" 200 -
05:59:25 "POST /collect HTTP/1.1" 200 -
05:59:25 "GET /roster HTTP/1.1" 200 -
05:59:25 "POST /collect HTTP/1.1" 200 -
05:59:25 "GET /roster HTTP/1.1" 200 -
05:59:25 "POST /collect HTTP/1.1" 200 -
05:59:25 "POST /collect HTTP/1.1" 200 -
05:59:26 "POST /collect HTTP/1.1" 200 -
05:59:26 "POST /collect HTTP/1.1" 200 -
05:59:27 "POST /collect HTTP/1.1" 200 -
05:59:27 "POST /collect HTTP/1.1" 200 -
05:59:27 "POST /collect HTTP/1.1" 200 -
05:59:27 "GET /roster HTTP/1.1" 200 -
05:59:27 "POST /collect HTTP/1.1" 200 -
05:59:27 "POST /collect HTTP/1.1" 200 -
05:59:27 "GET /roster HTTP/1.1" 200 -
05:59:27 "POST /collect HTTP/1.1" 200 -
05:59:27 "POST /collect HTTP/1.1" 200 -
05:59:28 "POST /collect HTTP/1.1" 200 -
05:59:28 "POST /collect HTTP/1.1" 200 -
05:59:28 "POST /collect HTTP/1.1" 200 -
05:59:29 "POST /collect HTTP/1.1" 200 -
05:59:29 "POST /collect HTTP/1.1" 200 -
05:59:29 "GET /roster HTTP/1.1" 200 -
05:59:29 "POST /collect HTTP/1.1" 200 -
05:59:29 "GET /roster HTTP/1.1" 200 -
05:59:29 "POST /collect HTTP/1.1" 200 -
05:59:30 "POST /collect HTTP/1.1" 200 -
05:59:30 "POST /collect HTTP/1.1" 200 -
05:59:30 "POST /collect HTTP/1.1" 200 -
05:59:30 "POST /collect HTTP/1.1" 200 -
05:59:30 "POST /collect HTTP/1.1" 200 -
05:59:31 "POST /collect HTTP/1.1" 200 -
05:59:31 "POST /collect HTTP/1.1" 200 -
05:59:31 "GET /roster HTTP/1.1" 200 -
05:59:31 "POST /collect HTTP/1.1" 200 -
05:59:31 "GET /roster HTTP/1.1" 200 -
05:59:31 "POST /collect HTTP/1.1" 200 -
05:59:31 "POST /collect HTTP/1.1" 200 -
05:59:32 "POST /collect HTTP/1.1" 200 -
05:59:32 "POST /collect HTTP/1.1" 200 -
05:59:32 "POST /collect HTTP/1.1" 200 -
05:59:33 "POST /collect HTTP/1.1" 200 -
05:59:33 "POST /collect HTTP/1.1" 200 -
05:59:33 "POST /collect HTTP/1.1" 200 -
05:59:33 "GET /roster HTTP/1.1" 200 -
05:59:33 "POST /collect HTTP/1.1" 200 -
05:59:33 "POST /collect HTTP/1.1" 200 -
05:59:33 "GET /roster HTTP/1.1" 200 -
05:59:33 "POST /collect HTTP/1.1" 200 -
05:59:33 "POST /collect HTTP/1.1" 200 -
05:59:34 "POST /collect HTTP/1.1" 200 -
05:59:34 "POST /collect HTTP/1.1" 200 -
