m2m server on :8897, results -> /Users/s32863/personal/elektron/results/m2m-scale-N16.jsonl, app 8c2a974b…
23:54:52 "GET /roster HTTP/1.1" 200 -
23:54:56 "GET /roster HTTP/1.1" 200 -
23:54:56 "POST /reset HTTP/1.1" 200 -
23:54:56 "GET /room.html?id=1&n=16&mode=full&hold=1&cb=1787691296965 HTTP/1.1" 200 -
23:54:57 code 404, message File not found
23:54:57 "GET /favicon.ico HTTP/1.1" 404 -
23:54:57 "GET /room.html?id=2&n=16&mode=full&hold=1&cb=1787691297529 HTTP/1.1" 200 -
23:54:57 code 404, message File not found
23:54:57 "GET /favicon.ico HTTP/1.1" 404 -
23:54:58 "GET /room.html?id=A&n=16&mode=pub&hold=1&cb=1787691298097 HTTP/1.1" 200 -
23:54:58 code 404, message File not found
23:54:58 "GET /favicon.ico HTTP/1.1" 404 -
23:54:58 "GET /room.html?id=B&n=16&mode=pub&hold=1&cb=1787691298697 HTTP/1.1" 200 -
23:54:58 code 404, message File not found
23:54:58 "GET /favicon.ico HTTP/1.1" 404 -
23:54:59 "GET /room.html?id=C&n=16&mode=pub&hold=1&cb=1787691299282 HTTP/1.1" 200 -
23:54:59 code 404, message File not found
23:54:59 "GET /favicon.ico HTTP/1.1" 404 -
23:54:59 "GET /room.html?id=D&n=16&mode=pub&hold=1&cb=1787691299853 HTTP/1.1" 200 -
23:54:59 code 404, message File not found
23:54:59 "GET /favicon.ico HTTP/1.1" 404 -
23:55:00 "GET /room.html?id=E&n=16&mode=pub&hold=1&cb=1787691300494 HTTP/1.1" 200 -
23:55:00 code 404, message File not found
23:55:00 "GET /favicon.ico HTTP/1.1" 404 -
23:55:01 "GET /room.html?id=F&n=16&mode=pub&hold=1&cb=1787691301116 HTTP/1.1" 200 -
23:55:01 code 404, message File not found
23:55:01 "GET /favicon.ico HTTP/1.1" 404 -
23:55:01 "GET /room.html?id=G&n=16&mode=pub&hold=1&cb=1787691301767 HTTP/1.1" 200 -
23:55:01 code 404, message File not found
23:55:01 "GET /favicon.ico HTTP/1.1" 404 -
23:55:02 "GET /room.html?id=H&n=16&mode=pub&hold=1&cb=1787691302382 HTTP/1.1" 200 -
23:55:02 code 404, message File not found
23:55:02 "GET /favicon.ico HTTP/1.1" 404 -
23:55:03 "GET /room.html?id=I&n=16&mode=pub&hold=1&cb=1787691302987 HTTP/1.1" 200 -
23:55:03 code 404, message File not found
23:55:03 "GET /favicon.ico HTTP/1.1" 404 -
23:55:03 "GET /room.html?id=J&n=16&mode=pub&hold=1&cb=1787691303584 HTTP/1.1" 200 -
23:55:03 code 404, message File not found
23:55:03 "GET /favicon.ico HTTP/1.1" 404 -
23:55:05 "GET /room.html?id=K&n=16&mode=pub&hold=1&cb=1787691305026 HTTP/1.1" 200 -
23:55:05 code 404, message File not found
23:55:05 "GET /favicon.ico HTTP/1.1" 404 -
23:55:06 "GET /room.html?id=L&n=16&mode=pub&hold=1&cb=1787691306404 HTTP/1.1" 200 -
23:55:06 code 404, message File not found
23:55:06 "GET /favicon.ico HTTP/1.1" 404 -
23:55:07 "GET /room.html?id=M&n=16&mode=pub&hold=1&cb=1787691307800 HTTP/1.1" 200 -
23:55:07 code 404, message File not found
23:55:07 "GET /favicon.ico HTTP/1.1" 404 -
23:55:08 "GET /room.html?id=N&n=16&mode=pub&hold=1&cb=1787691308875 HTTP/1.1" 200 -
23:55:08 code 404, message File not found
23:55:08 "GET /favicon.ico HTTP/1.1" 404 -
23:55:08 "POST /collect HTTP/1.1" 200 -
23:55:09 CF POST /sessions/new -> 201 (239 ms)
23:55:09 "POST /cf/sessions/new HTTP/1.1" 201 -
23:55:09 CF POST /sessions/new -> 201 (354 ms)
23:55:09 "POST /cf/sessions/new HTTP/1.1" 201 -
23:55:09 CF POST /sessions/new -> 201 (271 ms)
23:55:09 "POST /cf/sessions/new HTTP/1.1" 201 -
23:55:09 CF POST /sessions/new -> 201 (334 ms)
23:55:09 "POST /cf/sessions/new HTTP/1.1" 201 -
23:55:09 CF POST /sessions/new -> 201 (309 ms)
23:55:09 "POST /cf/sessions/new HTTP/1.1" 201 -
23:55:09 CF POST /sessions/new -> 201 (372 ms)
23:55:09 "POST /cf/sessions/new HTTP/1.1" 201 -
23:55:09 CF POST /sessions/new -> 201 (311 ms)
23:55:09 "POST /cf/sessions/new HTTP/1.1" 201 -
23:55:09 CF POST /sessions/new -> 201 (374 ms)
23:55:09 "POST /cf/sessions/new HTTP/1.1" 201 -
23:55:09 CF POST /sessions/new -> 201 (273 ms)
23:55:09 "POST /cf/sessions/new HTTP/1.1" 201 -
23:55:09 CF POST /sessions/new -> 201 (291 ms)
23:55:09 "POST /cf/sessions/new HTTP/1.1" 201 -
23:55:09 CF POST /sessions/new -> 201 (258 ms)
23:55:09 "POST /cf/sessions/new HTTP/1.1" 201 -
23:55:09 CF POST /sessions/new -> 201 (399 ms)
23:55:09 "POST /cf/sessions/new HTTP/1.1" 201 -
23:55:09 CF POST /sessions/new -> 201 (310 ms)
23:55:09 CF POST /sessions/new -> 201 (278 ms)
23:55:09 "POST /cf/sessions/new HTTP/1.1" 201 -
23:55:09 "POST /cf/sessions/new HTTP/1.1" 201 -
23:55:09 CF POST /sessions/new -> 201 (311 ms)
23:55:09 "POST /cf/sessions/new HTTP/1.1" 201 -
23:55:09 CF POST /sessions/new -> 201 (333 ms)
23:55:09 "POST /cf/sessions/new HTTP/1.1" 201 -
23:55:09 "POST /save/pub-offer-c.sdp HTTP/1.1" 200 -
23:55:09 "POST /save/pub-offer-f.sdp HTTP/1.1" 200 -
23:55:09 "POST /save/pub-offer-m.sdp HTTP/1.1" 200 -
23:55:09 "POST /save/pub-offer-j.sdp HTTP/1.1" 200 -
23:55:09 "POST /save/pub-offer-h.sdp HTTP/1.1" 200 -
23:55:09 "POST /save/pub-offer-g.sdp HTTP/1.1" 200 -
23:55:09 "POST /save/pub-offer-k.sdp HTTP/1.1" 200 -
23:55:09 "POST /save/pub-offer-1.sdp HTTP/1.1" 200 -
23:55:09 "POST /save/pub-offer-b.sdp HTTP/1.1" 200 -
23:55:09 "POST /save/pub-offer-l.sdp HTTP/1.1" 200 -
23:55:09 "POST /save/pub-offer-2.sdp HTTP/1.1" 200 -
23:55:09 "POST /save/pub-offer-e.sdp HTTP/1.1" 200 -
23:55:09 "POST /save/pub-offer-i.sdp HTTP/1.1" 200 -
23:55:09 "POST /save/pub-offer-n.sdp HTTP/1.1" 200 -
23:55:09 "POST /save/pub-offer-d.sdp HTTP/1.1" 200 -
23:55:09 "POST /save/pub-offer-a.sdp HTTP/1.1" 200 -
23:55:10 CF POST /sessions/db3d3391006100de48f974f719d478bd674214219f177604d5b441b5c70bc4fc/tracks/new -> 200 (344 ms)
23:55:10 "POST /cf/sessions/db3d3391006100de48f974f719d478bd674214219f177604d5b441b5c70bc4fc/tracks/new HTTP/1.1" 200 -
23:55:10 "POST /save/pub-answer-c.sdp HTTP/1.1" 200 -
23:55:10 CF POST /sessions/875a3ff7afc4547049428c8ed89aac71a898e80154a4a1d2c43f433d9c523941/tracks/new -> 200 (347 ms)
23:55:10 "POST /cf/sessions/875a3ff7afc4547049428c8ed89aac71a898e80154a4a1d2c43f433d9c523941/tracks/new HTTP/1.1" 200 -
23:55:10 "POST /collect HTTP/1.1" 200 -
23:55:10 CF POST /sessions/b029b388b3683ea7d5e019eef15295c3b447e0f6e3ec670eb9694f073b2f0c73/tracks/new -> 200 (339 ms)
23:55:10 "POST /cf/sessions/b029b388b3683ea7d5e019eef15295c3b447e0f6e3ec670eb9694f073b2f0c73/tracks/new HTTP/1.1" 200 -
23:55:10 "POST /collect HTTP/1.1" 200 -
23:55:10 "POST /collect HTTP/1.1" 200 -
23:55:10 "POST /save/pub-answer-f.sdp HTTP/1.1" 200 -
23:55:10 "POST /save/pub-answer-j.sdp HTTP/1.1" 200 -
23:55:10 "POST /collect HTTP/1.1" 200 -
23:55:10 "POST /collect HTTP/1.1" 200 -
23:55:10 "POST /collect HTTP/1.1" 200 -
23:55:10 "POST /collect HTTP/1.1" 200 -
23:55:10 "POST /collect HTTP/1.1" 200 -
23:55:10 "POST /collect HTTP/1.1" 200 -
23:55:10 CF POST /sessions/cf77332a69348fa414192a0febf7f0ff9f6017208750940d186c2d9ef5334988/tracks/new -> 200 (358 ms)
23:55:10 "POST /cf/sessions/cf77332a69348fa414192a0febf7f0ff9f6017208750940d186c2d9ef5334988/tracks/new HTTP/1.1" 200 -
23:55:10 "POST /save/pub-answer-h.sdp HTTP/1.1" 200 -
23:55:10 "POST /collect HTTP/1.1" 200 -
23:55:10 "POST /collect HTTP/1.1" 200 -
23:55:10 "POST /collect HTTP/1.1" 200 -
23:55:10 CF POST /sessions/7b5069127dc0bfe6003639a62bec4c792ed58357ab8c7f40e0f2f53636cac2f4/tracks/new -> 200 (351 ms)
23:55:10 "POST /cf/sessions/7b5069127dc0bfe6003639a62bec4c792ed58357ab8c7f40e0f2f53636cac2f4/tracks/new HTTP/1.1" 200 -
23:55:10 "POST /save/pub-answer-l.sdp HTTP/1.1" 200 -
23:55:10 "POST /collect HTTP/1.1" 200 -
23:55:10 "POST /collect HTTP/1.1" 200 -
23:55:10 "POST /collect HTTP/1.1" 200 -
23:55:10 CF POST /sessions/b63513da267d0d6f1874cb0ff7b75a7bc5258533c2ce639cfade8d41d39dc6d3/tracks/new -> 200 (381 ms)
23:55:10 "POST /cf/sessions/b63513da267d0d6f1874cb0ff7b75a7bc5258533c2ce639cfade8d41d39dc6d3/tracks/new HTTP/1.1" 200 -
23:55:10 CF POST /sessions/1f67340a09e4580f244d135a2086db6f1143c0f7483d8808cce8f56cf07612a7/tracks/new -> 200 (389 ms)
23:55:10 "POST /cf/sessions/1f67340a09e4580f244d135a2086db6f1143c0f7483d8808cce8f56cf07612a7/tracks/new HTTP/1.1" 200 -
23:55:10 CF POST /sessions/1c0a226c3e5053c8996f68eb8672968c6e01334cb125d87af3e04fab729b4dbf/tracks/new -> 200 (386 ms)
23:55:10 "POST /cf/sessions/1c0a226c3e5053c8996f68eb8672968c6e01334cb125d87af3e04fab729b4dbf/tracks/new HTTP/1.1" 200 -
23:55:10 "POST /save/pub-answer-m.sdp HTTP/1.1" 200 -
23:55:10 "POST /save/pub-answer-b.sdp HTTP/1.1" 200 -
23:55:10 "POST /save/pub-answer-1.sdp HTTP/1.1" 200 -
23:55:10 "POST /collect HTTP/1.1" 200 -
23:55:10 "POST /collect HTTP/1.1" 200 -
23:55:10 "POST /collect HTTP/1.1" 200 -
23:55:10 "POST /collect HTTP/1.1" 200 -
23:55:10 "POST /collect HTTP/1.1" 200 -
23:55:10 "POST /collect HTTP/1.1" 200 -
23:55:10 "POST /collect HTTP/1.1" 200 -
23:55:10 "POST /collect HTTP/1.1" 200 -
23:55:10 CF POST /sessions/47a4174265f1d895e5be00ac412e50360111a53239c1d945024e7cc4f7ea089a/tracks/new -> 200 (414 ms)
23:55:10 "POST /cf/sessions/47a4174265f1d895e5be00ac412e50360111a53239c1d945024e7cc4f7ea089a/tracks/new HTTP/1.1" 200 -
23:55:10 "POST /save/pub-answer-g.sdp HTTP/1.1" 200 -
23:55:10 "POST /collect HTTP/1.1" 200 -
23:55:10 "POST /collect HTTP/1.1" 200 -
23:55:10 "POST /collect HTTP/1.1" 200 -
23:55:10 "POST /collect HTTP/1.1" 200 -
23:55:10 CF POST /sessions/4ffc62360ea73b692c57bb6922981ac06aac002a1568d74cd1495ebde3a2d80e/tracks/new -> 200 (395 ms)
23:55:10 "POST /cf/sessions/4ffc62360ea73b692c57bb6922981ac06aac002a1568d74cd1495ebde3a2d80e/tracks/new HTTP/1.1" 200 -
23:55:10 "POST /save/pub-answer-i.sdp HTTP/1.1" 200 -
23:55:10 CF POST /sessions/e752096013446400706896d960cdfe8e5bcbb21986a17f25e898a6203c0524c3/tracks/new -> 200 (398 ms)
23:55:10 "POST /cf/sessions/e752096013446400706896d960cdfe8e5bcbb21986a17f25e898a6203c0524c3/tracks/new HTTP/1.1" 200 -
23:55:10 "POST /collect HTTP/1.1" 200 -
23:55:10 "POST /collect HTTP/1.1" 200 -
23:55:10 "POST /save/pub-answer-n.sdp HTTP/1.1" 200 -
23:55:10 "POST /collect HTTP/1.1" 200 -
23:55:10 CF POST /sessions/35ab689c23fda48a89a9d7bbc0415e9b29fb9cd57913e35e501f6213ac4d5b10/tracks/new -> 200 (435 ms)
23:55:10 "POST /cf/sessions/35ab689c23fda48a89a9d7bbc0415e9b29fb9cd57913e35e501f6213ac4d5b10/tracks/new HTTP/1.1" 200 -
23:55:10 "POST /collect HTTP/1.1" 200 -
23:55:10 "POST /save/pub-answer-k.sdp HTTP/1.1" 200 -
23:55:10 "POST /collect HTTP/1.1" 200 -
23:55:10 "POST /collect HTTP/1.1" 200 -
23:55:10 CF POST /sessions/b40becc8a3519fa2280f3e92c5eb3d1aa5ed1d1243cd078c4d5109f968231e55/tracks/new -> 200 (403 ms)
23:55:10 "POST /cf/sessions/b40becc8a3519fa2280f3e92c5eb3d1aa5ed1d1243cd078c4d5109f968231e55/tracks/new HTTP/1.1" 200 -
23:55:10 "POST /collect HTTP/1.1" 200 -
23:55:10 "POST /collect HTTP/1.1" 200 -
23:55:10 "POST /save/pub-answer-d.sdp HTTP/1.1" 200 -
23:55:10 "POST /collect HTTP/1.1" 200 -
23:55:10 "POST /collect HTTP/1.1" 200 -
23:55:10 "POST /collect HTTP/1.1" 200 -
23:55:10 "POST /collect HTTP/1.1" 200 -
23:55:10 CF POST /sessions/8f7c48b60587d86262d3d637316ebfa35ce9199d311d97d095ef0d18b4c5ada1/tracks/new -> 200 (415 ms)
23:55:10 "POST /cf/sessions/8f7c48b60587d86262d3d637316ebfa35ce9199d311d97d095ef0d18b4c5ada1/tracks/new HTTP/1.1" 200 -
23:55:10 "POST /save/pub-answer-2.sdp HTTP/1.1" 200 -
23:55:10 "POST /collect HTTP/1.1" 200 -
23:55:10 "POST /collect HTTP/1.1" 200 -
23:55:10 "POST /collect HTTP/1.1" 200 -
23:55:10 CF POST /sessions/50243a6916ff31141ca0aeb084c0ba1be06d814d3a946a595bd0b83c8c683d38/tracks/new -> 200 (428 ms)
23:55:10 "POST /cf/sessions/50243a6916ff31141ca0aeb084c0ba1be06d814d3a946a595bd0b83c8c683d38/tracks/new HTTP/1.1" 200 -
23:55:10 "POST /save/pub-answer-e.sdp HTTP/1.1" 200 -
23:55:10 "POST /collect HTTP/1.1" 200 -
23:55:10 "POST /collect HTTP/1.1" 200 -
23:55:10 "POST /collect HTTP/1.1" 200 -
23:55:10 CF POST /sessions/b2221f6578fd9e08d673bdb0f5735cd43175bf1261f5c069dc3a4f29a61c14ae/tracks/new -> 200 (409 ms)
23:55:10 "POST /cf/sessions/b2221f6578fd9e08d673bdb0f5735cd43175bf1261f5c069dc3a4f29a61c14ae/tracks/new HTTP/1.1" 200 -
23:55:10 "POST /save/pub-answer-a.sdp HTTP/1.1" 200 -
23:55:10 "POST /collect HTTP/1.1" 200 -
23:55:10 "POST /collect HTTP/1.1" 200 -
23:55:10 "POST /collect HTTP/1.1" 200 -
23:55:10 "POST /collect HTTP/1.1" 200 -
23:55:10 "POST /collect HTTP/1.1" 200 -
23:55:10 "POST /collect HTTP/1.1" 200 -
23:55:10 "POST /collect HTTP/1.1" 200 -
23:55:10 "POST /collect HTTP/1.1" 200 -
23:55:10 "POST /collect HTTP/1.1" 200 -
23:55:10 "POST /collect HTTP/1.1" 200 -
23:55:10 "POST /collect HTTP/1.1" 200 -
23:55:10 "POST /collect HTTP/1.1" 200 -
23:55:10 "POST /collect HTTP/1.1" 200 -
23:55:10 "POST /join HTTP/1.1" 200 -
23:55:10 "POST /join HTTP/1.1" 200 -
23:55:10 "POST /collect HTTP/1.1" 200 -
23:55:10 "POST /collect HTTP/1.1" 200 -
23:55:10 "POST /collect HTTP/1.1" 200 -
23:55:10 "POST /join HTTP/1.1" 200 -
23:55:10 "POST /collect HTTP/1.1" 200 -
23:55:10 "POST /collect HTTP/1.1" 200 -
23:55:10 "POST /join HTTP/1.1" 200 -
23:55:10 "POST /collect HTTP/1.1" 200 -
23:55:10 "POST /collect HTTP/1.1" 200 -
23:55:10 "POST /join HTTP/1.1" 200 -
23:55:10 "POST /join HTTP/1.1" 200 -
23:55:10 "POST /join HTTP/1.1" 200 -
23:55:10 "GET /roster HTTP/1.1" 200 -
23:55:10 "POST /collect HTTP/1.1" 200 -
23:55:10 "POST /collect HTTP/1.1" 200 -
23:55:10 "POST /collect HTTP/1.1" 200 -
23:55:10 "POST /join HTTP/1.1" 200 -
23:55:10 "POST /collect HTTP/1.1" 200 -
23:55:10 "POST /collect HTTP/1.1" 200 -
23:55:10 "POST /join HTTP/1.1" 200 -
23:55:10 "POST /collect HTTP/1.1" 200 -
23:55:10 "GET /roster HTTP/1.1" 200 -
23:55:10 "POST /join HTTP/1.1" 200 -
23:55:10 "POST /collect HTTP/1.1" 200 -
23:55:10 "POST /join HTTP/1.1" 200 -
23:55:10 "POST /collect HTTP/1.1" 200 -
23:55:10 "POST /join HTTP/1.1" 200 -
23:55:10 "POST /collect HTTP/1.1" 200 -
23:55:10 CF POST /sessions/8f7c48b60587d86262d3d637316ebfa35ce9199d311d97d095ef0d18b4c5ada1/tracks/new -> 200 (279 ms)
23:55:10 "POST /cf/sessions/8f7c48b60587d86262d3d637316ebfa35ce9199d311d97d095ef0d18b4c5ada1/tracks/new HTTP/1.1" 200 -
23:55:10 CF POST /sessions/1c0a226c3e5053c8996f68eb8672968c6e01334cb125d87af3e04fab729b4dbf/tracks/new -> 200 (314 ms)
23:55:10 "POST /cf/sessions/1c0a226c3e5053c8996f68eb8672968c6e01334cb125d87af3e04fab729b4dbf/tracks/new HTTP/1.1" 200 -
23:55:10 CF PUT /sessions/8f7c48b60587d86262d3d637316ebfa35ce9199d311d97d095ef0d18b4c5ada1/renegotiate -> 200 (153 ms)
23:55:10 "PUT /cf/sessions/8f7c48b60587d86262d3d637316ebfa35ce9199d311d97d095ef0d18b4c5ada1/renegotiate HTTP/1.1" 200 -
23:55:10 CF PUT /sessions/1c0a226c3e5053c8996f68eb8672968c6e01334cb125d87af3e04fab729b4dbf/renegotiate -> 200 (145 ms)
23:55:10 "PUT /cf/sessions/1c0a226c3e5053c8996f68eb8672968c6e01334cb125d87af3e04fab729b4dbf/renegotiate HTTP/1.1" 200 -
23:55:10 "POST /collect HTTP/1.1" 200 -
23:55:10 "POST /collect HTTP/1.1" 200 -
23:55:11 "POST /collect HTTP/1.1" 200 -
23:55:11 CF POST /sessions/8f7c48b60587d86262d3d637316ebfa35ce9199d311d97d095ef0d18b4c5ada1/tracks/new -> 200 (314 ms)
23:55:11 "POST /cf/sessions/8f7c48b60587d86262d3d637316ebfa35ce9199d311d97d095ef0d18b4c5ada1/tracks/new HTTP/1.1" 200 -
23:55:11 CF POST /sessions/1c0a226c3e5053c8996f68eb8672968c6e01334cb125d87af3e04fab729b4dbf/tracks/new -> 200 (320 ms)
23:55:11 "POST /cf/sessions/1c0a226c3e5053c8996f68eb8672968c6e01334cb125d87af3e04fab729b4dbf/tracks/new HTTP/1.1" 200 -
23:55:11 "POST /collect HTTP/1.1" 200 -
23:55:11 "POST /collect HTTP/1.1" 200 -
23:55:11 CF PUT /sessions/8f7c48b60587d86262d3d637316ebfa35ce9199d311d97d095ef0d18b4c5ada1/renegotiate -> 200 (149 ms)
23:55:11 "PUT /cf/sessions/8f7c48b60587d86262d3d637316ebfa35ce9199d311d97d095ef0d18b4c5ada1/renegotiate HTTP/1.1" 200 -
23:55:11 "POST /collect HTTP/1.1" 200 -
23:55:11 "POST /join HTTP/1.1" 200 -
23:55:11 "POST /collect HTTP/1.1" 200 -
23:55:11 CF PUT /sessions/1c0a226c3e5053c8996f68eb8672968c6e01334cb125d87af3e04fab729b4dbf/renegotiate -> 200 (220 ms)
23:55:11 "PUT /cf/sessions/1c0a226c3e5053c8996f68eb8672968c6e01334cb125d87af3e04fab729b4dbf/renegotiate HTTP/1.1" 200 -
23:55:11 "POST /join HTTP/1.1" 200 -
23:55:11 "POST /collect HTTP/1.1" 200 -
23:55:11 "POST /collect HTTP/1.1" 200 -
23:55:11 "POST /join HTTP/1.1" 200 -
23:55:11 "POST /collect HTTP/1.1" 200 -
23:55:11 "POST /collect HTTP/1.1" 200 -
23:55:11 CF POST /sessions/8f7c48b60587d86262d3d637316ebfa35ce9199d311d97d095ef0d18b4c5ada1/tracks/new -> 200 (317 ms)
23:55:11 "POST /cf/sessions/8f7c48b60587d86262d3d637316ebfa35ce9199d311d97d095ef0d18b4c5ada1/tracks/new HTTP/1.1" 200 -
23:55:11 CF POST /sessions/1c0a226c3e5053c8996f68eb8672968c6e01334cb125d87af3e04fab729b4dbf/tracks/new -> 200 (239 ms)
23:55:11 "POST /cf/sessions/1c0a226c3e5053c8996f68eb8672968c6e01334cb125d87af3e04fab729b4dbf/tracks/new HTTP/1.1" 200 -
23:55:11 CF PUT /sessions/1c0a226c3e5053c8996f68eb8672968c6e01334cb125d87af3e04fab729b4dbf/renegotiate -> 200 (153 ms)
23:55:11 "PUT /cf/sessions/1c0a226c3e5053c8996f68eb8672968c6e01334cb125d87af3e04fab729b4dbf/renegotiate HTTP/1.1" 200 -
23:55:11 "POST /collect HTTP/1.1" 200 -
23:55:11 CF PUT /sessions/8f7c48b60587d86262d3d637316ebfa35ce9199d311d97d095ef0d18b4c5ada1/renegotiate -> 200 (166 ms)
23:55:11 "PUT /cf/sessions/8f7c48b60587d86262d3d637316ebfa35ce9199d311d97d095ef0d18b4c5ada1/renegotiate HTTP/1.1" 200 -
23:55:11 "POST /collect HTTP/1.1" 200 -
23:55:12 "POST /collect HTTP/1.1" 200 -
23:55:12 CF POST /sessions/8f7c48b60587d86262d3d637316ebfa35ce9199d311d97d095ef0d18b4c5ada1/tracks/new -> 200 (253 ms)
23:55:12 "POST /cf/sessions/8f7c48b60587d86262d3d637316ebfa35ce9199d311d97d095ef0d18b4c5ada1/tracks/new HTTP/1.1" 200 -
23:55:12 CF POST /sessions/1c0a226c3e5053c8996f68eb8672968c6e01334cb125d87af3e04fab729b4dbf/tracks/new -> 200 (298 ms)
23:55:12 "POST /cf/sessions/1c0a226c3e5053c8996f68eb8672968c6e01334cb125d87af3e04fab729b4dbf/tracks/new HTTP/1.1" 200 -
23:55:12 CF PUT /sessions/8f7c48b60587d86262d3d637316ebfa35ce9199d311d97d095ef0d18b4c5ada1/renegotiate -> 200 (156 ms)
23:55:12 "PUT /cf/sessions/8f7c48b60587d86262d3d637316ebfa35ce9199d311d97d095ef0d18b4c5ada1/renegotiate HTTP/1.1" 200 -
23:55:12 "POST /collect HTTP/1.1" 200 -
23:55:12 CF PUT /sessions/1c0a226c3e5053c8996f68eb8672968c6e01334cb125d87af3e04fab729b4dbf/renegotiate -> 200 (190 ms)
23:55:12 "PUT /cf/sessions/1c0a226c3e5053c8996f68eb8672968c6e01334cb125d87af3e04fab729b4dbf/renegotiate HTTP/1.1" 200 -
23:55:12 "POST /collect HTTP/1.1" 200 -
23:55:12 "GET /roster HTTP/1.1" 200 -
23:55:12 "POST /collect HTTP/1.1" 200 -
23:55:12 "GET /roster HTTP/1.1" 200 -
23:55:12 "POST /collect HTTP/1.1" 200 -
23:55:12 CF POST /sessions/8f7c48b60587d86262d3d637316ebfa35ce9199d311d97d095ef0d18b4c5ada1/tracks/new -> 200 (269 ms)
23:55:12 "POST /cf/sessions/8f7c48b60587d86262d3d637316ebfa35ce9199d311d97d095ef0d18b4c5ada1/tracks/new HTTP/1.1" 200 -
23:55:12 CF POST /sessions/1c0a226c3e5053c8996f68eb8672968c6e01334cb125d87af3e04fab729b4dbf/tracks/new -> 200 (259 ms)
23:55:12 "POST /cf/sessions/1c0a226c3e5053c8996f68eb8672968c6e01334cb125d87af3e04fab729b4dbf/tracks/new HTTP/1.1" 200 -
23:55:12 "POST /collect HTTP/1.1" 200 -
23:55:12 CF PUT /sessions/8f7c48b60587d86262d3d637316ebfa35ce9199d311d97d095ef0d18b4c5ada1/renegotiate -> 200 (173 ms)
23:55:12 "PUT /cf/sessions/8f7c48b60587d86262d3d637316ebfa35ce9199d311d97d095ef0d18b4c5ada1/renegotiate HTTP/1.1" 200 -
23:55:12 "POST /collect HTTP/1.1" 200 -
23:55:12 CF PUT /sessions/1c0a226c3e5053c8996f68eb8672968c6e01334cb125d87af3e04fab729b4dbf/renegotiate -> 200 (223 ms)
23:55:12 "PUT /cf/sessions/1c0a226c3e5053c8996f68eb8672968c6e01334cb125d87af3e04fab729b4dbf/renegotiate HTTP/1.1" 200 -
23:55:12 "POST /collect HTTP/1.1" 200 -
23:55:13 "POST /collect HTTP/1.1" 200 -
23:55:13 CF POST /sessions/8f7c48b60587d86262d3d637316ebfa35ce9199d311d97d095ef0d18b4c5ada1/tracks/new -> 200 (321 ms)
23:55:13 "POST /cf/sessions/8f7c48b60587d86262d3d637316ebfa35ce9199d311d97d095ef0d18b4c5ada1/tracks/new HTTP/1.1" 200 -
23:55:13 CF POST /sessions/1c0a226c3e5053c8996f68eb8672968c6e01334cb125d87af3e04fab729b4dbf/tracks/new -> 200 (262 ms)
23:55:13 "POST /cf/sessions/1c0a226c3e5053c8996f68eb8672968c6e01334cb125d87af3e04fab729b4dbf/tracks/new HTTP/1.1" 200 -
23:55:13 "POST /join HTTP/1.1" 200 -
23:55:13 "POST /collect HTTP/1.1" 200 -
23:55:13 CF PUT /sessions/1c0a226c3e5053c8996f68eb8672968c6e01334cb125d87af3e04fab729b4dbf/renegotiate -> 200 (168 ms)
23:55:13 "PUT /cf/sessions/1c0a226c3e5053c8996f68eb8672968c6e01334cb125d87af3e04fab729b4dbf/renegotiate HTTP/1.1" 200 -
23:55:13 CF PUT /sessions/8f7c48b60587d86262d3d637316ebfa35ce9199d311d97d095ef0d18b4c5ada1/renegotiate -> 200 (171 ms)
23:55:13 "PUT /cf/sessions/8f7c48b60587d86262d3d637316ebfa35ce9199d311d97d095ef0d18b4c5ada1/renegotiate HTTP/1.1" 200 -
23:55:13 "POST /collect HTTP/1.1" 200 -
23:55:13 "POST /collect HTTP/1.1" 200 -
23:55:13 "POST /collect HTTP/1.1" 200 -
23:55:13 "POST /collect HTTP/1.1" 200 -
23:55:13 "POST /collect HTTP/1.1" 200 -
23:55:13 "POST /collect HTTP/1.1" 200 -
23:55:13 "POST /collect HTTP/1.1" 200 -
23:55:13 "POST /collect HTTP/1.1" 200 -
23:55:13 "POST /collect HTTP/1.1" 200 -
23:55:13 CF POST /sessions/1c0a226c3e5053c8996f68eb8672968c6e01334cb125d87af3e04fab729b4dbf/tracks/new -> 200 (149 ms)
23:55:13 "POST /cf/sessions/1c0a226c3e5053c8996f68eb8672968c6e01334cb125d87af3e04fab729b4dbf/tracks/new HTTP/1.1" 200 -
23:55:13 "POST /collect HTTP/1.1" 200 -
23:55:13 CF POST /sessions/8f7c48b60587d86262d3d637316ebfa35ce9199d311d97d095ef0d18b4c5ada1/tracks/new -> 200 (186 ms)
23:55:13 "POST /cf/sessions/8f7c48b60587d86262d3d637316ebfa35ce9199d311d97d095ef0d18b4c5ada1/tracks/new HTTP/1.1" 200 -
23:55:13 "POST /collect HTTP/1.1" 200 -
23:55:13 "POST /collect HTTP/1.1" 200 -
23:55:13 CF PUT /sessions/1c0a226c3e5053c8996f68eb8672968c6e01334cb125d87af3e04fab729b4dbf/renegotiate -> 200 (147 ms)
23:55:13 "PUT /cf/sessions/1c0a226c3e5053c8996f68eb8672968c6e01334cb125d87af3e04fab729b4dbf/renegotiate HTTP/1.1" 200 -
23:55:13 "POST /collect HTTP/1.1" 200 -
23:55:13 "POST /collect HTTP/1.1" 200 -
23:55:13 CF PUT /sessions/8f7c48b60587d86262d3d637316ebfa35ce9199d311d97d095ef0d18b4c5ada1/renegotiate -> 200 (170 ms)
23:55:13 "PUT /cf/sessions/8f7c48b60587d86262d3d637316ebfa35ce9199d311d97d095ef0d18b4c5ada1/renegotiate HTTP/1.1" 200 -
23:55:13 "POST /collect HTTP/1.1" 200 -
23:55:13 CF POST /sessions/1c0a226c3e5053c8996f68eb8672968c6e01334cb125d87af3e04fab729b4dbf/tracks/new -> 200 (208 ms)
23:55:13 "POST /cf/sessions/1c0a226c3e5053c8996f68eb8672968c6e01334cb125d87af3e04fab729b4dbf/tracks/new HTTP/1.1" 200 -
23:55:13 CF POST /sessions/8f7c48b60587d86262d3d637316ebfa35ce9199d311d97d095ef0d18b4c5ada1/tracks/new -> 200 (314 ms)
23:55:13 "POST /cf/sessions/8f7c48b60587d86262d3d637316ebfa35ce9199d311d97d095ef0d18b4c5ada1/tracks/new HTTP/1.1" 200 -
23:55:13 CF PUT /sessions/1c0a226c3e5053c8996f68eb8672968c6e01334cb125d87af3e04fab729b4dbf/renegotiate -> 200 (154 ms)
23:55:13 "PUT /cf/sessions/1c0a226c3e5053c8996f68eb8672968c6e01334cb125d87af3e04fab729b4dbf/renegotiate HTTP/1.1" 200 -
23:55:13 "POST /collect HTTP/1.1" 200 -
23:55:14 "POST /collect HTTP/1.1" 200 -
23:55:14 CF PUT /sessions/8f7c48b60587d86262d3d637316ebfa35ce9199d311d97d095ef0d18b4c5ada1/renegotiate -> 200 (156 ms)
23:55:14 "PUT /cf/sessions/8f7c48b60587d86262d3d637316ebfa35ce9199d311d97d095ef0d18b4c5ada1/renegotiate HTTP/1.1" 200 -
23:55:14 "POST /collect HTTP/1.1" 200 -
23:55:14 CF POST /sessions/1c0a226c3e5053c8996f68eb8672968c6e01334cb125d87af3e04fab729b4dbf/tracks/new -> 200 (295 ms)
23:55:14 "POST /cf/sessions/1c0a226c3e5053c8996f68eb8672968c6e01334cb125d87af3e04fab729b4dbf/tracks/new HTTP/1.1" 200 -
23:55:14 CF POST /sessions/8f7c48b60587d86262d3d637316ebfa35ce9199d311d97d095ef0d18b4c5ada1/tracks/new -> 200 (220 ms)
23:55:14 "POST /cf/sessions/8f7c48b60587d86262d3d637316ebfa35ce9199d311d97d095ef0d18b4c5ada1/tracks/new HTTP/1.1" 200 -
23:55:14 "POST /collect HTTP/1.1" 200 -
23:55:14 "GET /roster HTTP/1.1" 200 -
23:55:14 "POST /collect HTTP/1.1" 200 -
23:55:14 "GET /roster HTTP/1.1" 200 -
23:55:14 "POST /collect HTTP/1.1" 200 -
23:55:14 "POST /collect HTTP/1.1" 200 -
23:55:14 CF PUT /sessions/1c0a226c3e5053c8996f68eb8672968c6e01334cb125d87af3e04fab729b4dbf/renegotiate -> 200 (178 ms)
23:55:14 "PUT /cf/sessions/1c0a226c3e5053c8996f68eb8672968c6e01334cb125d87af3e04fab729b4dbf/renegotiate HTTP/1.1" 200 -
23:55:14 "POST /collect HTTP/1.1" 200 -
23:55:14 "POST /collect HTTP/1.1" 200 -
23:55:14 CF PUT /sessions/8f7c48b60587d86262d3d637316ebfa35ce9199d311d97d095ef0d18b4c5ada1/renegotiate -> 200 (173 ms)
23:55:14 "PUT /cf/sessions/8f7c48b60587d86262d3d637316ebfa35ce9199d311d97d095ef0d18b4c5ada1/renegotiate HTTP/1.1" 200 -
23:55:14 "POST /collect HTTP/1.1" 200 -
23:55:14 "POST /collect HTTP/1.1" 200 -
23:55:14 CF POST /sessions/1c0a226c3e5053c8996f68eb8672968c6e01334cb125d87af3e04fab729b4dbf/tracks/new -> 200 (300 ms)
23:55:14 "POST /cf/sessions/1c0a226c3e5053c8996f68eb8672968c6e01334cb125d87af3e04fab729b4dbf/tracks/new HTTP/1.1" 200 -
23:55:14 CF POST /sessions/8f7c48b60587d86262d3d637316ebfa35ce9199d311d97d095ef0d18b4c5ada1/tracks/new -> 200 (240 ms)
23:55:14 "POST /cf/sessions/8f7c48b60587d86262d3d637316ebfa35ce9199d311d97d095ef0d18b4c5ada1/tracks/new HTTP/1.1" 200 -
23:55:14 CF PUT /sessions/1c0a226c3e5053c8996f68eb8672968c6e01334cb125d87af3e04fab729b4dbf/renegotiate -> 200 (177 ms)
23:55:14 "PUT /cf/sessions/1c0a226c3e5053c8996f68eb8672968c6e01334cb125d87af3e04fab729b4dbf/renegotiate HTTP/1.1" 200 -
23:55:14 "POST /collect HTTP/1.1" 200 -
23:55:15 "POST /collect HTTP/1.1" 200 -
23:55:15 CF PUT /sessions/8f7c48b60587d86262d3d637316ebfa35ce9199d311d97d095ef0d18b4c5ada1/renegotiate -> 200 (209 ms)
23:55:15 "PUT /cf/sessions/8f7c48b60587d86262d3d637316ebfa35ce9199d311d97d095ef0d18b4c5ada1/renegotiate HTTP/1.1" 200 -
23:55:15 "POST /collect HTTP/1.1" 200 -
23:55:15 CF POST /sessions/8f7c48b60587d86262d3d637316ebfa35ce9199d311d97d095ef0d18b4c5ada1/tracks/new -> 200 (221 ms)
23:55:15 "POST /cf/sessions/8f7c48b60587d86262d3d637316ebfa35ce9199d311d97d095ef0d18b4c5ada1/tracks/new HTTP/1.1" 200 -
23:55:15 CF POST /sessions/1c0a226c3e5053c8996f68eb8672968c6e01334cb125d87af3e04fab729b4dbf/tracks/new -> 200 (283 ms)
23:55:15 "POST /cf/sessions/1c0a226c3e5053c8996f68eb8672968c6e01334cb125d87af3e04fab729b4dbf/tracks/new HTTP/1.1" 200 -
23:55:15 CF PUT /sessions/8f7c48b60587d86262d3d637316ebfa35ce9199d311d97d095ef0d18b4c5ada1/renegotiate -> 200 (164 ms)
23:55:15 "PUT /cf/sessions/8f7c48b60587d86262d3d637316ebfa35ce9199d311d97d095ef0d18b4c5ada1/renegotiate HTTP/1.1" 200 -
23:55:15 CF PUT /sessions/1c0a226c3e5053c8996f68eb8672968c6e01334cb125d87af3e04fab729b4dbf/renegotiate -> 200 (155 ms)
23:55:15 "PUT /cf/sessions/1c0a226c3e5053c8996f68eb8672968c6e01334cb125d87af3e04fab729b4dbf/renegotiate HTTP/1.1" 200 -
23:55:15 "POST /collect HTTP/1.1" 200 -
23:55:15 "POST /collect HTTP/1.1" 200 -
23:55:15 "POST /collect HTTP/1.1" 200 -
23:55:15 CF POST /sessions/1c0a226c3e5053c8996f68eb8672968c6e01334cb125d87af3e04fab729b4dbf/tracks/new -> 200 (156 ms)
23:55:15 "POST /cf/sessions/1c0a226c3e5053c8996f68eb8672968c6e01334cb125d87af3e04fab729b4dbf/tracks/new HTTP/1.1" 200 -
23:55:15 CF POST /sessions/8f7c48b60587d86262d3d637316ebfa35ce9199d311d97d095ef0d18b4c5ada1/tracks/new -> 200 (264 ms)
23:55:15 "POST /cf/sessions/8f7c48b60587d86262d3d637316ebfa35ce9199d311d97d095ef0d18b4c5ada1/tracks/new HTTP/1.1" 200 -
23:55:15 CF PUT /sessions/1c0a226c3e5053c8996f68eb8672968c6e01334cb125d87af3e04fab729b4dbf/renegotiate -> 200 (170 ms)
23:55:15 "PUT /cf/sessions/1c0a226c3e5053c8996f68eb8672968c6e01334cb125d87af3e04fab729b4dbf/renegotiate HTTP/1.1" 200 -
23:55:15 "POST /collect HTTP/1.1" 200 -
23:55:15 CF PUT /sessions/8f7c48b60587d86262d3d637316ebfa35ce9199d311d97d095ef0d18b4c5ada1/renegotiate -> 200 (219 ms)
23:55:15 "PUT /cf/sessions/8f7c48b60587d86262d3d637316ebfa35ce9199d311d97d095ef0d18b4c5ada1/renegotiate HTTP/1.1" 200 -
23:55:15 "POST /collect HTTP/1.1" 200 -
23:55:16 "POST /collect HTTP/1.1" 200 -
23:55:16 CF POST /sessions/1c0a226c3e5053c8996f68eb8672968c6e01334cb125d87af3e04fab729b4dbf/tracks/new -> 200 (316 ms)
23:55:16 "POST /cf/sessions/1c0a226c3e5053c8996f68eb8672968c6e01334cb125d87af3e04fab729b4dbf/tracks/new HTTP/1.1" 200 -
23:55:16 "POST /collect HTTP/1.1" 200 -
23:55:16 CF POST /sessions/8f7c48b60587d86262d3d637316ebfa35ce9199d311d97d095ef0d18b4c5ada1/tracks/new -> 200 (242 ms)
23:55:16 "POST /cf/sessions/8f7c48b60587d86262d3d637316ebfa35ce9199d311d97d095ef0d18b4c5ada1/tracks/new HTTP/1.1" 200 -
23:55:16 CF PUT /sessions/1c0a226c3e5053c8996f68eb8672968c6e01334cb125d87af3e04fab729b4dbf/renegotiate -> 200 (176 ms)
23:55:16 "PUT /cf/sessions/1c0a226c3e5053c8996f68eb8672968c6e01334cb125d87af3e04fab729b4dbf/renegotiate HTTP/1.1" 200 -
23:55:16 "POST /collect HTTP/1.1" 200 -
23:55:16 "POST /collect HTTP/1.1" 200 -
23:55:16 "POST /collect HTTP/1.1" 200 -
23:55:16 "POST /collect HTTP/1.1" 200 -
23:55:16 "POST /collect HTTP/1.1" 200 -
23:55:16 "GET /roster HTTP/1.1" 200 -
23:55:16 "POST /collect HTTP/1.1" 200 -
23:55:16 "POST /collect HTTP/1.1" 200 -
23:55:16 "POST /collect HTTP/1.1" 200 -
23:55:16 "POST /collect HTTP/1.1" 200 -
23:55:16 CF PUT /sessions/8f7c48b60587d86262d3d637316ebfa35ce9199d311d97d095ef0d18b4c5ada1/renegotiate -> 200 (166 ms)
23:55:16 "PUT /cf/sessions/8f7c48b60587d86262d3d637316ebfa35ce9199d311d97d095ef0d18b4c5ada1/renegotiate HTTP/1.1" 200 -
23:55:16 "GET /roster HTTP/1.1" 200 -
23:55:16 "POST /collect HTTP/1.1" 200 -
23:55:16 "POST /collect HTTP/1.1" 200 -
23:55:16 "POST /collect HTTP/1.1" 200 -
23:55:16 "POST /collect HTTP/1.1" 200 -
23:55:16 "POST /collect HTTP/1.1" 200 -
23:55:16 "POST /collect HTTP/1.1" 200 -
23:55:16 CF POST /sessions/8f7c48b60587d86262d3d637316ebfa35ce9199d311d97d095ef0d18b4c5ada1/tracks/new -> 200 (221 ms)
23:55:16 "POST /cf/sessions/8f7c48b60587d86262d3d637316ebfa35ce9199d311d97d095ef0d18b4c5ada1/tracks/new HTTP/1.1" 200 -
23:55:16 CF POST /sessions/1c0a226c3e5053c8996f68eb8672968c6e01334cb125d87af3e04fab729b4dbf/tracks/new -> 200 (306 ms)
23:55:16 "POST /cf/sessions/1c0a226c3e5053c8996f68eb8672968c6e01334cb125d87af3e04fab729b4dbf/tracks/new HTTP/1.1" 200 -
23:55:16 CF PUT /sessions/1c0a226c3e5053c8996f68eb8672968c6e01334cb125d87af3e04fab729b4dbf/renegotiate -> 200 (159 ms)
23:55:16 "PUT /cf/sessions/1c0a226c3e5053c8996f68eb8672968c6e01334cb125d87af3e04fab729b4dbf/renegotiate HTTP/1.1" 200 -
23:55:16 "POST /collect HTTP/1.1" 200 -
23:55:16 CF PUT /sessions/8f7c48b60587d86262d3d637316ebfa35ce9199d311d97d095ef0d18b4c5ada1/renegotiate -> 200 (204 ms)
23:55:16 "PUT /cf/sessions/8f7c48b60587d86262d3d637316ebfa35ce9199d311d97d095ef0d18b4c5ada1/renegotiate HTTP/1.1" 200 -
23:55:16 "POST /collect HTTP/1.1" 200 -
23:55:17 "POST /collect HTTP/1.1" 200 -
23:55:17 CF POST /sessions/1c0a226c3e5053c8996f68eb8672968c6e01334cb125d87af3e04fab729b4dbf/tracks/new -> 200 (326 ms)
23:55:17 "POST /cf/sessions/1c0a226c3e5053c8996f68eb8672968c6e01334cb125d87af3e04fab729b4dbf/tracks/new HTTP/1.1" 200 -
23:55:17 CF POST /sessions/8f7c48b60587d86262d3d637316ebfa35ce9199d311d97d095ef0d18b4c5ada1/tracks/new -> 200 (291 ms)
23:55:17 "POST /cf/sessions/8f7c48b60587d86262d3d637316ebfa35ce9199d311d97d095ef0d18b4c5ada1/tracks/new HTTP/1.1" 200 -
23:55:17 "POST /collect HTTP/1.1" 200 -
23:55:17 CF PUT /sessions/1c0a226c3e5053c8996f68eb8672968c6e01334cb125d87af3e04fab729b4dbf/renegotiate -> 200 (179 ms)
23:55:17 "PUT /cf/sessions/1c0a226c3e5053c8996f68eb8672968c6e01334cb125d87af3e04fab729b4dbf/renegotiate HTTP/1.1" 200 -
23:55:17 "POST /collect HTTP/1.1" 200 -
23:55:17 CF PUT /sessions/8f7c48b60587d86262d3d637316ebfa35ce9199d311d97d095ef0d18b4c5ada1/renegotiate -> 200 (192 ms)
23:55:17 "PUT /cf/sessions/8f7c48b60587d86262d3d637316ebfa35ce9199d311d97d095ef0d18b4c5ada1/renegotiate HTTP/1.1" 200 -
23:55:17 "POST /collect HTTP/1.1" 200 -
23:55:17 "POST /collect HTTP/1.1" 200 -
23:55:17 "POST /collect HTTP/1.1" 200 -
23:55:17 "POST /collect HTTP/1.1" 200 -
23:55:18 "POST /collect HTTP/1.1" 200 -
23:55:18 "GET /roster HTTP/1.1" 200 -
23:55:18 "POST /collect HTTP/1.1" 200 -
23:55:18 "GET /roster HTTP/1.1" 200 -
23:55:18 "POST /collect HTTP/1.1" 200 -
23:55:18 "POST /collect HTTP/1.1" 200 -
23:55:18 "POST /collect HTTP/1.1" 200 -
23:55:19 "POST /collect HTTP/1.1" 200 -
23:55:19 "POST /collect HTTP/1.1" 200 -
23:55:19 "POST /collect HTTP/1.1" 200 -
23:55:19 "POST /collect HTTP/1.1" 200 -
23:55:19 "POST /collect HTTP/1.1" 200 -
23:55:19 "POST /collect HTTP/1.1" 200 -
23:55:19 "POST /collect HTTP/1.1" 200 -
23:55:19 "POST /collect HTTP/1.1" 200 -
23:55:19 "POST /collect HTTP/1.1" 200 -
23:55:19 "POST /collect HTTP/1.1" 200 -
23:55:19 "POST /collect HTTP/1.1" 200 -
23:55:19 "POST /collect HTTP/1.1" 200 -
23:55:19 "POST /collect HTTP/1.1" 200 -
23:55:20 "POST /collect HTTP/1.1" 200 -
23:55:20 "POST /collect HTTP/1.1" 200 -
23:55:20 "GET /roster HTTP/1.1" 200 -
23:55:20 "POST /collect HTTP/1.1" 200 -
23:55:20 "POST /collect HTTP/1.1" 200 -
23:55:20 "GET /roster HTTP/1.1" 200 -
23:55:20 "POST /collect HTTP/1.1" 200 -
23:55:20 "POST /collect HTTP/1.1" 200 -
23:55:20 "POST /collect HTTP/1.1" 200 -
23:55:21 "POST /collect HTTP/1.1" 200 -
23:55:22 "POST /collect HTTP/1.1" 200 -
23:55:22 "POST /collect HTTP/1.1" 200 -
23:55:22 "POST /collect HTTP/1.1" 200 -
23:55:22 "POST /collect HTTP/1.1" 200 -
23:55:22 "POST /collect HTTP/1.1" 200 -
23:55:22 "POST /collect HTTP/1.1" 200 -
23:55:22 "GET /roster HTTP/1.1" 200 -
23:55:22 "POST /collect HTTP/1.1" 200 -
23:55:22 "POST /collect HTTP/1.1" 200 -
23:55:22 "POST /collect HTTP/1.1" 200 -
23:55:22 "POST /collect HTTP/1.1" 200 -
23:55:22 "GET /roster HTTP/1.1" 200 -
23:55:22 "POST /collect HTTP/1.1" 200 -
23:55:22 "POST /collect HTTP/1.1" 200 -
23:55:22 "POST /collect HTTP/1.1" 200 -
23:55:22 "POST /collect HTTP/1.1" 200 -
23:55:22 "POST /collect HTTP/1.1" 200 -
23:55:23 "POST /collect HTTP/1.1" 200 -
23:55:23 "POST /collect HTTP/1.1" 200 -
23:55:23 "POST /collect HTTP/1.1" 200 -
23:55:23 "POST /collect HTTP/1.1" 200 -
23:55:23 "POST /collect HTTP/1.1" 200 -
23:55:24 "POST /collect HTTP/1.1" 200 -
23:55:24 "POST /collect HTTP/1.1" 200 -
23:55:24 "GET /roster HTTP/1.1" 200 -
23:55:24 "POST /collect HTTP/1.1" 200 -
23:55:24 "GET /roster HTTP/1.1" 200 -
23:55:24 "POST /collect HTTP/1.1" 200 -
23:55:24 "POST /collect HTTP/1.1" 200 -
23:55:25 "POST /collect HTTP/1.1" 200 -
23:55:25 "POST /collect HTTP/1.1" 200 -
23:55:25 "POST /collect HTTP/1.1" 200 -
23:55:25 "POST /collect HTTP/1.1" 200 -
23:55:25 "POST /collect HTTP/1.1" 200 -
23:55:25 "POST /collect HTTP/1.1" 200 -
23:55:25 "POST /collect HTTP/1.1" 200 -
23:55:25 "POST /collect HTTP/1.1" 200 -
23:55:25 "POST /collect HTTP/1.1" 200 -
23:55:25 "POST /collect HTTP/1.1" 200 -
23:55:25 "POST /collect HTTP/1.1" 200 -
23:55:25 "POST /collect HTTP/1.1" 200 -
23:55:25 "POST /collect HTTP/1.1" 200 -
23:55:26 "POST /collect HTTP/1.1" 200 -
23:55:26 "POST /collect HTTP/1.1" 200 -
23:55:26 "GET /roster HTTP/1.1" 200 -
23:55:26 "POST /collect HTTP/1.1" 200 -
23:55:26 "POST /collect HTTP/1.1" 200 -
23:55:26 "GET /roster HTTP/1.1" 200 -
23:55:26 "POST /collect HTTP/1.1" 200 -
23:55:26 "POST /collect HTTP/1.1" 200 -
23:55:26 "POST /collect HTTP/1.1" 200 -
23:55:27 "POST /collect HTTP/1.1" 200 -
23:55:27 "POST /collect HTTP/1.1" 200 -
23:55:28 "POST /collect HTTP/1.1" 200 -
23:55:28 "POST /collect HTTP/1.1" 200 -
23:55:28 "POST /collect HTTP/1.1" 200 -
23:55:28 "POST /collect HTTP/1.1" 200 -
23:55:28 "POST /collect HTTP/1.1" 200 -
23:55:28 "POST /collect HTTP/1.1" 200 -
23:55:28 "GET /roster HTTP/1.1" 200 -
23:55:28 "POST /collect HTTP/1.1" 200 -
23:55:28 "POST /collect HTTP/1.1" 200 -
23:55:28 "POST /collect HTTP/1.1" 200 -
23:55:28 "POST /collect HTTP/1.1" 200 -
23:55:28 "GET /roster HTTP/1.1" 200 -
23:55:28 "POST /collect HTTP/1.1" 200 -
23:55:28 "POST /collect HTTP/1.1" 200 -
23:55:28 "POST /collect HTTP/1.1" 200 -
23:55:28 "POST /collect HTTP/1.1" 200 -
23:55:28 "POST /collect HTTP/1.1" 200 -
23:55:29 "POST /collect HTTP/1.1" 200 -
23:55:29 "POST /collect HTTP/1.1" 200 -
23:55:29 "POST /collect HTTP/1.1" 200 -
23:55:29 "POST /collect HTTP/1.1" 200 -
23:55:29 "POST /collect HTTP/1.1" 200 -
23:55:30 "POST /collect HTTP/1.1" 200 -
23:55:30 "GET /roster HTTP/1.1" 200 -
23:55:30 "POST /collect HTTP/1.1" 200 -
23:55:30 "GET /roster HTTP/1.1" 200 -
23:55:30 "POST /collect HTTP/1.1" 200 -
23:55:30 "POST /collect HTTP/1.1" 200 -
23:55:31 "POST /collect HTTP/1.1" 200 -
23:55:31 "POST /collect HTTP/1.1" 200 -
23:55:31 "POST /collect HTTP/1.1" 200 -
23:55:31 "POST /collect HTTP/1.1" 200 -
23:55:31 "POST /collect HTTP/1.1" 200 -
23:55:31 "POST /collect HTTP/1.1" 200 -
23:55:31 "POST /collect HTTP/1.1" 200 -
23:55:31 "POST /collect HTTP/1.1" 200 -
23:55:31 "POST /collect HTTP/1.1" 200 -
23:55:31 "POST /collect HTTP/1.1" 200 -
23:55:31 "POST /collect HTTP/1.1" 200 -
23:55:31 "POST /collect HTTP/1.1" 200 -
23:55:31 "POST /collect HTTP/1.1" 200 -
23:55:32 "POST /collect HTTP/1.1" 200 -
23:55:32 "POST /collect HTTP/1.1" 200 -
23:55:32 "GET /roster HTTP/1.1" 200 -
23:55:32 "POST /collect HTTP/1.1" 200 -
23:55:32 "GET /roster HTTP/1.1" 200 -
23:55:32 "POST /collect HTTP/1.1" 200 -
23:55:32 "POST /collect HTTP/1.1" 200 -
23:55:32 "POST /collect HTTP/1.1" 200 -
23:55:32 "POST /collect HTTP/1.1" 200 -
23:55:33 "POST /collect HTTP/1.1" 200 -
23:55:33 "POST /collect HTTP/1.1" 200 -
23:55:34 "POST /collect HTTP/1.1" 200 -
23:55:34 "POST /collect HTTP/1.1" 200 -
23:55:34 "POST /collect HTTP/1.1" 200 -
23:55:34 "POST /collect HTTP/1.1" 200 -
23:55:34 "POST /collect HTTP/1.1" 200 -
23:55:34 "POST /collect HTTP/1.1" 200 -
23:55:34 "POST /collect HTTP/1.1" 200 -
23:55:34 "GET /roster HTTP/1.1" 200 -
23:55:34 "POST /collect HTTP/1.1" 200 -
23:55:34 "POST /collect HTTP/1.1" 200 -
23:55:34 "POST /collect HTTP/1.1" 200 -
23:55:34 "GET /roster HTTP/1.1" 200 -
23:55:34 "POST /collect HTTP/1.1" 200 -
23:55:34 "POST /collect HTTP/1.1" 200 -
23:55:34 "POST /collect HTTP/1.1" 200 -
23:55:34 "POST /collect HTTP/1.1" 200 -
23:55:34 "POST /collect HTTP/1.1" 200 -
23:55:35 "POST /collect HTTP/1.1" 200 -
23:55:35 "POST /collect HTTP/1.1" 200 -
23:55:35 "POST /collect HTTP/1.1" 200 -
23:55:35 "POST /collect HTTP/1.1" 200 -
23:55:35 "POST /collect HTTP/1.1" 200 -
23:55:36 "POST /collect HTTP/1.1" 200 -
23:55:36 "GET /roster HTTP/1.1" 200 -
23:55:36 "GET /roster HTTP/1.1" 200 -
23:55:36 "POST /collect HTTP/1.1" 200 -
23:55:36 "POST /collect HTTP/1.1" 200 -
23:55:36 "POST /collect HTTP/1.1" 200 -
23:55:37 "POST /collect HTTP/1.1" 200 -
23:55:37 "POST /collect HTTP/1.1" 200 -
23:55:37 "POST /collect HTTP/1.1" 200 -
23:55:37 "POST /collect HTTP/1.1" 200 -
23:55:37 "POST /collect HTTP/1.1" 200 -
23:55:37 "POST /collect HTTP/1.1" 200 -
23:55:37 "POST /collect HTTP/1.1" 200 -
23:55:37 "POST /collect HTTP/1.1" 200 -
23:55:37 "POST /collect HTTP/1.1" 200 -
23:55:37 "POST /collect HTTP/1.1" 200 -
23:55:37 "POST /collect HTTP/1.1" 200 -
23:55:37 "POST /collect HTTP/1.1" 200 -
23:55:37 "POST /collect HTTP/1.1" 200 -
23:55:38 "POST /collect HTTP/1.1" 200 -
23:55:38 "POST /collect HTTP/1.1" 200 -
23:55:38 "GET /roster HTTP/1.1" 200 -
23:55:38 "POST /collect HTTP/1.1" 200 -
23:55:38 "POST /collect HTTP/1.1" 200 -
23:55:38 "GET /roster HTTP/1.1" 200 -
23:55:38 "POST /collect HTTP/1.1" 200 -
23:55:38 "POST /collect HTTP/1.1" 200 -
23:55:38 "POST /collect HTTP/1.1" 200 -
23:55:39 "POST /collect HTTP/1.1" 200 -
23:55:39 "POST /collect HTTP/1.1" 200 -
23:55:39 "POST /collect HTTP/1.1" 200 -
23:55:40 "POST /collect HTTP/1.1" 200 -
23:55:40 "POST /collect HTTP/1.1" 200 -
23:55:40 "POST /collect HTTP/1.1" 200 -
23:55:40 "POST /collect HTTP/1.1" 200 -
23:55:40 "POST /collect HTTP/1.1" 200 -
23:55:40 "POST /collect HTTP/1.1" 200 -
23:55:40 "GET /roster HTTP/1.1" 200 -
23:55:40 "POST /collect HTTP/1.1" 200 -
23:55:40 "POST /collect HTTP/1.1" 200 -
23:55:40 "POST /collect HTTP/1.1" 200 -
23:55:40 "POST /collect HTTP/1.1" 200 -
23:55:40 "GET /roster HTTP/1.1" 200 -
23:55:40 "POST /collect HTTP/1.1" 200 -
23:55:40 "POST /collect HTTP/1.1" 200 -
23:55:40 "POST /collect HTTP/1.1" 200 -
23:55:40 "POST /collect HTTP/1.1" 200 -
23:55:40 "POST /collect HTTP/1.1" 200 -
23:55:41 "POST /collect HTTP/1.1" 200 -
23:55:41 "POST /collect HTTP/1.1" 200 -
23:55:41 "POST /collect HTTP/1.1" 200 -
23:55:41 "POST /collect HTTP/1.1" 200 -
23:55:41 "POST /collect HTTP/1.1" 200 -
23:55:42 "POST /collect HTTP/1.1" 200 -
23:55:42 "GET /roster HTTP/1.1" 200 -
23:55:42 "POST /collect HTTP/1.1" 200 -
23:55:42 "GET /roster HTTP/1.1" 200 -
23:55:42 "POST /collect HTTP/1.1" 200 -
23:55:42 "POST /collect HTTP/1.1" 200 -
23:55:43 "POST /collect HTTP/1.1" 200 -
23:55:43 "POST /collect HTTP/1.1" 200 -
23:55:43 "POST /collect HTTP/1.1" 200 -
23:55:43 "POST /collect HTTP/1.1" 200 -
23:55:43 "POST /collect HTTP/1.1" 200 -
23:55:43 "POST /collect HTTP/1.1" 200 -
23:55:43 "POST /collect HTTP/1.1" 200 -
23:55:43 "POST /collect HTTP/1.1" 200 -
23:55:43 "POST /collect HTTP/1.1" 200 -
23:55:43 "POST /collect HTTP/1.1" 200 -
23:55:43 "POST /collect HTTP/1.1" 200 -
23:55:43 "POST /collect HTTP/1.1" 200 -
23:55:43 "POST /collect HTTP/1.1" 200 -
23:55:44 "POST /collect HTTP/1.1" 200 -
23:55:44 "POST /collect HTTP/1.1" 200 -
23:55:44 "GET /roster HTTP/1.1" 200 -
23:55:44 "POST /collect HTTP/1.1" 200 -
23:55:44 "POST /collect HTTP/1.1" 200 -
23:55:44 "GET /roster HTTP/1.1" 200 -
23:55:44 "POST /collect HTTP/1.1" 200 -
23:55:44 "POST /collect HTTP/1.1" 200 -
23:55:44 "POST /collect HTTP/1.1" 200 -
23:55:45 "POST /collect HTTP/1.1" 200 -
23:55:45 "POST /collect HTTP/1.1" 200 -
23:55:46 "POST /collect HTTP/1.1" 200 -
23:55:46 "POST /collect HTTP/1.1" 200 -
23:55:46 "POST /collect HTTP/1.1" 200 -
23:55:46 "POST /collect HTTP/1.1" 200 -
23:55:46 "POST /collect HTTP/1.1" 200 -
23:55:46 "POST /collect HTTP/1.1" 200 -
23:55:46 "GET /roster HTTP/1.1" 200 -
23:55:46 "POST /collect HTTP/1.1" 200 -
23:55:46 "POST /collect HTTP/1.1" 200 -
23:55:46 "POST /collect HTTP/1.1" 200 -
23:55:46 "POST /collect HTTP/1.1" 200 -
23:55:46 "GET /roster HTTP/1.1" 200 -
23:55:46 "POST /collect HTTP/1.1" 200 -
23:55:46 "POST /collect HTTP/1.1" 200 -
23:55:46 "POST /collect HTTP/1.1" 200 -
23:55:46 "POST /collect HTTP/1.1" 200 -
23:55:46 "POST /collect HTTP/1.1" 200 -
23:55:47 "POST /collect HTTP/1.1" 200 -
23:55:47 "POST /collect HTTP/1.1" 200 -
23:55:47 "POST /collect HTTP/1.1" 200 -
23:55:47 "POST /collect HTTP/1.1" 200 -
23:55:47 "POST /collect HTTP/1.1" 200 -
23:55:48 "POST /collect HTTP/1.1" 200 -
23:55:48 "GET /roster HTTP/1.1" 200 -
23:55:48 "POST /collect HTTP/1.1" 200 -
23:55:48 "GET /roster HTTP/1.1" 200 -
23:55:48 "POST /collect HTTP/1.1" 200 -
23:55:48 "POST /collect HTTP/1.1" 200 -
23:55:49 "POST /collect HTTP/1.1" 200 -
23:55:49 "POST /collect HTTP/1.1" 200 -
23:55:49 "POST /collect HTTP/1.1" 200 -
23:55:49 "POST /collect HTTP/1.1" 200 -
23:55:49 "POST /collect HTTP/1.1" 200 -
23:55:49 "POST /collect HTTP/1.1" 200 -
23:55:49 "POST /collect HTTP/1.1" 200 -
23:55:49 "POST /collect HTTP/1.1" 200 -
23:55:49 "POST /collect HTTP/1.1" 200 -
23:55:49 "POST /collect HTTP/1.1" 200 -
23:55:49 "POST /collect HTTP/1.1" 200 -
23:55:49 "POST /collect HTTP/1.1" 200 -
23:55:49 "POST /collect HTTP/1.1" 200 -
23:55:50 "POST /collect HTTP/1.1" 200 -
23:55:50 "GET /roster HTTP/1.1" 200 -
23:55:50 "POST /collect HTTP/1.1" 200 -
23:55:50 "POST /collect HTTP/1.1" 200 -
23:55:50 "GET /roster HTTP/1.1" 200 -
23:55:50 "POST /collect HTTP/1.1" 200 -
23:55:50 "POST /collect HTTP/1.1" 200 -
23:55:50 "POST /collect HTTP/1.1" 200 -
23:55:51 "POST /collect HTTP/1.1" 200 -
23:55:51 "POST /collect HTTP/1.1" 200 -
23:55:52 "POST /collect HTTP/1.1" 200 -
23:55:52 "POST /collect HTTP/1.1" 200 -
23:55:52 "POST /collect HTTP/1.1" 200 -
23:55:52 "POST /collect HTTP/1.1" 200 -
23:55:52 "GET /roster HTTP/1.1" 200 -
23:55:52 "POST /collect HTTP/1.1" 200 -
23:55:52 "POST /collect HTTP/1.1" 200 -
23:55:52 "POST /collect HTTP/1.1" 200 -
23:55:52 "POST /collect HTTP/1.1" 200 -
23:55:52 "POST /collect HTTP/1.1" 200 -
23:55:52 "GET /roster HTTP/1.1" 200 -
23:55:52 "POST /collect HTTP/1.1" 200 -
23:55:52 "POST /collect HTTP/1.1" 200 -
23:55:52 "POST /collect HTTP/1.1" 200 -
23:55:52 "POST /collect HTTP/1.1" 200 -
23:55:52 "POST /collect HTTP/1.1" 200 -
23:55:53 "POST /collect HTTP/1.1" 200 -
23:55:53 "POST /collect HTTP/1.1" 200 -
23:55:53 "POST /collect HTTP/1.1" 200 -
23:55:53 "POST /collect HTTP/1.1" 200 -
23:55:53 "POST /collect HTTP/1.1" 200 -
23:55:54 "POST /collect HTTP/1.1" 200 -
23:55:54 "GET /roster HTTP/1.1" 200 -
23:55:54 "POST /collect HTTP/1.1" 200 -
23:55:54 "GET /roster HTTP/1.1" 200 -
23:55:54 "POST /collect HTTP/1.1" 200 -
23:55:54 "POST /collect HTTP/1.1" 200 -
23:55:54 "POST /collect HTTP/1.1" 200 -
23:55:55 "POST /collect HTTP/1.1" 200 -
23:55:55 "POST /collect HTTP/1.1" 200 -
23:55:55 "POST /collect HTTP/1.1" 200 -
23:55:55 "POST /collect HTTP/1.1" 200 -
23:55:55 "POST /collect HTTP/1.1" 200 -
23:55:55 "POST /collect HTTP/1.1" 200 -
23:55:55 "POST /collect HTTP/1.1" 200 -
23:55:55 "POST /collect HTTP/1.1" 200 -
23:55:55 "POST /collect HTTP/1.1" 200 -
23:55:55 "POST /collect HTTP/1.1" 200 -
23:55:55 "POST /collect HTTP/1.1" 200 -
23:55:55 "POST /collect HTTP/1.1" 200 -
23:55:55 "POST /collect HTTP/1.1" 200 -
23:55:56 "POST /collect HTTP/1.1" 200 -
23:55:56 "POST /collect HTTP/1.1" 200 -
23:55:56 "GET /roster HTTP/1.1" 200 -
23:55:56 "POST /collect HTTP/1.1" 200 -
23:55:56 "POST /collect HTTP/1.1" 200 -
23:55:56 "GET /roster HTTP/1.1" 200 -
23:55:56 "POST /collect HTTP/1.1" 200 -
23:55:56 "POST /collect HTTP/1.1" 200 -
23:55:56 "POST /collect HTTP/1.1" 200 -
23:55:57 "POST /collect HTTP/1.1" 200 -
23:55:57 "POST /collect HTTP/1.1" 200 -
23:55:58 "POST /collect HTTP/1.1" 200 -
23:55:58 "POST /collect HTTP/1.1" 200 -
23:55:58 "POST /collect HTTP/1.1" 200 -
23:55:58 "POST /collect HTTP/1.1" 200 -
23:55:58 "POST /collect HTTP/1.1" 200 -
23:55:58 "POST /collect HTTP/1.1" 200 -
23:55:58 "GET /roster HTTP/1.1" 200 -
23:55:58 "POST /collect HTTP/1.1" 200 -
23:55:58 "POST /collect HTTP/1.1" 200 -
23:55:58 "POST /collect HTTP/1.1" 200 -
23:55:58 "POST /collect HTTP/1.1" 200 -
23:55:58 "GET /roster HTTP/1.1" 200 -
23:55:58 "POST /collect HTTP/1.1" 200 -
23:55:58 "POST /collect HTTP/1.1" 200 -
23:55:58 "POST /collect HTTP/1.1" 200 -
23:55:58 "POST /collect HTTP/1.1" 200 -
23:55:58 "POST /collect HTTP/1.1" 200 -
23:55:59 "POST /collect HTTP/1.1" 200 -
23:55:59 "POST /collect HTTP/1.1" 200 -
23:55:59 "POST /collect HTTP/1.1" 200 -
23:55:59 "POST /collect HTTP/1.1" 200 -
23:55:59 "POST /collect HTTP/1.1" 200 -
23:56:00 "POST /collect HTTP/1.1" 200 -
23:56:00 "GET /roster HTTP/1.1" 200 -
23:56:00 "POST /collect HTTP/1.1" 200 -
23:56:00 "GET /roster HTTP/1.1" 200 -
23:56:00 "POST /collect HTTP/1.1" 200 -
23:56:00 "POST /collect HTTP/1.1" 200 -
23:56:01 "POST /collect HTTP/1.1" 200 -
23:56:01 "POST /collect HTTP/1.1" 200 -
23:56:01 "POST /collect HTTP/1.1" 200 -
23:56:01 "POST /collect HTTP/1.1" 200 -
23:56:01 "POST /collect HTTP/1.1" 200 -
23:56:01 "POST /collect HTTP/1.1" 200 -
23:56:01 "POST /collect HTTP/1.1" 200 -
23:56:01 "POST /collect HTTP/1.1" 200 -
23:56:01 "POST /collect HTTP/1.1" 200 -
23:56:01 "POST /collect HTTP/1.1" 200 -
23:56:01 "POST /collect HTTP/1.1" 200 -
23:56:01 "POST /collect HTTP/1.1" 200 -
23:56:01 "POST /collect HTTP/1.1" 200 -
23:56:02 "POST /collect HTTP/1.1" 200 -
23:56:02 "POST /collect HTTP/1.1" 200 -
23:56:02 "GET /roster HTTP/1.1" 200 -
23:56:02 "POST /collect HTTP/1.1" 200 -
23:56:02 "POST /collect HTTP/1.1" 200 -
23:56:02 "GET /roster HTTP/1.1" 200 -
23:56:02 "POST /collect HTTP/1.1" 200 -
23:56:02 "POST /collect HTTP/1.1" 200 -
23:56:02 "POST /collect HTTP/1.1" 200 -
23:56:03 "POST /collect HTTP/1.1" 200 -
23:56:03 "POST /collect HTTP/1.1" 200 -
23:56:04 "POST /collect HTTP/1.1" 200 -
23:56:04 "POST /collect HTTP/1.1" 200 -
23:56:04 "POST /collect HTTP/1.1" 200 -
23:56:04 "POST /collect HTTP/1.1" 200 -
23:56:04 "POST /collect HTTP/1.1" 200 -
23:56:04 "POST /collect HTTP/1.1" 200 -
23:56:04 "GET /roster HTTP/1.1" 200 -
23:56:04 "POST /collect HTTP/1.1" 200 -
23:56:04 "POST /collect HTTP/1.1" 200 -
23:56:04 "POST /collect HTTP/1.1" 200 -
23:56:04 "POST /collect HTTP/1.1" 200 -
23:56:04 "GET /roster HTTP/1.1" 200 -
23:56:04 "POST /collect HTTP/1.1" 200 -
23:56:04 "POST /collect HTTP/1.1" 200 -
23:56:04 "POST /collect HTTP/1.1" 200 -
23:56:04 "POST /collect HTTP/1.1" 200 -
23:56:04 "POST /collect HTTP/1.1" 200 -
23:56:05 "POST /collect HTTP/1.1" 200 -
23:56:05 "POST /collect HTTP/1.1" 200 -
23:56:05 "POST /collect HTTP/1.1" 200 -
23:56:05 "POST /collect HTTP/1.1" 200 -
23:56:05 "POST /collect HTTP/1.1" 200 -
23:56:06 "POST /collect HTTP/1.1" 200 -
23:56:06 "GET /roster HTTP/1.1" 200 -
23:56:06 "POST /collect HTTP/1.1" 200 -
23:56:06 "GET /roster HTTP/1.1" 200 -
23:56:06 "POST /collect HTTP/1.1" 200 -
23:56:06 "POST /collect HTTP/1.1" 200 -
23:56:07 "POST /collect HTTP/1.1" 200 -
23:56:07 "POST /collect HTTP/1.1" 200 -
23:56:07 "POST /collect HTTP/1.1" 200 -
23:56:07 "POST /collect HTTP/1.1" 200 -
23:56:07 "POST /collect HTTP/1.1" 200 -
23:56:07 "POST /collect HTTP/1.1" 200 -
23:56:07 "POST /collect HTTP/1.1" 200 -
23:56:07 "POST /collect HTTP/1.1" 200 -
23:56:07 "POST /collect HTTP/1.1" 200 -
23:56:07 "POST /collect HTTP/1.1" 200 -
23:56:07 "POST /collect HTTP/1.1" 200 -
23:56:07 "POST /collect HTTP/1.1" 200 -
23:56:07 "POST /collect HTTP/1.1" 200 -
23:56:08 "POST /collect HTTP/1.1" 200 -
23:56:08 "POST /collect HTTP/1.1" 200 -
23:56:08 "GET /roster HTTP/1.1" 200 -
23:56:08 "POST /collect HTTP/1.1" 200 -
23:56:08 "POST /collect HTTP/1.1" 200 -
23:56:08 "GET /roster HTTP/1.1" 200 -
23:56:08 "POST /collect HTTP/1.1" 200 -
23:56:08 "POST /collect HTTP/1.1" 200 -
23:56:08 "POST /collect HTTP/1.1" 200 -
23:56:09 "POST /collect HTTP/1.1" 200 -
23:56:09 "POST /collect HTTP/1.1" 200 -
23:56:09 "POST /collect HTTP/1.1" 200 -
23:56:10 "POST /collect HTTP/1.1" 200 -
23:56:10 "POST /collect HTTP/1.1" 200 -
23:56:10 "POST /collect HTTP/1.1" 200 -
23:56:10 "POST /collect HTTP/1.1" 200 -
23:56:10 "POST /collect HTTP/1.1" 200 -
23:56:10 "POST /collect HTTP/1.1" 200 -
23:56:10 "GET /roster HTTP/1.1" 200 -
23:56:10 "POST /collect HTTP/1.1" 200 -
23:56:10 "POST /collect HTTP/1.1" 200 -
23:56:10 "POST /collect HTTP/1.1" 200 -
23:56:10 "POST /collect HTTP/1.1" 200 -
23:56:10 "GET /roster HTTP/1.1" 200 -
23:56:10 "POST /collect HTTP/1.1" 200 -
23:56:10 "POST /collect HTTP/1.1" 200 -
23:56:10 "POST /collect HTTP/1.1" 200 -
23:56:10 "POST /collect HTTP/1.1" 200 -
23:56:10 "POST /collect HTTP/1.1" 200 -
23:56:11 "POST /collect HTTP/1.1" 200 -
23:56:11 "POST /collect HTTP/1.1" 200 -
23:56:11 "POST /collect HTTP/1.1" 200 -
23:56:11 "POST /collect HTTP/1.1" 200 -
23:56:11 "POST /collect HTTP/1.1" 200 -
23:56:12 "POST /collect HTTP/1.1" 200 -
23:56:12 "GET /roster HTTP/1.1" 200 -
23:56:12 "POST /collect HTTP/1.1" 200 -
23:56:12 "GET /roster HTTP/1.1" 200 -
23:56:12 "POST /collect HTTP/1.1" 200 -
23:56:12 "POST /collect HTTP/1.1" 200 -
23:56:13 "POST /collect HTTP/1.1" 200 -
23:56:13 "POST /collect HTTP/1.1" 200 -
23:56:13 "POST /collect HTTP/1.1" 200 -
23:56:13 "POST /collect HTTP/1.1" 200 -
23:56:13 "POST /collect HTTP/1.1" 200 -
23:56:13 "POST /collect HTTP/1.1" 200 -
23:56:13 "POST /collect HTTP/1.1" 200 -
23:56:13 "POST /collect HTTP/1.1" 200 -
23:56:13 "POST /collect HTTP/1.1" 200 -
23:56:13 "POST /collect HTTP/1.1" 200 -
23:56:13 "POST /collect HTTP/1.1" 200 -
23:56:13 "POST /collect HTTP/1.1" 200 -
23:56:13 "POST /collect HTTP/1.1" 200 -
23:56:14 "POST /collect HTTP/1.1" 200 -
23:56:14 "POST /collect HTTP/1.1" 200 -
23:56:14 "GET /roster HTTP/1.1" 200 -
23:56:14 "POST /collect HTTP/1.1" 200 -
23:56:14 "POST /collect HTTP/1.1" 200 -
23:56:14 "GET /roster HTTP/1.1" 200 -
23:56:14 "POST /collect HTTP/1.1" 200 -
23:56:14 "POST /collect HTTP/1.1" 200 -
23:56:14 "POST /collect HTTP/1.1" 200 -
23:56:15 "POST /collect HTTP/1.1" 200 -
23:56:15 "POST /collect HTTP/1.1" 200 -
23:56:16 "POST /collect HTTP/1.1" 200 -
23:56:16 "POST /collect HTTP/1.1" 200 -
23:56:16 "POST /collect HTTP/1.1" 200 -
23:56:16 "POST /collect HTTP/1.1" 200 -
23:56:16 "POST /collect HTTP/1.1" 200 -
23:56:16 "POST /collect HTTP/1.1" 200 -
23:56:16 "POST /collect HTTP/1.1" 200 -
23:56:16 "GET /roster HTTP/1.1" 200 -
23:56:16 "POST /collect HTTP/1.1" 200 -
23:56:16 "POST /collect HTTP/1.1" 200 -
23:56:16 "POST /collect HTTP/1.1" 200 -
23:56:16 "GET /roster HTTP/1.1" 200 -
23:56:16 "POST /collect HTTP/1.1" 200 -
23:56:16 "POST /collect HTTP/1.1" 200 -
23:56:16 "POST /collect HTTP/1.1" 200 -
23:56:16 "POST /collect HTTP/1.1" 200 -
23:56:16 "POST /collect HTTP/1.1" 200 -
23:56:17 "POST /collect HTTP/1.1" 200 -
23:56:17 "POST /collect HTTP/1.1" 200 -
23:56:17 "POST /collect HTTP/1.1" 200 -
23:56:17 "POST /collect HTTP/1.1" 200 -
23:56:17 "POST /collect HTTP/1.1" 200 -
23:56:18 "GET /roster HTTP/1.1" 200 -
23:56:18 "POST /collect HTTP/1.1" 200 -
23:56:18 "GET /roster HTTP/1.1" 200 -
23:56:18 "POST /collect HTTP/1.1" 200 -
23:56:18 "POST /collect HTTP/1.1" 200 -
23:56:19 "POST /collect HTTP/1.1" 200 -
23:56:19 "POST /collect HTTP/1.1" 200 -
23:56:19 "POST /collect HTTP/1.1" 200 -
23:56:19 "POST /collect HTTP/1.1" 200 -
23:56:19 "POST /collect HTTP/1.1" 200 -
23:56:19 "POST /collect HTTP/1.1" 200 -
23:56:19 "POST /collect HTTP/1.1" 200 -
23:56:19 "POST /collect HTTP/1.1" 200 -
23:56:19 "POST /collect HTTP/1.1" 200 -
23:56:19 "POST /collect HTTP/1.1" 200 -
23:56:19 "POST /collect HTTP/1.1" 200 -
23:56:19 "POST /collect HTTP/1.1" 200 -
23:56:19 "POST /collect HTTP/1.1" 200 -
23:56:20 "POST /collect HTTP/1.1" 200 -
23:56:20 "POST /collect HTTP/1.1" 200 -
23:56:20 "GET /roster HTTP/1.1" 200 -
23:56:20 "POST /collect HTTP/1.1" 200 -
23:56:20 "POST /collect HTTP/1.1" 200 -
23:56:20 "GET /roster HTTP/1.1" 200 -
23:56:20 "POST /collect HTTP/1.1" 200 -
23:56:20 "POST /collect HTTP/1.1" 200 -
23:56:20 "POST /collect HTTP/1.1" 200 -
23:56:21 "POST /collect HTTP/1.1" 200 -
23:56:21 "POST /collect HTTP/1.1" 200 -
23:56:22 "POST /collect HTTP/1.1" 200 -
23:56:22 "POST /collect HTTP/1.1" 200 -
23:56:22 "POST /collect HTTP/1.1" 200 -
23:56:22 "POST /collect HTTP/1.1" 200 -
23:56:22 "POST /collect HTTP/1.1" 200 -
23:56:22 "POST /collect HTTP/1.1" 200 -
23:56:22 "GET /roster HTTP/1.1" 200 -
23:56:22 "POST /collect HTTP/1.1" 200 -
23:56:22 "POST /collect HTTP/1.1" 200 -
23:56:22 "POST /collect HTTP/1.1" 200 -
23:56:22 "POST /collect HTTP/1.1" 200 -
23:56:22 "GET /roster HTTP/1.1" 200 -
23:56:22 "POST /collect HTTP/1.1" 200 -
23:56:22 "POST /collect HTTP/1.1" 200 -
23:56:22 "POST /collect HTTP/1.1" 200 -
23:56:22 "POST /collect HTTP/1.1" 200 -
23:56:22 "POST /collect HTTP/1.1" 200 -
23:56:23 "POST /collect HTTP/1.1" 200 -
23:56:23 "POST /collect HTTP/1.1" 200 -
23:56:23 "POST /collect HTTP/1.1" 200 -
23:56:23 "POST /collect HTTP/1.1" 200 -
23:56:23 "POST /collect HTTP/1.1" 200 -
23:56:24 "POST /collect HTTP/1.1" 200 -
23:56:24 "GET /roster HTTP/1.1" 200 -
23:56:24 "POST /collect HTTP/1.1" 200 -
23:56:24 "GET /roster HTTP/1.1" 200 -
23:56:24 "POST /collect HTTP/1.1" 200 -
23:56:24 "POST /collect HTTP/1.1" 200 -
23:56:24 "POST /collect HTTP/1.1" 200 -
23:56:25 "POST /collect HTTP/1.1" 200 -
23:56:25 "POST /collect HTTP/1.1" 200 -
23:56:25 "POST /collect HTTP/1.1" 200 -
23:56:25 "POST /collect HTTP/1.1" 200 -
23:56:25 "POST /collect HTTP/1.1" 200 -
23:56:25 "POST /collect HTTP/1.1" 200 -
23:56:25 "POST /collect HTTP/1.1" 200 -
23:56:25 "POST /collect HTTP/1.1" 200 -
23:56:25 "POST /collect HTTP/1.1" 200 -
23:56:25 "POST /collect HTTP/1.1" 200 -
23:56:25 "POST /collect HTTP/1.1" 200 -
23:56:25 "POST /collect HTTP/1.1" 200 -
23:56:25 "POST /collect HTTP/1.1" 200 -
23:56:26 "POST /collect HTTP/1.1" 200 -
23:56:26 "POST /collect HTTP/1.1" 200 -
23:56:26 "GET /roster HTTP/1.1" 200 -
23:56:26 "POST /collect HTTP/1.1" 200 -
23:56:26 "POST /collect HTTP/1.1" 200 -
23:56:26 "GET /roster HTTP/1.1" 200 -
23:56:26 "POST /collect HTTP/1.1" 200 -
23:56:26 "POST /collect HTTP/1.1" 200 -
23:56:26 "POST /collect HTTP/1.1" 200 -
23:56:27 "POST /collect HTTP/1.1" 200 -
23:56:27 "POST /collect HTTP/1.1" 200 -
23:56:28 "POST /collect HTTP/1.1" 200 -
23:56:28 "POST /collect HTTP/1.1" 200 -
23:56:28 "POST /collect HTTP/1.1" 200 -
23:56:28 "POST /collect HTTP/1.1" 200 -
23:56:28 "POST /collect HTTP/1.1" 200 -
23:56:28 "POST /collect HTTP/1.1" 200 -
23:56:28 "POST /collect HTTP/1.1" 200 -
23:56:28 "GET /roster HTTP/1.1" 200 -
23:56:28 "POST /collect HTTP/1.1" 200 -
23:56:28 "POST /collect HTTP/1.1" 200 -
23:56:28 "POST /collect HTTP/1.1" 200 -
23:56:28 "GET /roster HTTP/1.1" 200 -
23:56:28 "POST /collect HTTP/1.1" 200 -
23:56:28 "POST /collect HTTP/1.1" 200 -
23:56:28 "POST /collect HTTP/1.1" 200 -
23:56:28 "POST /collect HTTP/1.1" 200 -
23:56:28 "POST /collect HTTP/1.1" 200 -
23:56:29 "POST /collect HTTP/1.1" 200 -
23:56:29 "POST /collect HTTP/1.1" 200 -
23:56:29 "POST /collect HTTP/1.1" 200 -
23:56:29 "POST /collect HTTP/1.1" 200 -
23:56:29 "POST /collect HTTP/1.1" 200 -
23:56:30 "POST /collect HTTP/1.1" 200 -
23:56:30 "GET /roster HTTP/1.1" 200 -
23:56:30 "POST /collect HTTP/1.1" 200 -
23:56:30 "GET /roster HTTP/1.1" 200 -
23:56:30 "POST /collect HTTP/1.1" 200 -
23:56:30 "POST /collect HTTP/1.1" 200 -
23:56:31 "POST /collect HTTP/1.1" 200 -
23:56:31 "POST /collect HTTP/1.1" 200 -
23:56:31 "POST /collect HTTP/1.1" 200 -
23:56:31 "POST /collect HTTP/1.1" 200 -
23:56:31 "POST /collect HTTP/1.1" 200 -
23:56:31 "POST /collect HTTP/1.1" 200 -
23:56:31 "POST /collect HTTP/1.1" 200 -
23:56:31 "POST /collect HTTP/1.1" 200 -
23:56:31 "POST /collect HTTP/1.1" 200 -
23:56:31 "POST /collect HTTP/1.1" 200 -
23:56:31 "POST /collect HTTP/1.1" 200 -
23:56:31 "POST /collect HTTP/1.1" 200 -
23:56:32 "POST /collect HTTP/1.1" 200 -
23:56:32 "POST /collect HTTP/1.1" 200 -
23:56:32 "GET /roster HTTP/1.1" 200 -
23:56:32 "POST /collect HTTP/1.1" 200 -
23:56:32 "POST /collect HTTP/1.1" 200 -
23:56:32 "GET /roster HTTP/1.1" 200 -
23:56:32 "POST /collect HTTP/1.1" 200 -
23:56:32 "POST /collect HTTP/1.1" 200 -
23:56:32 "POST /collect HTTP/1.1" 200 -
23:56:33 "POST /collect HTTP/1.1" 200 -
23:56:33 "POST /collect HTTP/1.1" 200 -
23:56:34 "POST /collect HTTP/1.1" 200 -
23:56:34 "POST /collect HTTP/1.1" 200 -
23:56:34 "POST /collect HTTP/1.1" 200 -
23:56:34 "POST /collect HTTP/1.1" 200 -
23:56:34 "POST /collect HTTP/1.1" 200 -
23:56:34 "POST /collect HTTP/1.1" 200 -
23:56:34 "GET /roster HTTP/1.1" 200 -
23:56:34 "POST /collect HTTP/1.1" 200 -
23:56:34 "POST /collect HTTP/1.1" 200 -
23:56:34 "POST /collect HTTP/1.1" 200 -
23:56:34 "POST /collect HTTP/1.1" 200 -
23:56:34 "GET /roster HTTP/1.1" 200 -
23:56:34 "POST /collect HTTP/1.1" 200 -
23:56:34 "POST /collect HTTP/1.1" 200 -
23:56:34 "POST /collect HTTP/1.1" 200 -
23:56:34 "POST /collect HTTP/1.1" 200 -
23:56:34 "POST /collect HTTP/1.1" 200 -
23:56:35 "POST /collect HTTP/1.1" 200 -
23:56:35 "POST /collect HTTP/1.1" 200 -
23:56:35 "POST /collect HTTP/1.1" 200 -
23:56:35 "POST /collect HTTP/1.1" 200 -
23:56:35 "POST /collect HTTP/1.1" 200 -
23:56:36 "POST /collect HTTP/1.1" 200 -
23:56:36 "GET /roster HTTP/1.1" 200 -
23:56:36 "POST /collect HTTP/1.1" 200 -
23:56:36 "GET /roster HTTP/1.1" 200 -
23:56:36 "POST /collect HTTP/1.1" 200 -
23:56:36 "POST /collect HTTP/1.1" 200 -
23:56:37 "POST /collect HTTP/1.1" 200 -
23:56:37 "POST /collect HTTP/1.1" 200 -
23:56:37 "POST /collect HTTP/1.1" 200 -
23:56:37 "POST /collect HTTP/1.1" 200 -
23:56:37 "POST /collect HTTP/1.1" 200 -
23:56:37 "POST /collect HTTP/1.1" 200 -
23:56:37 "POST /collect HTTP/1.1" 200 -
23:56:37 "POST /collect HTTP/1.1" 200 -
23:56:37 "POST /collect HTTP/1.1" 200 -
23:56:37 "POST /collect HTTP/1.1" 200 -
23:56:37 "POST /collect HTTP/1.1" 200 -
23:56:37 "POST /collect HTTP/1.1" 200 -
23:56:37 "POST /collect HTTP/1.1" 200 -
23:56:38 "POST /collect HTTP/1.1" 200 -
23:56:38 "POST /collect HTTP/1.1" 200 -
23:56:38 "GET /roster HTTP/1.1" 200 -
23:56:38 "POST /collect HTTP/1.1" 200 -
23:56:38 "POST /collect HTTP/1.1" 200 -
23:56:38 "GET /roster HTTP/1.1" 200 -
23:56:38 "POST /collect HTTP/1.1" 200 -
23:56:38 "POST /collect HTTP/1.1" 200 -
23:56:38 "POST /collect HTTP/1.1" 200 -
23:56:39 "POST /collect HTTP/1.1" 200 -
23:56:39 "POST /collect HTTP/1.1" 200 -
23:56:39 "POST /collect HTTP/1.1" 200 -
23:56:40 "POST /collect HTTP/1.1" 200 -
23:56:40 "POST /collect HTTP/1.1" 200 -
23:56:40 "POST /collect HTTP/1.1" 200 -
23:56:40 "POST /collect HTTP/1.1" 200 -
23:56:40 "POST /collect HTTP/1.1" 200 -
23:56:40 "POST /collect HTTP/1.1" 200 -
23:56:40 "GET /roster HTTP/1.1" 200 -
23:56:40 "POST /collect HTTP/1.1" 200 -
23:56:40 "POST /collect HTTP/1.1" 200 -
23:56:40 "POST /collect HTTP/1.1" 200 -
23:56:40 "POST /collect HTTP/1.1" 200 -
23:56:40 "GET /roster HTTP/1.1" 200 -
23:56:40 "POST /collect HTTP/1.1" 200 -
23:56:40 "POST /collect HTTP/1.1" 200 -
23:56:40 "POST /collect HTTP/1.1" 200 -
23:56:40 "POST /collect HTTP/1.1" 200 -
23:56:40 "POST /collect HTTP/1.1" 200 -
23:56:41 "POST /collect HTTP/1.1" 200 -
23:56:41 "POST /collect HTTP/1.1" 200 -
23:56:41 "POST /collect HTTP/1.1" 200 -
23:56:41 "POST /collect HTTP/1.1" 200 -
23:56:41 "POST /collect HTTP/1.1" 200 -
23:56:42 "POST /collect HTTP/1.1" 200 -
23:56:42 "GET /roster HTTP/1.1" 200 -
23:56:42 "POST /collect HTTP/1.1" 200 -
23:56:42 "GET /roster HTTP/1.1" 200 -
23:56:42 "POST /collect HTTP/1.1" 200 -
23:56:42 "POST /collect HTTP/1.1" 200 -
23:56:43 "POST /collect HTTP/1.1" 200 -
23:56:43 "POST /collect HTTP/1.1" 200 -
23:56:43 "POST /collect HTTP/1.1" 200 -
23:56:43 "POST /collect HTTP/1.1" 200 -
23:56:43 "POST /collect HTTP/1.1" 200 -
23:56:43 "POST /collect HTTP/1.1" 200 -
23:56:43 "POST /collect HTTP/1.1" 200 -
23:56:43 "POST /collect HTTP/1.1" 200 -
23:56:43 "POST /collect HTTP/1.1" 200 -
23:56:43 "POST /collect HTTP/1.1" 200 -
23:56:43 "POST /collect HTTP/1.1" 200 -
23:56:43 "POST /collect HTTP/1.1" 200 -
23:56:43 "POST /collect HTTP/1.1" 200 -
23:56:44 "POST /collect HTTP/1.1" 200 -
23:56:44 "GET /roster HTTP/1.1" 200 -
23:56:44 "POST /collect HTTP/1.1" 200 -
23:56:44 "POST /collect HTTP/1.1" 200 -
23:56:44 "GET /roster HTTP/1.1" 200 -
23:56:44 "POST /collect HTTP/1.1" 200 -
23:56:44 "POST /collect HTTP/1.1" 200 -
23:56:44 "POST /collect HTTP/1.1" 200 -
23:56:45 "POST /collect HTTP/1.1" 200 -
23:56:45 "POST /collect HTTP/1.1" 200 -
23:56:46 "POST /collect HTTP/1.1" 200 -
23:56:46 "POST /collect HTTP/1.1" 200 -
23:56:46 "POST /collect HTTP/1.1" 200 -
23:56:46 "POST /collect HTTP/1.1" 200 -
23:56:46 "POST /collect HTTP/1.1" 200 -
23:56:46 "POST /collect HTTP/1.1" 200 -
23:56:46 "GET /roster HTTP/1.1" 200 -
23:56:46 "POST /collect HTTP/1.1" 200 -
23:56:46 "POST /collect HTTP/1.1" 200 -
23:56:46 "POST /collect HTTP/1.1" 200 -
23:56:46 "POST /collect HTTP/1.1" 200 -
23:56:46 "GET /roster HTTP/1.1" 200 -
23:56:46 "POST /collect HTTP/1.1" 200 -
23:56:46 "POST /collect HTTP/1.1" 200 -
23:56:46 "POST /collect HTTP/1.1" 200 -
23:56:46 "POST /collect HTTP/1.1" 200 -
23:56:46 "POST /collect HTTP/1.1" 200 -
23:56:47 "POST /collect HTTP/1.1" 200 -
23:56:47 "POST /collect HTTP/1.1" 200 -
23:56:47 "POST /collect HTTP/1.1" 200 -
23:56:47 "POST /collect HTTP/1.1" 200 -
23:56:47 "POST /collect HTTP/1.1" 200 -
23:56:48 "POST /collect HTTP/1.1" 200 -
23:56:48 "GET /roster HTTP/1.1" 200 -
23:56:48 "POST /collect HTTP/1.1" 200 -
23:56:48 "GET /roster HTTP/1.1" 200 -
23:56:48 "POST /collect HTTP/1.1" 200 -
23:56:48 "POST /collect HTTP/1.1" 200 -
23:56:49 "POST /collect HTTP/1.1" 200 -
23:56:49 "POST /collect HTTP/1.1" 200 -
23:56:49 "POST /collect HTTP/1.1" 200 -
23:56:49 "POST /collect HTTP/1.1" 200 -
23:56:49 "POST /collect HTTP/1.1" 200 -
23:56:49 "POST /collect HTTP/1.1" 200 -
23:56:49 "POST /collect HTTP/1.1" 200 -
23:56:49 "POST /collect HTTP/1.1" 200 -
23:56:49 "POST /collect HTTP/1.1" 200 -
23:56:49 "POST /collect HTTP/1.1" 200 -
23:56:49 "POST /collect HTTP/1.1" 200 -
23:56:49 "POST /collect HTTP/1.1" 200 -
23:56:49 "POST /collect HTTP/1.1" 200 -
23:56:49 "POST /collect HTTP/1.1" 200 -
23:56:50 "POST /collect HTTP/1.1" 200 -
23:56:50 "POST /collect HTTP/1.1" 200 -
23:56:50 "GET /roster HTTP/1.1" 200 -
23:56:50 "POST /collect HTTP/1.1" 200 -
23:56:50 "POST /collect HTTP/1.1" 200 -
23:56:50 "GET /roster HTTP/1.1" 200 -
23:56:50 "POST /collect HTTP/1.1" 200 -
23:56:50 "POST /collect HTTP/1.1" 200 -
23:56:50 "POST /collect HTTP/1.1" 200 -
