m2m server on :8897, results -> /Users/s32863/personal/elektron/results/m2m-heavy-N24-smoke.jsonl, app 8c2a974b…
06:09:37 "GET /roster HTTP/1.1" 200 -
06:09:37 "POST /reset HTTP/1.1" 200 -
06:09:37 "GET /room.html?id=1&n=24&hold=1&cb=1787713777871&audio=1&mode=full&cls=probe HTTP/1.1" 200 -
06:09:37 code 404, message File not found
06:09:37 "GET /favicon.ico HTTP/1.1" 404 -
06:09:37 "GET /room.html?id=2&n=24&hold=1&cb=1787713777965&audio=1&mode=full&cls=probe HTTP/1.1" 200 -
06:09:38 "GET /room.html?id=A&n=24&hold=1&cb=1787713778051&audio=1&mode=pub&vw=320&vh=180&vfps=15&cls=light HTTP/1.1" 200 -
06:09:38 "GET /room.html?id=B&n=24&hold=1&cb=1787713778135&audio=1&mode=pub&vw=320&vh=180&vfps=15&cls=light HTTP/1.1" 200 -
06:09:38 "GET /room.html?id=C&n=24&hold=1&cb=1787713778217&audio=1&mode=pub&vw=320&vh=180&vfps=15&cls=light HTTP/1.1" 200 -
06:09:38 "GET /room.html?id=D&n=24&hold=1&cb=1787713778814&audio=1&mode=pub&vw=320&vh=180&vfps=15&cls=light HTTP/1.1" 200 -
06:09:38 code 404, message File not found
06:09:38 "GET /favicon.ico HTTP/1.1" 404 -
06:09:38 "GET /room.html?id=E&n=24&hold=1&cb=1787713778909&audio=1&mode=pub&vw=320&vh=180&vfps=15&cls=light HTTP/1.1" 200 -
06:09:39 "GET /room.html?id=F&n=24&hold=1&cb=1787713779000&audio=1&mode=pub&vw=320&vh=180&vfps=15&cls=light HTTP/1.1" 200 -
06:09:39 "GET /room.html?id=G&n=24&hold=1&cb=1787713779090&audio=1&mode=pub&vw=320&vh=180&vfps=15&cls=light HTTP/1.1" 200 -
06:09:39 "GET /room.html?id=H&n=24&hold=1&cb=1787713779176&audio=1&mode=pub&vw=320&vh=180&vfps=15&cls=light HTTP/1.1" 200 -
06:09:39 "GET /room.html?id=I&n=24&hold=1&cb=1787713779821&audio=1&mode=pub&vw=320&vh=180&vfps=15&cls=light HTTP/1.1" 200 -
06:09:39 code 404, message File not found
06:09:39 "GET /favicon.ico HTTP/1.1" 404 -
06:09:39 "GET /room.html?id=J&n=24&hold=1&cb=1787713779918&audio=1&mode=pub&vw=320&vh=180&vfps=15&cls=light HTTP/1.1" 200 -
06:09:40 "GET /room.html?id=K&n=24&hold=1&cb=1787713780005&audio=1&mode=pub&vw=320&vh=180&vfps=15&cls=light HTTP/1.1" 200 -
06:09:40 "GET /room.html?id=L&n=24&hold=1&cb=1787713780222&audio=1&mode=pub&vw=320&vh=180&vfps=15&cls=light HTTP/1.1" 200 -
06:09:40 "GET /room.html?id=M&n=24&hold=1&cb=1787713780309&audio=1&mode=pub&vw=320&vh=180&vfps=15&cls=light HTTP/1.1" 200 -
06:09:40 "GET /room.html?id=N&n=24&hold=1&cb=1787713780923&audio=1&mode=pub&vw=320&vh=180&vfps=15&cls=light HTTP/1.1" 200 -
06:09:41 code 404, message File not found
06:09:41 "GET /favicon.ico HTTP/1.1" 404 -
06:09:41 "GET /room.html?id=O&n=24&hold=1&cb=1787713781020&audio=1&mode=pub&vw=320&vh=180&vfps=15&cls=light HTTP/1.1" 200 -
06:09:41 "GET /room.html?id=P&n=24&hold=1&cb=1787713781111&audio=1&mode=pub&vw=320&vh=180&vfps=15&cls=light HTTP/1.1" 200 -
06:09:41 "GET /room.html?id=Q&n=24&hold=1&cb=1787713781374&audio=1&mode=pub&vw=320&vh=180&vfps=15&cls=light HTTP/1.1" 200 -
06:09:41 "GET /room.html?id=R&n=24&hold=1&cb=1787713781467&audio=1&mode=pub&vw=320&vh=180&vfps=15&cls=light HTTP/1.1" 200 -
06:09:42 "GET /room.html?id=S&n=24&hold=1&cb=1787713782086&audio=1&mode=pub&vw=320&vh=180&vfps=15&cls=light HTTP/1.1" 200 -
06:09:42 code 404, message File not found
06:09:42 "GET /favicon.ico HTTP/1.1" 404 -
06:09:42 "GET /room.html?id=T&n=24&hold=1&cb=1787713782193&audio=1&mode=pub&vw=320&vh=180&vfps=15&cls=light HTTP/1.1" 200 -
06:09:42 "GET /room.html?id=U&n=24&hold=1&cb=1787713782331&audio=1&mode=pub&vw=320&vh=180&vfps=15&cls=light HTTP/1.1" 200 -
06:09:42 "GET /room.html?id=V&n=24&hold=1&cb=1787713782419&audio=1&mode=pub&vw=320&vh=180&vfps=15&cls=light HTTP/1.1" 200 -
06:09:42 "POST /collect HTTP/1.1" 200 -
06:09:42 CF POST /sessions/new -> 201 (238 ms)
06:09:42 "POST /cf/sessions/new HTTP/1.1" 201 -
06:09:42 CF POST /sessions/new -> 201 (307 ms)
06:09:42 "POST /cf/sessions/new HTTP/1.1" 201 -
06:09:42 CF POST /sessions/new -> 201 (277 ms)
06:09:42 CF POST /sessions/new -> 201 (355 ms)
06:09:42 "POST /cf/sessions/new HTTP/1.1" 201 -
06:09:42 "POST /cf/sessions/new HTTP/1.1" 201 -
06:09:42 CF POST /sessions/new -> 201 (353 ms)
06:09:42 CF POST /sessions/new -> 201 (278 ms)
06:09:42 "POST /cf/sessions/new HTTP/1.1" 201 -
06:09:42 "POST /cf/sessions/new HTTP/1.1" 201 -
06:09:42 CF POST /sessions/new -> 201 (307 ms)
06:09:42 CF POST /sessions/new -> 201 (257 ms)
06:09:42 "POST /cf/sessions/new HTTP/1.1" 201 -
06:09:42 CF POST /sessions/new -> 201 (357 ms)
06:09:42 "POST /cf/sessions/new HTTP/1.1" 201 -
06:09:42 "POST /cf/sessions/new HTTP/1.1" 201 -
06:09:42 CF POST /sessions/new -> 201 (308 ms)
06:09:42 "POST /cf/sessions/new HTTP/1.1" 201 -
06:09:42 CF POST /sessions/new -> 201 (258 ms)
06:09:42 "POST /cf/sessions/new HTTP/1.1" 201 -
06:09:42 CF POST /sessions/new -> 201 (289 ms)
06:09:42 "POST /cf/sessions/new HTTP/1.1" 201 -
06:09:42 CF POST /sessions/new -> 201 (315 ms)
06:09:42 "POST /cf/sessions/new HTTP/1.1" 201 -
06:09:42 CF POST /sessions/new -> 201 (347 ms)
06:09:42 "POST /cf/sessions/new HTTP/1.1" 201 -
06:09:42 CF POST /sessions/new -> 201 (294 ms)
06:09:42 "POST /cf/sessions/new HTTP/1.1" 201 -
06:09:42 CF POST /sessions/new -> 201 (320 ms)
06:09:42 "POST /cf/sessions/new HTTP/1.1" 201 -
06:09:42 CF POST /sessions/new -> 201 (370 ms)
06:09:42 "POST /cf/sessions/new HTTP/1.1" 201 -
06:09:42 CF POST /sessions/new -> 201 (297 ms)
06:09:42 "POST /cf/sessions/new HTTP/1.1" 201 -
06:09:43 CF POST /sessions/new -> 201 (339 ms)
06:09:43 "POST /cf/sessions/new HTTP/1.1" 201 -
06:09:43 CF POST /sessions/new -> 201 (348 ms)
06:09:43 "POST /cf/sessions/new HTTP/1.1" 201 -
06:09:43 CF POST /sessions/new -> 201 (356 ms)
06:09:43 "POST /cf/sessions/new HTTP/1.1" 201 -
06:09:43 CF POST /sessions/new -> 201 (422 ms)
06:09:43 "POST /cf/sessions/new HTTP/1.1" 201 -
06:09:43 CF POST /sessions/new -> 201 (323 ms)
06:09:43 "POST /cf/sessions/new HTTP/1.1" 201 -
06:09:43 CF POST /sessions/new -> 201 (378 ms)
06:09:43 "POST /cf/sessions/new HTTP/1.1" 201 -
06:09:43 "POST /save/pub-offer-h.sdp HTTP/1.1" 200 -
06:09:43 "POST /save/pub-offer-m.sdp HTTP/1.1" 200 -
06:09:43 "POST /save/pub-offer-r.sdp HTTP/1.1" 200 -
06:09:43 "POST /save/pub-offer-v.sdp HTTP/1.1" 200 -
06:09:43 "POST /save/pub-offer-c.sdp HTTP/1.1" 200 -
06:09:43 "POST /save/pub-offer-b.sdp HTTP/1.1" 200 -
06:09:43 "POST /save/pub-offer-p.sdp HTTP/1.1" 200 -
06:09:43 "POST /save/pub-offer-o.sdp HTTP/1.1" 200 -
06:09:43 "POST /save/pub-offer-s.sdp HTTP/1.1" 200 -
06:09:43 "POST /save/pub-offer-g.sdp HTTP/1.1" 200 -
06:09:43 "POST /save/pub-offer-t.sdp HTTP/1.1" 200 -
06:09:43 "POST /save/pub-offer-f.sdp HTTP/1.1" 200 -
06:09:43 "POST /save/pub-offer-e.sdp HTTP/1.1" 200 -
06:09:43 "POST /save/pub-offer-q.sdp HTTP/1.1" 200 -
06:09:43 "POST /save/pub-offer-k.sdp HTTP/1.1" 200 -
06:09:43 "POST /save/pub-offer-d.sdp HTTP/1.1" 200 -
06:09:43 "POST /save/pub-offer-n.sdp HTTP/1.1" 200 -
06:09:43 "POST /save/pub-offer-u.sdp HTTP/1.1" 200 -
06:09:43 "POST /save/pub-offer-l.sdp HTTP/1.1" 200 -
06:09:43 "POST /save/pub-offer-j.sdp HTTP/1.1" 200 -
06:09:43 "POST /save/pub-offer-i.sdp HTTP/1.1" 200 -
06:09:43 "POST /save/pub-offer-1.sdp HTTP/1.1" 200 -
06:09:43 "POST /save/pub-offer-2.sdp HTTP/1.1" 200 -
06:09:43 "POST /save/pub-offer-a.sdp HTTP/1.1" 200 -
06:09:43 CF POST /sessions/23a8b82be48bff92507a8d549330b25f673dead92ae6e5bf804b23b8e32facd1/tracks/new -> 200 (373 ms)
06:09:43 "POST /cf/sessions/23a8b82be48bff92507a8d549330b25f673dead92ae6e5bf804b23b8e32facd1/tracks/new HTTP/1.1" 200 -
06:09:43 CF POST /sessions/8a3b42525b4e7f9642194ffb8324cc37fc8d125dd66d284216c0db4b5e3c6f59/tracks/new -> 200 (374 ms)
06:09:43 "POST /cf/sessions/8a3b42525b4e7f9642194ffb8324cc37fc8d125dd66d284216c0db4b5e3c6f59/tracks/new HTTP/1.1" 200 -
06:09:43 "POST /save/pub-answer-h.sdp HTTP/1.1" 200 -
06:09:43 "POST /save/pub-answer-m.sdp HTTP/1.1" 200 -
06:09:43 "POST /collect HTTP/1.1" 200 -
06:09:43 "POST /collect HTTP/1.1" 200 -
06:09:43 "POST /collect HTTP/1.1" 200 -
06:09:43 "POST /collect HTTP/1.1" 200 -
06:09:43 "POST /collect HTTP/1.1" 200 -
06:09:43 "POST /collect HTTP/1.1" 200 -
06:09:43 CF POST /sessions/62b6c352cafb85da2e443577853627479ce253fc21c5251317879b6215b15742/tracks/new -> 200 (384 ms)
06:09:43 "POST /cf/sessions/62b6c352cafb85da2e443577853627479ce253fc21c5251317879b6215b15742/tracks/new HTTP/1.1" 200 -
06:09:43 "POST /save/pub-answer-r.sdp HTTP/1.1" 200 -
06:09:43 CF POST /sessions/d8bab6d9c3d72c0e5c5ff9bb4d769dccbca83318ae31985d31498aa5d164fde3/tracks/new -> 200 (371 ms)
06:09:43 "POST /cf/sessions/d8bab6d9c3d72c0e5c5ff9bb4d769dccbca83318ae31985d31498aa5d164fde3/tracks/new HTTP/1.1" 200 -
06:09:43 "POST /collect HTTP/1.1" 200 -
06:09:43 "POST /collect HTTP/1.1" 200 -
06:09:43 "POST /collect HTTP/1.1" 200 -
06:09:43 "POST /save/pub-answer-b.sdp HTTP/1.1" 200 -
06:09:43 CF POST /sessions/f295a6e306a45c2966124974d1cd5764ec4586b036e9bc541b307e346d0941ba/tracks/new -> 200 (361 ms)
06:09:43 "POST /cf/sessions/f295a6e306a45c2966124974d1cd5764ec4586b036e9bc541b307e346d0941ba/tracks/new HTTP/1.1" 200 -
06:09:43 "POST /collect HTTP/1.1" 200 -
06:09:43 "POST /save/pub-answer-o.sdp HTTP/1.1" 200 -
06:09:43 "POST /collect HTTP/1.1" 200 -
06:09:43 "POST /collect HTTP/1.1" 200 -
06:09:43 "POST /collect HTTP/1.1" 200 -
06:09:43 "POST /collect HTTP/1.1" 200 -
06:09:43 "POST /collect HTTP/1.1" 200 -
06:09:43 CF POST /sessions/b5cf09f096b5295fe18aeacabf3345941bb5b06509e453d5b21e30df13bec3a9/tracks/new -> 200 (392 ms)
06:09:43 "POST /cf/sessions/b5cf09f096b5295fe18aeacabf3345941bb5b06509e453d5b21e30df13bec3a9/tracks/new HTTP/1.1" 200 -
06:09:44 "POST /save/pub-answer-c.sdp HTTP/1.1" 200 -
06:09:44 "POST /collect HTTP/1.1" 200 -
06:09:44 "POST /collect HTTP/1.1" 200 -
06:09:44 "POST /collect HTTP/1.1" 200 -
06:09:44 CF POST /sessions/5fbb1adf9659a09f9625301a31dd3e81cc2b5be3a4266eb8f4443c22ccf048a9/tracks/new -> 200 (393 ms)
06:09:44 "POST /cf/sessions/5fbb1adf9659a09f9625301a31dd3e81cc2b5be3a4266eb8f4443c22ccf048a9/tracks/new HTTP/1.1" 200 -
06:09:44 "POST /save/pub-answer-s.sdp HTTP/1.1" 200 -
06:09:44 "POST /collect HTTP/1.1" 200 -
06:09:44 "POST /collect HTTP/1.1" 200 -
06:09:44 "POST /collect HTTP/1.1" 200 -
06:09:44 CF POST /sessions/f2f6cc6f9582bffa784774b89e288b559e44e0e7bba397f75fce83757b10b954/tracks/new -> 200 (385 ms)
06:09:44 "POST /cf/sessions/f2f6cc6f9582bffa784774b89e288b559e44e0e7bba397f75fce83757b10b954/tracks/new HTTP/1.1" 200 -
06:09:44 "POST /save/pub-answer-d.sdp HTTP/1.1" 200 -
06:09:44 "POST /collect HTTP/1.1" 200 -
06:09:44 "POST /collect HTTP/1.1" 200 -
06:09:44 "POST /collect HTTP/1.1" 200 -
06:09:44 CF POST /sessions/c40f245d5d77bef3c8ee93d5292ecde7e51cfe9d9b68be184994a4ec493f2c8a/tracks/new -> 200 (397 ms)
06:09:44 "POST /cf/sessions/c40f245d5d77bef3c8ee93d5292ecde7e51cfe9d9b68be184994a4ec493f2c8a/tracks/new HTTP/1.1" 200 -
06:09:44 CF POST /sessions/0f945cabb558a64aa61fd450df571a676354ee26331207c7c08660d3a4883fc7/tracks/new -> 200 (392 ms)
06:09:44 "POST /cf/sessions/0f945cabb558a64aa61fd450df571a676354ee26331207c7c08660d3a4883fc7/tracks/new HTTP/1.1" 200 -
06:09:44 "POST /save/pub-answer-l.sdp HTTP/1.1" 200 -
06:09:44 "POST /save/pub-answer-n.sdp HTTP/1.1" 200 -
06:09:44 "POST /collect HTTP/1.1" 200 -
06:09:44 "POST /collect HTTP/1.1" 200 -
06:09:44 "POST /collect HTTP/1.1" 200 -
06:09:44 "POST /collect HTTP/1.1" 200 -
06:09:44 "POST /collect HTTP/1.1" 200 -
06:09:44 "POST /collect HTTP/1.1" 200 -
06:09:44 CF POST /sessions/8b8c59cbf57cb56220613d126d273ef67f1816fafaed2b8d439760d992eeba89/tracks/new -> 200 (469 ms)
06:09:44 "POST /cf/sessions/8b8c59cbf57cb56220613d126d273ef67f1816fafaed2b8d439760d992eeba89/tracks/new HTTP/1.1" 200 -
06:09:44 "POST /save/pub-answer-v.sdp HTTP/1.1" 200 -
06:09:44 "POST /collect HTTP/1.1" 200 -
06:09:44 "POST /collect HTTP/1.1" 200 -
06:09:44 "POST /collect HTTP/1.1" 200 -
06:09:44 CF POST /sessions/a468c6271c19311ded3ff16cd9fc5ea0039d74deb6622b2bade7438854ac1a8e/tracks/new -> 200 (458 ms)
06:09:44 "POST /cf/sessions/a468c6271c19311ded3ff16cd9fc5ea0039d74deb6622b2bade7438854ac1a8e/tracks/new HTTP/1.1" 200 -
06:09:44 CF POST /sessions/ca590c46a1352fa3c0b93971e797364039f2bed079f67d460b124c81d4a13a3b/tracks/new -> 200 (481 ms)
06:09:44 "POST /cf/sessions/ca590c46a1352fa3c0b93971e797364039f2bed079f67d460b124c81d4a13a3b/tracks/new HTTP/1.1" 200 -
06:09:44 "POST /save/pub-answer-t.sdp HTTP/1.1" 200 -
06:09:44 "POST /save/pub-answer-g.sdp HTTP/1.1" 200 -
06:09:44 "POST /collect HTTP/1.1" 200 -
06:09:44 "POST /collect HTTP/1.1" 200 -
06:09:44 "POST /collect HTTP/1.1" 200 -
06:09:44 "POST /collect HTTP/1.1" 200 -
06:09:44 "POST /collect HTTP/1.1" 200 -
06:09:44 "POST /collect HTTP/1.1" 200 -
06:09:44 CF POST /sessions/fbc182953df42bde304e8654ef6b1b4df6c1660886208722be1f09332d7d216e/tracks/new -> 200 (391 ms)
06:09:44 "POST /cf/sessions/fbc182953df42bde304e8654ef6b1b4df6c1660886208722be1f09332d7d216e/tracks/new HTTP/1.1" 200 -
06:09:44 CF POST /sessions/dd0fbeec85c42d64af4e7138458039b9e6941b2fc2955f7edb00c085d5cbcb83/tracks/new -> 200 (462 ms)
06:09:44 "POST /cf/sessions/dd0fbeec85c42d64af4e7138458039b9e6941b2fc2955f7edb00c085d5cbcb83/tracks/new HTTP/1.1" 200 -
06:09:44 "POST /save/pub-answer-k.sdp HTTP/1.1" 200 -
06:09:44 "POST /save/pub-answer-2.sdp HTTP/1.1" 200 -
06:09:44 "POST /collect HTTP/1.1" 200 -
06:09:44 CF POST /sessions/620f031e5784933aba3846a8d426a051b2e53964f8bb649a5b2d69df6690e2a4/tracks/new -> 200 (506 ms)
06:09:44 "POST /cf/sessions/620f031e5784933aba3846a8d426a051b2e53964f8bb649a5b2d69df6690e2a4/tracks/new HTTP/1.1" 200 -
06:09:44 "POST /collect HTTP/1.1" 200 -
06:09:44 "POST /collect HTTP/1.1" 200 -
06:09:44 "POST /collect HTTP/1.1" 200 -
06:09:44 "POST /collect HTTP/1.1" 200 -
06:09:44 CF POST /sessions/6aa80514deea83e272298be6c549b42a0512027d6e48d1c225a0795479fe18bd/tracks/new -> 200 (472 ms)
06:09:44 "POST /cf/sessions/6aa80514deea83e272298be6c549b42a0512027d6e48d1c225a0795479fe18bd/tracks/new HTTP/1.1" 200 -
06:09:44 "POST /collect HTTP/1.1" 200 -
06:09:44 "POST /save/pub-answer-p.sdp HTTP/1.1" 200 -
06:09:44 CF POST /sessions/57199cf3f585040d2cff2053ccb5ab9b8735f592181098e2c81793ba6a2e9db1/tracks/new -> 200 (479 ms)
06:09:44 "POST /cf/sessions/57199cf3f585040d2cff2053ccb5ab9b8735f592181098e2c81793ba6a2e9db1/tracks/new HTTP/1.1" 200 -
06:09:44 CF POST /sessions/fba15d3cc711baf052b8e710afd5ebd7897deeddb3f08745a457707c516679f8/tracks/new -> 200 (483 ms)
06:09:44 "POST /cf/sessions/fba15d3cc711baf052b8e710afd5ebd7897deeddb3f08745a457707c516679f8/tracks/new HTTP/1.1" 200 -
06:09:44 "POST /save/pub-answer-q.sdp HTTP/1.1" 200 -
06:09:44 "POST /collect HTTP/1.1" 200 -
06:09:44 CF POST /sessions/a4099994f7a2a6fff9d43db9707670c94010a53d09024f1e7ffe1cdbbc486b5c/tracks/new -> 200 (460 ms)
06:09:44 CF POST /sessions/a77b6d9cd31f6f623e3b5f573947297ec19e0750441d63e3c6cd41856389e82e/tracks/new -> 200 (460 ms)
06:09:44 "POST /cf/sessions/a77b6d9cd31f6f623e3b5f573947297ec19e0750441d63e3c6cd41856389e82e/tracks/new HTTP/1.1" 200 -
06:09:44 "POST /save/pub-answer-e.sdp HTTP/1.1" 200 -
06:09:44 "POST /cf/sessions/a4099994f7a2a6fff9d43db9707670c94010a53d09024f1e7ffe1cdbbc486b5c/tracks/new HTTP/1.1" 200 -
06:09:44 "POST /collect HTTP/1.1" 200 -
06:09:44 "POST /collect HTTP/1.1" 200 -
06:09:44 "POST /save/pub-answer-f.sdp HTTP/1.1" 200 -
06:09:44 "POST /save/pub-answer-i.sdp HTTP/1.1" 200 -
06:09:44 "POST /save/pub-answer-1.sdp HTTP/1.1" 200 -
06:09:44 "POST /collect HTTP/1.1" 200 -
06:09:44 CF POST /sessions/0319b7cd05755c4cf4e6e5a6b75d67664280d6ec774be13465812d54b8234538/tracks/new -> 200 (471 ms)
06:09:44 "POST /cf/sessions/0319b7cd05755c4cf4e6e5a6b75d67664280d6ec774be13465812d54b8234538/tracks/new HTTP/1.1" 200 -
06:09:44 CF POST /sessions/41d5558244a34b533ad605e139e811626f1b6b31fe298fcf60806ca110aaf468/tracks/new -> 200 (367 ms)
06:09:44 "POST /cf/sessions/41d5558244a34b533ad605e139e811626f1b6b31fe298fcf60806ca110aaf468/tracks/new HTTP/1.1" 200 -
06:09:44 "POST /collect HTTP/1.1" 200 -
06:09:44 "POST /save/pub-answer-u.sdp HTTP/1.1" 200 -
06:09:44 "POST /save/pub-answer-a.sdp HTTP/1.1" 200 -
06:09:44 "POST /collect HTTP/1.1" 200 -
06:09:44 "POST /collect HTTP/1.1" 200 -
06:09:44 "POST /collect HTTP/1.1" 200 -
06:09:44 "POST /collect HTTP/1.1" 200 -
06:09:44 "POST /collect HTTP/1.1" 200 -
06:09:44 CF POST /sessions/2651763806e0e5dec1b859324821d4054e4d61d67ec4182afaa76c78d31a9ad3/tracks/new -> 200 (475 ms)
06:09:44 "POST /cf/sessions/2651763806e0e5dec1b859324821d4054e4d61d67ec4182afaa76c78d31a9ad3/tracks/new HTTP/1.1" 200 -
06:09:44 "POST /collect HTTP/1.1" 200 -
06:09:44 "POST /collect HTTP/1.1" 200 -
06:09:44 "POST /collect HTTP/1.1" 200 -
06:09:44 "POST /collect HTTP/1.1" 200 -
06:09:44 "POST /collect HTTP/1.1" 200 -
06:09:44 "POST /save/pub-answer-j.sdp HTTP/1.1" 200 -
06:09:44 "POST /collect HTTP/1.1" 200 -
06:09:44 "POST /collect HTTP/1.1" 200 -
06:09:44 "POST /collect HTTP/1.1" 200 -
06:09:44 "POST /collect HTTP/1.1" 200 -
06:09:44 "POST /collect HTTP/1.1" 200 -
06:09:44 "POST /collect HTTP/1.1" 200 -
06:09:44 "POST /collect HTTP/1.1" 200 -
06:09:44 "POST /collect HTTP/1.1" 200 -
06:09:44 "POST /collect HTTP/1.1" 200 -
06:09:44 "POST /collect HTTP/1.1" 200 -
06:09:44 "POST /collect HTTP/1.1" 200 -
06:09:44 "POST /collect HTTP/1.1" 200 -
06:09:44 "POST /collect HTTP/1.1" 200 -
06:09:44 "POST /collect HTTP/1.1" 200 -
06:09:44 "POST /collect HTTP/1.1" 200 -
06:09:44 "POST /collect HTTP/1.1" 200 -
06:09:44 "POST /collect HTTP/1.1" 200 -
06:09:44 "POST /collect HTTP/1.1" 200 -
06:09:44 "POST /collect HTTP/1.1" 200 -
06:09:44 "POST /join HTTP/1.1" 200 -
06:09:44 "POST /collect HTTP/1.1" 200 -
06:09:44 "POST /join HTTP/1.1" 200 -
06:09:44 "POST /collect HTTP/1.1" 200 -
06:09:44 "POST /join HTTP/1.1" 200 -
06:09:44 "POST /join HTTP/1.1" 200 -
06:09:44 "POST /collect HTTP/1.1" 200 -
06:09:44 "POST /collect HTTP/1.1" 200 -
06:09:44 "POST /collect HTTP/1.1" 200 -
06:09:44 "POST /join HTTP/1.1" 200 -
06:09:44 "POST /collect HTTP/1.1" 200 -
06:09:44 "POST /collect HTTP/1.1" 200 -
06:09:44 "POST /join HTTP/1.1" 200 -
06:09:44 "POST /collect HTTP/1.1" 200 -
06:09:44 "POST /collect HTTP/1.1" 200 -
06:09:44 "POST /join HTTP/1.1" 200 -
06:09:44 "POST /collect HTTP/1.1" 200 -
06:09:44 "POST /collect HTTP/1.1" 200 -
06:09:44 "POST /collect HTTP/1.1" 200 -
06:09:44 "POST /join HTTP/1.1" 200 -
06:09:44 "POST /collect HTTP/1.1" 200 -
06:09:44 "POST /collect HTTP/1.1" 200 -
06:09:44 "POST /collect HTTP/1.1" 200 -
06:09:44 "POST /collect HTTP/1.1" 200 -
06:09:44 "POST /collect HTTP/1.1" 200 -
06:09:44 "POST /collect HTTP/1.1" 200 -
06:09:44 "POST /collect HTTP/1.1" 200 -
06:09:44 "POST /collect HTTP/1.1" 200 -
06:09:44 "POST /collect HTTP/1.1" 200 -
06:09:44 "POST /join HTTP/1.1" 200 -
06:09:44 "POST /collect HTTP/1.1" 200 -
06:09:44 "POST /join HTTP/1.1" 200 -
06:09:44 "POST /collect HTTP/1.1" 200 -
06:09:44 "POST /collect HTTP/1.1" 200 -
06:09:44 "POST /collect HTTP/1.1" 200 -
06:09:44 "POST /collect HTTP/1.1" 200 -
06:09:44 "POST /join HTTP/1.1" 200 -
06:09:44 "POST /join HTTP/1.1" 200 -
06:09:44 "POST /collect HTTP/1.1" 200 -
06:09:44 "POST /collect HTTP/1.1" 200 -
06:09:44 "POST /join HTTP/1.1" 200 -
06:09:44 "POST /join HTTP/1.1" 200 -
06:09:44 "POST /join HTTP/1.1" 200 -
06:09:44 "GET /roster HTTP/1.1" 200 -
06:09:44 "POST /collect HTTP/1.1" 200 -
06:09:44 "POST /collect HTTP/1.1" 200 -
06:09:44 "POST /collect HTTP/1.1" 200 -
06:09:44 "POST /join HTTP/1.1" 200 -
06:09:44 "POST /collect HTTP/1.1" 200 -
06:09:44 "POST /join HTTP/1.1" 200 -
06:09:44 "POST /join HTTP/1.1" 200 -
06:09:44 "POST /join HTTP/1.1" 200 -
06:09:44 "POST /join HTTP/1.1" 200 -
06:09:44 "POST /collect HTTP/1.1" 200 -
06:09:44 "POST /collect HTTP/1.1" 200 -
06:09:44 "POST /collect HTTP/1.1" 200 -
06:09:44 "POST /collect HTTP/1.1" 200 -
06:09:44 CF POST /sessions/fbc182953df42bde304e8654ef6b1b4df6c1660886208722be1f09332d7d216e/tracks/new -> 200 (267 ms)
06:09:44 "POST /cf/sessions/fbc182953df42bde304e8654ef6b1b4df6c1660886208722be1f09332d7d216e/tracks/new HTTP/1.1" 200 -
06:09:44 CF PUT /sessions/fbc182953df42bde304e8654ef6b1b4df6c1660886208722be1f09332d7d216e/renegotiate -> 200 (143 ms)
06:09:44 "PUT /cf/sessions/fbc182953df42bde304e8654ef6b1b4df6c1660886208722be1f09332d7d216e/renegotiate HTTP/1.1" 200 -
06:09:44 "POST /collect HTTP/1.1" 200 -
06:09:45 "POST /collect HTTP/1.1" 200 -
06:09:45 CF POST /sessions/fbc182953df42bde304e8654ef6b1b4df6c1660886208722be1f09332d7d216e/tracks/new -> 200 (306 ms)
06:09:45 "POST /cf/sessions/fbc182953df42bde304e8654ef6b1b4df6c1660886208722be1f09332d7d216e/tracks/new HTTP/1.1" 200 -
06:09:45 "POST /collect HTTP/1.1" 200 -
06:09:45 CF PUT /sessions/fbc182953df42bde304e8654ef6b1b4df6c1660886208722be1f09332d7d216e/renegotiate -> 200 (156 ms)
06:09:45 "PUT /cf/sessions/fbc182953df42bde304e8654ef6b1b4df6c1660886208722be1f09332d7d216e/renegotiate HTTP/1.1" 200 -
06:09:45 "POST /collect HTTP/1.1" 200 -
06:09:45 "POST /join HTTP/1.1" 200 -
06:09:45 "POST /collect HTTP/1.1" 200 -
06:09:45 "POST /join HTTP/1.1" 200 -
06:09:45 "POST /collect HTTP/1.1" 200 -
06:09:45 "POST /join HTTP/1.1" 200 -
06:09:45 "POST /collect HTTP/1.1" 200 -
06:09:45 CF POST /sessions/fbc182953df42bde304e8654ef6b1b4df6c1660886208722be1f09332d7d216e/tracks/new -> 200 (241 ms)
06:09:45 "POST /cf/sessions/fbc182953df42bde304e8654ef6b1b4df6c1660886208722be1f09332d7d216e/tracks/new HTTP/1.1" 200 -
06:09:45 CF PUT /sessions/fbc182953df42bde304e8654ef6b1b4df6c1660886208722be1f09332d7d216e/renegotiate -> 200 (145 ms)
06:09:45 "PUT /cf/sessions/fbc182953df42bde304e8654ef6b1b4df6c1660886208722be1f09332d7d216e/renegotiate HTTP/1.1" 200 -
06:09:45 "POST /collect HTTP/1.1" 200 -
06:09:45 CF POST /sessions/fbc182953df42bde304e8654ef6b1b4df6c1660886208722be1f09332d7d216e/tracks/new -> 200 (261 ms)
06:09:45 "POST /cf/sessions/fbc182953df42bde304e8654ef6b1b4df6c1660886208722be1f09332d7d216e/tracks/new HTTP/1.1" 200 -
06:09:46 "POST /collect HTTP/1.1" 200 -
06:09:46 CF PUT /sessions/fbc182953df42bde304e8654ef6b1b4df6c1660886208722be1f09332d7d216e/renegotiate -> 200 (153 ms)
06:09:46 "PUT /cf/sessions/fbc182953df42bde304e8654ef6b1b4df6c1660886208722be1f09332d7d216e/renegotiate HTTP/1.1" 200 -
06:09:46 "POST /collect HTTP/1.1" 200 -
06:09:46 "GET /roster HTTP/1.1" 200 -
06:09:46 "POST /collect HTTP/1.1" 200 -
06:09:46 CF POST /sessions/fbc182953df42bde304e8654ef6b1b4df6c1660886208722be1f09332d7d216e/tracks/new -> 200 (265 ms)
06:09:46 "POST /cf/sessions/fbc182953df42bde304e8654ef6b1b4df6c1660886208722be1f09332d7d216e/tracks/new HTTP/1.1" 200 -
06:09:46 "POST /join HTTP/1.1" 200 -
06:09:46 "POST /collect HTTP/1.1" 200 -
06:09:46 "GET /roster HTTP/1.1" 200 -
06:09:46 CF PUT /sessions/fbc182953df42bde304e8654ef6b1b4df6c1660886208722be1f09332d7d216e/renegotiate -> 200 (159 ms)
06:09:46 "PUT /cf/sessions/fbc182953df42bde304e8654ef6b1b4df6c1660886208722be1f09332d7d216e/renegotiate HTTP/1.1" 200 -
06:09:46 "POST /collect HTTP/1.1" 200 -
06:09:46 CF POST /sessions/a77b6d9cd31f6f623e3b5f573947297ec19e0750441d63e3c6cd41856389e82e/tracks/new -> 200 (144 ms)
06:09:46 "POST /cf/sessions/a77b6d9cd31f6f623e3b5f573947297ec19e0750441d63e3c6cd41856389e82e/tracks/new HTTP/1.1" 200 -
06:09:46 CF PUT /sessions/a77b6d9cd31f6f623e3b5f573947297ec19e0750441d63e3c6cd41856389e82e/renegotiate -> 200 (145 ms)
06:09:46 "PUT /cf/sessions/a77b6d9cd31f6f623e3b5f573947297ec19e0750441d63e3c6cd41856389e82e/renegotiate HTTP/1.1" 200 -
06:09:46 "POST /collect HTTP/1.1" 200 -
06:09:46 CF POST /sessions/fbc182953df42bde304e8654ef6b1b4df6c1660886208722be1f09332d7d216e/tracks/new -> 200 (291 ms)
06:09:46 "POST /cf/sessions/fbc182953df42bde304e8654ef6b1b4df6c1660886208722be1f09332d7d216e/tracks/new HTTP/1.1" 200 -
06:09:46 CF POST /sessions/a77b6d9cd31f6f623e3b5f573947297ec19e0750441d63e3c6cd41856389e82e/tracks/new -> 200 (144 ms)
06:09:46 "POST /cf/sessions/a77b6d9cd31f6f623e3b5f573947297ec19e0750441d63e3c6cd41856389e82e/tracks/new HTTP/1.1" 200 -
06:09:47 "POST /collect HTTP/1.1" 200 -
06:09:47 CF PUT /sessions/fbc182953df42bde304e8654ef6b1b4df6c1660886208722be1f09332d7d216e/renegotiate -> 200 (176 ms)
06:09:47 "PUT /cf/sessions/fbc182953df42bde304e8654ef6b1b4df6c1660886208722be1f09332d7d216e/renegotiate HTTP/1.1" 200 -
06:09:47 "POST /collect HTTP/1.1" 200 -
06:09:47 CF PUT /sessions/a77b6d9cd31f6f623e3b5f573947297ec19e0750441d63e3c6cd41856389e82e/renegotiate -> 200 (157 ms)
06:09:47 "PUT /cf/sessions/a77b6d9cd31f6f623e3b5f573947297ec19e0750441d63e3c6cd41856389e82e/renegotiate HTTP/1.1" 200 -
06:09:47 "POST /collect HTTP/1.1" 200 -
06:09:47 "POST /collect HTTP/1.1" 200 -
06:09:47 "POST /collect HTTP/1.1" 200 -
06:09:47 "POST /collect HTTP/1.1" 200 -
06:09:47 "POST /collect HTTP/1.1" 200 -
06:09:47 "POST /collect HTTP/1.1" 200 -
06:09:47 "POST /collect HTTP/1.1" 200 -
06:09:47 CF POST /sessions/a77b6d9cd31f6f623e3b5f573947297ec19e0750441d63e3c6cd41856389e82e/tracks/new -> 200 (148 ms)
06:09:47 "POST /cf/sessions/a77b6d9cd31f6f623e3b5f573947297ec19e0750441d63e3c6cd41856389e82e/tracks/new HTTP/1.1" 200 -
06:09:47 "POST /collect HTTP/1.1" 200 -
06:09:47 CF POST /sessions/fbc182953df42bde304e8654ef6b1b4df6c1660886208722be1f09332d7d216e/tracks/new -> 200 (214 ms)
06:09:47 "POST /cf/sessions/fbc182953df42bde304e8654ef6b1b4df6c1660886208722be1f09332d7d216e/tracks/new HTTP/1.1" 200 -
06:09:47 "POST /collect HTTP/1.1" 200 -
06:09:47 "POST /collect HTTP/1.1" 200 -
06:09:47 "POST /collect HTTP/1.1" 200 -
06:09:47 "POST /collect HTTP/1.1" 200 -
06:09:47 "POST /collect HTTP/1.1" 200 -
06:09:47 "POST /collect HTTP/1.1" 200 -
06:09:47 "POST /collect HTTP/1.1" 200 -
06:09:47 "POST /collect HTTP/1.1" 200 -
06:09:47 "POST /collect HTTP/1.1" 200 -
06:09:47 "POST /collect HTTP/1.1" 200 -
06:09:47 "POST /collect HTTP/1.1" 200 -
06:09:47 "POST /collect HTTP/1.1" 200 -
06:09:47 CF PUT /sessions/a77b6d9cd31f6f623e3b5f573947297ec19e0750441d63e3c6cd41856389e82e/renegotiate -> 200 (138 ms)
06:09:47 "PUT /cf/sessions/a77b6d9cd31f6f623e3b5f573947297ec19e0750441d63e3c6cd41856389e82e/renegotiate HTTP/1.1" 200 -
06:09:47 "POST /collect HTTP/1.1" 200 -
06:09:47 CF PUT /sessions/fbc182953df42bde304e8654ef6b1b4df6c1660886208722be1f09332d7d216e/renegotiate -> 200 (155 ms)
06:09:47 "PUT /cf/sessions/fbc182953df42bde304e8654ef6b1b4df6c1660886208722be1f09332d7d216e/renegotiate HTTP/1.1" 200 -
06:09:47 "POST /collect HTTP/1.1" 200 -
06:09:47 CF POST /sessions/a77b6d9cd31f6f623e3b5f573947297ec19e0750441d63e3c6cd41856389e82e/tracks/new -> 200 (157 ms)
06:09:47 "POST /cf/sessions/a77b6d9cd31f6f623e3b5f573947297ec19e0750441d63e3c6cd41856389e82e/tracks/new HTTP/1.1" 200 -
06:09:47 CF POST /sessions/fbc182953df42bde304e8654ef6b1b4df6c1660886208722be1f09332d7d216e/tracks/new -> 200 (265 ms)
06:09:47 "POST /cf/sessions/fbc182953df42bde304e8654ef6b1b4df6c1660886208722be1f09332d7d216e/tracks/new HTTP/1.1" 200 -
06:09:47 CF PUT /sessions/a77b6d9cd31f6f623e3b5f573947297ec19e0750441d63e3c6cd41856389e82e/renegotiate -> 200 (147 ms)
06:09:47 "PUT /cf/sessions/a77b6d9cd31f6f623e3b5f573947297ec19e0750441d63e3c6cd41856389e82e/renegotiate HTTP/1.1" 200 -
06:09:47 "POST /collect HTTP/1.1" 200 -
06:09:47 "POST /collect HTTP/1.1" 200 -
06:09:47 CF POST /sessions/a77b6d9cd31f6f623e3b5f573947297ec19e0750441d63e3c6cd41856389e82e/tracks/new -> 200 (167 ms)
06:09:47 "POST /cf/sessions/a77b6d9cd31f6f623e3b5f573947297ec19e0750441d63e3c6cd41856389e82e/tracks/new HTTP/1.1" 200 -
06:09:47 CF PUT /sessions/fbc182953df42bde304e8654ef6b1b4df6c1660886208722be1f09332d7d216e/renegotiate -> 200 (174 ms)
06:09:47 "PUT /cf/sessions/fbc182953df42bde304e8654ef6b1b4df6c1660886208722be1f09332d7d216e/renegotiate HTTP/1.1" 200 -
06:09:47 "POST /collect HTTP/1.1" 200 -
06:09:48 "POST /collect HTTP/1.1" 200 -
06:09:48 CF PUT /sessions/a77b6d9cd31f6f623e3b5f573947297ec19e0750441d63e3c6cd41856389e82e/renegotiate -> 200 (168 ms)
06:09:48 "PUT /cf/sessions/a77b6d9cd31f6f623e3b5f573947297ec19e0750441d63e3c6cd41856389e82e/renegotiate HTTP/1.1" 200 -
06:09:48 "POST /collect HTTP/1.1" 200 -
06:09:48 CF POST /sessions/fbc182953df42bde304e8654ef6b1b4df6c1660886208722be1f09332d7d216e/tracks/new -> 200 (247 ms)
06:09:48 "POST /cf/sessions/fbc182953df42bde304e8654ef6b1b4df6c1660886208722be1f09332d7d216e/tracks/new HTTP/1.1" 200 -
06:09:48 CF POST /sessions/a77b6d9cd31f6f623e3b5f573947297ec19e0750441d63e3c6cd41856389e82e/tracks/new -> 200 (140 ms)
06:09:48 "POST /cf/sessions/a77b6d9cd31f6f623e3b5f573947297ec19e0750441d63e3c6cd41856389e82e/tracks/new HTTP/1.1" 200 -
06:09:48 CF PUT /sessions/fbc182953df42bde304e8654ef6b1b4df6c1660886208722be1f09332d7d216e/renegotiate -> 200 (163 ms)
06:09:48 "PUT /cf/sessions/fbc182953df42bde304e8654ef6b1b4df6c1660886208722be1f09332d7d216e/renegotiate HTTP/1.1" 200 -
06:09:48 "POST /collect HTTP/1.1" 200 -
06:09:48 "GET /roster HTTP/1.1" 200 -
06:09:48 "POST /collect HTTP/1.1" 200 -
06:09:48 CF PUT /sessions/a77b6d9cd31f6f623e3b5f573947297ec19e0750441d63e3c6cd41856389e82e/renegotiate -> 200 (167 ms)
06:09:48 "PUT /cf/sessions/a77b6d9cd31f6f623e3b5f573947297ec19e0750441d63e3c6cd41856389e82e/renegotiate HTTP/1.1" 200 -
06:09:48 "POST /collect HTTP/1.1" 200 -
06:09:48 "POST /collect HTTP/1.1" 200 -
06:09:48 "GET /roster HTTP/1.1" 200 -
06:09:48 "POST /collect HTTP/1.1" 200 -
06:09:48 "POST /collect HTTP/1.1" 200 -
06:09:48 "POST /collect HTTP/1.1" 200 -
06:09:48 CF POST /sessions/a77b6d9cd31f6f623e3b5f573947297ec19e0750441d63e3c6cd41856389e82e/tracks/new -> 200 (155 ms)
06:09:48 "POST /cf/sessions/a77b6d9cd31f6f623e3b5f573947297ec19e0750441d63e3c6cd41856389e82e/tracks/new HTTP/1.1" 200 -
06:09:48 CF POST /sessions/fbc182953df42bde304e8654ef6b1b4df6c1660886208722be1f09332d7d216e/tracks/new -> 200 (260 ms)
06:09:48 "POST /cf/sessions/fbc182953df42bde304e8654ef6b1b4df6c1660886208722be1f09332d7d216e/tracks/new HTTP/1.1" 200 -
06:09:48 CF PUT /sessions/a77b6d9cd31f6f623e3b5f573947297ec19e0750441d63e3c6cd41856389e82e/renegotiate -> 200 (183 ms)
06:09:48 "PUT /cf/sessions/a77b6d9cd31f6f623e3b5f573947297ec19e0750441d63e3c6cd41856389e82e/renegotiate HTTP/1.1" 200 -
06:09:48 "POST /collect HTTP/1.1" 200 -
06:09:48 CF PUT /sessions/fbc182953df42bde304e8654ef6b1b4df6c1660886208722be1f09332d7d216e/renegotiate -> 200 (199 ms)
06:09:48 "PUT /cf/sessions/fbc182953df42bde304e8654ef6b1b4df6c1660886208722be1f09332d7d216e/renegotiate HTTP/1.1" 200 -
06:09:48 "POST /collect HTTP/1.1" 200 -
06:09:48 "POST /collect HTTP/1.1" 200 -
06:09:48 CF POST /sessions/a77b6d9cd31f6f623e3b5f573947297ec19e0750441d63e3c6cd41856389e82e/tracks/new -> 200 (154 ms)
06:09:48 "POST /cf/sessions/a77b6d9cd31f6f623e3b5f573947297ec19e0750441d63e3c6cd41856389e82e/tracks/new HTTP/1.1" 200 -
06:09:49 "POST /collect HTTP/1.1" 200 -
06:09:49 CF POST /sessions/fbc182953df42bde304e8654ef6b1b4df6c1660886208722be1f09332d7d216e/tracks/new -> 200 (223 ms)
06:09:49 "POST /cf/sessions/fbc182953df42bde304e8654ef6b1b4df6c1660886208722be1f09332d7d216e/tracks/new HTTP/1.1" 200 -
06:09:49 CF PUT /sessions/a77b6d9cd31f6f623e3b5f573947297ec19e0750441d63e3c6cd41856389e82e/renegotiate -> 200 (167 ms)
06:09:49 "PUT /cf/sessions/a77b6d9cd31f6f623e3b5f573947297ec19e0750441d63e3c6cd41856389e82e/renegotiate HTTP/1.1" 200 -
06:09:49 "POST /collect HTTP/1.1" 200 -
06:09:49 CF POST /sessions/a77b6d9cd31f6f623e3b5f573947297ec19e0750441d63e3c6cd41856389e82e/tracks/new -> 200 (156 ms)
06:09:49 "POST /cf/sessions/a77b6d9cd31f6f623e3b5f573947297ec19e0750441d63e3c6cd41856389e82e/tracks/new HTTP/1.1" 200 -
06:09:49 CF PUT /sessions/fbc182953df42bde304e8654ef6b1b4df6c1660886208722be1f09332d7d216e/renegotiate -> 200 (202 ms)
06:09:49 "PUT /cf/sessions/fbc182953df42bde304e8654ef6b1b4df6c1660886208722be1f09332d7d216e/renegotiate HTTP/1.1" 200 -
06:09:49 "POST /collect HTTP/1.1" 200 -
06:09:49 CF PUT /sessions/a77b6d9cd31f6f623e3b5f573947297ec19e0750441d63e3c6cd41856389e82e/renegotiate -> 200 (226 ms)
06:09:49 "PUT /cf/sessions/a77b6d9cd31f6f623e3b5f573947297ec19e0750441d63e3c6cd41856389e82e/renegotiate HTTP/1.1" 200 -
06:09:49 "POST /collect HTTP/1.1" 200 -
06:09:49 CF POST /sessions/fbc182953df42bde304e8654ef6b1b4df6c1660886208722be1f09332d7d216e/tracks/new -> 200 (291 ms)
06:09:49 "POST /cf/sessions/fbc182953df42bde304e8654ef6b1b4df6c1660886208722be1f09332d7d216e/tracks/new HTTP/1.1" 200 -
06:09:49 CF POST /sessions/a77b6d9cd31f6f623e3b5f573947297ec19e0750441d63e3c6cd41856389e82e/tracks/new -> 200 (162 ms)
06:09:49 "POST /cf/sessions/a77b6d9cd31f6f623e3b5f573947297ec19e0750441d63e3c6cd41856389e82e/tracks/new HTTP/1.1" 200 -
06:09:49 CF PUT /sessions/fbc182953df42bde304e8654ef6b1b4df6c1660886208722be1f09332d7d216e/renegotiate -> 200 (188 ms)
06:09:49 "PUT /cf/sessions/fbc182953df42bde304e8654ef6b1b4df6c1660886208722be1f09332d7d216e/renegotiate HTTP/1.1" 200 -
06:09:49 "POST /collect HTTP/1.1" 200 -
06:09:49 "POST /collect HTTP/1.1" 200 -
06:09:49 CF PUT /sessions/a77b6d9cd31f6f623e3b5f573947297ec19e0750441d63e3c6cd41856389e82e/renegotiate -> 200 (196 ms)
06:09:49 "PUT /cf/sessions/a77b6d9cd31f6f623e3b5f573947297ec19e0750441d63e3c6cd41856389e82e/renegotiate HTTP/1.1" 200 -
06:09:49 "POST /collect HTTP/1.1" 200 -
06:09:50 "POST /collect HTTP/1.1" 200 -
06:09:50 CF POST /sessions/fbc182953df42bde304e8654ef6b1b4df6c1660886208722be1f09332d7d216e/tracks/new -> 200 (142 ms)
06:09:50 "POST /cf/sessions/fbc182953df42bde304e8654ef6b1b4df6c1660886208722be1f09332d7d216e/tracks/new HTTP/1.1" 200 -
06:09:50 CF POST /sessions/a77b6d9cd31f6f623e3b5f573947297ec19e0750441d63e3c6cd41856389e82e/tracks/new -> 200 (183 ms)
06:09:50 "POST /cf/sessions/a77b6d9cd31f6f623e3b5f573947297ec19e0750441d63e3c6cd41856389e82e/tracks/new HTTP/1.1" 200 -
06:09:50 CF PUT /sessions/fbc182953df42bde304e8654ef6b1b4df6c1660886208722be1f09332d7d216e/renegotiate -> 200 (169 ms)
06:09:50 "PUT /cf/sessions/fbc182953df42bde304e8654ef6b1b4df6c1660886208722be1f09332d7d216e/renegotiate HTTP/1.1" 200 -
06:09:50 "POST /collect HTTP/1.1" 200 -
06:09:50 "POST /collect HTTP/1.1" 200 -
06:09:50 "POST /collect HTTP/1.1" 200 -
06:09:50 "POST /collect HTTP/1.1" 200 -
06:09:50 "POST /collect HTTP/1.1" 200 -
06:09:50 "POST /collect HTTP/1.1" 200 -
06:09:50 "POST /collect HTTP/1.1" 200 -
06:09:50 "POST /collect HTTP/1.1" 200 -
06:09:50 "POST /collect HTTP/1.1" 200 -
06:09:50 CF PUT /sessions/a77b6d9cd31f6f623e3b5f573947297ec19e0750441d63e3c6cd41856389e82e/renegotiate -> 200 (164 ms)
06:09:50 "PUT /cf/sessions/a77b6d9cd31f6f623e3b5f573947297ec19e0750441d63e3c6cd41856389e82e/renegotiate HTTP/1.1" 200 -
06:09:50 "POST /collect HTTP/1.1" 200 -
06:09:50 "POST /collect HTTP/1.1" 200 -
06:09:50 "POST /collect HTTP/1.1" 200 -
06:09:50 "POST /collect HTTP/1.1" 200 -
06:09:50 "POST /collect HTTP/1.1" 200 -
06:09:50 "POST /collect HTTP/1.1" 200 -
06:09:50 "POST /collect HTTP/1.1" 200 -
06:09:50 "GET /roster HTTP/1.1" 200 -
06:09:50 "POST /collect HTTP/1.1" 200 -
06:09:50 "POST /collect HTTP/1.1" 200 -
06:09:50 "POST /collect HTTP/1.1" 200 -
06:09:50 "POST /collect HTTP/1.1" 200 -
06:09:50 "POST /collect HTTP/1.1" 200 -
06:09:50 "POST /collect HTTP/1.1" 200 -
06:09:50 "GET /roster HTTP/1.1" 200 -
06:09:50 CF POST /sessions/a77b6d9cd31f6f623e3b5f573947297ec19e0750441d63e3c6cd41856389e82e/tracks/new -> 200 (155 ms)
06:09:50 "POST /cf/sessions/a77b6d9cd31f6f623e3b5f573947297ec19e0750441d63e3c6cd41856389e82e/tracks/new HTTP/1.1" 200 -
06:09:50 CF POST /sessions/fbc182953df42bde304e8654ef6b1b4df6c1660886208722be1f09332d7d216e/tracks/new -> 200 (280 ms)
06:09:50 "POST /cf/sessions/fbc182953df42bde304e8654ef6b1b4df6c1660886208722be1f09332d7d216e/tracks/new HTTP/1.1" 200 -
06:09:50 "POST /collect HTTP/1.1" 200 -
06:09:50 CF PUT /sessions/a77b6d9cd31f6f623e3b5f573947297ec19e0750441d63e3c6cd41856389e82e/renegotiate -> 200 (204 ms)
06:09:50 "PUT /cf/sessions/a77b6d9cd31f6f623e3b5f573947297ec19e0750441d63e3c6cd41856389e82e/renegotiate HTTP/1.1" 200 -
06:09:50 "POST /collect HTTP/1.1" 200 -
06:09:50 CF PUT /sessions/fbc182953df42bde304e8654ef6b1b4df6c1660886208722be1f09332d7d216e/renegotiate -> 200 (218 ms)
06:09:50 "PUT /cf/sessions/fbc182953df42bde304e8654ef6b1b4df6c1660886208722be1f09332d7d216e/renegotiate HTTP/1.1" 200 -
06:09:50 "POST /collect HTTP/1.1" 200 -
06:09:50 CF POST /sessions/a77b6d9cd31f6f623e3b5f573947297ec19e0750441d63e3c6cd41856389e82e/tracks/new -> 200 (153 ms)
06:09:50 "POST /cf/sessions/a77b6d9cd31f6f623e3b5f573947297ec19e0750441d63e3c6cd41856389e82e/tracks/new HTTP/1.1" 200 -
06:09:50 "POST /collect HTTP/1.1" 200 -
06:09:51 "POST /collect HTTP/1.1" 200 -
06:09:51 CF POST /sessions/fbc182953df42bde304e8654ef6b1b4df6c1660886208722be1f09332d7d216e/tracks/new -> 200 (289 ms)
06:09:51 "POST /cf/sessions/fbc182953df42bde304e8654ef6b1b4df6c1660886208722be1f09332d7d216e/tracks/new HTTP/1.1" 200 -
06:09:51 CF PUT /sessions/a77b6d9cd31f6f623e3b5f573947297ec19e0750441d63e3c6cd41856389e82e/renegotiate -> 200 (212 ms)
06:09:51 "PUT /cf/sessions/a77b6d9cd31f6f623e3b5f573947297ec19e0750441d63e3c6cd41856389e82e/renegotiate HTTP/1.1" 200 -
06:09:51 "POST /collect HTTP/1.1" 200 -
06:09:51 CF PUT /sessions/fbc182953df42bde304e8654ef6b1b4df6c1660886208722be1f09332d7d216e/renegotiate -> 200 (195 ms)
06:09:51 "PUT /cf/sessions/fbc182953df42bde304e8654ef6b1b4df6c1660886208722be1f09332d7d216e/renegotiate HTTP/1.1" 200 -
06:09:51 "POST /collect HTTP/1.1" 200 -
06:09:51 CF POST /sessions/a77b6d9cd31f6f623e3b5f573947297ec19e0750441d63e3c6cd41856389e82e/tracks/new -> 200 (169 ms)
06:09:51 "POST /cf/sessions/a77b6d9cd31f6f623e3b5f573947297ec19e0750441d63e3c6cd41856389e82e/tracks/new HTTP/1.1" 200 -
06:09:51 "POST /collect HTTP/1.1" 200 -
06:09:51 "POST /collect HTTP/1.1" 200 -
06:09:51 "POST /collect HTTP/1.1" 200 -
06:09:51 CF PUT /sessions/a77b6d9cd31f6f623e3b5f573947297ec19e0750441d63e3c6cd41856389e82e/renegotiate -> 200 (175 ms)
06:09:51 "PUT /cf/sessions/a77b6d9cd31f6f623e3b5f573947297ec19e0750441d63e3c6cd41856389e82e/renegotiate HTTP/1.1" 200 -
06:09:51 "POST /collect HTTP/1.1" 200 -
06:09:51 CF POST /sessions/fbc182953df42bde304e8654ef6b1b4df6c1660886208722be1f09332d7d216e/tracks/new -> 200 (267 ms)
06:09:51 "POST /cf/sessions/fbc182953df42bde304e8654ef6b1b4df6c1660886208722be1f09332d7d216e/tracks/new HTTP/1.1" 200 -
06:09:51 CF POST /sessions/a77b6d9cd31f6f623e3b5f573947297ec19e0750441d63e3c6cd41856389e82e/tracks/new -> 200 (162 ms)
06:09:51 "POST /cf/sessions/a77b6d9cd31f6f623e3b5f573947297ec19e0750441d63e3c6cd41856389e82e/tracks/new HTTP/1.1" 200 -
06:09:51 CF PUT /sessions/fbc182953df42bde304e8654ef6b1b4df6c1660886208722be1f09332d7d216e/renegotiate -> 200 (198 ms)
06:09:51 "PUT /cf/sessions/fbc182953df42bde304e8654ef6b1b4df6c1660886208722be1f09332d7d216e/renegotiate HTTP/1.1" 200 -
06:09:51 "POST /collect HTTP/1.1" 200 -
06:09:51 "POST /collect HTTP/1.1" 200 -
06:09:51 CF PUT /sessions/a77b6d9cd31f6f623e3b5f573947297ec19e0750441d63e3c6cd41856389e82e/renegotiate -> 200 (183 ms)
06:09:51 "PUT /cf/sessions/a77b6d9cd31f6f623e3b5f573947297ec19e0750441d63e3c6cd41856389e82e/renegotiate HTTP/1.1" 200 -
06:09:51 "POST /collect HTTP/1.1" 200 -
06:09:52 "POST /collect HTTP/1.1" 200 -
06:09:52 CF POST /sessions/fbc182953df42bde304e8654ef6b1b4df6c1660886208722be1f09332d7d216e/tracks/new -> 200 (240 ms)
06:09:52 "POST /cf/sessions/fbc182953df42bde304e8654ef6b1b4df6c1660886208722be1f09332d7d216e/tracks/new HTTP/1.1" 200 -
06:09:52 CF POST /sessions/a77b6d9cd31f6f623e3b5f573947297ec19e0750441d63e3c6cd41856389e82e/tracks/new -> 200 (193 ms)
06:09:52 "POST /cf/sessions/a77b6d9cd31f6f623e3b5f573947297ec19e0750441d63e3c6cd41856389e82e/tracks/new HTTP/1.1" 200 -
06:09:52 CF PUT /sessions/fbc182953df42bde304e8654ef6b1b4df6c1660886208722be1f09332d7d216e/renegotiate -> 200 (216 ms)
06:09:52 "PUT /cf/sessions/fbc182953df42bde304e8654ef6b1b4df6c1660886208722be1f09332d7d216e/renegotiate HTTP/1.1" 200 -
06:09:52 "POST /collect HTTP/1.1" 200 -
06:09:52 CF PUT /sessions/a77b6d9cd31f6f623e3b5f573947297ec19e0750441d63e3c6cd41856389e82e/renegotiate -> 200 (188 ms)
06:09:52 "PUT /cf/sessions/a77b6d9cd31f6f623e3b5f573947297ec19e0750441d63e3c6cd41856389e82e/renegotiate HTTP/1.1" 200 -
06:09:52 "POST /collect HTTP/1.1" 200 -
06:09:52 "GET /roster HTTP/1.1" 200 -
06:09:52 "POST /collect HTTP/1.1" 200 -
06:09:52 "GET /roster HTTP/1.1" 200 -
06:09:52 "POST /collect HTTP/1.1" 200 -
06:09:52 CF POST /sessions/a77b6d9cd31f6f623e3b5f573947297ec19e0750441d63e3c6cd41856389e82e/tracks/new -> 200 (160 ms)
06:09:52 "POST /cf/sessions/a77b6d9cd31f6f623e3b5f573947297ec19e0750441d63e3c6cd41856389e82e/tracks/new HTTP/1.1" 200 -
06:09:52 CF POST /sessions/fbc182953df42bde304e8654ef6b1b4df6c1660886208722be1f09332d7d216e/tracks/new -> 200 (279 ms)
06:09:52 "POST /cf/sessions/fbc182953df42bde304e8654ef6b1b4df6c1660886208722be1f09332d7d216e/tracks/new HTTP/1.1" 200 -
06:09:52 CF PUT /sessions/a77b6d9cd31f6f623e3b5f573947297ec19e0750441d63e3c6cd41856389e82e/renegotiate -> 200 (196 ms)
06:09:52 "PUT /cf/sessions/a77b6d9cd31f6f623e3b5f573947297ec19e0750441d63e3c6cd41856389e82e/renegotiate HTTP/1.1" 200 -
06:09:52 "POST /collect HTTP/1.1" 200 -
06:09:52 CF PUT /sessions/fbc182953df42bde304e8654ef6b1b4df6c1660886208722be1f09332d7d216e/renegotiate -> 200 (177 ms)
06:09:52 "PUT /cf/sessions/fbc182953df42bde304e8654ef6b1b4df6c1660886208722be1f09332d7d216e/renegotiate HTTP/1.1" 200 -
06:09:52 "POST /collect HTTP/1.1" 200 -
06:09:52 "POST /collect HTTP/1.1" 200 -
06:09:52 CF POST /sessions/a77b6d9cd31f6f623e3b5f573947297ec19e0750441d63e3c6cd41856389e82e/tracks/new -> 200 (138 ms)
06:09:52 "POST /cf/sessions/a77b6d9cd31f6f623e3b5f573947297ec19e0750441d63e3c6cd41856389e82e/tracks/new HTTP/1.1" 200 -
06:09:53 "POST /collect HTTP/1.1" 200 -
06:09:53 CF POST /sessions/fbc182953df42bde304e8654ef6b1b4df6c1660886208722be1f09332d7d216e/tracks/new -> 200 (260 ms)
06:09:53 "POST /cf/sessions/fbc182953df42bde304e8654ef6b1b4df6c1660886208722be1f09332d7d216e/tracks/new HTTP/1.1" 200 -
06:09:53 CF PUT /sessions/a77b6d9cd31f6f623e3b5f573947297ec19e0750441d63e3c6cd41856389e82e/renegotiate -> 200 (208 ms)
06:09:53 "PUT /cf/sessions/a77b6d9cd31f6f623e3b5f573947297ec19e0750441d63e3c6cd41856389e82e/renegotiate HTTP/1.1" 200 -
06:09:53 "POST /collect HTTP/1.1" 200 -
06:09:53 "POST /collect HTTP/1.1" 200 -
06:09:53 "POST /collect HTTP/1.1" 200 -
06:09:53 "POST /collect HTTP/1.1" 200 -
06:09:53 "POST /collect HTTP/1.1" 200 -
06:09:53 "POST /collect HTTP/1.1" 200 -
06:09:53 "POST /collect HTTP/1.1" 200 -
06:09:53 "POST /collect HTTP/1.1" 200 -
06:09:53 "POST /collect HTTP/1.1" 200 -
06:09:53 "POST /collect HTTP/1.1" 200 -
06:09:53 "POST /collect HTTP/1.1" 200 -
06:09:53 "POST /collect HTTP/1.1" 200 -
06:09:53 "POST /collect HTTP/1.1" 200 -
06:09:53 "POST /collect HTTP/1.1" 200 -
06:09:53 CF POST /sessions/a77b6d9cd31f6f623e3b5f573947297ec19e0750441d63e3c6cd41856389e82e/tracks/new -> 200 (193 ms)
06:09:53 "POST /cf/sessions/a77b6d9cd31f6f623e3b5f573947297ec19e0750441d63e3c6cd41856389e82e/tracks/new HTTP/1.1" 200 -
06:09:53 "POST /collect HTTP/1.1" 200 -
06:09:53 "POST /collect HTTP/1.1" 200 -
06:09:53 "POST /collect HTTP/1.1" 200 -
06:09:53 "POST /collect HTTP/1.1" 200 -
06:09:53 "POST /collect HTTP/1.1" 200 -
06:09:53 "POST /collect HTTP/1.1" 200 -
06:09:53 CF PUT /sessions/fbc182953df42bde304e8654ef6b1b4df6c1660886208722be1f09332d7d216e/renegotiate -> 200 (219 ms)
06:09:53 "PUT /cf/sessions/fbc182953df42bde304e8654ef6b1b4df6c1660886208722be1f09332d7d216e/renegotiate HTTP/1.1" 200 -
06:09:53 "POST /collect HTTP/1.1" 200 -
06:09:53 CF PUT /sessions/a77b6d9cd31f6f623e3b5f573947297ec19e0750441d63e3c6cd41856389e82e/renegotiate -> 200 (234 ms)
06:09:53 "PUT /cf/sessions/a77b6d9cd31f6f623e3b5f573947297ec19e0750441d63e3c6cd41856389e82e/renegotiate HTTP/1.1" 200 -
06:09:53 "POST /collect HTTP/1.1" 200 -
06:09:53 CF POST /sessions/fbc182953df42bde304e8654ef6b1b4df6c1660886208722be1f09332d7d216e/tracks/new -> 200 (285 ms)
06:09:53 "POST /cf/sessions/fbc182953df42bde304e8654ef6b1b4df6c1660886208722be1f09332d7d216e/tracks/new HTTP/1.1" 200 -
06:09:53 CF POST /sessions/a77b6d9cd31f6f623e3b5f573947297ec19e0750441d63e3c6cd41856389e82e/tracks/new -> 200 (167 ms)
06:09:53 "POST /cf/sessions/a77b6d9cd31f6f623e3b5f573947297ec19e0750441d63e3c6cd41856389e82e/tracks/new HTTP/1.1" 200 -
06:09:53 "POST /collect HTTP/1.1" 200 -
06:09:54 CF PUT /sessions/fbc182953df42bde304e8654ef6b1b4df6c1660886208722be1f09332d7d216e/renegotiate -> 200 (190 ms)
06:09:54 "PUT /cf/sessions/fbc182953df42bde304e8654ef6b1b4df6c1660886208722be1f09332d7d216e/renegotiate HTTP/1.1" 200 -
06:09:54 "POST /collect HTTP/1.1" 200 -
06:09:54 "POST /collect HTTP/1.1" 200 -
06:09:54 CF PUT /sessions/a77b6d9cd31f6f623e3b5f573947297ec19e0750441d63e3c6cd41856389e82e/renegotiate -> 200 (204 ms)
06:09:54 "PUT /cf/sessions/a77b6d9cd31f6f623e3b5f573947297ec19e0750441d63e3c6cd41856389e82e/renegotiate HTTP/1.1" 200 -
06:09:54 "POST /collect HTTP/1.1" 200 -
06:09:54 CF POST /sessions/fbc182953df42bde304e8654ef6b1b4df6c1660886208722be1f09332d7d216e/tracks/new -> 200 (279 ms)
06:09:54 "POST /cf/sessions/fbc182953df42bde304e8654ef6b1b4df6c1660886208722be1f09332d7d216e/tracks/new HTTP/1.1" 200 -
06:09:54 CF POST /sessions/a77b6d9cd31f6f623e3b5f573947297ec19e0750441d63e3c6cd41856389e82e/tracks/new -> 200 (184 ms)
06:09:54 "POST /cf/sessions/a77b6d9cd31f6f623e3b5f573947297ec19e0750441d63e3c6cd41856389e82e/tracks/new HTTP/1.1" 200 -
06:09:54 "GET /roster HTTP/1.1" 200 -
06:09:54 "POST /collect HTTP/1.1" 200 -
06:09:54 "POST /collect HTTP/1.1" 200 -
06:09:54 "GET /roster HTTP/1.1" 200 -
06:09:54 "POST /collect HTTP/1.1" 200 -
06:09:54 "POST /collect HTTP/1.1" 200 -
06:09:54 "POST /collect HTTP/1.1" 200 -
06:09:54 CF PUT /sessions/fbc182953df42bde304e8654ef6b1b4df6c1660886208722be1f09332d7d216e/renegotiate -> 200 (188 ms)
06:09:54 "PUT /cf/sessions/fbc182953df42bde304e8654ef6b1b4df6c1660886208722be1f09332d7d216e/renegotiate HTTP/1.1" 200 -
06:09:54 "POST /collect HTTP/1.1" 200 -
06:09:54 CF PUT /sessions/a77b6d9cd31f6f623e3b5f573947297ec19e0750441d63e3c6cd41856389e82e/renegotiate -> 200 (222 ms)
06:09:54 "PUT /cf/sessions/a77b6d9cd31f6f623e3b5f573947297ec19e0750441d63e3c6cd41856389e82e/renegotiate HTTP/1.1" 200 -
06:09:54 "POST /collect HTTP/1.1" 200 -
06:09:54 CF POST /sessions/a77b6d9cd31f6f623e3b5f573947297ec19e0750441d63e3c6cd41856389e82e/tracks/new -> 200 (191 ms)
06:09:54 "POST /cf/sessions/a77b6d9cd31f6f623e3b5f573947297ec19e0750441d63e3c6cd41856389e82e/tracks/new HTTP/1.1" 200 -
06:09:54 CF POST /sessions/fbc182953df42bde304e8654ef6b1b4df6c1660886208722be1f09332d7d216e/tracks/new -> 200 (245 ms)
06:09:54 "POST /cf/sessions/fbc182953df42bde304e8654ef6b1b4df6c1660886208722be1f09332d7d216e/tracks/new HTTP/1.1" 200 -
06:09:54 "POST /collect HTTP/1.1" 200 -
06:09:55 "POST /collect HTTP/1.1" 200 -
06:09:55 CF PUT /sessions/a77b6d9cd31f6f623e3b5f573947297ec19e0750441d63e3c6cd41856389e82e/renegotiate -> 200 (215 ms)
06:09:55 "PUT /cf/sessions/a77b6d9cd31f6f623e3b5f573947297ec19e0750441d63e3c6cd41856389e82e/renegotiate HTTP/1.1" 200 -
06:09:55 "POST /collect HTTP/1.1" 200 -
06:09:55 CF PUT /sessions/fbc182953df42bde304e8654ef6b1b4df6c1660886208722be1f09332d7d216e/renegotiate -> 200 (227 ms)
06:09:55 "PUT /cf/sessions/fbc182953df42bde304e8654ef6b1b4df6c1660886208722be1f09332d7d216e/renegotiate HTTP/1.1" 200 -
06:09:55 "POST /collect HTTP/1.1" 200 -
06:09:55 CF POST /sessions/a77b6d9cd31f6f623e3b5f573947297ec19e0750441d63e3c6cd41856389e82e/tracks/new -> 200 (172 ms)
06:09:55 "POST /cf/sessions/a77b6d9cd31f6f623e3b5f573947297ec19e0750441d63e3c6cd41856389e82e/tracks/new HTTP/1.1" 200 -
06:09:55 CF POST /sessions/fbc182953df42bde304e8654ef6b1b4df6c1660886208722be1f09332d7d216e/tracks/new -> 200 (196 ms)
06:09:55 "POST /cf/sessions/fbc182953df42bde304e8654ef6b1b4df6c1660886208722be1f09332d7d216e/tracks/new HTTP/1.1" 200 -
06:09:55 CF PUT /sessions/a77b6d9cd31f6f623e3b5f573947297ec19e0750441d63e3c6cd41856389e82e/renegotiate -> 200 (185 ms)
06:09:55 "PUT /cf/sessions/a77b6d9cd31f6f623e3b5f573947297ec19e0750441d63e3c6cd41856389e82e/renegotiate HTTP/1.1" 200 -
06:09:55 "POST /collect HTTP/1.1" 200 -
06:09:55 CF PUT /sessions/fbc182953df42bde304e8654ef6b1b4df6c1660886208722be1f09332d7d216e/renegotiate -> 200 (213 ms)
06:09:55 "PUT /cf/sessions/fbc182953df42bde304e8654ef6b1b4df6c1660886208722be1f09332d7d216e/renegotiate HTTP/1.1" 200 -
06:09:55 "POST /collect HTTP/1.1" 200 -
06:09:55 "POST /collect HTTP/1.1" 200 -
06:09:56 "POST /collect HTTP/1.1" 200 -
06:09:56 "POST /collect HTTP/1.1" 200 -
06:09:56 "POST /collect HTTP/1.1" 200 -
06:09:56 "POST /collect HTTP/1.1" 200 -
06:09:56 "POST /collect HTTP/1.1" 200 -
06:09:56 "POST /collect HTTP/1.1" 200 -
06:09:56 "POST /collect HTTP/1.1" 200 -
06:09:56 "POST /collect HTTP/1.1" 200 -
06:09:56 "POST /collect HTTP/1.1" 200 -
06:09:56 "POST /collect HTTP/1.1" 200 -
06:09:56 "POST /collect HTTP/1.1" 200 -
06:09:56 "POST /collect HTTP/1.1" 200 -
06:09:56 "POST /collect HTTP/1.1" 200 -
06:09:56 "POST /collect HTTP/1.1" 200 -
06:09:56 "POST /collect HTTP/1.1" 200 -
06:09:56 "POST /collect HTTP/1.1" 200 -
06:09:56 "GET /roster HTTP/1.1" 200 -
06:09:56 "POST /collect HTTP/1.1" 200 -
06:09:56 "POST /collect HTTP/1.1" 200 -
06:09:56 "POST /collect HTTP/1.1" 200 -
06:09:56 "POST /collect HTTP/1.1" 200 -
06:09:56 "POST /collect HTTP/1.1" 200 -
06:09:56 "GET /roster HTTP/1.1" 200 -
06:09:56 "POST /collect HTTP/1.1" 200 -
06:09:56 "POST /collect HTTP/1.1" 200 -
06:09:57 "POST /collect HTTP/1.1" 200 -
06:09:57 "POST /collect HTTP/1.1" 200 -
06:09:57 "POST /collect HTTP/1.1" 200 -
06:09:57 "POST /collect HTTP/1.1" 200 -
06:09:57 "POST /collect HTTP/1.1" 200 -
06:09:58 "POST /collect HTTP/1.1" 200 -
06:09:58 "GET /roster HTTP/1.1" 200 -
06:09:58 "POST /collect HTTP/1.1" 200 -
06:09:58 "GET /roster HTTP/1.1" 200 -
06:09:58 "POST /collect HTTP/1.1" 200 -
06:09:58 "POST /collect HTTP/1.1" 200 -
06:09:58 "POST /collect HTTP/1.1" 200 -
06:09:59 "POST /collect HTTP/1.1" 200 -
06:09:59 "POST /collect HTTP/1.1" 200 -
06:09:59 "POST /collect HTTP/1.1" 200 -
06:09:59 "POST /collect HTTP/1.1" 200 -
06:09:59 "POST /collect HTTP/1.1" 200 -
06:09:59 "POST /collect HTTP/1.1" 200 -
06:09:59 "POST /collect HTTP/1.1" 200 -
06:09:59 "POST /collect HTTP/1.1" 200 -
06:09:59 "POST /collect HTTP/1.1" 200 -
06:09:59 "POST /collect HTTP/1.1" 200 -
06:09:59 "POST /collect HTTP/1.1" 200 -
06:09:59 "POST /collect HTTP/1.1" 200 -
06:09:59 "POST /collect HTTP/1.1" 200 -
06:09:59 "POST /collect HTTP/1.1" 200 -
06:09:59 "POST /collect HTTP/1.1" 200 -
06:09:59 "POST /collect HTTP/1.1" 200 -
06:09:59 "POST /collect HTTP/1.1" 200 -
06:09:59 "POST /collect HTTP/1.1" 200 -
06:09:59 "POST /collect HTTP/1.1" 200 -
06:09:59 "POST /collect HTTP/1.1" 200 -
06:09:59 "POST /collect HTTP/1.1" 200 -
06:10:00 "POST /collect HTTP/1.1" 200 -
06:10:00 "GET /roster HTTP/1.1" 200 -
06:10:00 "POST /collect HTTP/1.1" 200 -
06:10:00 "POST /collect HTTP/1.1" 200 -
06:10:00 "GET /roster HTTP/1.1" 200 -
06:10:00 "POST /collect HTTP/1.1" 200 -
06:10:00 "POST /collect HTTP/1.1" 200 -
06:10:00 "POST /collect HTTP/1.1" 200 -
06:10:00 "POST /collect HTTP/1.1" 200 -
06:10:01 "POST /collect HTTP/1.1" 200 -
06:10:01 "POST /collect HTTP/1.1" 200 -
06:10:02 "POST /collect HTTP/1.1" 200 -
06:10:02 "POST /collect HTTP/1.1" 200 -
06:10:02 "POST /collect HTTP/1.1" 200 -
06:10:02 "POST /collect HTTP/1.1" 200 -
06:10:02 "POST /collect HTTP/1.1" 200 -
06:10:02 "POST /collect HTTP/1.1" 200 -
06:10:02 "POST /collect HTTP/1.1" 200 -
06:10:02 "POST /collect HTTP/1.1" 200 -
06:10:02 "POST /collect HTTP/1.1" 200 -
06:10:02 "POST /collect HTTP/1.1" 200 -
06:10:02 "POST /collect HTTP/1.1" 200 -
06:10:02 "POST /collect HTTP/1.1" 200 -
06:10:02 "POST /collect HTTP/1.1" 200 -
06:10:02 "GET /roster HTTP/1.1" 200 -
06:10:02 "POST /collect HTTP/1.1" 200 -
06:10:02 "POST /collect HTTP/1.1" 200 -
06:10:02 "POST /collect HTTP/1.1" 200 -
06:10:02 "POST /collect HTTP/1.1" 200 -
06:10:02 "POST /collect HTTP/1.1" 200 -
06:10:02 "POST /collect HTTP/1.1" 200 -
06:10:02 "POST /collect HTTP/1.1" 200 -
06:10:02 "POST /collect HTTP/1.1" 200 -
06:10:02 "GET /roster HTTP/1.1" 200 -
06:10:02 "POST /collect HTTP/1.1" 200 -
06:10:02 "POST /collect HTTP/1.1" 200 -
06:10:03 "POST /collect HTTP/1.1" 200 -
06:10:03 "POST /collect HTTP/1.1" 200 -
06:10:03 "POST /collect HTTP/1.1" 200 -
06:10:03 "POST /collect HTTP/1.1" 200 -
06:10:03 "POST /collect HTTP/1.1" 200 -
06:10:03 "POST /collect HTTP/1.1" 200 -
06:10:04 "POST /collect HTTP/1.1" 200 -
06:10:04 "GET /roster HTTP/1.1" 200 -
06:10:04 "POST /collect HTTP/1.1" 200 -
06:10:04 "GET /roster HTTP/1.1" 200 -
06:10:04 "POST /collect HTTP/1.1" 200 -
06:10:04 "POST /collect HTTP/1.1" 200 -
06:10:05 "POST /collect HTTP/1.1" 200 -
06:10:05 "POST /collect HTTP/1.1" 200 -
06:10:05 "POST /collect HTTP/1.1" 200 -
06:10:05 "POST /collect HTTP/1.1" 200 -
06:10:05 "POST /collect HTTP/1.1" 200 -
06:10:05 "POST /collect HTTP/1.1" 200 -
06:10:05 "POST /collect HTTP/1.1" 200 -
06:10:05 "POST /collect HTTP/1.1" 200 -
06:10:05 "POST /collect HTTP/1.1" 200 -
06:10:05 "POST /collect HTTP/1.1" 200 -
06:10:05 "POST /collect HTTP/1.1" 200 -
06:10:05 "POST /collect HTTP/1.1" 200 -
06:10:05 "POST /collect HTTP/1.1" 200 -
06:10:05 "POST /collect HTTP/1.1" 200 -
06:10:05 "POST /collect HTTP/1.1" 200 -
06:10:05 "POST /collect HTTP/1.1" 200 -
06:10:05 "POST /collect HTTP/1.1" 200 -
06:10:05 "POST /collect HTTP/1.1" 200 -
06:10:05 "POST /collect HTTP/1.1" 200 -
06:10:05 "POST /collect HTTP/1.1" 200 -
06:10:05 "POST /collect HTTP/1.1" 200 -
06:10:06 "POST /collect HTTP/1.1" 200 -
06:10:06 "GET /roster HTTP/1.1" 200 -
06:10:06 "POST /collect HTTP/1.1" 200 -
06:10:06 "POST /collect HTTP/1.1" 200 -
06:10:06 "GET /roster HTTP/1.1" 200 -
06:10:06 "POST /collect HTTP/1.1" 200 -
06:10:06 "POST /collect HTTP/1.1" 200 -
06:10:06 "POST /collect HTTP/1.1" 200 -
06:10:06 "POST /collect HTTP/1.1" 200 -
06:10:07 "POST /collect HTTP/1.1" 200 -
06:10:07 "POST /collect HTTP/1.1" 200 -
06:10:08 "POST /collect HTTP/1.1" 200 -
06:10:08 "POST /collect HTTP/1.1" 200 -
06:10:08 "POST /collect HTTP/1.1" 200 -
06:10:08 "POST /collect HTTP/1.1" 200 -
06:10:08 "POST /collect HTTP/1.1" 200 -
06:10:08 "POST /collect HTTP/1.1" 200 -
06:10:08 "POST /collect HTTP/1.1" 200 -
06:10:08 "POST /collect HTTP/1.1" 200 -
06:10:08 "POST /collect HTTP/1.1" 200 -
06:10:08 "POST /collect HTTP/1.1" 200 -
06:10:08 "POST /collect HTTP/1.1" 200 -
06:10:08 "POST /collect HTTP/1.1" 200 -
06:10:08 "POST /collect HTTP/1.1" 200 -
06:10:08 "GET /roster HTTP/1.1" 200 -
06:10:08 "POST /collect HTTP/1.1" 200 -
06:10:08 "POST /collect HTTP/1.1" 200 -
06:10:08 "POST /collect HTTP/1.1" 200 -
06:10:08 "POST /collect HTTP/1.1" 200 -
06:10:08 "POST /collect HTTP/1.1" 200 -
06:10:08 "POST /collect HTTP/1.1" 200 -
06:10:08 "POST /collect HTTP/1.1" 200 -
06:10:08 "POST /collect HTTP/1.1" 200 -
06:10:08 "GET /roster HTTP/1.1" 200 -
06:10:08 "POST /collect HTTP/1.1" 200 -
06:10:08 "POST /collect HTTP/1.1" 200 -
06:10:09 "POST /collect HTTP/1.1" 200 -
06:10:09 "POST /collect HTTP/1.1" 200 -
06:10:09 "POST /collect HTTP/1.1" 200 -
06:10:09 "POST /collect HTTP/1.1" 200 -
06:10:09 "POST /collect HTTP/1.1" 200 -
06:10:10 "POST /collect HTTP/1.1" 200 -
06:10:10 "GET /roster HTTP/1.1" 200 -
06:10:10 "POST /collect HTTP/1.1" 200 -
06:10:10 "GET /roster HTTP/1.1" 200 -
06:10:10 "POST /collect HTTP/1.1" 200 -
06:10:10 "POST /collect HTTP/1.1" 200 -
06:10:11 "POST /collect HTTP/1.1" 200 -
06:10:11 "POST /collect HTTP/1.1" 200 -
06:10:11 "POST /collect HTTP/1.1" 200 -
06:10:11 "POST /collect HTTP/1.1" 200 -
06:10:11 "POST /collect HTTP/1.1" 200 -
06:10:11 "POST /collect HTTP/1.1" 200 -
06:10:11 "POST /collect HTTP/1.1" 200 -
06:10:11 "POST /collect HTTP/1.1" 200 -
06:10:11 "POST /collect HTTP/1.1" 200 -
06:10:11 "POST /collect HTTP/1.1" 200 -
06:10:11 "POST /collect HTTP/1.1" 200 -
06:10:11 "POST /collect HTTP/1.1" 200 -
06:10:11 "POST /collect HTTP/1.1" 200 -
06:10:11 "POST /collect HTTP/1.1" 200 -
06:10:11 "POST /collect HTTP/1.1" 200 -
06:10:11 "POST /collect HTTP/1.1" 200 -
06:10:11 "POST /collect HTTP/1.1" 200 -
06:10:11 "POST /collect HTTP/1.1" 200 -
06:10:11 "POST /collect HTTP/1.1" 200 -
06:10:11 "POST /collect HTTP/1.1" 200 -
06:10:11 "POST /collect HTTP/1.1" 200 -
06:10:12 "POST /collect HTTP/1.1" 200 -
06:10:12 "GET /roster HTTP/1.1" 200 -
06:10:12 "POST /collect HTTP/1.1" 200 -
06:10:12 "POST /collect HTTP/1.1" 200 -
06:10:12 "POST /collect HTTP/1.1" 200 -
06:10:12 "POST /collect HTTP/1.1" 200 -
06:10:12 "GET /roster HTTP/1.1" 200 -
06:10:12 "POST /collect HTTP/1.1" 200 -
06:10:12 "POST /collect HTTP/1.1" 200 -
06:10:13 "POST /collect HTTP/1.1" 200 -
06:10:13 "POST /collect HTTP/1.1" 200 -
06:10:14 "POST /collect HTTP/1.1" 200 -
06:10:14 "POST /collect HTTP/1.1" 200 -
06:10:14 "POST /collect HTTP/1.1" 200 -
06:10:14 "POST /collect HTTP/1.1" 200 -
06:10:14 "POST /collect HTTP/1.1" 200 -
06:10:14 "POST /collect HTTP/1.1" 200 -
06:10:14 "POST /collect HTTP/1.1" 200 -
06:10:14 "POST /collect HTTP/1.1" 200 -
06:10:14 "POST /collect HTTP/1.1" 200 -
06:10:14 "POST /collect HTTP/1.1" 200 -
06:10:14 "POST /collect HTTP/1.1" 200 -
06:10:14 "POST /collect HTTP/1.1" 200 -
06:10:14 "POST /collect HTTP/1.1" 200 -
06:10:14 "GET /roster HTTP/1.1" 200 -
06:10:14 "POST /collect HTTP/1.1" 200 -
06:10:14 "POST /collect HTTP/1.1" 200 -
06:10:14 "POST /collect HTTP/1.1" 200 -
06:10:14 "POST /collect HTTP/1.1" 200 -
06:10:14 "POST /collect HTTP/1.1" 200 -
06:10:14 "POST /collect HTTP/1.1" 200 -
06:10:14 "POST /collect HTTP/1.1" 200 -
06:10:14 "POST /collect HTTP/1.1" 200 -
06:10:14 "GET /roster HTTP/1.1" 200 -
06:10:14 "POST /collect HTTP/1.1" 200 -
06:10:14 "POST /collect HTTP/1.1" 200 -
06:10:15 "POST /collect HTTP/1.1" 200 -
06:10:15 "POST /collect HTTP/1.1" 200 -
06:10:15 "POST /collect HTTP/1.1" 200 -
06:10:15 "POST /collect HTTP/1.1" 200 -
06:10:15 "POST /collect HTTP/1.1" 200 -
06:10:16 "POST /collect HTTP/1.1" 200 -
06:10:16 "GET /roster HTTP/1.1" 200 -
06:10:16 "POST /collect HTTP/1.1" 200 -
06:10:16 "GET /roster HTTP/1.1" 200 -
06:10:16 "POST /collect HTTP/1.1" 200 -
06:10:16 "POST /collect HTTP/1.1" 200 -
06:10:17 "POST /collect HTTP/1.1" 200 -
06:10:17 "POST /collect HTTP/1.1" 200 -
06:10:17 "POST /collect HTTP/1.1" 200 -
06:10:17 "POST /collect HTTP/1.1" 200 -
06:10:17 "POST /collect HTTP/1.1" 200 -
06:10:17 "POST /collect HTTP/1.1" 200 -
06:10:17 "POST /collect HTTP/1.1" 200 -
06:10:17 "POST /collect HTTP/1.1" 200 -
06:10:17 "POST /collect HTTP/1.1" 200 -
06:10:17 "POST /collect HTTP/1.1" 200 -
06:10:17 "POST /collect HTTP/1.1" 200 -
06:10:17 "POST /collect HTTP/1.1" 200 -
06:10:17 "POST /collect HTTP/1.1" 200 -
06:10:17 "POST /collect HTTP/1.1" 200 -
06:10:17 "POST /collect HTTP/1.1" 200 -
06:10:17 "POST /collect HTTP/1.1" 200 -
06:10:17 "POST /collect HTTP/1.1" 200 -
06:10:17 "POST /collect HTTP/1.1" 200 -
06:10:17 "POST /collect HTTP/1.1" 200 -
06:10:17 "POST /collect HTTP/1.1" 200 -
06:10:17 "POST /collect HTTP/1.1" 200 -
06:10:18 "POST /collect HTTP/1.1" 200 -
06:10:18 "GET /roster HTTP/1.1" 200 -
06:10:18 "POST /collect HTTP/1.1" 200 -
06:10:18 "POST /collect HTTP/1.1" 200 -
06:10:18 "POST /collect HTTP/1.1" 200 -
06:10:18 "POST /collect HTTP/1.1" 200 -
06:10:18 "GET /roster HTTP/1.1" 200 -
06:10:18 "POST /collect HTTP/1.1" 200 -
06:10:18 "POST /collect HTTP/1.1" 200 -
06:10:19 "POST /collect HTTP/1.1" 200 -
06:10:19 "POST /collect HTTP/1.1" 200 -
06:10:19 "POST /collect HTTP/1.1" 200 -
06:10:20 "POST /collect HTTP/1.1" 200 -
06:10:20 "POST /collect HTTP/1.1" 200 -
06:10:20 "POST /collect HTTP/1.1" 200 -
06:10:20 "POST /collect HTTP/1.1" 200 -
06:10:20 "POST /collect HTTP/1.1" 200 -
06:10:20 "POST /collect HTTP/1.1" 200 -
06:10:20 "POST /collect HTTP/1.1" 200 -
06:10:20 "POST /collect HTTP/1.1" 200 -
06:10:20 "POST /collect HTTP/1.1" 200 -
06:10:20 "POST /collect HTTP/1.1" 200 -
06:10:20 "POST /collect HTTP/1.1" 200 -
06:10:20 "POST /collect HTTP/1.1" 200 -
06:10:20 "POST /collect HTTP/1.1" 200 -
06:10:20 "POST /collect HTTP/1.1" 200 -
06:10:20 "POST /collect HTTP/1.1" 200 -
06:10:20 "POST /collect HTTP/1.1" 200 -
06:10:20 "POST /collect HTTP/1.1" 200 -
06:10:20 "POST /collect HTTP/1.1" 200 -
06:10:20 "POST /collect HTTP/1.1" 200 -
06:10:20 "POST /collect HTTP/1.1" 200 -
06:10:20 "GET /roster HTTP/1.1" 200 -
06:10:20 "POST /collect HTTP/1.1" 200 -
06:10:20 "GET /roster HTTP/1.1" 200 -
06:10:20 "POST /collect HTTP/1.1" 200 -
06:10:20 "POST /collect HTTP/1.1" 200 -
06:10:21 "POST /collect HTTP/1.1" 200 -
06:10:21 "POST /collect HTTP/1.1" 200 -
06:10:21 "POST /collect HTTP/1.1" 200 -
06:10:21 "POST /collect HTTP/1.1" 200 -
06:10:21 "POST /collect HTTP/1.1" 200 -
06:10:22 "POST /collect HTTP/1.1" 200 -
06:10:22 "GET /roster HTTP/1.1" 200 -
06:10:22 "POST /collect HTTP/1.1" 200 -
06:10:22 "GET /roster HTTP/1.1" 200 -
06:10:22 "POST /collect HTTP/1.1" 200 -
06:10:22 "POST /collect HTTP/1.1" 200 -
06:10:23 "POST /collect HTTP/1.1" 200 -
06:10:23 "POST /collect HTTP/1.1" 200 -
06:10:23 "POST /collect HTTP/1.1" 200 -
06:10:23 "POST /collect HTTP/1.1" 200 -
06:10:23 "POST /collect HTTP/1.1" 200 -
06:10:23 "POST /collect HTTP/1.1" 200 -
06:10:23 "POST /collect HTTP/1.1" 200 -
06:10:23 "POST /collect HTTP/1.1" 200 -
06:10:23 "POST /collect HTTP/1.1" 200 -
06:10:23 "POST /collect HTTP/1.1" 200 -
06:10:23 "POST /collect HTTP/1.1" 200 -
06:10:23 "POST /collect HTTP/1.1" 200 -
06:10:23 "POST /collect HTTP/1.1" 200 -
06:10:23 "POST /collect HTTP/1.1" 200 -
06:10:23 "POST /collect HTTP/1.1" 200 -
06:10:23 "POST /collect HTTP/1.1" 200 -
06:10:23 "POST /collect HTTP/1.1" 200 -
06:10:23 "POST /collect HTTP/1.1" 200 -
06:10:23 "POST /collect HTTP/1.1" 200 -
06:10:23 "POST /collect HTTP/1.1" 200 -
06:10:23 "POST /collect HTTP/1.1" 200 -
06:10:24 "POST /collect HTTP/1.1" 200 -
06:10:24 "GET /roster HTTP/1.1" 200 -
06:10:24 "POST /collect HTTP/1.1" 200 -
06:10:24 "POST /collect HTTP/1.1" 200 -
06:10:24 "POST /collect HTTP/1.1" 200 -
06:10:24 "POST /collect HTTP/1.1" 200 -
06:10:24 "GET /roster HTTP/1.1" 200 -
06:10:24 "POST /collect HTTP/1.1" 200 -
06:10:24 "POST /collect HTTP/1.1" 200 -
06:10:25 "POST /collect HTTP/1.1" 200 -
06:10:25 "POST /collect HTTP/1.1" 200 -
06:10:26 "POST /collect HTTP/1.1" 200 -
06:10:26 "POST /collect HTTP/1.1" 200 -
06:10:26 "POST /collect HTTP/1.1" 200 -
06:10:26 "POST /collect HTTP/1.1" 200 -
06:10:26 "POST /collect HTTP/1.1" 200 -
06:10:26 "POST /collect HTTP/1.1" 200 -
06:10:26 "POST /collect HTTP/1.1" 200 -
06:10:26 "POST /collect HTTP/1.1" 200 -
06:10:26 "POST /collect HTTP/1.1" 200 -
06:10:26 "POST /collect HTTP/1.1" 200 -
06:10:26 "POST /collect HTTP/1.1" 200 -
06:10:26 "POST /collect HTTP/1.1" 200 -
06:10:26 "POST /collect HTTP/1.1" 200 -
06:10:26 "POST /collect HTTP/1.1" 200 -
06:10:26 "POST /collect HTTP/1.1" 200 -
06:10:26 "POST /collect HTTP/1.1" 200 -
06:10:26 "POST /collect HTTP/1.1" 200 -
06:10:26 "POST /collect HTTP/1.1" 200 -
06:10:26 "POST /collect HTTP/1.1" 200 -
06:10:26 "POST /collect HTTP/1.1" 200 -
06:10:26 "GET /roster HTTP/1.1" 200 -
06:10:26 "POST /collect HTTP/1.1" 200 -
06:10:26 "GET /roster HTTP/1.1" 200 -
06:10:26 "POST /collect HTTP/1.1" 200 -
06:10:26 "POST /collect HTTP/1.1" 200 -
06:10:27 "POST /collect HTTP/1.1" 200 -
06:10:27 "POST /collect HTTP/1.1" 200 -
06:10:27 "POST /collect HTTP/1.1" 200 -
06:10:27 "POST /collect HTTP/1.1" 200 -
06:10:27 "POST /collect HTTP/1.1" 200 -
06:10:28 "POST /collect HTTP/1.1" 200 -
06:10:28 "GET /roster HTTP/1.1" 200 -
06:10:28 "POST /collect HTTP/1.1" 200 -
06:10:28 "GET /roster HTTP/1.1" 200 -
06:10:28 "POST /collect HTTP/1.1" 200 -
06:10:28 "POST /collect HTTP/1.1" 200 -
06:10:29 "POST /collect HTTP/1.1" 200 -
06:10:29 "POST /collect HTTP/1.1" 200 -
06:10:29 "POST /collect HTTP/1.1" 200 -
06:10:29 "POST /collect HTTP/1.1" 200 -
06:10:29 "POST /collect HTTP/1.1" 200 -
06:10:29 "POST /collect HTTP/1.1" 200 -
06:10:29 "POST /collect HTTP/1.1" 200 -
06:10:29 "POST /collect HTTP/1.1" 200 -
06:10:29 "POST /collect HTTP/1.1" 200 -
06:10:29 "POST /collect HTTP/1.1" 200 -
06:10:29 "POST /collect HTTP/1.1" 200 -
06:10:29 "POST /collect HTTP/1.1" 200 -
06:10:29 "POST /collect HTTP/1.1" 200 -
06:10:29 "POST /collect HTTP/1.1" 200 -
06:10:29 "POST /collect HTTP/1.1" 200 -
06:10:29 "POST /collect HTTP/1.1" 200 -
06:10:29 "POST /collect HTTP/1.1" 200 -
06:10:29 "POST /collect HTTP/1.1" 200 -
06:10:29 "POST /collect HTTP/1.1" 200 -
06:10:29 "POST /collect HTTP/1.1" 200 -
06:10:29 "POST /collect HTTP/1.1" 200 -
06:10:29 "POST /collect HTTP/1.1" 200 -
06:10:30 "POST /collect HTTP/1.1" 200 -
06:10:30 "GET /roster HTTP/1.1" 200 -
06:10:30 "POST /collect HTTP/1.1" 200 -
06:10:30 "POST /collect HTTP/1.1" 200 -
06:10:30 "POST /collect HTTP/1.1" 200 -
06:10:30 "POST /collect HTTP/1.1" 200 -
06:10:30 "GET /roster HTTP/1.1" 200 -
06:10:30 "POST /collect HTTP/1.1" 200 -
