05:59:45 "GET /room.html?id=A&n=8&hold=1&cb=1787713185071&audio=1&mode=pub&vw=640&vh=360&vfps=30&cls=show&kbps=1200&hint=motion HTTP/1.1" 200 -
05:59:45 code 404, message File not found
05:59:45 "GET /favicon.ico HTTP/1.1" 404 -
05:59:45 "GET /room.html?id=B&n=8&hold=1&cb=1787713185651&audio=1&mode=pub&vw=640&vh=360&vfps=30&cls=show&kbps=1200&hint=motion HTTP/1.1" 200 -
05:59:45 code 404, message File not found
05:59:45 "GET /favicon.ico HTTP/1.1" 404 -
05:59:46 "GET /room.html?id=C&n=8&hold=1&cb=1787713186209&audio=1&mode=pub&vw=640&vh=360&vfps=30&cls=show&kbps=1200&hint=motion HTTP/1.1" 200 -
05:59:46 code 404, message File not found
05:59:46 "GET /favicon.ico HTTP/1.1" 404 -
05:59:46 "GET /room.html?id=D&n=8&hold=1&cb=1787713186765&audio=1&mode=pub&vw=640&vh=360&vfps=30&cls=show&kbps=1200&hint=motion HTTP/1.1" 200 -
05:59:46 code 404, message File not found
05:59:46 "GET /favicon.ico HTTP/1.1" 404 -
05:59:47 "GET /room.html?id=E&n=8&hold=1&cb=1787713187360&audio=1&mode=pub&vw=640&vh=360&vfps=30&cls=show&kbps=1200&hint=motion HTTP/1.1" 200 -
05:59:47 code 404, message File not found
05:59:47 "GET /favicon.ico HTTP/1.1" 404 -
05:59:47 "GET /room.html?id=F&n=8&hold=1&cb=1787713187939&audio=1&mode=pub&vw=640&vh=360&vfps=30&cls=show&kbps=1200&hint=motion HTTP/1.1" 200 -
05:59:47 code 404, message File not found
05:59:47 "GET /favicon.ico HTTP/1.1" 404 -
05:59:47 "POST /collect HTTP/1.1" 200 -
05:59:48 CF POST /sessions/new -> 201 (328 ms)
05:59:48 "POST /cf/sessions/new HTTP/1.1" 201 -
05:59:48 CF POST /sessions/new -> 201 (330 ms)
05:59:48 "POST /cf/sessions/new HTTP/1.1" 201 -
05:59:48 CF POST /sessions/new -> 201 (340 ms)
05:59:48 "POST /cf/sessions/new HTTP/1.1" 201 -
05:59:48 CF POST /sessions/new -> 201 (333 ms)
05:59:48 "POST /cf/sessions/new HTTP/1.1" 201 -
05:59:48 CF POST /sessions/new -> 201 (335 ms)
05:59:48 "POST /cf/sessions/new HTTP/1.1" 201 -
05:59:48 CF POST /sessions/new -> 201 (352 ms)
05:59:48 "POST /cf/sessions/new HTTP/1.1" 201 -
05:59:48 CF POST /sessions/new -> 201 (385 ms)
05:59:48 "POST /cf/sessions/new HTTP/1.1" 201 -
05:59:48 CF POST /sessions/new -> 201 (408 ms)
05:59:48 "POST /cf/sessions/new HTTP/1.1" 201 -
05:59:49 "POST /save/pub-offer-b.sdp HTTP/1.1" 200 -
05:59:49 "POST /save/pub-offer-1.sdp HTTP/1.1" 200 -
05:59:49 "POST /save/pub-offer-a.sdp HTTP/1.1" 200 -
05:59:49 "POST /save/pub-offer-f.sdp HTTP/1.1" 200 -
05:59:49 "POST /save/pub-offer-d.sdp HTTP/1.1" 200 -
05:59:49 "POST /save/pub-offer-e.sdp HTTP/1.1" 200 -
05:59:49 "POST /save/pub-offer-c.sdp HTTP/1.1" 200 -
05:59:49 "POST /save/pub-offer-2.sdp HTTP/1.1" 200 -
05:59:49 CF POST /sessions/e2acec557f48c120a107e8216e3c9f9f503ff32b8eb2080eb10cb740992c5bcc/tracks/new -> 200 (332 ms)
05:59:49 "POST /cf/sessions/e2acec557f48c120a107e8216e3c9f9f503ff32b8eb2080eb10cb740992c5bcc/tracks/new HTTP/1.1" 200 -
05:59:49 "POST /save/pub-answer-b.sdp HTTP/1.1" 200 -
05:59:49 "POST /collect HTTP/1.1" 200 -
05:59:49 "POST /collect HTTP/1.1" 200 -
05:59:49 "POST /collect HTTP/1.1" 200 -
05:59:49 CF POST /sessions/b9fea8c9695b5e5ba30511e277b08a0aaaf81eeee4714808878a4d36500e269c/tracks/new -> 200 (341 ms)
05:59:49 "POST /cf/sessions/b9fea8c9695b5e5ba30511e277b08a0aaaf81eeee4714808878a4d36500e269c/tracks/new HTTP/1.1" 200 -
05:59:49 "POST /save/pub-answer-1.sdp HTTP/1.1" 200 -
05:59:49 "POST /collect HTTP/1.1" 200 -
05:59:49 "POST /collect HTTP/1.1" 200 -
05:59:49 "POST /collect HTTP/1.1" 200 -
05:59:49 CF POST /sessions/5dbbd7a6ff0abdf8bc434f62670a66a50c5ab28e434828e8b1a1eff8402d8ab1/tracks/new -> 200 (352 ms)
05:59:49 "POST /cf/sessions/5dbbd7a6ff0abdf8bc434f62670a66a50c5ab28e434828e8b1a1eff8402d8ab1/tracks/new HTTP/1.1" 200 -
05:59:49 "POST /save/pub-answer-a.sdp HTTP/1.1" 200 -
05:59:49 "POST /collect HTTP/1.1" 200 -
05:59:49 "POST /collect HTTP/1.1" 200 -
05:59:49 "POST /collect HTTP/1.1" 200 -
05:59:49 CF POST /sessions/0e5223263391ee34e510c671cde00fac16fe45df16cd55e688a0846d4fa7284f/tracks/new -> 200 (378 ms)
05:59:49 "POST /cf/sessions/0e5223263391ee34e510c671cde00fac16fe45df16cd55e688a0846d4fa7284f/tracks/new HTTP/1.1" 200 -
05:59:49 "POST /save/pub-answer-d.sdp HTTP/1.1" 200 -
05:59:49 "POST /collect HTTP/1.1" 200 -
05:59:49 CF POST /sessions/566627bb3a363e268379a9cbca66a65ae6fd789df714f75789ba37a701acd6ad/tracks/new -> 200 (400 ms)
05:59:49 "POST /cf/sessions/566627bb3a363e268379a9cbca66a65ae6fd789df714f75789ba37a701acd6ad/tracks/new HTTP/1.1" 200 -
05:59:49 CF POST /sessions/1d96d9969c5712f9d946c31be9eec03812092fe15409da48dfdc3e217e559d13/tracks/new -> 200 (420 ms)
05:59:49 "POST /cf/sessions/1d96d9969c5712f9d946c31be9eec03812092fe15409da48dfdc3e217e559d13/tracks/new HTTP/1.1" 200 -
05:59:49 CF POST /sessions/5207afc08679e01030c04707e5d8a301f21437f7a96407808807a1fd16444a5f/tracks/new -> 200 (423 ms)
05:59:49 "POST /cf/sessions/5207afc08679e01030c04707e5d8a301f21437f7a96407808807a1fd16444a5f/tracks/new HTTP/1.1" 200 -
05:59:49 CF POST /sessions/94c73f62c6a1ec4c50a6d39f17f2092b88afbd7e6d024654e86d373f81e4d5d2/tracks/new -> 200 (436 ms)
05:59:49 "POST /cf/sessions/94c73f62c6a1ec4c50a6d39f17f2092b88afbd7e6d024654e86d373f81e4d5d2/tracks/new HTTP/1.1" 200 -
05:59:49 "POST /save/pub-answer-e.sdp HTTP/1.1" 200 -
05:59:49 "POST /save/pub-answer-c.sdp HTTP/1.1" 200 -
05:59:49 "POST /save/pub-answer-2.sdp HTTP/1.1" 200 -
05:59:49 "POST /collect HTTP/1.1" 200 -
05:59:49 "POST /save/pub-answer-f.sdp HTTP/1.1" 200 -
05:59:49 "POST /collect HTTP/1.1" 200 -
05:59:49 "POST /collect HTTP/1.1" 200 -
05:59:49 "POST /collect HTTP/1.1" 200 -
05:59:49 "POST /collect HTTP/1.1" 200 -
05:59:49 "POST /collect HTTP/1.1" 200 -
05:59:49 "POST /collect HTTP/1.1" 200 -
05:59:49 "POST /collect HTTP/1.1" 200 -
05:59:49 "POST /collect HTTP/1.1" 200 -
05:59:49 "POST /collect HTTP/1.1" 200 -
05:59:49 "POST /collect HTTP/1.1" 200 -
05:59:49 "POST /collect HTTP/1.1" 200 -
05:59:49 "POST /collect HTTP/1.1" 200 -
05:59:49 "POST /collect HTTP/1.1" 200 -
05:59:49 "POST /collect HTTP/1.1" 200 -
05:59:49 "POST /collect HTTP/1.1" 200 -
05:59:49 "POST /collect HTTP/1.1" 200 -
05:59:49 "POST /join HTTP/1.1" 200 -
05:59:49 "POST /collect HTTP/1.1" 200 -
05:59:49 "POST /collect HTTP/1.1" 200 -
05:59:49 "POST /join HTTP/1.1" 200 -
05:59:49 "POST /collect HTTP/1.1" 200 -
05:59:49 "GET /roster HTTP/1.1" 200 -
05:59:49 "POST /join HTTP/1.1" 200 -
05:59:49 "POST /collect HTTP/1.1" 200 -
05:59:49 "POST /join HTTP/1.1" 200 -
05:59:49 "POST /collect HTTP/1.1" 200 -
05:59:49 "POST /collect HTTP/1.1" 200 -
05:59:49 "POST /collect HTTP/1.1" 200 -
05:59:49 "POST /collect HTTP/1.1" 200 -
05:59:49 "POST /collect HTTP/1.1" 200 -
05:59:50 "POST /join HTTP/1.1" 200 -
05:59:50 "POST /collect HTTP/1.1" 200 -
05:59:50 "POST /join HTTP/1.1" 200 -
05:59:50 "POST /collect HTTP/1.1" 200 -
05:59:50 "POST /join HTTP/1.1" 200 -
05:59:50 "POST /collect HTTP/1.1" 200 -
05:59:50 "GET /roster HTTP/1.1" 200 -
05:59:50 CF POST /sessions/b9fea8c9695b5e5ba30511e277b08a0aaaf81eeee4714808878a4d36500e269c/tracks/new -> 200 (255 ms)
05:59:50 "POST /cf/sessions/b9fea8c9695b5e5ba30511e277b08a0aaaf81eeee4714808878a4d36500e269c/tracks/new HTTP/1.1" 200 -
05:59:50 CF POST /sessions/94c73f62c6a1ec4c50a6d39f17f2092b88afbd7e6d024654e86d373f81e4d5d2/tracks/new -> 200 (212 ms)
05:59:50 "POST /cf/sessions/94c73f62c6a1ec4c50a6d39f17f2092b88afbd7e6d024654e86d373f81e4d5d2/tracks/new HTTP/1.1" 200 -
05:59:50 CF PUT /sessions/b9fea8c9695b5e5ba30511e277b08a0aaaf81eeee4714808878a4d36500e269c/renegotiate -> 200 (151 ms)
05:59:50 "PUT /cf/sessions/b9fea8c9695b5e5ba30511e277b08a0aaaf81eeee4714808878a4d36500e269c/renegotiate HTTP/1.1" 200 -
05:59:50 "POST /collect HTTP/1.1" 200 -
05:59:50 CF PUT /sessions/94c73f62c6a1ec4c50a6d39f17f2092b88afbd7e6d024654e86d373f81e4d5d2/renegotiate -> 200 (131 ms)
05:59:50 "PUT /cf/sessions/94c73f62c6a1ec4c50a6d39f17f2092b88afbd7e6d024654e86d373f81e4d5d2/renegotiate HTTP/1.1" 200 -
05:59:50 "POST /collect HTTP/1.1" 200 -
05:59:50 CF POST /sessions/94c73f62c6a1ec4c50a6d39f17f2092b88afbd7e6d024654e86d373f81e4d5d2/tracks/new -> 200 (259 ms)
05:59:50 "POST /cf/sessions/94c73f62c6a1ec4c50a6d39f17f2092b88afbd7e6d024654e86d373f81e4d5d2/tracks/new HTTP/1.1" 200 -
05:59:50 CF PUT /sessions/94c73f62c6a1ec4c50a6d39f17f2092b88afbd7e6d024654e86d373f81e4d5d2/renegotiate -> 200 (158 ms)
05:59:50 "PUT /cf/sessions/94c73f62c6a1ec4c50a6d39f17f2092b88afbd7e6d024654e86d373f81e4d5d2/renegotiate HTTP/1.1" 200 -
05:59:50 "POST /collect HTTP/1.1" 200 -
05:59:51 "POST /collect HTTP/1.1" 200 -
05:59:51 CF POST /sessions/94c73f62c6a1ec4c50a6d39f17f2092b88afbd7e6d024654e86d373f81e4d5d2/tracks/new -> 200 (259 ms)
05:59:51 "POST /cf/sessions/94c73f62c6a1ec4c50a6d39f17f2092b88afbd7e6d024654e86d373f81e4d5d2/tracks/new HTTP/1.1" 200 -
05:59:51 "POST /join HTTP/1.1" 200 -
05:59:51 "POST /collect HTTP/1.1" 200 -
05:59:51 CF PUT /sessions/94c73f62c6a1ec4c50a6d39f17f2092b88afbd7e6d024654e86d373f81e4d5d2/renegotiate -> 200 (132 ms)
05:59:51 "PUT /cf/sessions/94c73f62c6a1ec4c50a6d39f17f2092b88afbd7e6d024654e86d373f81e4d5d2/renegotiate HTTP/1.1" 200 -
05:59:51 "POST /collect HTTP/1.1" 200 -
05:59:51 CF POST /sessions/94c73f62c6a1ec4c50a6d39f17f2092b88afbd7e6d024654e86d373f81e4d5d2/tracks/new -> 200 (253 ms)
05:59:51 "POST /cf/sessions/94c73f62c6a1ec4c50a6d39f17f2092b88afbd7e6d024654e86d373f81e4d5d2/tracks/new HTTP/1.1" 200 -
05:59:51 "POST /collect HTTP/1.1" 200 -
05:59:51 CF PUT /sessions/94c73f62c6a1ec4c50a6d39f17f2092b88afbd7e6d024654e86d373f81e4d5d2/renegotiate -> 200 (135 ms)
05:59:51 "PUT /cf/sessions/94c73f62c6a1ec4c50a6d39f17f2092b88afbd7e6d024654e86d373f81e4d5d2/renegotiate HTTP/1.1" 200 -
05:59:51 "POST /collect HTTP/1.1" 200 -
05:59:51 CF POST /sessions/94c73f62c6a1ec4c50a6d39f17f2092b88afbd7e6d024654e86d373f81e4d5d2/tracks/new -> 200 (201 ms)
05:59:51 "POST /cf/sessions/94c73f62c6a1ec4c50a6d39f17f2092b88afbd7e6d024654e86d373f81e4d5d2/tracks/new HTTP/1.1" 200 -
05:59:51 "GET /roster HTTP/1.1" 200 -
05:59:51 "POST /collect HTTP/1.1" 200 -
05:59:52 CF PUT /sessions/94c73f62c6a1ec4c50a6d39f17f2092b88afbd7e6d024654e86d373f81e4d5d2/renegotiate -> 200 (161 ms)
05:59:52 "PUT /cf/sessions/94c73f62c6a1ec4c50a6d39f17f2092b88afbd7e6d024654e86d373f81e4d5d2/renegotiate HTTP/1.1" 200 -
05:59:52 "POST /collect HTTP/1.1" 200 -
05:59:52 "GET /roster HTTP/1.1" 200 -
05:59:52 "POST /collect HTTP/1.1" 200 -
05:59:52 "POST /collect HTTP/1.1" 200 -
05:59:52 CF POST /sessions/b9fea8c9695b5e5ba30511e277b08a0aaaf81eeee4714808878a4d36500e269c/tracks/new -> 200 (201 ms)
05:59:52 "POST /cf/sessions/b9fea8c9695b5e5ba30511e277b08a0aaaf81eeee4714808878a4d36500e269c/tracks/new HTTP/1.1" 200 -
05:59:52 CF PUT /sessions/b9fea8c9695b5e5ba30511e277b08a0aaaf81eeee4714808878a4d36500e269c/renegotiate -> 200 (140 ms)
05:59:52 "PUT /cf/sessions/b9fea8c9695b5e5ba30511e277b08a0aaaf81eeee4714808878a4d36500e269c/renegotiate HTTP/1.1" 200 -
05:59:52 "POST /collect HTTP/1.1" 200 -
05:59:52 CF POST /sessions/94c73f62c6a1ec4c50a6d39f17f2092b88afbd7e6d024654e86d373f81e4d5d2/tracks/new -> 200 (279 ms)
05:59:52 "POST /cf/sessions/94c73f62c6a1ec4c50a6d39f17f2092b88afbd7e6d024654e86d373f81e4d5d2/tracks/new HTTP/1.1" 200 -
05:59:52 CF POST /sessions/b9fea8c9695b5e5ba30511e277b08a0aaaf81eeee4714808878a4d36500e269c/tracks/new -> 200 (182 ms)
05:59:52 "POST /cf/sessions/b9fea8c9695b5e5ba30511e277b08a0aaaf81eeee4714808878a4d36500e269c/tracks/new HTTP/1.1" 200 -
05:59:52 CF PUT /sessions/94c73f62c6a1ec4c50a6d39f17f2092b88afbd7e6d024654e86d373f81e4d5d2/renegotiate -> 200 (157 ms)
05:59:52 "PUT /cf/sessions/94c73f62c6a1ec4c50a6d39f17f2092b88afbd7e6d024654e86d373f81e4d5d2/renegotiate HTTP/1.1" 200 -
05:59:52 "POST /collect HTTP/1.1" 200 -
05:59:52 CF PUT /sessions/b9fea8c9695b5e5ba30511e277b08a0aaaf81eeee4714808878a4d36500e269c/renegotiate -> 200 (142 ms)
05:59:52 "PUT /cf/sessions/b9fea8c9695b5e5ba30511e277b08a0aaaf81eeee4714808878a4d36500e269c/renegotiate HTTP/1.1" 200 -
05:59:52 "POST /collect HTTP/1.1" 200 -
05:59:52 "POST /collect HTTP/1.1" 200 -
05:59:52 CF POST /sessions/94c73f62c6a1ec4c50a6d39f17f2092b88afbd7e6d024654e86d373f81e4d5d2/tracks/new -> 200 (251 ms)
05:59:52 "POST /cf/sessions/94c73f62c6a1ec4c50a6d39f17f2092b88afbd7e6d024654e86d373f81e4d5d2/tracks/new HTTP/1.1" 200 -
05:59:52 CF POST /sessions/b9fea8c9695b5e5ba30511e277b08a0aaaf81eeee4714808878a4d36500e269c/tracks/new -> 200 (158 ms)
05:59:52 "POST /cf/sessions/b9fea8c9695b5e5ba30511e277b08a0aaaf81eeee4714808878a4d36500e269c/tracks/new HTTP/1.1" 200 -
05:59:52 CF PUT /sessions/94c73f62c6a1ec4c50a6d39f17f2092b88afbd7e6d024654e86d373f81e4d5d2/renegotiate -> 200 (150 ms)
05:59:52 "PUT /cf/sessions/94c73f62c6a1ec4c50a6d39f17f2092b88afbd7e6d024654e86d373f81e4d5d2/renegotiate HTTP/1.1" 200 -
05:59:52 "POST /collect HTTP/1.1" 200 -
05:59:52 "POST /collect HTTP/1.1" 200 -
05:59:52 "POST /collect HTTP/1.1" 200 -
05:59:52 CF PUT /sessions/b9fea8c9695b5e5ba30511e277b08a0aaaf81eeee4714808878a4d36500e269c/renegotiate -> 200 (149 ms)
05:59:52 "PUT /cf/sessions/b9fea8c9695b5e5ba30511e277b08a0aaaf81eeee4714808878a4d36500e269c/renegotiate HTTP/1.1" 200 -
05:59:52 "POST /collect HTTP/1.1" 200 -
05:59:52 "POST /collect HTTP/1.1" 200 -
05:59:53 "POST /collect HTTP/1.1" 200 -
05:59:53 "POST /collect HTTP/1.1" 200 -
05:59:53 "POST /collect HTTP/1.1" 200 -
05:59:53 CF POST /sessions/b9fea8c9695b5e5ba30511e277b08a0aaaf81eeee4714808878a4d36500e269c/tracks/new -> 200 (205 ms)
05:59:53 "POST /cf/sessions/b9fea8c9695b5e5ba30511e277b08a0aaaf81eeee4714808878a4d36500e269c/tracks/new HTTP/1.1" 200 -
05:59:53 CF PUT /sessions/b9fea8c9695b5e5ba30511e277b08a0aaaf81eeee4714808878a4d36500e269c/renegotiate -> 200 (162 ms)
05:59:53 "PUT /cf/sessions/b9fea8c9695b5e5ba30511e277b08a0aaaf81eeee4714808878a4d36500e269c/renegotiate HTTP/1.1" 200 -
05:59:53 "POST /collect HTTP/1.1" 200 -
05:59:53 CF POST /sessions/b9fea8c9695b5e5ba30511e277b08a0aaaf81eeee4714808878a4d36500e269c/tracks/new -> 200 (225 ms)
05:59:53 "POST /cf/sessions/b9fea8c9695b5e5ba30511e277b08a0aaaf81eeee4714808878a4d36500e269c/tracks/new HTTP/1.1" 200 -
05:59:53 "POST /collect HTTP/1.1" 200 -
05:59:53 CF PUT /sessions/b9fea8c9695b5e5ba30511e277b08a0aaaf81eeee4714808878a4d36500e269c/renegotiate -> 200 (151 ms)
05:59:53 "PUT /cf/sessions/b9fea8c9695b5e5ba30511e277b08a0aaaf81eeee4714808878a4d36500e269c/renegotiate HTTP/1.1" 200 -
05:59:53 "POST /collect HTTP/1.1" 200 -
05:59:53 "GET /roster HTTP/1.1" 200 -
05:59:53 "POST /collect HTTP/1.1" 200 -
05:59:53 CF POST /sessions/b9fea8c9695b5e5ba30511e277b08a0aaaf81eeee4714808878a4d36500e269c/tracks/new -> 200 (203 ms)
05:59:53 "POST /cf/sessions/b9fea8c9695b5e5ba30511e277b08a0aaaf81eeee4714808878a4d36500e269c/tracks/new HTTP/1.1" 200 -
05:59:54 "GET /roster HTTP/1.1" 200 -
05:59:54 "POST /collect HTTP/1.1" 200 -
05:59:54 "POST /collect HTTP/1.1" 200 -
05:59:54 CF PUT /sessions/b9fea8c9695b5e5ba30511e277b08a0aaaf81eeee4714808878a4d36500e269c/renegotiate -> 200 (164 ms)
05:59:54 "PUT /cf/sessions/b9fea8c9695b5e5ba30511e277b08a0aaaf81eeee4714808878a4d36500e269c/renegotiate HTTP/1.1" 200 -
05:59:54 "POST /collect HTTP/1.1" 200 -
05:59:54 "POST /collect HTTP/1.1" 200 -
05:59:54 "POST /collect HTTP/1.1" 200 -
05:59:55 "POST /collect HTTP/1.1" 200 -
05:59:55 "POST /collect HTTP/1.1" 200 -
05:59:55 "POST /collect HTTP/1.1" 200 -
05:59:55 "GET /roster HTTP/1.1" 200 -
05:59:55 "POST /collect HTTP/1.1" 200 -
05:59:55 "POST /collect HTTP/1.1" 200 -
05:59:55 "POST /collect HTTP/1.1" 200 -
05:59:56 "POST /collect HTTP/1.1" 200 -
05:59:56 "POST /collect HTTP/1.1" 200 -
05:59:56 "GET /roster HTTP/1.1" 200 -
05:59:56 "POST /collect HTTP/1.1" 200 -
05:59:56 "POST /collect HTTP/1.1" 200 -
05:59:56 "POST /collect HTTP/1.1" 200 -
05:59:56 "POST /collect HTTP/1.1" 200 -
05:59:57 "POST /collect HTTP/1.1" 200 -
05:59:57 "POST /collect HTTP/1.1" 200 -
05:59:57 "POST /collect HTTP/1.1" 200 -
05:59:57 "GET /roster HTTP/1.1" 200 -
05:59:57 "POST /collect HTTP/1.1" 200 -
05:59:58 "GET /roster HTTP/1.1" 200 -
05:59:58 "POST /collect HTTP/1.1" 200 -
05:59:58 "POST /collect HTTP/1.1" 200 -
05:59:58 "POST /collect HTTP/1.1" 200 -
05:59:58 "POST /collect HTTP/1.1" 200 -
05:59:58 "POST /collect HTTP/1.1" 200 -
05:59:58 "POST /collect HTTP/1.1" 200 -
05:59:59 "POST /collect HTTP/1.1" 200 -
05:59:59 "POST /collect HTTP/1.1" 200 -
05:59:59 "POST /collect HTTP/1.1" 200 -
05:59:59 "POST /collect HTTP/1.1" 200 -
05:59:59 "GET /roster HTTP/1.1" 200 -
05:59:59 "POST /collect HTTP/1.1" 200 -
06:00:00 "GET /roster HTTP/1.1" 200 -
06:00:00 "POST /collect HTTP/1.1" 200 -
06:00:00 "POST /collect HTTP/1.1" 200 -
06:00:00 "POST /collect HTTP/1.1" 200 -
06:00:00 "POST /collect HTTP/1.1" 200 -
06:00:01 "POST /collect HTTP/1.1" 200 -
06:00:01 "POST /collect HTTP/1.1" 200 -
06:00:01 "POST /collect HTTP/1.1" 200 -
06:00:01 "POST /collect HTTP/1.1" 200 -
06:00:01 "GET /roster HTTP/1.1" 200 -
06:00:01 "POST /collect HTTP/1.1" 200 -
06:00:01 "POST /collect HTTP/1.1" 200 -
06:00:01 "POST /collect HTTP/1.1" 200 -
06:00:02 "POST /collect HTTP/1.1" 200 -
06:00:02 "POST /collect HTTP/1.1" 200 -
06:00:02 "GET /roster HTTP/1.1" 200 -
06:00:02 "POST /collect HTTP/1.1" 200 -
06:00:02 "POST /collect HTTP/1.1" 200 -
06:00:02 "POST /collect HTTP/1.1" 200 -
06:00:03 "POST /collect HTTP/1.1" 200 -
06:00:03 "POST /collect HTTP/1.1" 200 -
06:00:03 "POST /collect HTTP/1.1" 200 -
06:00:03 "GET /roster HTTP/1.1" 200 -
06:00:03 "POST /collect HTTP/1.1" 200 -
06:00:04 "GET /roster HTTP/1.1" 200 -
06:00:04 "POST /collect HTTP/1.1" 200 -
06:00:04 "POST /collect HTTP/1.1" 200 -
06:00:04 "POST /collect HTTP/1.1" 200 -
06:00:04 "POST /collect HTTP/1.1" 200 -
06:00:04 "POST /collect HTTP/1.1" 200 -
06:00:04 "POST /collect HTTP/1.1" 200 -
06:00:05 "POST /collect HTTP/1.1" 200 -
06:00:05 "POST /collect HTTP/1.1" 200 -
06:00:05 "POST /collect HTTP/1.1" 200 -
06:00:05 "POST /collect HTTP/1.1" 200 -
06:00:05 "GET /roster HTTP/1.1" 200 -
06:00:05 "POST /collect HTTP/1.1" 200 -
06:00:06 "GET /roster HTTP/1.1" 200 -
06:00:06 "POST /collect HTTP/1.1" 200 -
06:00:06 "POST /collect HTTP/1.1" 200 -
06:00:06 "POST /collect HTTP/1.1" 200 -
06:00:06 "POST /collect HTTP/1.1" 200 -
06:00:07 "POST /collect HTTP/1.1" 200 -
06:00:07 "POST /collect HTTP/1.1" 200 -
06:00:07 "POST /collect HTTP/1.1" 200 -
06:00:07 "GET /roster HTTP/1.1" 200 -
06:00:07 "POST /collect HTTP/1.1" 200 -
06:00:07 "POST /collect HTTP/1.1" 200 -
06:00:07 "POST /collect HTTP/1.1" 200 -
06:00:08 "POST /collect HTTP/1.1" 200 -
06:00:08 "POST /collect HTTP/1.1" 200 -
06:00:08 "GET /roster HTTP/1.1" 200 -
06:00:08 "POST /collect HTTP/1.1" 200 -
06:00:08 "POST /collect HTTP/1.1" 200 -
06:00:08 "POST /collect HTTP/1.1" 200 -
06:00:09 "POST /collect HTTP/1.1" 200 -
06:00:09 "POST /collect HTTP/1.1" 200 -
06:00:09 "POST /collect HTTP/1.1" 200 -
06:00:09 "GET /roster HTTP/1.1" 200 -
06:00:09 "POST /collect HTTP/1.1" 200 -
06:00:10 "GET /roster HTTP/1.1" 200 -
06:00:10 "POST /collect HTTP/1.1" 200 -
06:00:10 "POST /collect HTTP/1.1" 200 -
06:00:10 "POST /collect HTTP/1.1" 200 -
06:00:10 "POST /collect HTTP/1.1" 200 -
06:00:10 "POST /collect HTTP/1.1" 200 -
06:00:10 "POST /collect HTTP/1.1" 200 -
06:00:11 "POST /collect HTTP/1.1" 200 -
06:00:11 "POST /collect HTTP/1.1" 200 -
06:00:11 "POST /collect HTTP/1.1" 200 -
06:00:11 "POST /collect HTTP/1.1" 200 -
06:00:11 "GET /roster HTTP/1.1" 200 -
06:00:11 "POST /collect HTTP/1.1" 200 -
06:00:12 "GET /roster HTTP/1.1" 200 -
06:00:12 "POST /collect HTTP/1.1" 200 -
06:00:12 "POST /collect HTTP/1.1" 200 -
06:00:12 "POST /collect HTTP/1.1" 200 -
06:00:12 "POST /collect HTTP/1.1" 200 -
06:00:13 "POST /collect HTTP/1.1" 200 -
06:00:13 "POST /collect HTTP/1.1" 200 -
06:00:13 "POST /collect HTTP/1.1" 200 -
06:00:13 "GET /roster HTTP/1.1" 200 -
06:00:13 "POST /collect HTTP/1.1" 200 -
06:00:13 "POST /collect HTTP/1.1" 200 -
06:00:13 "POST /collect HTTP/1.1" 200 -
06:00:14 "POST /collect HTTP/1.1" 200 -
06:00:14 "POST /collect HTTP/1.1" 200 -
06:00:14 "GET /roster HTTP/1.1" 200 -
06:00:14 "POST /collect HTTP/1.1" 200 -
06:00:14 "POST /collect HTTP/1.1" 200 -
06:00:14 "POST /collect HTTP/1.1" 200 -
06:00:15 "POST /collect HTTP/1.1" 200 -
06:00:15 "POST /collect HTTP/1.1" 200 -
06:00:15 "POST /collect HTTP/1.1" 200 -
06:00:15 "GET /roster HTTP/1.1" 200 -
06:00:15 "POST /collect HTTP/1.1" 200 -
06:00:16 "GET /roster HTTP/1.1" 200 -
06:00:16 "POST /collect HTTP/1.1" 200 -
06:00:16 "POST /collect HTTP/1.1" 200 -
06:00:16 "POST /collect HTTP/1.1" 200 -
06:00:16 "POST /collect HTTP/1.1" 200 -
06:00:16 "POST /collect HTTP/1.1" 200 -
06:00:16 "POST /collect HTTP/1.1" 200 -
06:00:16 "POST /collect HTTP/1.1" 200 -
06:00:17 "POST /collect HTTP/1.1" 200 -
06:00:17 "POST /collect HTTP/1.1" 200 -
06:00:17 "POST /collect HTTP/1.1" 200 -
06:00:17 "POST /collect HTTP/1.1" 200 -
06:00:17 "GET /roster HTTP/1.1" 200 -
06:00:17 "POST /collect HTTP/1.1" 200 -
06:00:18 "GET /roster HTTP/1.1" 200 -
06:00:18 "POST /collect HTTP/1.1" 200 -
06:00:18 "POST /collect HTTP/1.1" 200 -
06:00:18 "POST /collect HTTP/1.1" 200 -
06:00:18 "POST /collect HTTP/1.1" 200 -
06:00:19 "POST /collect HTTP/1.1" 200 -
06:00:19 "POST /collect HTTP/1.1" 200 -
06:00:19 "POST /collect HTTP/1.1" 200 -
06:00:19 "GET /roster HTTP/1.1" 200 -
06:00:19 "POST /collect HTTP/1.1" 200 -
06:00:19 "POST /collect HTTP/1.1" 200 -
06:00:19 "POST /collect HTTP/1.1" 200 -
06:00:20 "POST /collect HTTP/1.1" 200 -
06:00:20 "POST /collect HTTP/1.1" 200 -
06:00:20 "GET /roster HTTP/1.1" 200 -
06:00:20 "POST /collect HTTP/1.1" 200 -
06:00:20 "POST /collect HTTP/1.1" 200 -
06:00:20 "POST /collect HTTP/1.1" 200 -
06:00:21 "POST /collect HTTP/1.1" 200 -
06:00:21 "POST /collect HTTP/1.1" 200 -
06:00:21 "POST /collect HTTP/1.1" 200 -
06:00:21 "GET /roster HTTP/1.1" 200 -
06:00:21 "POST /collect HTTP/1.1" 200 -
06:00:22 "GET /roster HTTP/1.1" 200 -
06:00:22 "POST /collect HTTP/1.1" 200 -
06:00:22 "POST /collect HTTP/1.1" 200 -
06:00:22 "POST /collect HTTP/1.1" 200 -
06:00:22 "POST /collect HTTP/1.1" 200 -
06:00:22 "POST /collect HTTP/1.1" 200 -
06:00:22 "POST /collect HTTP/1.1" 200 -
06:00:23 "POST /collect HTTP/1.1" 200 -
06:00:23 "POST /collect HTTP/1.1" 200 -
06:00:23 "POST /collect HTTP/1.1" 200 -
06:00:23 "POST /collect HTTP/1.1" 200 -
06:00:23 "GET /roster HTTP/1.1" 200 -
06:00:23 "POST /collect HTTP/1.1" 200 -
06:00:24 "GET /roster HTTP/1.1" 200 -
06:00:24 "POST /collect HTTP/1.1" 200 -
06:00:24 "POST /collect HTTP/1.1" 200 -
06:00:24 "POST /collect HTTP/1.1" 200 -
06:00:24 "POST /collect HTTP/1.1" 200 -
06:00:25 "POST /collect HTTP/1.1" 200 -
06:00:25 "POST /collect HTTP/1.1" 200 -
06:00:25 "POST /collect HTTP/1.1" 200 -
06:00:25 "GET /roster HTTP/1.1" 200 -
06:00:25 "POST /collect HTTP/1.1" 200 -
06:00:25 "POST /collect HTTP/1.1" 200 -
06:00:25 "POST /collect HTTP/1.1" 200 -
06:00:26 "POST /collect HTTP/1.1" 200 -
06:00:26 "POST /collect HTTP/1.1" 200 -
06:00:26 "GET /roster HTTP/1.1" 200 -
06:00:26 "POST /collect HTTP/1.1" 200 -
06:00:26 "POST /collect HTTP/1.1" 200 -
06:00:26 "POST /collect HTTP/1.1" 200 -
06:00:27 "POST /collect HTTP/1.1" 200 -
06:00:27 "POST /collect HTTP/1.1" 200 -
06:00:27 "POST /collect HTTP/1.1" 200 -
06:00:27 "GET /roster HTTP/1.1" 200 -
06:00:27 "POST /collect HTTP/1.1" 200 -
06:00:28 "GET /roster HTTP/1.1" 200 -
06:00:28 "POST /collect HTTP/1.1" 200 -
06:00:28 "POST /collect HTTP/1.1" 200 -
06:00:28 "POST /collect HTTP/1.1" 200 -
06:00:28 "POST /collect HTTP/1.1" 200 -
06:00:28 "POST /collect HTTP/1.1" 200 -
06:00:28 "POST /collect HTTP/1.1" 200 -
06:00:29 "POST /collect HTTP/1.1" 200 -
06:00:29 "POST /collect HTTP/1.1" 200 -
06:00:29 "POST /collect HTTP/1.1" 200 -
06:00:29 "POST /collect HTTP/1.1" 200 -
06:00:29 "GET /roster HTTP/1.1" 200 -
06:00:29 "POST /collect HTTP/1.1" 200 -
06:00:30 "GET /roster HTTP/1.1" 200 -
06:00:30 "POST /collect HTTP/1.1" 200 -
06:00:30 "POST /collect HTTP/1.1" 200 -
06:00:30 "POST /collect HTTP/1.1" 200 -
06:00:30 "POST /collect HTTP/1.1" 200 -
06:00:31 "POST /collect HTTP/1.1" 200 -
06:00:31 "POST /collect HTTP/1.1" 200 -
06:00:31 "POST /collect HTTP/1.1" 200 -
06:00:31 "POST /collect HTTP/1.1" 200 -
06:00:31 "GET /roster HTTP/1.1" 200 -
06:00:31 "POST /collect HTTP/1.1" 200 -
06:00:31 "POST /collect HTTP/1.1" 200 -
06:00:31 "POST /collect HTTP/1.1" 200 -
06:00:32 "POST /collect HTTP/1.1" 200 -
06:00:32 "POST /collect HTTP/1.1" 200 -
06:00:32 "GET /roster HTTP/1.1" 200 -
06:00:32 "POST /collect HTTP/1.1" 200 -
06:00:32 "POST /collect HTTP/1.1" 200 -
06:00:32 "POST /collect HTTP/1.1" 200 -
06:00:33 "POST /collect HTTP/1.1" 200 -
06:00:33 "POST /collect HTTP/1.1" 200 -
06:00:33 "POST /collect HTTP/1.1" 200 -
06:00:33 "GET /roster HTTP/1.1" 200 -
06:00:33 "POST /collect HTTP/1.1" 200 -
06:00:34 "GET /roster HTTP/1.1" 200 -
06:00:34 "POST /collect HTTP/1.1" 200 -
06:00:34 "POST /collect HTTP/1.1" 200 -
06:00:34 "POST /collect HTTP/1.1" 200 -
06:00:34 "POST /collect HTTP/1.1" 200 -
06:00:34 "POST /collect HTTP/1.1" 200 -
06:00:34 "POST /collect HTTP/1.1" 200 -
06:00:35 "POST /collect HTTP/1.1" 200 -
06:00:35 "POST /collect HTTP/1.1" 200 -
06:00:35 "POST /collect HTTP/1.1" 200 -
06:00:35 "POST /collect HTTP/1.1" 200 -
06:00:35 "GET /roster HTTP/1.1" 200 -
06:00:35 "POST /collect HTTP/1.1" 200 -
06:00:36 "GET /roster HTTP/1.1" 200 -
06:00:36 "POST /collect HTTP/1.1" 200 -
06:00:36 "POST /collect HTTP/1.1" 200 -
06:00:36 "POST /collect HTTP/1.1" 200 -
06:00:36 "POST /collect HTTP/1.1" 200 -
06:00:37 "POST /collect HTTP/1.1" 200 -
06:00:37 "POST /collect HTTP/1.1" 200 -
06:00:37 "POST /collect HTTP/1.1" 200 -
06:00:37 "GET /roster HTTP/1.1" 200 -
06:00:37 "POST /collect HTTP/1.1" 200 -
06:00:37 "POST /collect HTTP/1.1" 200 -
06:00:37 "POST /collect HTTP/1.1" 200 -
06:00:38 "POST /collect HTTP/1.1" 200 -
06:00:38 "POST /collect HTTP/1.1" 200 -
06:00:38 "GET /roster HTTP/1.1" 200 -
06:00:38 "POST /collect HTTP/1.1" 200 -
06:00:38 "POST /collect HTTP/1.1" 200 -
06:00:38 "POST /collect HTTP/1.1" 200 -
06:00:39 "POST /collect HTTP/1.1" 200 -
06:00:39 "POST /collect HTTP/1.1" 200 -
06:00:39 "POST /collect HTTP/1.1" 200 -
06:00:39 "GET /roster HTTP/1.1" 200 -
06:00:39 "POST /collect HTTP/1.1" 200 -
06:00:40 "GET /roster HTTP/1.1" 200 -
06:00:40 "POST /collect HTTP/1.1" 200 -
06:00:40 "POST /collect HTTP/1.1" 200 -
06:00:40 "POST /collect HTTP/1.1" 200 -
06:00:40 "POST /collect HTTP/1.1" 200 -
06:00:40 "POST /collect HTTP/1.1" 200 -
06:00:40 "POST /collect HTTP/1.1" 200 -
06:00:41 "POST /collect HTTP/1.1" 200 -
06:00:41 "POST /collect HTTP/1.1" 200 -
06:00:41 "POST /collect HTTP/1.1" 200 -
06:00:41 "POST /collect HTTP/1.1" 200 -
06:00:41 "GET /roster HTTP/1.1" 200 -
06:00:41 "POST /collect HTTP/1.1" 200 -
06:00:42 "GET /roster HTTP/1.1" 200 -
06:00:42 "POST /collect HTTP/1.1" 200 -
06:00:42 "POST /collect HTTP/1.1" 200 -
06:00:42 "POST /collect HTTP/1.1" 200 -
06:00:42 "POST /collect HTTP/1.1" 200 -
06:00:43 "POST /collect HTTP/1.1" 200 -
06:00:43 "POST /collect HTTP/1.1" 200 -
06:00:43 "POST /collect HTTP/1.1" 200 -
06:00:43 "GET /roster HTTP/1.1" 200 -
06:00:43 "POST /collect HTTP/1.1" 200 -
06:00:43 "POST /collect HTTP/1.1" 200 -
06:00:43 "POST /collect HTTP/1.1" 200 -
06:00:44 "POST /collect HTTP/1.1" 200 -
06:00:44 "POST /collect HTTP/1.1" 200 -
06:00:44 "GET /roster HTTP/1.1" 200 -
06:00:44 "POST /collect HTTP/1.1" 200 -
06:00:44 "POST /collect HTTP/1.1" 200 -
06:00:44 "POST /collect HTTP/1.1" 200 -
06:00:45 "POST /collect HTTP/1.1" 200 -
06:00:45 "POST /collect HTTP/1.1" 200 -
06:00:45 "POST /collect HTTP/1.1" 200 -
06:00:45 "GET /roster HTTP/1.1" 200 -
06:00:45 "POST /collect HTTP/1.1" 200 -
06:00:46 "GET /roster HTTP/1.1" 200 -
06:00:46 "POST /collect HTTP/1.1" 200 -
06:00:46 "POST /collect HTTP/1.1" 200 -
06:00:46 "POST /collect HTTP/1.1" 200 -
06:00:46 "POST /collect HTTP/1.1" 200 -
06:00:46 "POST /collect HTTP/1.1" 200 -
06:00:46 "POST /collect HTTP/1.1" 200 -
06:00:46 "POST /collect HTTP/1.1" 200 -
06:00:47 "POST /collect HTTP/1.1" 200 -
06:00:47 "POST /collect HTTP/1.1" 200 -
06:00:47 "POST /collect HTTP/1.1" 200 -
06:00:47 "POST /collect HTTP/1.1" 200 -
06:00:47 "GET /roster HTTP/1.1" 200 -
06:00:47 "POST /collect HTTP/1.1" 200 -
06:00:48 "GET /roster HTTP/1.1" 200 -
06:00:48 "POST /collect HTTP/1.1" 200 -
06:00:48 "POST /collect HTTP/1.1" 200 -
06:00:48 "POST /collect HTTP/1.1" 200 -
06:00:48 "POST /collect HTTP/1.1" 200 -
06:00:49 "POST /collect HTTP/1.1" 200 -
06:00:49 "POST /collect HTTP/1.1" 200 -
06:00:49 "POST /collect HTTP/1.1" 200 -
06:00:49 "GET /roster HTTP/1.1" 200 -
06:00:49 "POST /collect HTTP/1.1" 200 -
06:00:49 "POST /collect HTTP/1.1" 200 -
06:00:49 "POST /collect HTTP/1.1" 200 -
06:00:50 "POST /collect HTTP/1.1" 200 -
06:00:50 "POST /collect HTTP/1.1" 200 -
06:00:50 "GET /roster HTTP/1.1" 200 -
06:00:50 "POST /collect HTTP/1.1" 200 -
06:00:50 "POST /collect HTTP/1.1" 200 -
06:00:50 "POST /collect HTTP/1.1" 200 -
06:00:51 "POST /collect HTTP/1.1" 200 -
06:00:51 "POST /collect HTTP/1.1" 200 -
06:00:51 "POST /collect HTTP/1.1" 200 -
06:00:51 "GET /roster HTTP/1.1" 200 -
06:00:51 "POST /collect HTTP/1.1" 200 -
06:00:52 "GET /roster HTTP/1.1" 200 -
06:00:52 "POST /collect HTTP/1.1" 200 -
06:00:52 "POST /collect HTTP/1.1" 200 -
06:00:52 "POST /collect HTTP/1.1" 200 -
06:00:52 "POST /collect HTTP/1.1" 200 -
06:00:52 "POST /collect HTTP/1.1" 200 -
06:00:52 "POST /collect HTTP/1.1" 200 -
06:00:53 "POST /collect HTTP/1.1" 200 -
06:00:53 "POST /collect HTTP/1.1" 200 -
06:00:53 "POST /collect HTTP/1.1" 200 -
06:00:53 "POST /collect HTTP/1.1" 200 -
06:00:53 "GET /roster HTTP/1.1" 200 -
06:00:53 "POST /collect HTTP/1.1" 200 -
06:00:54 "GET /roster HTTP/1.1" 200 -
06:00:54 "POST /collect HTTP/1.1" 200 -
06:00:54 "POST /collect HTTP/1.1" 200 -
06:00:54 "POST /collect HTTP/1.1" 200 -
06:00:54 "POST /collect HTTP/1.1" 200 -
06:00:55 "POST /collect HTTP/1.1" 200 -
06:00:55 "POST /collect HTTP/1.1" 200 -
06:00:55 "POST /collect HTTP/1.1" 200 -
06:00:55 "GET /roster HTTP/1.1" 200 -
06:00:55 "POST /collect HTTP/1.1" 200 -
06:00:55 "POST /collect HTTP/1.1" 200 -
06:00:55 "POST /collect HTTP/1.1" 200 -
06:00:56 "POST /collect HTTP/1.1" 200 -
06:00:56 "POST /collect HTTP/1.1" 200 -
06:00:56 "GET /roster HTTP/1.1" 200 -
06:00:56 "POST /collect HTTP/1.1" 200 -
06:00:56 "POST /collect HTTP/1.1" 200 -
06:00:56 "POST /collect HTTP/1.1" 200 -
06:00:57 "POST /collect HTTP/1.1" 200 -
06:00:57 "POST /collect HTTP/1.1" 200 -
06:00:57 "POST /collect HTTP/1.1" 200 -
06:00:57 "GET /roster HTTP/1.1" 200 -
06:00:57 "POST /collect HTTP/1.1" 200 -
06:00:58 "GET /roster HTTP/1.1" 200 -
06:00:58 "POST /collect HTTP/1.1" 200 -
06:00:58 "POST /collect HTTP/1.1" 200 -
06:00:58 "POST /collect HTTP/1.1" 200 -
06:00:58 "POST /collect HTTP/1.1" 200 -
06:00:58 "POST /collect HTTP/1.1" 200 -
06:00:58 "POST /collect HTTP/1.1" 200 -
06:00:59 "POST /collect HTTP/1.1" 200 -
06:00:59 "POST /collect HTTP/1.1" 200 -
06:00:59 "POST /collect HTTP/1.1" 200 -
06:00:59 "POST /collect HTTP/1.1" 200 -
06:00:59 "GET /roster HTTP/1.1" 200 -
06:00:59 "POST /collect HTTP/1.1" 200 -
06:01:00 "GET /roster HTTP/1.1" 200 -
06:01:00 "POST /collect HTTP/1.1" 200 -
06:01:00 "POST /collect HTTP/1.1" 200 -
06:01:00 "POST /collect HTTP/1.1" 200 -
06:01:00 "POST /collect HTTP/1.1" 200 -
06:01:01 "POST /collect HTTP/1.1" 200 -
06:01:01 "POST /collect HTTP/1.1" 200 -
06:01:01 "POST /collect HTTP/1.1" 200 -
06:01:01 "POST /collect HTTP/1.1" 200 -
06:01:01 "GET /roster HTTP/1.1" 200 -
06:01:01 "POST /collect HTTP/1.1" 200 -
06:01:01 "POST /collect HTTP/1.1" 200 -
06:01:01 "POST /collect HTTP/1.1" 200 -
06:01:02 "POST /collect HTTP/1.1" 200 -
06:01:02 "POST /collect HTTP/1.1" 200 -
06:01:02 "GET /roster HTTP/1.1" 200 -
06:01:02 "POST /collect HTTP/1.1" 200 -
06:01:02 "POST /collect HTTP/1.1" 200 -
06:01:02 "POST /collect HTTP/1.1" 200 -
06:01:03 "POST /collect HTTP/1.1" 200 -
06:01:03 "POST /collect HTTP/1.1" 200 -
06:01:03 "POST /collect HTTP/1.1" 200 -
06:01:03 "GET /roster HTTP/1.1" 200 -
06:01:03 "POST /collect HTTP/1.1" 200 -
06:01:04 "GET /roster HTTP/1.1" 200 -
06:01:04 "POST /collect HTTP/1.1" 200 -
06:01:04 "POST /collect HTTP/1.1" 200 -
06:01:04 "POST /collect HTTP/1.1" 200 -
06:01:04 "POST /collect HTTP/1.1" 200 -
06:01:04 "POST /collect HTTP/1.1" 200 -
06:01:04 "POST /collect HTTP/1.1" 200 -
06:01:05 "POST /collect HTTP/1.1" 200 -
06:01:05 "POST /collect HTTP/1.1" 200 -
06:01:05 "POST /collect HTTP/1.1" 200 -
06:01:05 "POST /collect HTTP/1.1" 200 -
06:01:05 "GET /roster HTTP/1.1" 200 -
06:01:05 "POST /collect HTTP/1.1" 200 -
06:01:06 "GET /roster HTTP/1.1" 200 -
06:01:06 "POST /collect HTTP/1.1" 200 -
06:01:06 "POST /collect HTTP/1.1" 200 -
06:01:06 "POST /collect HTTP/1.1" 200 -
06:01:06 "POST /collect HTTP/1.1" 200 -
06:01:07 "POST /collect HTTP/1.1" 200 -
06:01:07 "POST /collect HTTP/1.1" 200 -
06:01:07 "POST /collect HTTP/1.1" 200 -
06:01:07 "GET /roster HTTP/1.1" 200 -
06:01:07 "POST /collect HTTP/1.1" 200 -
06:01:07 "POST /collect HTTP/1.1" 200 -
06:01:07 "POST /collect HTTP/1.1" 200 -
06:01:08 "POST /collect HTTP/1.1" 200 -
06:01:08 "POST /collect HTTP/1.1" 200 -
06:01:08 "GET /roster HTTP/1.1" 200 -
06:01:08 "POST /collect HTTP/1.1" 200 -
06:01:08 "POST /collect HTTP/1.1" 200 -
06:01:08 "POST /collect HTTP/1.1" 200 -
06:01:09 "POST /collect HTTP/1.1" 200 -
06:01:09 "POST /collect HTTP/1.1" 200 -
06:01:09 "POST /collect HTTP/1.1" 200 -
06:01:09 "GET /roster HTTP/1.1" 200 -
06:01:09 "POST /collect HTTP/1.1" 200 -
06:01:10 "GET /roster HTTP/1.1" 200 -
06:01:10 "POST /collect HTTP/1.1" 200 -
06:01:10 "POST /collect HTTP/1.1" 200 -
06:01:10 "POST /collect HTTP/1.1" 200 -
06:01:10 "POST /collect HTTP/1.1" 200 -
06:01:10 "POST /collect HTTP/1.1" 200 -
06:01:10 "POST /collect HTTP/1.1" 200 -
06:01:11 "POST /collect HTTP/1.1" 200 -
06:01:11 "POST /collect HTTP/1.1" 200 -
06:01:11 "POST /collect HTTP/1.1" 200 -
06:01:11 "POST /collect HTTP/1.1" 200 -
06:01:11 "GET /roster HTTP/1.1" 200 -
06:01:11 "POST /collect HTTP/1.1" 200 -
06:01:12 "GET /roster HTTP/1.1" 200 -
06:01:12 "POST /collect HTTP/1.1" 200 -
06:01:12 "POST /collect HTTP/1.1" 200 -
06:01:12 "POST /collect HTTP/1.1" 200 -
06:01:12 "POST /collect HTTP/1.1" 200 -
06:01:13 "POST /collect HTTP/1.1" 200 -
06:01:13 "POST /collect HTTP/1.1" 200 -
06:01:13 "POST /collect HTTP/1.1" 200 -
06:01:13 "GET /roster HTTP/1.1" 200 -
06:01:13 "POST /collect HTTP/1.1" 200 -
06:01:13 "POST /collect HTTP/1.1" 200 -
06:01:13 "POST /collect HTTP/1.1" 200 -
06:01:14 "POST /collect HTTP/1.1" 200 -
06:01:14 "POST /collect HTTP/1.1" 200 -
06:01:14 "GET /roster HTTP/1.1" 200 -
06:01:14 "POST /collect HTTP/1.1" 200 -
06:01:14 "POST /collect HTTP/1.1" 200 -
06:01:14 "POST /collect HTTP/1.1" 200 -
06:01:15 "POST /collect HTTP/1.1" 200 -
06:01:15 "POST /collect HTTP/1.1" 200 -
06:01:15 "POST /collect HTTP/1.1" 200 -
06:01:15 "GET /roster HTTP/1.1" 200 -
06:01:15 "POST /collect HTTP/1.1" 200 -
06:01:16 "GET /roster HTTP/1.1" 200 -
06:01:16 "POST /collect HTTP/1.1" 200 -
06:01:16 "POST /collect HTTP/1.1" 200 -
06:01:16 "POST /collect HTTP/1.1" 200 -
06:01:16 "POST /collect HTTP/1.1" 200 -
06:01:16 "POST /collect HTTP/1.1" 200 -
06:01:16 "POST /collect HTTP/1.1" 200 -
06:01:16 "POST /collect HTTP/1.1" 200 -
06:01:17 "POST /collect HTTP/1.1" 200 -
06:01:17 "POST /collect HTTP/1.1" 200 -
06:01:17 "POST /collect HTTP/1.1" 200 -
06:01:17 "POST /collect HTTP/1.1" 200 -
06:01:17 "GET /roster HTTP/1.1" 200 -
06:01:17 "POST /collect HTTP/1.1" 200 -
06:01:18 "GET /roster HTTP/1.1" 200 -
06:01:18 "POST /collect HTTP/1.1" 200 -
06:01:18 "POST /collect HTTP/1.1" 200 -
06:01:18 "POST /collect HTTP/1.1" 200 -
06:01:18 "POST /collect HTTP/1.1" 200 -
06:01:19 "POST /collect HTTP/1.1" 200 -
06:01:19 "POST /collect HTTP/1.1" 200 -
06:01:19 "POST /collect HTTP/1.1" 200 -
06:01:19 "GET /roster HTTP/1.1" 200 -
06:01:19 "POST /collect HTTP/1.1" 200 -
06:01:19 "POST /collect HTTP/1.1" 200 -
06:01:19 "POST /collect HTTP/1.1" 200 -
06:01:20 "POST /collect HTTP/1.1" 200 -
06:01:20 "POST /collect HTTP/1.1" 200 -
06:01:20 "GET /roster HTTP/1.1" 200 -
06:01:20 "POST /collect HTTP/1.1" 200 -
06:01:20 "POST /collect HTTP/1.1" 200 -
06:01:20 "POST /collect HTTP/1.1" 200 -
06:01:21 "POST /collect HTTP/1.1" 200 -
06:01:21 "POST /collect HTTP/1.1" 200 -
06:01:21 "POST /collect HTTP/1.1" 200 -
06:01:21 "GET /roster HTTP/1.1" 200 -
06:01:21 "POST /collect HTTP/1.1" 200 -
06:01:22 "GET /roster HTTP/1.1" 200 -
06:01:22 "POST /collect HTTP/1.1" 200 -
06:01:22 "POST /collect HTTP/1.1" 200 -
06:01:22 "POST /collect HTTP/1.1" 200 -
06:01:22 "POST /collect HTTP/1.1" 200 -
06:01:22 "POST /collect HTTP/1.1" 200 -
06:01:22 "POST /collect HTTP/1.1" 200 -
06:01:23 "POST /collect HTTP/1.1" 200 -
06:01:23 "POST /collect HTTP/1.1" 200 -
06:01:23 "POST /collect HTTP/1.1" 200 -
06:01:23 "POST /collect HTTP/1.1" 200 -
06:01:23 "GET /roster HTTP/1.1" 200 -
06:01:23 "POST /collect HTTP/1.1" 200 -
06:01:24 "GET /roster HTTP/1.1" 200 -
06:01:24 "POST /collect HTTP/1.1" 200 -
06:01:24 "POST /collect HTTP/1.1" 200 -
06:01:24 "POST /collect HTTP/1.1" 200 -
06:01:24 "POST /collect HTTP/1.1" 200 -
06:01:25 "POST /collect HTTP/1.1" 200 -
06:01:25 "POST /collect HTTP/1.1" 200 -
06:01:25 "POST /collect HTTP/1.1" 200 -
06:01:25 "GET /roster HTTP/1.1" 200 -
06:01:25 "POST /collect HTTP/1.1" 200 -
06:01:25 "POST /collect HTTP/1.1" 200 -
06:01:25 "POST /collect HTTP/1.1" 200 -
06:01:26 "POST /collect HTTP/1.1" 200 -
06:01:26 "POST /collect HTTP/1.1" 200 -
06:01:26 "GET /roster HTTP/1.1" 200 -
06:01:26 "POST /collect HTTP/1.1" 200 -
06:01:26 "POST /collect HTTP/1.1" 200 -
06:01:26 "POST /collect HTTP/1.1" 200 -
06:01:26 "POST /collect HTTP/1.1" 200 -
06:01:27 "POST /collect HTTP/1.1" 200 -
06:01:27 "POST /collect HTTP/1.1" 200 -
06:01:27 "POST /collect HTTP/1.1" 200 -
06:01:27 "GET /roster HTTP/1.1" 200 -
06:01:27 "POST /collect HTTP/1.1" 200 -
06:01:28 "GET /roster HTTP/1.1" 200 -
06:01:28 "POST /collect HTTP/1.1" 200 -
06:01:28 "POST /collect HTTP/1.1" 200 -
