m2m server on :8896, results -> /Users/s32863/personal/elektron/results/m2m-churn-pubkill.jsonl, app 8c2a974b…
06:47:59 "GET /roster HTTP/1.1" 200 -
06:47:59 "GET /roster HTTP/1.1" 200 -
06:47:59 "POST /reset HTTP/1.1" 200 -
06:48:00 "GET /room-churn.html?id=1&n=8&mode=full&hold=1&cb=1787716080561 HTTP/1.1" 200 -
06:48:00 code 404, message File not found
06:48:00 "GET /favicon.ico HTTP/1.1" 404 -
06:48:01 "GET /room-churn.html?id=2&n=8&mode=full&hold=1&cb=1787716081099 HTTP/1.1" 200 -
06:48:01 code 404, message File not found
06:48:01 "GET /favicon.ico HTTP/1.1" 404 -
06:48:01 "GET /room-churn.html?id=A&n=8&mode=pub&hold=1&cb=1787716081645 HTTP/1.1" 200 -
06:48:01 code 404, message File not found
06:48:01 "GET /favicon.ico HTTP/1.1" 404 -
06:48:02 "GET /room-churn.html?id=B&n=8&mode=pub&hold=1&cb=1787716082242 HTTP/1.1" 200 -
06:48:02 code 404, message File not found
06:48:02 "GET /favicon.ico HTTP/1.1" 404 -
06:48:02 "GET /room-churn.html?id=C&n=8&mode=pub&hold=1&cb=1787716082791 HTTP/1.1" 200 -
06:48:02 code 404, message File not found
06:48:02 "GET /favicon.ico HTTP/1.1" 404 -
06:48:03 "GET /room-churn.html?id=D&n=8&mode=pub&hold=1&cb=1787716083347 HTTP/1.1" 200 -
06:48:03 code 404, message File not found
06:48:03 "GET /favicon.ico HTTP/1.1" 404 -
06:48:03 "GET /room-churn.html?id=E&n=8&mode=pub&hold=1&cb=1787716083937 HTTP/1.1" 200 -
06:48:03 code 404, message File not found
06:48:03 "GET /favicon.ico HTTP/1.1" 404 -
06:48:04 "GET /room-churn.html?id=F&n=8&mode=pub&hold=1&cb=1787716084506 HTTP/1.1" 200 -
06:48:04 code 404, message File not found
06:48:04 "GET /favicon.ico HTTP/1.1" 404 -
06:48:04 "POST /collect HTTP/1.1" 200 -
06:48:04 "POST /collect HTTP/1.1" 200 -
06:48:04 "POST /collect HTTP/1.1" 200 -
06:48:04 "POST /collect HTTP/1.1" 200 -
06:48:04 "POST /collect HTTP/1.1" 200 -
06:48:04 "POST /collect HTTP/1.1" 200 -
06:48:04 "POST /collect HTTP/1.1" 200 -
06:48:04 "POST /collect HTTP/1.1" 200 -
06:48:04 "POST /collect HTTP/1.1" 200 -
06:48:05 CF POST /sessions/new -> 201 (313 ms)
06:48:05 "POST /cf/sessions/new HTTP/1.1" 201 -
06:48:05 CF POST /sessions/new -> 201 (314 ms)
06:48:05 "POST /cf/sessions/new HTTP/1.1" 201 -
06:48:05 CF POST /sessions/new -> 201 (325 ms)
06:48:05 "POST /cf/sessions/new HTTP/1.1" 201 -
06:48:05 CF POST /sessions/new -> 201 (335 ms)
06:48:05 "POST /cf/sessions/new HTTP/1.1" 201 -
06:48:05 CF POST /sessions/new -> 201 (335 ms)
06:48:05 "POST /cf/sessions/new HTTP/1.1" 201 -
06:48:05 CF POST /sessions/new -> 201 (364 ms)
06:48:05 "POST /cf/sessions/new HTTP/1.1" 201 -
06:48:05 CF POST /sessions/new -> 201 (379 ms)
06:48:05 "POST /cf/sessions/new HTTP/1.1" 201 -
06:48:05 CF POST /sessions/new -> 201 (383 ms)
06:48:05 "POST /cf/sessions/new HTTP/1.1" 201 -
06:48:05 CF POST /sessions/4e4e58e6d37f0be0eab3979ebae0b280e9310fddcb5a092c6b03334cdaf67852/tracks/new -> 200 (338 ms)
06:48:05 "POST /cf/sessions/4e4e58e6d37f0be0eab3979ebae0b280e9310fddcb5a092c6b03334cdaf67852/tracks/new HTTP/1.1" 200 -
06:48:05 "POST /collect HTTP/1.1" 200 -
06:48:05 "POST /collect HTTP/1.1" 200 -
06:48:05 CF POST /sessions/d1772c6e1222d3b148a1cd35ed8d0d9bd0fd6e6c360b8150f4323b2952d2c927/tracks/new -> 200 (348 ms)
06:48:05 "POST /cf/sessions/d1772c6e1222d3b148a1cd35ed8d0d9bd0fd6e6c360b8150f4323b2952d2c927/tracks/new HTTP/1.1" 200 -
06:48:05 CF POST /sessions/7dda4042819318987efaf06a114ca9687a41ba5ce4cc7c1f3d9b947da61ff5e1/tracks/new -> 200 (351 ms)
06:48:05 "POST /cf/sessions/7dda4042819318987efaf06a114ca9687a41ba5ce4cc7c1f3d9b947da61ff5e1/tracks/new HTTP/1.1" 200 -
06:48:05 "POST /collect HTTP/1.1" 200 -
06:48:05 "POST /collect HTTP/1.1" 200 -
06:48:05 "POST /collect HTTP/1.1" 200 -
06:48:05 "POST /collect HTTP/1.1" 200 -
06:48:05 CF POST /sessions/3ed328c9bf3f13c9898c6153c14f36fb8c6669d2aa51e934070c1ac14224d392/tracks/new -> 200 (353 ms)
06:48:05 "POST /cf/sessions/3ed328c9bf3f13c9898c6153c14f36fb8c6669d2aa51e934070c1ac14224d392/tracks/new HTTP/1.1" 200 -
06:48:05 CF POST /sessions/db00ff23d301493b146e51b4b48d2009814efbd236238502b4c02c1b137e0b98/tracks/new -> 200 (325 ms)
06:48:05 "POST /cf/sessions/db00ff23d301493b146e51b4b48d2009814efbd236238502b4c02c1b137e0b98/tracks/new HTTP/1.1" 200 -
06:48:05 "POST /collect HTTP/1.1" 200 -
06:48:05 "POST /collect HTTP/1.1" 200 -
06:48:05 "POST /collect HTTP/1.1" 200 -
06:48:05 "POST /collect HTTP/1.1" 200 -
06:48:05 CF POST /sessions/f4480a2a4be3f5dda450b77ca2ce0f5207307982f75d534e746bc00e26c44616/tracks/new -> 200 (364 ms)
06:48:05 "POST /cf/sessions/f4480a2a4be3f5dda450b77ca2ce0f5207307982f75d534e746bc00e26c44616/tracks/new HTTP/1.1" 200 -
06:48:05 "POST /collect HTTP/1.1" 200 -
06:48:05 "POST /collect HTTP/1.1" 200 -
06:48:05 CF POST /sessions/353cbfcf7acbbcc51bd0bd858f70df1d7f2d73c72fc11a6ea9b7a46f4ce7d3de/tracks/new -> 200 (370 ms)
06:48:05 "POST /cf/sessions/353cbfcf7acbbcc51bd0bd858f70df1d7f2d73c72fc11a6ea9b7a46f4ce7d3de/tracks/new HTTP/1.1" 200 -
06:48:05 "POST /collect HTTP/1.1" 200 -
06:48:05 "POST /collect HTTP/1.1" 200 -
06:48:05 CF POST /sessions/23b428e4d7c50030b6438cac5ed45bc00e7402656d2a1e4a4fdf22b60f20af53/tracks/new -> 200 (388 ms)
06:48:05 "POST /cf/sessions/23b428e4d7c50030b6438cac5ed45bc00e7402656d2a1e4a4fdf22b60f20af53/tracks/new HTTP/1.1" 200 -
06:48:05 "POST /collect HTTP/1.1" 200 -
06:48:05 "POST /collect HTTP/1.1" 200 -
06:48:05 "POST /collect HTTP/1.1" 200 -
06:48:05 "POST /collect HTTP/1.1" 200 -
06:48:05 "POST /join HTTP/1.1" 200 -
06:48:05 "POST /collect HTTP/1.1" 200 -
06:48:05 "POST /collect HTTP/1.1" 200 -
06:48:05 "POST /collect HTTP/1.1" 200 -
06:48:05 "POST /collect HTTP/1.1" 200 -
06:48:05 "POST /collect HTTP/1.1" 200 -
06:48:05 "POST /collect HTTP/1.1" 200 -
06:48:05 "POST /collect HTTP/1.1" 200 -
06:48:05 "POST /join HTTP/1.1" 200 -
06:48:05 "POST /collect HTTP/1.1" 200 -
06:48:05 "POST /collect HTTP/1.1" 200 -
06:48:05 "GET /roster HTTP/1.1" 200 -
06:48:05 "POST /join HTTP/1.1" 200 -
06:48:05 "POST /collect HTTP/1.1" 200 -
06:48:05 "POST /join HTTP/1.1" 200 -
06:48:05 "POST /join HTTP/1.1" 200 -
06:48:05 "POST /collect HTTP/1.1" 200 -
06:48:05 "GET /roster HTTP/1.1" 200 -
06:48:05 "POST /collect HTTP/1.1" 200 -
06:48:05 "POST /collect HTTP/1.1" 200 -
06:48:05 "POST /collect HTTP/1.1" 200 -
06:48:05 "POST /collect HTTP/1.1" 200 -
06:48:05 "POST /collect HTTP/1.1" 200 -
06:48:05 "POST /join HTTP/1.1" 200 -
06:48:05 "POST /collect HTTP/1.1" 200 -
06:48:05 "POST /collect HTTP/1.1" 200 -
06:48:06 CF POST /sessions/db00ff23d301493b146e51b4b48d2009814efbd236238502b4c02c1b137e0b98/tracks/new -> 200 (280 ms)
06:48:06 "POST /cf/sessions/db00ff23d301493b146e51b4b48d2009814efbd236238502b4c02c1b137e0b98/tracks/new HTTP/1.1" 200 -
06:48:06 CF POST /sessions/353cbfcf7acbbcc51bd0bd858f70df1d7f2d73c72fc11a6ea9b7a46f4ce7d3de/tracks/new -> 200 (233 ms)
06:48:06 "POST /cf/sessions/353cbfcf7acbbcc51bd0bd858f70df1d7f2d73c72fc11a6ea9b7a46f4ce7d3de/tracks/new HTTP/1.1" 200 -
06:48:06 CF PUT /sessions/353cbfcf7acbbcc51bd0bd858f70df1d7f2d73c72fc11a6ea9b7a46f4ce7d3de/renegotiate -> 200 (159 ms)
06:48:06 "PUT /cf/sessions/353cbfcf7acbbcc51bd0bd858f70df1d7f2d73c72fc11a6ea9b7a46f4ce7d3de/renegotiate HTTP/1.1" 200 -
06:48:06 "POST /collect HTTP/1.1" 200 -
06:48:06 "POST /collect HTTP/1.1" 200 -
06:48:06 CF PUT /sessions/db00ff23d301493b146e51b4b48d2009814efbd236238502b4c02c1b137e0b98/renegotiate -> 200 (169 ms)
06:48:06 "PUT /cf/sessions/db00ff23d301493b146e51b4b48d2009814efbd236238502b4c02c1b137e0b98/renegotiate HTTP/1.1" 200 -
06:48:06 "POST /collect HTTP/1.1" 200 -
06:48:06 "POST /collect HTTP/1.1" 200 -
06:48:06 "POST /collect HTTP/1.1" 200 -
06:48:06 "POST /collect HTTP/1.1" 200 -
06:48:06 CF POST /sessions/353cbfcf7acbbcc51bd0bd858f70df1d7f2d73c72fc11a6ea9b7a46f4ce7d3de/tracks/new -> 200 (322 ms)
06:48:06 "POST /cf/sessions/353cbfcf7acbbcc51bd0bd858f70df1d7f2d73c72fc11a6ea9b7a46f4ce7d3de/tracks/new HTTP/1.1" 200 -
06:48:06 "POST /collect HTTP/1.1" 200 -
06:48:06 "POST /collect HTTP/1.1" 200 -
06:48:06 CF PUT /sessions/353cbfcf7acbbcc51bd0bd858f70df1d7f2d73c72fc11a6ea9b7a46f4ce7d3de/renegotiate -> 200 (145 ms)
06:48:06 "PUT /cf/sessions/353cbfcf7acbbcc51bd0bd858f70df1d7f2d73c72fc11a6ea9b7a46f4ce7d3de/renegotiate HTTP/1.1" 200 -
06:48:06 "POST /collect HTTP/1.1" 200 -
06:48:06 "POST /collect HTTP/1.1" 200 -
06:48:07 "POST /join HTTP/1.1" 200 -
06:48:07 "POST /collect HTTP/1.1" 200 -
06:48:07 "POST /collect HTTP/1.1" 200 -
06:48:07 CF POST /sessions/353cbfcf7acbbcc51bd0bd858f70df1d7f2d73c72fc11a6ea9b7a46f4ce7d3de/tracks/new -> 200 (275 ms)
06:48:07 "POST /cf/sessions/353cbfcf7acbbcc51bd0bd858f70df1d7f2d73c72fc11a6ea9b7a46f4ce7d3de/tracks/new HTTP/1.1" 200 -
06:48:07 "POST /collect HTTP/1.1" 200 -
06:48:07 CF PUT /sessions/353cbfcf7acbbcc51bd0bd858f70df1d7f2d73c72fc11a6ea9b7a46f4ce7d3de/renegotiate -> 200 (148 ms)
06:48:07 "PUT /cf/sessions/353cbfcf7acbbcc51bd0bd858f70df1d7f2d73c72fc11a6ea9b7a46f4ce7d3de/renegotiate HTTP/1.1" 200 -
06:48:07 "POST /collect HTTP/1.1" 200 -
06:48:07 "POST /collect HTTP/1.1" 200 -
06:48:07 "POST /collect HTTP/1.1" 200 -
06:48:07 CF POST /sessions/353cbfcf7acbbcc51bd0bd858f70df1d7f2d73c72fc11a6ea9b7a46f4ce7d3de/tracks/new -> 200 (270 ms)
06:48:07 "POST /cf/sessions/353cbfcf7acbbcc51bd0bd858f70df1d7f2d73c72fc11a6ea9b7a46f4ce7d3de/tracks/new HTTP/1.1" 200 -
06:48:07 "POST /collect HTTP/1.1" 200 -
06:48:07 CF PUT /sessions/353cbfcf7acbbcc51bd0bd858f70df1d7f2d73c72fc11a6ea9b7a46f4ce7d3de/renegotiate -> 200 (205 ms)
06:48:07 "PUT /cf/sessions/353cbfcf7acbbcc51bd0bd858f70df1d7f2d73c72fc11a6ea9b7a46f4ce7d3de/renegotiate HTTP/1.1" 200 -
06:48:07 "POST /collect HTTP/1.1" 200 -
06:48:07 "POST /collect HTTP/1.1" 200 -
06:48:07 "GET /roster HTTP/1.1" 200 -
06:48:07 "GET /roster HTTP/1.1" 200 -
06:48:07 "POST /collect HTTP/1.1" 200 -
06:48:08 CF POST /sessions/db00ff23d301493b146e51b4b48d2009814efbd236238502b4c02c1b137e0b98/tracks/new -> 200 (188 ms)
06:48:08 "POST /cf/sessions/db00ff23d301493b146e51b4b48d2009814efbd236238502b4c02c1b137e0b98/tracks/new HTTP/1.1" 200 -
06:48:08 CF POST /sessions/353cbfcf7acbbcc51bd0bd858f70df1d7f2d73c72fc11a6ea9b7a46f4ce7d3de/tracks/new -> 200 (276 ms)
06:48:08 CF PUT /sessions/db00ff23d301493b146e51b4b48d2009814efbd236238502b4c02c1b137e0b98/renegotiate -> 200 (127 ms)
06:48:08 "PUT /cf/sessions/db00ff23d301493b146e51b4b48d2009814efbd236238502b4c02c1b137e0b98/renegotiate HTTP/1.1" 200 -
06:48:08 "POST /cf/sessions/353cbfcf7acbbcc51bd0bd858f70df1d7f2d73c72fc11a6ea9b7a46f4ce7d3de/tracks/new HTTP/1.1" 200 -
06:48:08 "POST /collect HTTP/1.1" 200 -
06:48:08 "POST /collect HTTP/1.1" 200 -
06:48:08 "POST /collect HTTP/1.1" 200 -
06:48:08 "POST /collect HTTP/1.1" 200 -
06:48:08 CF PUT /sessions/353cbfcf7acbbcc51bd0bd858f70df1d7f2d73c72fc11a6ea9b7a46f4ce7d3de/renegotiate -> 200 (141 ms)
06:48:08 "PUT /cf/sessions/353cbfcf7acbbcc51bd0bd858f70df1d7f2d73c72fc11a6ea9b7a46f4ce7d3de/renegotiate HTTP/1.1" 200 -
06:48:08 "POST /collect HTTP/1.1" 200 -
06:48:08 "POST /collect HTTP/1.1" 200 -
06:48:08 CF POST /sessions/db00ff23d301493b146e51b4b48d2009814efbd236238502b4c02c1b137e0b98/tracks/new -> 200 (224 ms)
06:48:08 "POST /cf/sessions/db00ff23d301493b146e51b4b48d2009814efbd236238502b4c02c1b137e0b98/tracks/new HTTP/1.1" 200 -
06:48:08 "POST /collect HTTP/1.1" 200 -
06:48:08 CF PUT /sessions/db00ff23d301493b146e51b4b48d2009814efbd236238502b4c02c1b137e0b98/renegotiate -> 200 (136 ms)
06:48:08 "PUT /cf/sessions/db00ff23d301493b146e51b4b48d2009814efbd236238502b4c02c1b137e0b98/renegotiate HTTP/1.1" 200 -
06:48:08 "POST /collect HTTP/1.1" 200 -
06:48:08 "POST /join HTTP/1.1" 200 -
06:48:08 "POST /collect HTTP/1.1" 200 -
06:48:08 "POST /collect HTTP/1.1" 200 -
06:48:08 "POST /collect HTTP/1.1" 200 -
06:48:08 "POST /collect HTTP/1.1" 200 -
06:48:08 CF POST /sessions/353cbfcf7acbbcc51bd0bd858f70df1d7f2d73c72fc11a6ea9b7a46f4ce7d3de/tracks/new -> 200 (276 ms)
06:48:08 "POST /cf/sessions/353cbfcf7acbbcc51bd0bd858f70df1d7f2d73c72fc11a6ea9b7a46f4ce7d3de/tracks/new HTTP/1.1" 200 -
06:48:08 "POST /collect HTTP/1.1" 200 -
06:48:08 CF POST /sessions/db00ff23d301493b146e51b4b48d2009814efbd236238502b4c02c1b137e0b98/tracks/new -> 200 (234 ms)
06:48:08 "POST /cf/sessions/db00ff23d301493b146e51b4b48d2009814efbd236238502b4c02c1b137e0b98/tracks/new HTTP/1.1" 200 -
06:48:08 CF PUT /sessions/353cbfcf7acbbcc51bd0bd858f70df1d7f2d73c72fc11a6ea9b7a46f4ce7d3de/renegotiate -> 200 (191 ms)
06:48:08 "PUT /cf/sessions/353cbfcf7acbbcc51bd0bd858f70df1d7f2d73c72fc11a6ea9b7a46f4ce7d3de/renegotiate HTTP/1.1" 200 -
06:48:08 "POST /collect HTTP/1.1" 200 -
06:48:08 "POST /collect HTTP/1.1" 200 -
06:48:08 "POST /collect HTTP/1.1" 200 -
06:48:08 CF PUT /sessions/db00ff23d301493b146e51b4b48d2009814efbd236238502b4c02c1b137e0b98/renegotiate -> 200 (130 ms)
06:48:08 "PUT /cf/sessions/db00ff23d301493b146e51b4b48d2009814efbd236238502b4c02c1b137e0b98/renegotiate HTTP/1.1" 200 -
06:48:08 "POST /collect HTTP/1.1" 200 -
06:48:08 "POST /collect HTTP/1.1" 200 -
06:48:08 "POST /collect HTTP/1.1" 200 -
06:48:08 "POST /collect HTTP/1.1" 200 -
06:48:08 "POST /collect HTTP/1.1" 200 -
06:48:09 CF POST /sessions/db00ff23d301493b146e51b4b48d2009814efbd236238502b4c02c1b137e0b98/tracks/new -> 200 (191 ms)
06:48:09 "POST /cf/sessions/db00ff23d301493b146e51b4b48d2009814efbd236238502b4c02c1b137e0b98/tracks/new HTTP/1.1" 200 -
06:48:09 "POST /collect HTTP/1.1" 200 -
06:48:09 CF PUT /sessions/db00ff23d301493b146e51b4b48d2009814efbd236238502b4c02c1b137e0b98/renegotiate -> 200 (155 ms)
06:48:09 "PUT /cf/sessions/db00ff23d301493b146e51b4b48d2009814efbd236238502b4c02c1b137e0b98/renegotiate HTTP/1.1" 200 -
06:48:09 "POST /collect HTTP/1.1" 200 -
06:48:09 "POST /collect HTTP/1.1" 200 -
06:48:09 "POST /collect HTTP/1.1" 200 -
06:48:09 "POST /collect HTTP/1.1" 200 -
06:48:09 CF POST /sessions/db00ff23d301493b146e51b4b48d2009814efbd236238502b4c02c1b137e0b98/tracks/new -> 200 (199 ms)
06:48:09 "POST /cf/sessions/db00ff23d301493b146e51b4b48d2009814efbd236238502b4c02c1b137e0b98/tracks/new HTTP/1.1" 200 -
06:48:09 "POST /collect HTTP/1.1" 200 -
06:48:09 "POST /collect HTTP/1.1" 200 -
06:48:09 CF PUT /sessions/db00ff23d301493b146e51b4b48d2009814efbd236238502b4c02c1b137e0b98/renegotiate -> 200 (159 ms)
06:48:09 "PUT /cf/sessions/db00ff23d301493b146e51b4b48d2009814efbd236238502b4c02c1b137e0b98/renegotiate HTTP/1.1" 200 -
06:48:09 "POST /collect HTTP/1.1" 200 -
06:48:09 "POST /collect HTTP/1.1" 200 -
06:48:09 "POST /collect HTTP/1.1" 200 -
06:48:09 "GET /roster HTTP/1.1" 200 -
06:48:09 "GET /roster HTTP/1.1" 200 -
06:48:10 CF POST /sessions/db00ff23d301493b146e51b4b48d2009814efbd236238502b4c02c1b137e0b98/tracks/new -> 200 (266 ms)
06:48:10 "POST /cf/sessions/db00ff23d301493b146e51b4b48d2009814efbd236238502b4c02c1b137e0b98/tracks/new HTTP/1.1" 200 -
06:48:10 CF POST /sessions/353cbfcf7acbbcc51bd0bd858f70df1d7f2d73c72fc11a6ea9b7a46f4ce7d3de/tracks/new -> 200 (239 ms)
06:48:10 "POST /cf/sessions/353cbfcf7acbbcc51bd0bd858f70df1d7f2d73c72fc11a6ea9b7a46f4ce7d3de/tracks/new HTTP/1.1" 200 -
06:48:10 "POST /collect HTTP/1.1" 200 -
06:48:10 CF PUT /sessions/db00ff23d301493b146e51b4b48d2009814efbd236238502b4c02c1b137e0b98/renegotiate -> 200 (163 ms)
06:48:10 "PUT /cf/sessions/db00ff23d301493b146e51b4b48d2009814efbd236238502b4c02c1b137e0b98/renegotiate HTTP/1.1" 200 -
06:48:10 "POST /collect HTTP/1.1" 200 -
06:48:10 CF PUT /sessions/353cbfcf7acbbcc51bd0bd858f70df1d7f2d73c72fc11a6ea9b7a46f4ce7d3de/renegotiate -> 200 (180 ms)
06:48:10 "PUT /cf/sessions/353cbfcf7acbbcc51bd0bd858f70df1d7f2d73c72fc11a6ea9b7a46f4ce7d3de/renegotiate HTTP/1.1" 200 -
06:48:10 "POST /collect HTTP/1.1" 200 -
06:48:10 "POST /collect HTTP/1.1" 200 -
06:48:10 "POST /collect HTTP/1.1" 200 -
06:48:10 "POST /collect HTTP/1.1" 200 -
06:48:10 "POST /collect HTTP/1.1" 200 -
06:48:10 "POST /collect HTTP/1.1" 200 -
06:48:10 "POST /collect HTTP/1.1" 200 -
06:48:11 "POST /collect HTTP/1.1" 200 -
06:48:11 "POST /collect HTTP/1.1" 200 -
06:48:11 "GET /roster HTTP/1.1" 200 -
06:48:11 "POST /collect HTTP/1.1" 200 -
06:48:11 "GET /roster HTTP/1.1" 200 -
06:48:11 "POST /collect HTTP/1.1" 200 -
06:48:12 "POST /collect HTTP/1.1" 200 -
06:48:12 "POST /collect HTTP/1.1" 200 -
06:48:12 "POST /collect HTTP/1.1" 200 -
06:48:12 "POST /collect HTTP/1.1" 200 -
06:48:12 "POST /collect HTTP/1.1" 200 -
06:48:12 "POST /collect HTTP/1.1" 200 -
06:48:13 "POST /collect HTTP/1.1" 200 -
06:48:13 "POST /collect HTTP/1.1" 200 -
06:48:13 "POST /collect HTTP/1.1" 200 -
06:48:13 "GET /roster HTTP/1.1" 200 -
06:48:13 "GET /roster HTTP/1.1" 200 -
06:48:14 "POST /collect HTTP/1.1" 200 -
06:48:14 "POST /collect HTTP/1.1" 200 -
06:48:14 "POST /collect HTTP/1.1" 200 -
06:48:14 "POST /collect HTTP/1.1" 200 -
06:48:15 "POST /collect HTTP/1.1" 200 -
06:48:15 "POST /collect HTTP/1.1" 200 -
06:48:15 "POST /collect HTTP/1.1" 200 -
06:48:15 "POST /collect HTTP/1.1" 200 -
06:48:15 "POST /collect HTTP/1.1" 200 -
06:48:15 "GET /roster HTTP/1.1" 200 -
06:48:15 "GET /roster HTTP/1.1" 200 -
06:48:16 "POST /collect HTTP/1.1" 200 -
06:48:16 "POST /collect HTTP/1.1" 200 -
06:48:16 "POST /collect HTTP/1.1" 200 -
06:48:17 "POST /collect HTTP/1.1" 200 -
06:48:17 "POST /collect HTTP/1.1" 200 -
06:48:17 "POST /collect HTTP/1.1" 200 -
06:48:17 "GET /roster HTTP/1.1" 200 -
06:48:17 "POST /collect HTTP/1.1" 200 -
06:48:17 "GET /roster HTTP/1.1" 200 -
06:48:17 "POST /collect HTTP/1.1" 200 -
06:48:18 "POST /collect HTTP/1.1" 200 -
06:48:18 "POST /collect HTTP/1.1" 200 -
06:48:18 "POST /collect HTTP/1.1" 200 -
06:48:18 "POST /collect HTTP/1.1" 200 -
06:48:18 "POST /collect HTTP/1.1" 200 -
06:48:19 "POST /collect HTTP/1.1" 200 -
06:48:19 "POST /collect HTTP/1.1" 200 -
06:48:19 "POST /collect HTTP/1.1" 200 -
06:48:19 "GET /roster HTTP/1.1" 200 -
06:48:19 "GET /roster HTTP/1.1" 200 -
06:48:20 "POST /collect HTTP/1.1" 200 -
06:48:20 "POST /collect HTTP/1.1" 200 -
06:48:20 "POST /collect HTTP/1.1" 200 -
06:48:20 "POST /collect HTTP/1.1" 200 -
06:48:21 "POST /collect HTTP/1.1" 200 -
06:48:21 "POST /collect HTTP/1.1" 200 -
06:48:21 "POST /collect HTTP/1.1" 200 -
06:48:21 "POST /collect HTTP/1.1" 200 -
06:48:21 "POST /collect HTTP/1.1" 200 -
06:48:21 "GET /roster HTTP/1.1" 200 -
06:48:21 "GET /roster HTTP/1.1" 200 -
06:48:22 "POST /collect HTTP/1.1" 200 -
06:48:22 "POST /collect HTTP/1.1" 200 -
06:48:22 "POST /collect HTTP/1.1" 200 -
06:48:23 "POST /collect HTTP/1.1" 200 -
06:48:23 "POST /collect HTTP/1.1" 200 -
06:48:23 "GET /roster HTTP/1.1" 200 -
06:48:23 "POST /collect HTTP/1.1" 200 -
06:48:23 "GET /roster HTTP/1.1" 200 -
06:48:23 "POST /collect HTTP/1.1" 200 -
06:48:24 "POST /collect HTTP/1.1" 200 -
06:48:24 "POST /collect HTTP/1.1" 200 -
06:48:24 "POST /collect HTTP/1.1" 200 -
06:48:24 "POST /collect HTTP/1.1" 200 -
06:48:24 "POST /collect HTTP/1.1" 200 -
06:48:25 "POST /collect HTTP/1.1" 200 -
06:48:25 "POST /collect HTTP/1.1" 200 -
06:48:25 "POST /collect HTTP/1.1" 200 -
06:48:25 "GET /roster HTTP/1.1" 200 -
06:48:25 "GET /roster HTTP/1.1" 200 -
06:48:26 "POST /collect HTTP/1.1" 200 -
06:48:26 "POST /collect HTTP/1.1" 200 -
06:48:26 "POST /collect HTTP/1.1" 200 -
06:48:26 "POST /collect HTTP/1.1" 200 -
06:48:27 "POST /collect HTTP/1.1" 200 -
06:48:27 "POST /collect HTTP/1.1" 200 -
06:48:27 "POST /collect HTTP/1.1" 200 -
06:48:27 "POST /collect HTTP/1.1" 200 -
06:48:27 "POST /collect HTTP/1.1" 200 -
06:48:27 "GET /roster HTTP/1.1" 200 -
06:48:27 "GET /roster HTTP/1.1" 200 -
06:48:28 "POST /collect HTTP/1.1" 200 -
06:48:28 "POST /collect HTTP/1.1" 200 -
06:48:28 "POST /collect HTTP/1.1" 200 -
06:48:29 "POST /collect HTTP/1.1" 200 -
06:48:29 "POST /collect HTTP/1.1" 200 -
06:48:29 "GET /roster HTTP/1.1" 200 -
06:48:29 "POST /collect HTTP/1.1" 200 -
06:48:29 "GET /roster HTTP/1.1" 200 -
06:48:29 "POST /collect HTTP/1.1" 200 -
06:48:30 "POST /collect HTTP/1.1" 200 -
06:48:30 "POST /collect HTTP/1.1" 200 -
06:48:30 "POST /collect HTTP/1.1" 200 -
06:48:30 "POST /collect HTTP/1.1" 200 -
06:48:30 "POST /collect HTTP/1.1" 200 -
06:48:31 "POST /collect HTTP/1.1" 200 -
06:48:31 "POST /collect HTTP/1.1" 200 -
06:48:31 "POST /collect HTTP/1.1" 200 -
06:48:31 "GET /roster HTTP/1.1" 200 -
06:48:31 "GET /roster HTTP/1.1" 200 -
06:48:32 "POST /collect HTTP/1.1" 200 -
06:48:32 "POST /collect HTTP/1.1" 200 -
06:48:32 "POST /collect HTTP/1.1" 200 -
06:48:32 "POST /collect HTTP/1.1" 200 -
06:48:33 "POST /collect HTTP/1.1" 200 -
06:48:33 "POST /collect HTTP/1.1" 200 -
06:48:33 "POST /collect HTTP/1.1" 200 -
06:48:33 "POST /collect HTTP/1.1" 200 -
06:48:33 "POST /collect HTTP/1.1" 200 -
06:48:33 "GET /roster HTTP/1.1" 200 -
06:48:33 "GET /roster HTTP/1.1" 200 -
06:48:34 "POST /collect HTTP/1.1" 200 -
06:48:34 "POST /collect HTTP/1.1" 200 -
06:48:34 "POST /collect HTTP/1.1" 200 -
06:48:35 "POST /collect HTTP/1.1" 200 -
06:48:35 "POST /collect HTTP/1.1" 200 -
06:48:35 "GET /roster HTTP/1.1" 200 -
06:48:35 "POST /collect HTTP/1.1" 200 -
06:48:35 "GET /roster HTTP/1.1" 200 -
06:48:35 "POST /collect HTTP/1.1" 200 -
06:48:36 "POST /collect HTTP/1.1" 200 -
06:48:36 "POST /collect HTTP/1.1" 200 -
06:48:36 "POST /collect HTTP/1.1" 200 -
06:48:36 "POST /collect HTTP/1.1" 200 -
06:48:36 "POST /collect HTTP/1.1" 200 -
06:48:37 "POST /collect HTTP/1.1" 200 -
06:48:37 "POST /collect HTTP/1.1" 200 -
06:48:37 "POST /collect HTTP/1.1" 200 -
06:48:37 "GET /roster HTTP/1.1" 200 -
06:48:37 "GET /roster HTTP/1.1" 200 -
06:48:38 "POST /collect HTTP/1.1" 200 -
06:48:38 "POST /collect HTTP/1.1" 200 -
06:48:38 "POST /collect HTTP/1.1" 200 -
06:48:38 "POST /collect HTTP/1.1" 200 -
06:48:39 "POST /collect HTTP/1.1" 200 -
06:48:39 "POST /collect HTTP/1.1" 200 -
06:48:39 "POST /collect HTTP/1.1" 200 -
06:48:39 "POST /collect HTTP/1.1" 200 -
06:48:39 "POST /collect HTTP/1.1" 200 -
06:48:39 "GET /roster HTTP/1.1" 200 -
06:48:39 "GET /roster HTTP/1.1" 200 -
06:48:40 "POST /collect HTTP/1.1" 200 -
06:48:40 "POST /collect HTTP/1.1" 200 -
06:48:40 "POST /collect HTTP/1.1" 200 -
06:48:41 "POST /collect HTTP/1.1" 200 -
06:48:41 "POST /collect HTTP/1.1" 200 -
06:48:41 "GET /roster HTTP/1.1" 200 -
06:48:41 "POST /collect HTTP/1.1" 200 -
06:48:41 "GET /roster HTTP/1.1" 200 -
06:48:41 "POST /collect HTTP/1.1" 200 -
06:48:42 "POST /collect HTTP/1.1" 200 -
06:48:42 "POST /collect HTTP/1.1" 200 -
06:48:42 "POST /collect HTTP/1.1" 200 -
06:48:42 "POST /collect HTTP/1.1" 200 -
06:48:42 "POST /collect HTTP/1.1" 200 -
06:48:43 "POST /collect HTTP/1.1" 200 -
06:48:43 "POST /collect HTTP/1.1" 200 -
06:48:43 "POST /collect HTTP/1.1" 200 -
06:48:43 "GET /roster HTTP/1.1" 200 -
06:48:43 "GET /roster HTTP/1.1" 200 -
06:48:44 "POST /collect HTTP/1.1" 200 -
06:48:44 "POST /collect HTTP/1.1" 200 -
06:48:44 "POST /collect HTTP/1.1" 200 -
06:48:44 "POST /collect HTTP/1.1" 200 -
06:48:45 "POST /collect HTTP/1.1" 200 -
06:48:45 "POST /collect HTTP/1.1" 200 -
06:48:45 "POST /collect HTTP/1.1" 200 -
06:48:45 "POST /collect HTTP/1.1" 200 -
06:48:45 "POST /collect HTTP/1.1" 200 -
06:48:45 "GET /roster HTTP/1.1" 200 -
06:48:45 "GET /roster HTTP/1.1" 200 -
06:48:46 "POST /collect HTTP/1.1" 200 -
06:48:46 "POST /collect HTTP/1.1" 200 -
06:48:46 "POST /collect HTTP/1.1" 200 -
06:48:47 "POST /collect HTTP/1.1" 200 -
06:48:47 "POST /collect HTTP/1.1" 200 -
06:48:47 "GET /roster HTTP/1.1" 200 -
06:48:47 "POST /collect HTTP/1.1" 200 -
06:48:47 "GET /roster HTTP/1.1" 200 -
06:48:47 "POST /collect HTTP/1.1" 200 -
06:48:48 "POST /collect HTTP/1.1" 200 -
06:48:48 "POST /collect HTTP/1.1" 200 -
06:48:48 "POST /collect HTTP/1.1" 200 -
06:48:48 "POST /collect HTTP/1.1" 200 -
06:48:48 "POST /collect HTTP/1.1" 200 -
06:48:49 "POST /collect HTTP/1.1" 200 -
06:48:49 "POST /collect HTTP/1.1" 200 -
06:48:49 "POST /collect HTTP/1.1" 200 -
06:48:49 "GET /roster HTTP/1.1" 200 -
06:48:49 "GET /roster HTTP/1.1" 200 -
06:48:50 "POST /collect HTTP/1.1" 200 -
06:48:50 "POST /collect HTTP/1.1" 200 -
06:48:50 "POST /collect HTTP/1.1" 200 -
06:48:50 "POST /collect HTTP/1.1" 200 -
06:48:51 "POST /collect HTTP/1.1" 200 -
06:48:51 "POST /collect HTTP/1.1" 200 -
06:48:51 "POST /collect HTTP/1.1" 200 -
06:48:51 "POST /collect HTTP/1.1" 200 -
06:48:51 "POST /collect HTTP/1.1" 200 -
06:48:51 "GET /roster HTTP/1.1" 200 -
06:48:51 "GET /roster HTTP/1.1" 200 -
06:48:52 "POST /collect HTTP/1.1" 200 -
06:48:52 "POST /collect HTTP/1.1" 200 -
06:48:52 "POST /collect HTTP/1.1" 200 -
06:48:53 "POST /collect HTTP/1.1" 200 -
06:48:53 "POST /collect HTTP/1.1" 200 -
06:48:53 "GET /roster HTTP/1.1" 200 -
06:48:53 "POST /collect HTTP/1.1" 200 -
06:48:53 "GET /roster HTTP/1.1" 200 -
06:48:53 "POST /collect HTTP/1.1" 200 -
06:48:54 "POST /collect HTTP/1.1" 200 -
06:48:54 "POST /collect HTTP/1.1" 200 -
06:48:54 "POST /collect HTTP/1.1" 200 -
06:48:54 "POST /collect HTTP/1.1" 200 -
06:48:54 "POST /collect HTTP/1.1" 200 -
06:48:55 "POST /collect HTTP/1.1" 200 -
06:48:55 "POST /collect HTTP/1.1" 200 -
06:48:55 "POST /collect HTTP/1.1" 200 -
06:48:55 "GET /roster HTTP/1.1" 200 -
06:48:55 "GET /roster HTTP/1.1" 200 -
06:48:56 "POST /collect HTTP/1.1" 200 -
06:48:56 "POST /collect HTTP/1.1" 200 -
06:48:56 "POST /collect HTTP/1.1" 200 -
06:48:56 "POST /collect HTTP/1.1" 200 -
06:48:57 "POST /collect HTTP/1.1" 200 -
06:48:57 "POST /collect HTTP/1.1" 200 -
06:48:57 "POST /collect HTTP/1.1" 200 -
06:48:57 "POST /collect HTTP/1.1" 200 -
06:48:57 "POST /collect HTTP/1.1" 200 -
06:48:57 "GET /roster HTTP/1.1" 200 -
06:48:57 "GET /roster HTTP/1.1" 200 -
06:48:58 "POST /collect HTTP/1.1" 200 -
06:48:58 "POST /collect HTTP/1.1" 200 -
06:48:58 "POST /collect HTTP/1.1" 200 -
06:48:59 "POST /collect HTTP/1.1" 200 -
06:48:59 "POST /collect HTTP/1.1" 200 -
06:48:59 "GET /roster HTTP/1.1" 200 -
06:48:59 "POST /collect HTTP/1.1" 200 -
06:48:59 "GET /roster HTTP/1.1" 200 -
06:48:59 "POST /collect HTTP/1.1" 200 -
06:49:00 "POST /collect HTTP/1.1" 200 -
06:49:00 "POST /collect HTTP/1.1" 200 -
06:49:00 "POST /collect HTTP/1.1" 200 -
06:49:00 "POST /collect HTTP/1.1" 200 -
06:49:00 "POST /collect HTTP/1.1" 200 -
06:49:01 "POST /collect HTTP/1.1" 200 -
06:49:01 "POST /collect HTTP/1.1" 200 -
06:49:01 "POST /collect HTTP/1.1" 200 -
06:49:01 "GET /roster HTTP/1.1" 200 -
06:49:01 "GET /roster HTTP/1.1" 200 -
06:49:02 "POST /collect HTTP/1.1" 200 -
06:49:02 "POST /collect HTTP/1.1" 200 -
06:49:02 "POST /collect HTTP/1.1" 200 -
06:49:02 "POST /collect HTTP/1.1" 200 -
06:49:03 "POST /collect HTTP/1.1" 200 -
06:49:03 "POST /collect HTTP/1.1" 200 -
06:49:03 "POST /collect HTTP/1.1" 200 -
06:49:03 "POST /collect HTTP/1.1" 200 -
06:49:03 "POST /collect HTTP/1.1" 200 -
06:49:03 "GET /roster HTTP/1.1" 200 -
06:49:03 "GET /roster HTTP/1.1" 200 -
06:49:04 "POST /collect HTTP/1.1" 200 -
06:49:04 "POST /collect HTTP/1.1" 200 -
06:49:04 "POST /collect HTTP/1.1" 200 -
06:49:05 "POST /collect HTTP/1.1" 200 -
06:49:05 "POST /collect HTTP/1.1" 200 -
06:49:05 "GET /roster HTTP/1.1" 200 -
06:49:05 "POST /collect HTTP/1.1" 200 -
06:49:05 "GET /roster HTTP/1.1" 200 -
06:49:05 "POST /collect HTTP/1.1" 200 -
06:49:06 "POST /collect HTTP/1.1" 200 -
06:49:06 "POST /collect HTTP/1.1" 200 -
06:49:06 "POST /collect HTTP/1.1" 200 -
06:49:06 "POST /collect HTTP/1.1" 200 -
06:49:06 "POST /collect HTTP/1.1" 200 -
06:49:07 "POST /collect HTTP/1.1" 200 -
06:49:07 "POST /collect HTTP/1.1" 200 -
06:49:07 "POST /collect HTTP/1.1" 200 -
06:49:07 "GET /roster HTTP/1.1" 200 -
06:49:07 "GET /roster HTTP/1.1" 200 -
06:49:08 "POST /collect HTTP/1.1" 200 -
06:49:08 "POST /collect HTTP/1.1" 200 -
06:49:08 "POST /collect HTTP/1.1" 200 -
06:49:08 "POST /collect HTTP/1.1" 200 -
06:49:09 "POST /collect HTTP/1.1" 200 -
06:49:09 "POST /collect HTTP/1.1" 200 -
06:49:09 "POST /collect HTTP/1.1" 200 -
06:49:09 "POST /collect HTTP/1.1" 200 -
06:49:09 "POST /collect HTTP/1.1" 200 -
06:49:09 "GET /roster HTTP/1.1" 200 -
06:49:09 "GET /roster HTTP/1.1" 200 -
06:49:10 "POST /collect HTTP/1.1" 200 -
06:49:10 "POST /collect HTTP/1.1" 200 -
06:49:10 "POST /collect HTTP/1.1" 200 -
06:49:11 "POST /collect HTTP/1.1" 200 -
06:49:11 "POST /collect HTTP/1.1" 200 -
06:49:11 "GET /roster HTTP/1.1" 200 -
06:49:11 "POST /collect HTTP/1.1" 200 -
06:49:11 "GET /roster HTTP/1.1" 200 -
06:49:11 "POST /collect HTTP/1.1" 200 -
06:49:12 "POST /collect HTTP/1.1" 200 -
06:49:12 "POST /collect HTTP/1.1" 200 -
06:49:12 "POST /collect HTTP/1.1" 200 -
06:49:12 "POST /collect HTTP/1.1" 200 -
06:49:12 "POST /collect HTTP/1.1" 200 -
06:49:12 "GET /roster HTTP/1.1" 200 -
06:49:12 "POST /collect HTTP/1.1" 200 -
06:49:13 "POST /collect HTTP/1.1" 200 -
06:49:13 "POST /collect HTTP/1.1" 200 -
06:49:13 "GET /room-churn.html?id=C&n=8&mode=pub&&cb=1787716153640 HTTP/1.1" 200 -
06:49:13 "POST /collect HTTP/1.1" 200 -
06:49:13 "POST /collect HTTP/1.1" 200 -
06:49:13 "POST /collect HTTP/1.1" 200 -
06:49:13 "GET /roster HTTP/1.1" 200 -
06:49:13 code 404, message File not found
06:49:13 "GET /favicon.ico HTTP/1.1" 404 -
06:49:13 "GET /roster HTTP/1.1" 200 -
06:49:14 CF POST /sessions/new -> 201 (313 ms)
06:49:14 "POST /cf/sessions/new HTTP/1.1" 201 -
06:49:14 "POST /collect HTTP/1.1" 200 -
06:49:14 "POST /collect HTTP/1.1" 200 -
06:49:14 CF POST /sessions/23dc59a32a8442d6c422669276d2675678961174fde8259264fb163b2a517f1e/tracks/new -> 200 (391 ms)
06:49:14 "POST /cf/sessions/23dc59a32a8442d6c422669276d2675678961174fde8259264fb163b2a517f1e/tracks/new HTTP/1.1" 200 -
06:49:14 "POST /collect HTTP/1.1" 200 -
06:49:14 "POST /collect HTTP/1.1" 200 -
06:49:14 "POST /collect HTTP/1.1" 200 -
06:49:14 "POST /join HTTP/1.1" 200 -
06:49:14 "POST /collect HTTP/1.1" 200 -
06:49:14 "POST /collect HTTP/1.1" 200 -
06:49:14 "POST /collect HTTP/1.1" 200 -
06:49:15 "POST /collect HTTP/1.1" 200 -
06:49:15 "POST /collect HTTP/1.1" 200 -
06:49:15 "POST /collect HTTP/1.1" 200 -
06:49:15 "POST /collect HTTP/1.1" 200 -
06:49:15 "POST /collect HTTP/1.1" 200 -
06:49:15 "GET /roster HTTP/1.1" 200 -
06:49:15 "POST /collect HTTP/1.1" 200 -
06:49:15 "POST /collect HTTP/1.1" 200 -
06:49:15 "GET /roster HTTP/1.1" 200 -
06:49:15 "POST /collect HTTP/1.1" 200 -
06:49:15 "POST /collect HTTP/1.1" 200 -
06:49:16 CF PUT /sessions/db00ff23d301493b146e51b4b48d2009814efbd236238502b4c02c1b137e0b98/tracks/close -> 200 (222 ms)
06:49:16 "PUT /cf/sessions/db00ff23d301493b146e51b4b48d2009814efbd236238502b4c02c1b137e0b98/tracks/close HTTP/1.1" 200 -
06:49:16 "POST /collect HTTP/1.1" 200 -
06:49:16 CF PUT /sessions/353cbfcf7acbbcc51bd0bd858f70df1d7f2d73c72fc11a6ea9b7a46f4ce7d3de/tracks/close -> 200 (243 ms)
06:49:16 "PUT /cf/sessions/353cbfcf7acbbcc51bd0bd858f70df1d7f2d73c72fc11a6ea9b7a46f4ce7d3de/tracks/close HTTP/1.1" 200 -
06:49:16 "POST /collect HTTP/1.1" 200 -
06:49:16 "POST /collect HTTP/1.1" 200 -
06:49:16 CF POST /sessions/db00ff23d301493b146e51b4b48d2009814efbd236238502b4c02c1b137e0b98/tracks/new -> 200 (260 ms)
06:49:16 CF POST /sessions/353cbfcf7acbbcc51bd0bd858f70df1d7f2d73c72fc11a6ea9b7a46f4ce7d3de/tracks/new -> 200 (199 ms)
06:49:16 "POST /cf/sessions/db00ff23d301493b146e51b4b48d2009814efbd236238502b4c02c1b137e0b98/tracks/new HTTP/1.1" 200 -
06:49:16 "POST /cf/sessions/353cbfcf7acbbcc51bd0bd858f70df1d7f2d73c72fc11a6ea9b7a46f4ce7d3de/tracks/new HTTP/1.1" 200 -
06:49:16 CF PUT /sessions/353cbfcf7acbbcc51bd0bd858f70df1d7f2d73c72fc11a6ea9b7a46f4ce7d3de/renegotiate -> 200 (161 ms)
06:49:16 "PUT /cf/sessions/353cbfcf7acbbcc51bd0bd858f70df1d7f2d73c72fc11a6ea9b7a46f4ce7d3de/renegotiate HTTP/1.1" 200 -
06:49:16 CF PUT /sessions/db00ff23d301493b146e51b4b48d2009814efbd236238502b4c02c1b137e0b98/renegotiate -> 200 (171 ms)
06:49:16 "PUT /cf/sessions/db00ff23d301493b146e51b4b48d2009814efbd236238502b4c02c1b137e0b98/renegotiate HTTP/1.1" 200 -
06:49:16 "POST /collect HTTP/1.1" 200 -
06:49:16 "POST /collect HTTP/1.1" 200 -
06:49:16 "POST /collect HTTP/1.1" 200 -
06:49:16 "POST /collect HTTP/1.1" 200 -
06:49:16 "POST /collect HTTP/1.1" 200 -
06:49:16 "POST /collect HTTP/1.1" 200 -
06:49:16 "POST /collect HTTP/1.1" 200 -
06:49:16 "POST /collect HTTP/1.1" 200 -
06:49:16 "POST /collect HTTP/1.1" 200 -
06:49:16 "POST /collect HTTP/1.1" 200 -
06:49:16 "POST /collect HTTP/1.1" 200 -
06:49:17 "POST /collect HTTP/1.1" 200 -
06:49:17 "POST /collect HTTP/1.1" 200 -
06:49:17 "GET /roster HTTP/1.1" 200 -
06:49:17 "GET /roster HTTP/1.1" 200 -
06:49:17 "POST /collect HTTP/1.1" 200 -
06:49:18 "POST /collect HTTP/1.1" 200 -
06:49:18 "POST /collect HTTP/1.1" 200 -
06:49:18 "POST /collect HTTP/1.1" 200 -
06:49:18 "POST /collect HTTP/1.1" 200 -
06:49:18 "POST /collect HTTP/1.1" 200 -
06:49:18 "POST /collect HTTP/1.1" 200 -
06:49:19 "POST /collect HTTP/1.1" 200 -
06:49:19 "POST /collect HTTP/1.1" 200 -
06:49:19 "POST /collect HTTP/1.1" 200 -
06:49:19 "GET /roster HTTP/1.1" 200 -
06:49:19 "GET /roster HTTP/1.1" 200 -
06:49:20 "POST /collect HTTP/1.1" 200 -
06:49:20 "POST /collect HTTP/1.1" 200 -
06:49:20 "POST /collect HTTP/1.1" 200 -
06:49:21 "POST /collect HTTP/1.1" 200 -
06:49:21 "POST /collect HTTP/1.1" 200 -
06:49:21 "POST /collect HTTP/1.1" 200 -
06:49:21 "POST /collect HTTP/1.1" 200 -
06:49:21 "POST /collect HTTP/1.1" 200 -
06:49:21 "POST /collect HTTP/1.1" 200 -
06:49:21 "GET /roster HTTP/1.1" 200 -
06:49:21 "GET /roster HTTP/1.1" 200 -
06:49:22 "POST /collect HTTP/1.1" 200 -
06:49:22 "POST /collect HTTP/1.1" 200 -
06:49:22 "POST /collect HTTP/1.1" 200 -
06:49:22 "POST /collect HTTP/1.1" 200 -
06:49:23 "POST /collect HTTP/1.1" 200 -
06:49:23 "POST /collect HTTP/1.1" 200 -
06:49:23 "GET /roster HTTP/1.1" 200 -
06:49:23 "GET /roster HTTP/1.1" 200 -
06:49:23 "POST /collect HTTP/1.1" 200 -
06:49:24 "POST /collect HTTP/1.1" 200 -
06:49:24 "POST /collect HTTP/1.1" 200 -
06:49:24 "POST /collect HTTP/1.1" 200 -
06:49:24 "POST /collect HTTP/1.1" 200 -
06:49:24 "POST /collect HTTP/1.1" 200 -
06:49:24 "POST /collect HTTP/1.1" 200 -
06:49:25 "POST /collect HTTP/1.1" 200 -
06:49:25 "POST /collect HTTP/1.1" 200 -
06:49:25 "POST /collect HTTP/1.1" 200 -
06:49:25 "GET /roster HTTP/1.1" 200 -
06:49:25 "GET /roster HTTP/1.1" 200 -
06:49:26 "POST /collect HTTP/1.1" 200 -
06:49:26 "POST /collect HTTP/1.1" 200 -
06:49:26 "POST /collect HTTP/1.1" 200 -
06:49:27 "POST /collect HTTP/1.1" 200 -
06:49:27 "POST /collect HTTP/1.1" 200 -
06:49:27 "POST /collect HTTP/1.1" 200 -
06:49:27 "POST /collect HTTP/1.1" 200 -
06:49:27 "POST /collect HTTP/1.1" 200 -
06:49:27 "POST /collect HTTP/1.1" 200 -
06:49:27 "GET /roster HTTP/1.1" 200 -
06:49:27 "GET /roster HTTP/1.1" 200 -
06:49:28 "POST /collect HTTP/1.1" 200 -
06:49:28 "POST /collect HTTP/1.1" 200 -
06:49:28 "POST /collect HTTP/1.1" 200 -
06:49:29 "POST /collect HTTP/1.1" 200 -
06:49:29 "POST /collect HTTP/1.1" 200 -
06:49:29 "GET /roster HTTP/1.1" 200 -
06:49:29 "GET /roster HTTP/1.1" 200 -
06:49:29 "POST /collect HTTP/1.1" 200 -
06:49:30 "POST /collect HTTP/1.1" 200 -
06:49:30 "POST /collect HTTP/1.1" 200 -
06:49:30 "POST /collect HTTP/1.1" 200 -
06:49:30 "POST /collect HTTP/1.1" 200 -
06:49:30 "POST /collect HTTP/1.1" 200 -
06:49:30 "POST /collect HTTP/1.1" 200 -
06:49:31 "POST /collect HTTP/1.1" 200 -
06:49:31 "POST /collect HTTP/1.1" 200 -
06:49:31 "POST /collect HTTP/1.1" 200 -
06:49:31 "GET /roster HTTP/1.1" 200 -
06:49:31 "GET /roster HTTP/1.1" 200 -
06:49:32 "POST /collect HTTP/1.1" 200 -
06:49:32 "POST /collect HTTP/1.1" 200 -
06:49:32 "POST /collect HTTP/1.1" 200 -
06:49:33 "POST /collect HTTP/1.1" 200 -
06:49:33 "POST /collect HTTP/1.1" 200 -
06:49:33 "POST /collect HTTP/1.1" 200 -
06:49:33 "POST /collect HTTP/1.1" 200 -
06:49:33 "POST /collect HTTP/1.1" 200 -
06:49:33 "POST /collect HTTP/1.1" 200 -
06:49:33 "GET /roster HTTP/1.1" 200 -
06:49:33 "GET /roster HTTP/1.1" 200 -
06:49:34 "POST /collect HTTP/1.1" 200 -
06:49:34 "POST /collect HTTP/1.1" 200 -
06:49:34 "POST /collect HTTP/1.1" 200 -
06:49:35 "POST /collect HTTP/1.1" 200 -
06:49:35 "POST /collect HTTP/1.1" 200 -
06:49:35 "GET /roster HTTP/1.1" 200 -
06:49:35 "GET /roster HTTP/1.1" 200 -
06:49:35 "POST /collect HTTP/1.1" 200 -
06:49:36 "POST /collect HTTP/1.1" 200 -
06:49:36 "POST /collect HTTP/1.1" 200 -
06:49:36 "POST /collect HTTP/1.1" 200 -
06:49:36 "POST /collect HTTP/1.1" 200 -
06:49:36 "POST /collect HTTP/1.1" 200 -
06:49:36 "POST /collect HTTP/1.1" 200 -
06:49:37 "POST /collect HTTP/1.1" 200 -
06:49:37 "GET /roster HTTP/1.1" 200 -
06:49:37 "POST /collect HTTP/1.1" 200 -
06:49:37 "POST /collect HTTP/1.1" 200 -
06:49:37 "POST /collect HTTP/1.1" 200 -
06:49:37 "GET /roster HTTP/1.1" 200 -
06:49:37 "GET /roster HTTP/1.1" 200 -
06:49:37 "GET /room-churn.html?id=C&n=8&mode=pub&&cb=1787716177925 HTTP/1.1" 200 -
06:49:37 "POST /collect HTTP/1.1" 200 -
06:49:38 "POST /collect HTTP/1.1" 200 -
06:49:38 code 404, message File not found
06:49:38 "GET /favicon.ico HTTP/1.1" 404 -
06:49:38 "POST /collect HTTP/1.1" 200 -
06:49:38 CF POST /sessions/new -> 201 (242 ms)
06:49:38 "POST /cf/sessions/new HTTP/1.1" 201 -
06:49:38 "POST /collect HTTP/1.1" 200 -
06:49:38 CF POST /sessions/126eb0cff35bb3f6a84a12751d119aab439e5a66827c09830f2d67aa2c8db2e8/tracks/new -> 200 (350 ms)
06:49:38 "POST /cf/sessions/126eb0cff35bb3f6a84a12751d119aab439e5a66827c09830f2d67aa2c8db2e8/tracks/new HTTP/1.1" 200 -
06:49:38 "POST /collect HTTP/1.1" 200 -
06:49:38 "POST /collect HTTP/1.1" 200 -
06:49:38 "POST /collect HTTP/1.1" 200 -
06:49:39 "POST /collect HTTP/1.1" 200 -
06:49:39 "POST /join HTTP/1.1" 200 -
06:49:39 "POST /collect HTTP/1.1" 200 -
06:49:39 "POST /collect HTTP/1.1" 200 -
06:49:39 "POST /collect HTTP/1.1" 200 -
06:49:39 "POST /collect HTTP/1.1" 200 -
06:49:39 "POST /collect HTTP/1.1" 200 -
06:49:39 "POST /collect HTTP/1.1" 200 -
06:49:39 "POST /collect HTTP/1.1" 200 -
06:49:39 "GET /roster HTTP/1.1" 200 -
06:49:39 "POST /collect HTTP/1.1" 200 -
06:49:39 "POST /collect HTTP/1.1" 200 -
06:49:39 "GET /roster HTTP/1.1" 200 -
06:49:39 "POST /collect HTTP/1.1" 200 -
06:49:39 "POST /collect HTTP/1.1" 200 -
06:49:40 CF PUT /sessions/db00ff23d301493b146e51b4b48d2009814efbd236238502b4c02c1b137e0b98/tracks/close -> 200 (229 ms)
06:49:40 "PUT /cf/sessions/db00ff23d301493b146e51b4b48d2009814efbd236238502b4c02c1b137e0b98/tracks/close HTTP/1.1" 200 -
06:49:40 "POST /collect HTTP/1.1" 200 -
06:49:40 CF PUT /sessions/353cbfcf7acbbcc51bd0bd858f70df1d7f2d73c72fc11a6ea9b7a46f4ce7d3de/tracks/close -> 200 (248 ms)
06:49:40 "PUT /cf/sessions/353cbfcf7acbbcc51bd0bd858f70df1d7f2d73c72fc11a6ea9b7a46f4ce7d3de/tracks/close HTTP/1.1" 200 -
06:49:40 "POST /collect HTTP/1.1" 200 -
06:49:40 "POST /collect HTTP/1.1" 200 -
06:49:40 CF POST /sessions/db00ff23d301493b146e51b4b48d2009814efbd236238502b4c02c1b137e0b98/tracks/new -> 200 (267 ms)
06:49:40 "POST /cf/sessions/db00ff23d301493b146e51b4b48d2009814efbd236238502b4c02c1b137e0b98/tracks/new HTTP/1.1" 200 -
06:49:40 CF POST /sessions/353cbfcf7acbbcc51bd0bd858f70df1d7f2d73c72fc11a6ea9b7a46f4ce7d3de/tracks/new -> 200 (225 ms)
06:49:40 "POST /cf/sessions/353cbfcf7acbbcc51bd0bd858f70df1d7f2d73c72fc11a6ea9b7a46f4ce7d3de/tracks/new HTTP/1.1" 200 -
06:49:40 CF PUT /sessions/db00ff23d301493b146e51b4b48d2009814efbd236238502b4c02c1b137e0b98/renegotiate -> 200 (172 ms)
06:49:40 "PUT /cf/sessions/db00ff23d301493b146e51b4b48d2009814efbd236238502b4c02c1b137e0b98/renegotiate HTTP/1.1" 200 -
06:49:40 "POST /collect HTTP/1.1" 200 -
06:49:40 "POST /collect HTTP/1.1" 200 -
06:49:40 "POST /collect HTTP/1.1" 200 -
06:49:40 "POST /collect HTTP/1.1" 200 -
06:49:40 CF PUT /sessions/353cbfcf7acbbcc51bd0bd858f70df1d7f2d73c72fc11a6ea9b7a46f4ce7d3de/renegotiate -> 200 (225 ms)
06:49:40 "PUT /cf/sessions/353cbfcf7acbbcc51bd0bd858f70df1d7f2d73c72fc11a6ea9b7a46f4ce7d3de/renegotiate HTTP/1.1" 200 -
06:49:40 "POST /collect HTTP/1.1" 200 -
06:49:40 "POST /collect HTTP/1.1" 200 -
06:49:40 "POST /collect HTTP/1.1" 200 -
06:49:40 "POST /collect HTTP/1.1" 200 -
06:49:40 "POST /collect HTTP/1.1" 200 -
06:49:40 "POST /collect HTTP/1.1" 200 -
06:49:41 "POST /collect HTTP/1.1" 200 -
06:49:41 "POST /collect HTTP/1.1" 200 -
06:49:41 "POST /collect HTTP/1.1" 200 -
06:49:41 "GET /roster HTTP/1.1" 200 -
06:49:41 "GET /roster HTTP/1.1" 200 -
06:49:41 "POST /collect HTTP/1.1" 200 -
06:49:42 "POST /collect HTTP/1.1" 200 -
06:49:42 "POST /collect HTTP/1.1" 200 -
06:49:42 "POST /collect HTTP/1.1" 200 -
06:49:42 "POST /collect HTTP/1.1" 200 -
06:49:42 "POST /collect HTTP/1.1" 200 -
06:49:42 "POST /collect HTTP/1.1" 200 -
06:49:43 "POST /collect HTTP/1.1" 200 -
06:49:43 "POST /collect HTTP/1.1" 200 -
06:49:43 "POST /collect HTTP/1.1" 200 -
06:49:43 "GET /roster HTTP/1.1" 200 -
06:49:43 "GET /roster HTTP/1.1" 200 -
06:49:44 "POST /collect HTTP/1.1" 200 -
06:49:44 "POST /collect HTTP/1.1" 200 -
06:49:44 "POST /collect HTTP/1.1" 200 -
06:49:45 "POST /collect HTTP/1.1" 200 -
06:49:45 "POST /collect HTTP/1.1" 200 -
06:49:45 "POST /collect HTTP/1.1" 200 -
06:49:45 "POST /collect HTTP/1.1" 200 -
06:49:45 "POST /collect HTTP/1.1" 200 -
06:49:45 "GET /roster HTTP/1.1" 200 -
06:49:45 "GET /roster HTTP/1.1" 200 -
06:49:45 "POST /collect HTTP/1.1" 200 -
06:49:46 "POST /collect HTTP/1.1" 200 -
06:49:46 "POST /collect HTTP/1.1" 200 -
06:49:46 "POST /collect HTTP/1.1" 200 -
06:49:46 "POST /collect HTTP/1.1" 200 -
06:49:47 "POST /collect HTTP/1.1" 200 -
06:49:47 "POST /collect HTTP/1.1" 200 -
06:49:47 "GET /roster HTTP/1.1" 200 -
06:49:47 "GET /roster HTTP/1.1" 200 -
06:49:47 "POST /collect HTTP/1.1" 200 -
06:49:48 "POST /collect HTTP/1.1" 200 -
06:49:48 "POST /collect HTTP/1.1" 200 -
06:49:48 "POST /collect HTTP/1.1" 200 -
06:49:48 "POST /collect HTTP/1.1" 200 -
06:49:48 "POST /collect HTTP/1.1" 200 -
06:49:48 "POST /collect HTTP/1.1" 200 -
06:49:49 "POST /collect HTTP/1.1" 200 -
06:49:49 "POST /collect HTTP/1.1" 200 -
06:49:49 "POST /collect HTTP/1.1" 200 -
06:49:49 "GET /roster HTTP/1.1" 200 -
06:49:49 "GET /roster HTTP/1.1" 200 -
06:49:50 "POST /collect HTTP/1.1" 200 -
06:49:50 "POST /collect HTTP/1.1" 200 -
06:49:50 "POST /collect HTTP/1.1" 200 -
06:49:51 "POST /collect HTTP/1.1" 200 -
06:49:51 "POST /collect HTTP/1.1" 200 -
06:49:51 "POST /collect HTTP/1.1" 200 -
06:49:51 "POST /collect HTTP/1.1" 200 -
06:49:51 "POST /collect HTTP/1.1" 200 -
06:49:51 "GET /roster HTTP/1.1" 200 -
06:49:51 "GET /roster HTTP/1.1" 200 -
06:49:51 "POST /collect HTTP/1.1" 200 -
06:49:52 "POST /collect HTTP/1.1" 200 -
06:49:52 "POST /collect HTTP/1.1" 200 -
06:49:52 "POST /collect HTTP/1.1" 200 -
06:49:53 "POST /collect HTTP/1.1" 200 -
06:49:53 "POST /collect HTTP/1.1" 200 -
06:49:53 "GET /roster HTTP/1.1" 200 -
06:49:53 "GET /roster HTTP/1.1" 200 -
06:49:53 "POST /collect HTTP/1.1" 200 -
06:49:54 "POST /collect HTTP/1.1" 200 -
06:49:54 "POST /collect HTTP/1.1" 200 -
06:49:54 "POST /collect HTTP/1.1" 200 -
06:49:54 "POST /collect HTTP/1.1" 200 -
06:49:54 "POST /collect HTTP/1.1" 200 -
06:49:54 "POST /collect HTTP/1.1" 200 -
06:49:55 "POST /collect HTTP/1.1" 200 -
06:49:55 "POST /collect HTTP/1.1" 200 -
06:49:55 "POST /collect HTTP/1.1" 200 -
06:49:55 "GET /roster HTTP/1.1" 200 -
06:49:55 "GET /roster HTTP/1.1" 200 -
06:49:56 "POST /collect HTTP/1.1" 200 -
06:49:56 "POST /collect HTTP/1.1" 200 -
06:49:56 "POST /collect HTTP/1.1" 200 -
06:49:57 "POST /collect HTTP/1.1" 200 -
06:49:57 "POST /collect HTTP/1.1" 200 -
06:49:57 "POST /collect HTTP/1.1" 200 -
06:49:57 "POST /collect HTTP/1.1" 200 -
06:49:57 "POST /collect HTTP/1.1" 200 -
06:49:57 "GET /roster HTTP/1.1" 200 -
06:49:57 "GET /roster HTTP/1.1" 200 -
06:49:57 "POST /collect HTTP/1.1" 200 -
06:49:58 "POST /collect HTTP/1.1" 200 -
06:49:58 "POST /collect HTTP/1.1" 200 -
06:49:58 "POST /collect HTTP/1.1" 200 -
06:49:59 "POST /collect HTTP/1.1" 200 -
06:49:59 "POST /collect HTTP/1.1" 200 -
06:49:59 "GET /roster HTTP/1.1" 200 -
06:49:59 "GET /roster HTTP/1.1" 200 -
06:49:59 "POST /collect HTTP/1.1" 200 -
06:50:00 "POST /collect HTTP/1.1" 200 -
06:50:00 "POST /collect HTTP/1.1" 200 -
06:50:00 "POST /collect HTTP/1.1" 200 -
06:50:00 "POST /collect HTTP/1.1" 200 -
06:50:00 "POST /collect HTTP/1.1" 200 -
06:50:00 "POST /collect HTTP/1.1" 200 -
06:50:01 "POST /collect HTTP/1.1" 200 -
06:50:01 "GET /roster HTTP/1.1" 200 -
06:50:01 "POST /collect HTTP/1.1" 200 -
06:50:01 "POST /collect HTTP/1.1" 200 -
06:50:01 "POST /collect HTTP/1.1" 200 -
06:50:01 "GET /roster HTTP/1.1" 200 -
06:50:01 "GET /roster HTTP/1.1" 200 -
06:50:02 "POST /collect HTTP/1.1" 200 -
06:50:02 "GET /room-churn.html?id=C&n=8&mode=pub&&cb=1787716202177 HTTP/1.1" 200 -
06:50:02 "POST /collect HTTP/1.1" 200 -
06:50:02 "POST /collect HTTP/1.1" 200 -
06:50:02 code 404, message File not found
06:50:02 "GET /favicon.ico HTTP/1.1" 404 -
06:50:02 CF POST /sessions/new -> 201 (203 ms)
06:50:02 "POST /cf/sessions/new HTTP/1.1" 201 -
06:50:02 "POST /collect HTTP/1.1" 200 -
06:50:02 "POST /collect HTTP/1.1" 200 -
06:50:03 CF POST /sessions/4bc8b80ded47c7ad2ebc41b99a76555f12ddef83df4cf38918e6fa4dc07c1714/tracks/new -> 200 (387 ms)
06:50:03 "POST /cf/sessions/4bc8b80ded47c7ad2ebc41b99a76555f12ddef83df4cf38918e6fa4dc07c1714/tracks/new HTTP/1.1" 200 -
06:50:03 "POST /collect HTTP/1.1" 200 -
06:50:03 "POST /collect HTTP/1.1" 200 -
06:50:03 "POST /collect HTTP/1.1" 200 -
06:50:03 "POST /collect HTTP/1.1" 200 -
06:50:03 "POST /collect HTTP/1.1" 200 -
06:50:03 "POST /join HTTP/1.1" 200 -
06:50:03 "POST /collect HTTP/1.1" 200 -
06:50:03 "POST /collect HTTP/1.1" 200 -
06:50:03 "POST /collect HTTP/1.1" 200 -
06:50:03 "POST /collect HTTP/1.1" 200 -
06:50:03 "POST /collect HTTP/1.1" 200 -
06:50:03 "GET /roster HTTP/1.1" 200 -
06:50:03 "POST /collect HTTP/1.1" 200 -
06:50:03 "POST /collect HTTP/1.1" 200 -
06:50:03 "GET /roster HTTP/1.1" 200 -
06:50:03 "POST /collect HTTP/1.1" 200 -
06:50:03 "POST /collect HTTP/1.1" 200 -
06:50:04 CF PUT /sessions/db00ff23d301493b146e51b4b48d2009814efbd236238502b4c02c1b137e0b98/tracks/close -> 200 (208 ms)
06:50:04 "PUT /cf/sessions/db00ff23d301493b146e51b4b48d2009814efbd236238502b4c02c1b137e0b98/tracks/close HTTP/1.1" 200 -
06:50:04 "POST /collect HTTP/1.1" 200 -
06:50:04 CF PUT /sessions/353cbfcf7acbbcc51bd0bd858f70df1d7f2d73c72fc11a6ea9b7a46f4ce7d3de/tracks/close -> 200 (242 ms)
06:50:04 "PUT /cf/sessions/353cbfcf7acbbcc51bd0bd858f70df1d7f2d73c72fc11a6ea9b7a46f4ce7d3de/tracks/close HTTP/1.1" 200 -
06:50:04 "POST /collect HTTP/1.1" 200 -
06:50:04 "POST /collect HTTP/1.1" 200 -
06:50:04 CF POST /sessions/db00ff23d301493b146e51b4b48d2009814efbd236238502b4c02c1b137e0b98/tracks/new -> 200 (266 ms)
06:50:04 "POST /cf/sessions/db00ff23d301493b146e51b4b48d2009814efbd236238502b4c02c1b137e0b98/tracks/new HTTP/1.1" 200 -
06:50:04 CF POST /sessions/353cbfcf7acbbcc51bd0bd858f70df1d7f2d73c72fc11a6ea9b7a46f4ce7d3de/tracks/new -> 200 (258 ms)
06:50:04 "POST /cf/sessions/353cbfcf7acbbcc51bd0bd858f70df1d7f2d73c72fc11a6ea9b7a46f4ce7d3de/tracks/new HTTP/1.1" 200 -
06:50:04 CF PUT /sessions/db00ff23d301493b146e51b4b48d2009814efbd236238502b4c02c1b137e0b98/renegotiate -> 200 (159 ms)
06:50:04 "PUT /cf/sessions/db00ff23d301493b146e51b4b48d2009814efbd236238502b4c02c1b137e0b98/renegotiate HTTP/1.1" 200 -
06:50:04 "POST /collect HTTP/1.1" 200 -
06:50:04 "POST /collect HTTP/1.1" 200 -
06:50:04 "POST /collect HTTP/1.1" 200 -
06:50:04 CF PUT /sessions/353cbfcf7acbbcc51bd0bd858f70df1d7f2d73c72fc11a6ea9b7a46f4ce7d3de/renegotiate -> 200 (161 ms)
06:50:04 "PUT /cf/sessions/353cbfcf7acbbcc51bd0bd858f70df1d7f2d73c72fc11a6ea9b7a46f4ce7d3de/renegotiate HTTP/1.1" 200 -
06:50:04 "POST /collect HTTP/1.1" 200 -
06:50:04 "POST /collect HTTP/1.1" 200 -
06:50:04 "POST /collect HTTP/1.1" 200 -
06:50:04 "POST /collect HTTP/1.1" 200 -
06:50:04 "POST /collect HTTP/1.1" 200 -
06:50:04 "POST /collect HTTP/1.1" 200 -
06:50:04 "POST /collect HTTP/1.1" 200 -
06:50:05 "POST /collect HTTP/1.1" 200 -
06:50:05 "POST /collect HTTP/1.1" 200 -
06:50:05 "POST /collect HTTP/1.1" 200 -
06:50:05 "GET /roster HTTP/1.1" 200 -
06:50:05 "GET /roster HTTP/1.1" 200 -
06:50:05 "POST /collect HTTP/1.1" 200 -
06:50:06 "POST /collect HTTP/1.1" 200 -
06:50:06 "POST /collect HTTP/1.1" 200 -
06:50:06 "POST /collect HTTP/1.1" 200 -
06:50:06 "POST /collect HTTP/1.1" 200 -
06:50:06 "POST /collect HTTP/1.1" 200 -
06:50:07 "POST /collect HTTP/1.1" 200 -
06:50:07 "POST /collect HTTP/1.1" 200 -
06:50:07 "POST /collect HTTP/1.1" 200 -
06:50:07 "POST /collect HTTP/1.1" 200 -
06:50:07 "GET /roster HTTP/1.1" 200 -
06:50:07 "GET /roster HTTP/1.1" 200 -
06:50:08 "POST /collect HTTP/1.1" 200 -
06:50:08 "POST /collect HTTP/1.1" 200 -
06:50:08 "POST /collect HTTP/1.1" 200 -
06:50:09 "POST /collect HTTP/1.1" 200 -
06:50:09 "POST /collect HTTP/1.1" 200 -
06:50:09 "POST /collect HTTP/1.1" 200 -
06:50:09 "POST /collect HTTP/1.1" 200 -
06:50:09 "POST /collect HTTP/1.1" 200 -
06:50:09 "GET /roster HTTP/1.1" 200 -
06:50:09 "GET /roster HTTP/1.1" 200 -
06:50:10 "POST /collect HTTP/1.1" 200 -
06:50:10 "POST /collect HTTP/1.1" 200 -
06:50:10 "POST /collect HTTP/1.1" 200 -
06:50:10 "POST /collect HTTP/1.1" 200 -
06:50:10 "POST /collect HTTP/1.1" 200 -
06:50:11 "POST /collect HTTP/1.1" 200 -
06:50:11 "POST /collect HTTP/1.1" 200 -
06:50:11 "GET /roster HTTP/1.1" 200 -
06:50:11 "GET /roster HTTP/1.1" 200 -
06:50:11 "POST /collect HTTP/1.1" 200 -
06:50:12 "POST /collect HTTP/1.1" 200 -
06:50:12 "POST /collect HTTP/1.1" 200 -
06:50:12 "POST /collect HTTP/1.1" 200 -
06:50:12 "POST /collect HTTP/1.1" 200 -
06:50:12 "POST /collect HTTP/1.1" 200 -
06:50:13 "POST /collect HTTP/1.1" 200 -
06:50:13 "POST /collect HTTP/1.1" 200 -
06:50:13 "POST /collect HTTP/1.1" 200 -
06:50:13 "POST /collect HTTP/1.1" 200 -
06:50:13 "GET /roster HTTP/1.1" 200 -
06:50:13 "GET /roster HTTP/1.1" 200 -
06:50:14 "POST /collect HTTP/1.1" 200 -
06:50:14 "POST /collect HTTP/1.1" 200 -
06:50:14 "POST /collect HTTP/1.1" 200 -
06:50:15 "POST /collect HTTP/1.1" 200 -
06:50:15 "POST /collect HTTP/1.1" 200 -
06:50:15 "POST /collect HTTP/1.1" 200 -
06:50:15 "POST /collect HTTP/1.1" 200 -
06:50:15 "POST /collect HTTP/1.1" 200 -
06:50:15 "GET /roster HTTP/1.1" 200 -
06:50:15 "GET /roster HTTP/1.1" 200 -
06:50:16 "POST /collect HTTP/1.1" 200 -
06:50:16 "POST /collect HTTP/1.1" 200 -
06:50:16 "POST /collect HTTP/1.1" 200 -
06:50:16 "POST /collect HTTP/1.1" 200 -
06:50:17 "POST /collect HTTP/1.1" 200 -
06:50:17 "POST /collect HTTP/1.1" 200 -
06:50:17 "GET /roster HTTP/1.1" 200 -
06:50:17 "GET /roster HTTP/1.1" 200 -
06:50:17 "POST /collect HTTP/1.1" 200 -
06:50:18 "POST /collect HTTP/1.1" 200 -
06:50:18 "POST /collect HTTP/1.1" 200 -
06:50:18 "POST /collect HTTP/1.1" 200 -
06:50:18 "POST /collect HTTP/1.1" 200 -
06:50:18 "POST /collect HTTP/1.1" 200 -
06:50:19 "POST /collect HTTP/1.1" 200 -
06:50:19 "POST /collect HTTP/1.1" 200 -
06:50:19 "POST /collect HTTP/1.1" 200 -
06:50:19 "POST /collect HTTP/1.1" 200 -
06:50:19 "GET /roster HTTP/1.1" 200 -
06:50:19 "GET /roster HTTP/1.1" 200 -
06:50:20 "POST /collect HTTP/1.1" 200 -
06:50:20 "POST /collect HTTP/1.1" 200 -
06:50:20 "POST /collect HTTP/1.1" 200 -
06:50:21 "POST /collect HTTP/1.1" 200 -
06:50:21 "POST /collect HTTP/1.1" 200 -
06:50:21 "POST /collect HTTP/1.1" 200 -
06:50:21 "POST /collect HTTP/1.1" 200 -
06:50:21 "POST /collect HTTP/1.1" 200 -
06:50:21 "GET /roster HTTP/1.1" 200 -
06:50:21 "GET /roster HTTP/1.1" 200 -
06:50:22 "POST /collect HTTP/1.1" 200 -
06:50:22 "POST /collect HTTP/1.1" 200 -
06:50:22 "POST /collect HTTP/1.1" 200 -
06:50:22 "POST /collect HTTP/1.1" 200 -
06:50:23 "POST /collect HTTP/1.1" 200 -
06:50:23 "POST /collect HTTP/1.1" 200 -
06:50:23 "GET /roster HTTP/1.1" 200 -
06:50:23 "GET /roster HTTP/1.1" 200 -
06:50:23 "POST /collect HTTP/1.1" 200 -
06:50:24 "POST /collect HTTP/1.1" 200 -
06:50:24 "POST /collect HTTP/1.1" 200 -
06:50:24 "POST /collect HTTP/1.1" 200 -
06:50:24 "POST /collect HTTP/1.1" 200 -
06:50:24 "POST /collect HTTP/1.1" 200 -
06:50:25 "POST /collect HTTP/1.1" 200 -
06:50:25 "POST /collect HTTP/1.1" 200 -
06:50:25 "POST /collect HTTP/1.1" 200 -
06:50:25 "POST /collect HTTP/1.1" 200 -
06:50:25 "POST /collect HTTP/1.1" 200 -
06:50:25 "GET /roster HTTP/1.1" 200 -
06:50:25 "GET /roster HTTP/1.1" 200 -
06:50:26 "POST /collect HTTP/1.1" 200 -
06:50:26 "POST /collect HTTP/1.1" 200 -
06:50:26 "POST /collect HTTP/1.1" 200 -
06:50:27 "POST /collect HTTP/1.1" 200 -
06:50:27 "POST /collect HTTP/1.1" 200 -
06:50:27 "POST /collect HTTP/1.1" 200 -
06:50:27 "POST /collect HTTP/1.1" 200 -
