m2m server on :8897, results -> /Users/s32863/personal/elektron/results/m2m-scale-N8.jsonl, app 8c2a974b…
23:50:23 "GET /roster HTTP/1.1" 200 -
23:50:27 "GET /roster HTTP/1.1" 200 -
23:50:27 "POST /reset HTTP/1.1" 200 -
23:50:27 "GET /room.html?id=1&n=8&mode=full&hold=1&cb=1787691027885 HTTP/1.1" 200 -
23:50:27 code 404, message File not found
23:50:27 "GET /favicon.ico HTTP/1.1" 404 -
23:50:28 "GET /room.html?id=2&n=8&mode=full&hold=1&cb=1787691028436 HTTP/1.1" 200 -
23:50:28 code 404, message File not found
23:50:28 "GET /favicon.ico HTTP/1.1" 404 -
23:50:29 "GET /room.html?id=A&n=8&mode=pub&hold=1&cb=1787691029019 HTTP/1.1" 200 -
23:50:29 code 404, message File not found
23:50:29 "GET /favicon.ico HTTP/1.1" 404 -
23:50:29 "GET /room.html?id=B&n=8&mode=pub&hold=1&cb=1787691029583 HTTP/1.1" 200 -
23:50:29 code 404, message File not found
23:50:29 "GET /favicon.ico HTTP/1.1" 404 -
23:50:30 "GET /room.html?id=C&n=8&mode=pub&hold=1&cb=1787691030166 HTTP/1.1" 200 -
23:50:30 code 404, message File not found
23:50:30 "GET /favicon.ico HTTP/1.1" 404 -
23:50:31 "GET /room.html?id=D&n=8&mode=pub&hold=1&cb=1787691031593 HTTP/1.1" 200 -
23:50:31 code 404, message File not found
23:50:31 "GET /favicon.ico HTTP/1.1" 404 -
23:50:33 "GET /room.html?id=E&n=8&mode=pub&hold=1&cb=1787691032993 HTTP/1.1" 200 -
23:50:33 code 404, message File not found
23:50:33 "GET /favicon.ico HTTP/1.1" 404 -
23:50:34 "GET /room.html?id=F&n=8&mode=pub&hold=1&cb=1787691034381 HTTP/1.1" 200 -
23:50:34 code 404, message File not found
23:50:34 "GET /favicon.ico HTTP/1.1" 404 -
23:50:34 "POST /collect HTTP/1.1" 200 -
23:50:34 CF POST /sessions/new -> 201 (382 ms)
23:50:34 "POST /cf/sessions/new HTTP/1.1" 201 -
23:50:34 CF POST /sessions/new -> 201 (382 ms)
23:50:34 "POST /cf/sessions/new HTTP/1.1" 201 -
23:50:34 CF POST /sessions/new -> 201 (394 ms)
23:50:34 "POST /cf/sessions/new HTTP/1.1" 201 -
23:50:35 CF POST /sessions/new -> 201 (393 ms)
23:50:35 "POST /cf/sessions/new HTTP/1.1" 201 -
23:50:35 CF POST /sessions/new -> 201 (365 ms)
23:50:35 "POST /cf/sessions/new HTTP/1.1" 201 -
23:50:35 CF POST /sessions/new -> 201 (398 ms)
23:50:35 "POST /cf/sessions/new HTTP/1.1" 201 -
23:50:35 CF POST /sessions/new -> 201 (377 ms)
23:50:35 "POST /cf/sessions/new HTTP/1.1" 201 -
23:50:35 CF POST /sessions/new -> 201 (434 ms)
23:50:35 "POST /cf/sessions/new HTTP/1.1" 201 -
23:50:35 "POST /save/pub-offer-b.sdp HTTP/1.1" 200 -
23:50:35 "POST /save/pub-offer-1.sdp HTTP/1.1" 200 -
23:50:35 "POST /save/pub-offer-2.sdp HTTP/1.1" 200 -
23:50:35 "POST /save/pub-offer-a.sdp HTTP/1.1" 200 -
23:50:35 "POST /save/pub-offer-c.sdp HTTP/1.1" 200 -
23:50:35 "POST /save/pub-offer-d.sdp HTTP/1.1" 200 -
23:50:35 "POST /save/pub-offer-f.sdp HTTP/1.1" 200 -
23:50:35 "POST /save/pub-offer-e.sdp HTTP/1.1" 200 -
23:50:35 CF POST /sessions/d8b95e6a8686ebb1096988f394bfc644f8e7df4b8aae1c53bdebe70c3354e912/tracks/new -> 200 (368 ms)
23:50:35 "POST /cf/sessions/d8b95e6a8686ebb1096988f394bfc644f8e7df4b8aae1c53bdebe70c3354e912/tracks/new HTTP/1.1" 200 -
23:50:35 CF POST /sessions/bdcda4009c18d01e06cb8115067435f7ceda3ef702f42eb18338283eaea3f515/tracks/new -> 200 (355 ms)
23:50:35 "POST /cf/sessions/bdcda4009c18d01e06cb8115067435f7ceda3ef702f42eb18338283eaea3f515/tracks/new HTTP/1.1" 200 -
23:50:35 "POST /save/pub-answer-b.sdp HTTP/1.1" 200 -
23:50:35 "POST /save/pub-answer-2.sdp HTTP/1.1" 200 -
23:50:35 "POST /collect HTTP/1.1" 200 -
23:50:35 "POST /collect HTTP/1.1" 200 -
23:50:35 "POST /collect HTTP/1.1" 200 -
23:50:35 "POST /collect HTTP/1.1" 200 -
23:50:35 "POST /collect HTTP/1.1" 200 -
23:50:35 "POST /collect HTTP/1.1" 200 -
23:50:35 CF POST /sessions/ac0d13dadcc1646e06e762db60c3365284f1747a1ca18fbfb636c8e945a5999f/tracks/new -> 200 (382 ms)
23:50:35 "POST /cf/sessions/ac0d13dadcc1646e06e762db60c3365284f1747a1ca18fbfb636c8e945a5999f/tracks/new HTTP/1.1" 200 -
23:50:35 "POST /save/pub-answer-a.sdp HTTP/1.1" 200 -
23:50:35 "POST /collect HTTP/1.1" 200 -
23:50:35 "POST /collect HTTP/1.1" 200 -
23:50:35 CF POST /sessions/3548fcb2ae60a94bb14a591f5a0801b8594582c94bb4abdd5c2a666db166ba7e/tracks/new -> 200 (366 ms)
23:50:35 CF POST /sessions/90d0b1129db65ce8fe2c231f8b59460e38ed9038d33c2aa08a5c8c588e3a1969/tracks/new -> 200 (401 ms)
23:50:35 "POST /cf/sessions/90d0b1129db65ce8fe2c231f8b59460e38ed9038d33c2aa08a5c8c588e3a1969/tracks/new HTTP/1.1" 200 -
23:50:35 "POST /cf/sessions/3548fcb2ae60a94bb14a591f5a0801b8594582c94bb4abdd5c2a666db166ba7e/tracks/new HTTP/1.1" 200 -
23:50:35 "POST /collect HTTP/1.1" 200 -
23:50:35 "POST /save/pub-answer-e.sdp HTTP/1.1" 200 -
23:50:35 "POST /save/pub-answer-c.sdp HTTP/1.1" 200 -
23:50:35 CF POST /sessions/ddbfe5d81aa817e4c96b56a0dc3dfe64260aa3528fc83e383c480751cb7ac15a/tracks/new -> 200 (415 ms)
23:50:35 "POST /cf/sessions/ddbfe5d81aa817e4c96b56a0dc3dfe64260aa3528fc83e383c480751cb7ac15a/tracks/new HTTP/1.1" 200 -
23:50:35 CF POST /sessions/13a63831d1fbbd0b0e3a41981d28dab5ce923ade4a8b46d7cf639a19d01585e2/tracks/new -> 200 (402 ms)
23:50:35 "POST /cf/sessions/13a63831d1fbbd0b0e3a41981d28dab5ce923ade4a8b46d7cf639a19d01585e2/tracks/new HTTP/1.1" 200 -
23:50:35 "POST /collect HTTP/1.1" 200 -
23:50:35 "POST /save/pub-answer-1.sdp HTTP/1.1" 200 -
23:50:35 "POST /save/pub-answer-d.sdp HTTP/1.1" 200 -
23:50:35 "POST /collect HTTP/1.1" 200 -
23:50:35 "POST /collect HTTP/1.1" 200 -
23:50:35 "POST /collect HTTP/1.1" 200 -
23:50:35 "POST /collect HTTP/1.1" 200 -
23:50:35 "POST /collect HTTP/1.1" 200 -
23:50:35 "POST /collect HTTP/1.1" 200 -
23:50:35 "POST /collect HTTP/1.1" 200 -
23:50:35 "POST /collect HTTP/1.1" 200 -
23:50:35 "POST /collect HTTP/1.1" 200 -
23:50:35 "POST /collect HTTP/1.1" 200 -
23:50:35 "POST /collect HTTP/1.1" 200 -
23:50:35 CF POST /sessions/30937664e35b88ff7a7fa6a6f25e30c2f2d79bbf5b2657165c266d5c2fc37219/tracks/new -> 200 (435 ms)
23:50:35 "POST /cf/sessions/30937664e35b88ff7a7fa6a6f25e30c2f2d79bbf5b2657165c266d5c2fc37219/tracks/new HTTP/1.1" 200 -
23:50:35 "POST /save/pub-answer-f.sdp HTTP/1.1" 200 -
23:50:35 "POST /collect HTTP/1.1" 200 -
23:50:35 "POST /collect HTTP/1.1" 200 -
23:50:35 "POST /collect HTTP/1.1" 200 -
23:50:35 "POST /collect HTTP/1.1" 200 -
23:50:35 "POST /collect HTTP/1.1" 200 -
23:50:35 "POST /collect HTTP/1.1" 200 -
23:50:35 "POST /collect HTTP/1.1" 200 -
23:50:35 "POST /collect HTTP/1.1" 200 -
23:50:35 "POST /join HTTP/1.1" 200 -
23:50:35 "POST /collect HTTP/1.1" 200 -
23:50:35 "POST /collect HTTP/1.1" 200 -
23:50:35 "POST /join HTTP/1.1" 200 -
23:50:35 "POST /collect HTTP/1.1" 200 -
23:50:35 "GET /roster HTTP/1.1" 200 -
23:50:35 "POST /join HTTP/1.1" 200 -
23:50:35 "POST /collect HTTP/1.1" 200 -
23:50:35 "POST /collect HTTP/1.1" 200 -
23:50:35 "POST /collect HTTP/1.1" 200 -
23:50:35 "POST /join HTTP/1.1" 200 -
23:50:35 "POST /collect HTTP/1.1" 200 -
23:50:35 "POST /join HTTP/1.1" 200 -
23:50:35 "POST /collect HTTP/1.1" 200 -
23:50:35 "GET /roster HTTP/1.1" 200 -
23:50:35 "POST /join HTTP/1.1" 200 -
23:50:35 "POST /collect HTTP/1.1" 200 -
23:50:35 "POST /join HTTP/1.1" 200 -
23:50:35 "POST /collect HTTP/1.1" 200 -
23:50:35 "POST /join HTTP/1.1" 200 -
23:50:35 "POST /collect HTTP/1.1" 200 -
23:50:36 CF POST /sessions/ddbfe5d81aa817e4c96b56a0dc3dfe64260aa3528fc83e383c480751cb7ac15a/tracks/new -> 200 (265 ms)
23:50:36 "POST /cf/sessions/ddbfe5d81aa817e4c96b56a0dc3dfe64260aa3528fc83e383c480751cb7ac15a/tracks/new HTTP/1.1" 200 -
23:50:36 CF POST /sessions/bdcda4009c18d01e06cb8115067435f7ceda3ef702f42eb18338283eaea3f515/tracks/new -> 200 (307 ms)
23:50:36 "POST /cf/sessions/bdcda4009c18d01e06cb8115067435f7ceda3ef702f42eb18338283eaea3f515/tracks/new HTTP/1.1" 200 -
23:50:36 CF PUT /sessions/bdcda4009c18d01e06cb8115067435f7ceda3ef702f42eb18338283eaea3f515/renegotiate -> 200 (154 ms)
23:50:36 "PUT /cf/sessions/bdcda4009c18d01e06cb8115067435f7ceda3ef702f42eb18338283eaea3f515/renegotiate HTTP/1.1" 200 -
23:50:36 "POST /collect HTTP/1.1" 200 -
23:50:36 CF PUT /sessions/ddbfe5d81aa817e4c96b56a0dc3dfe64260aa3528fc83e383c480751cb7ac15a/renegotiate -> 200 (185 ms)
23:50:36 "PUT /cf/sessions/ddbfe5d81aa817e4c96b56a0dc3dfe64260aa3528fc83e383c480751cb7ac15a/renegotiate HTTP/1.1" 200 -
23:50:36 "POST /collect HTTP/1.1" 200 -
23:50:36 "POST /collect HTTP/1.1" 200 -
23:50:36 CF POST /sessions/ddbfe5d81aa817e4c96b56a0dc3dfe64260aa3528fc83e383c480751cb7ac15a/tracks/new -> 200 (308 ms)
23:50:36 "POST /cf/sessions/ddbfe5d81aa817e4c96b56a0dc3dfe64260aa3528fc83e383c480751cb7ac15a/tracks/new HTTP/1.1" 200 -
23:50:36 CF PUT /sessions/ddbfe5d81aa817e4c96b56a0dc3dfe64260aa3528fc83e383c480751cb7ac15a/renegotiate -> 200 (162 ms)
23:50:36 "PUT /cf/sessions/ddbfe5d81aa817e4c96b56a0dc3dfe64260aa3528fc83e383c480751cb7ac15a/renegotiate HTTP/1.1" 200 -
23:50:36 "POST /collect HTTP/1.1" 200 -
23:50:36 "POST /collect HTTP/1.1" 200 -
23:50:37 CF POST /sessions/ddbfe5d81aa817e4c96b56a0dc3dfe64260aa3528fc83e383c480751cb7ac15a/tracks/new -> 200 (284 ms)
23:50:37 "POST /cf/sessions/ddbfe5d81aa817e4c96b56a0dc3dfe64260aa3528fc83e383c480751cb7ac15a/tracks/new HTTP/1.1" 200 -
23:50:37 CF PUT /sessions/ddbfe5d81aa817e4c96b56a0dc3dfe64260aa3528fc83e383c480751cb7ac15a/renegotiate -> 200 (156 ms)
23:50:37 "PUT /cf/sessions/ddbfe5d81aa817e4c96b56a0dc3dfe64260aa3528fc83e383c480751cb7ac15a/renegotiate HTTP/1.1" 200 -
23:50:37 "POST /collect HTTP/1.1" 200 -
23:50:37 "POST /collect HTTP/1.1" 200 -
23:50:37 CF POST /sessions/ddbfe5d81aa817e4c96b56a0dc3dfe64260aa3528fc83e383c480751cb7ac15a/tracks/new -> 200 (306 ms)
23:50:37 "POST /cf/sessions/ddbfe5d81aa817e4c96b56a0dc3dfe64260aa3528fc83e383c480751cb7ac15a/tracks/new HTTP/1.1" 200 -
23:50:37 CF PUT /sessions/ddbfe5d81aa817e4c96b56a0dc3dfe64260aa3528fc83e383c480751cb7ac15a/renegotiate -> 200 (159 ms)
23:50:37 "PUT /cf/sessions/ddbfe5d81aa817e4c96b56a0dc3dfe64260aa3528fc83e383c480751cb7ac15a/renegotiate HTTP/1.1" 200 -
23:50:37 "POST /collect HTTP/1.1" 200 -
23:50:37 "GET /roster HTTP/1.1" 200 -
23:50:37 "POST /collect HTTP/1.1" 200 -
23:50:37 "GET /roster HTTP/1.1" 200 -
23:50:37 "POST /collect HTTP/1.1" 200 -
23:50:37 "POST /collect HTTP/1.1" 200 -
23:50:38 CF POST /sessions/bdcda4009c18d01e06cb8115067435f7ceda3ef702f42eb18338283eaea3f515/tracks/new -> 200 (238 ms)
23:50:38 "POST /cf/sessions/bdcda4009c18d01e06cb8115067435f7ceda3ef702f42eb18338283eaea3f515/tracks/new HTTP/1.1" 200 -
23:50:38 CF POST /sessions/ddbfe5d81aa817e4c96b56a0dc3dfe64260aa3528fc83e383c480751cb7ac15a/tracks/new -> 200 (309 ms)
23:50:38 "POST /cf/sessions/ddbfe5d81aa817e4c96b56a0dc3dfe64260aa3528fc83e383c480751cb7ac15a/tracks/new HTTP/1.1" 200 -
23:50:38 CF PUT /sessions/bdcda4009c18d01e06cb8115067435f7ceda3ef702f42eb18338283eaea3f515/renegotiate -> 200 (162 ms)
23:50:38 "PUT /cf/sessions/bdcda4009c18d01e06cb8115067435f7ceda3ef702f42eb18338283eaea3f515/renegotiate HTTP/1.1" 200 -
23:50:38 "POST /collect HTTP/1.1" 200 -
23:50:38 CF PUT /sessions/ddbfe5d81aa817e4c96b56a0dc3dfe64260aa3528fc83e383c480751cb7ac15a/renegotiate -> 200 (142 ms)
23:50:38 "PUT /cf/sessions/ddbfe5d81aa817e4c96b56a0dc3dfe64260aa3528fc83e383c480751cb7ac15a/renegotiate HTTP/1.1" 200 -
23:50:38 "POST /collect HTTP/1.1" 200 -
23:50:38 CF POST /sessions/bdcda4009c18d01e06cb8115067435f7ceda3ef702f42eb18338283eaea3f515/tracks/new -> 200 (238 ms)
23:50:38 "POST /cf/sessions/bdcda4009c18d01e06cb8115067435f7ceda3ef702f42eb18338283eaea3f515/tracks/new HTTP/1.1" 200 -
23:50:38 "POST /collect HTTP/1.1" 200 -
23:50:38 CF POST /sessions/ddbfe5d81aa817e4c96b56a0dc3dfe64260aa3528fc83e383c480751cb7ac15a/tracks/new -> 200 (318 ms)
23:50:38 "POST /cf/sessions/ddbfe5d81aa817e4c96b56a0dc3dfe64260aa3528fc83e383c480751cb7ac15a/tracks/new HTTP/1.1" 200 -
23:50:38 CF PUT /sessions/bdcda4009c18d01e06cb8115067435f7ceda3ef702f42eb18338283eaea3f515/renegotiate -> 200 (172 ms)
23:50:38 "PUT /cf/sessions/bdcda4009c18d01e06cb8115067435f7ceda3ef702f42eb18338283eaea3f515/renegotiate HTTP/1.1" 200 -
23:50:38 "POST /collect HTTP/1.1" 200 -
23:50:38 "POST /collect HTTP/1.1" 200 -
23:50:38 CF PUT /sessions/ddbfe5d81aa817e4c96b56a0dc3dfe64260aa3528fc83e383c480751cb7ac15a/renegotiate -> 200 (149 ms)
23:50:38 "PUT /cf/sessions/ddbfe5d81aa817e4c96b56a0dc3dfe64260aa3528fc83e383c480751cb7ac15a/renegotiate HTTP/1.1" 200 -
23:50:38 "POST /collect HTTP/1.1" 200 -
23:50:38 "POST /collect HTTP/1.1" 200 -
23:50:38 "POST /collect HTTP/1.1" 200 -
23:50:38 "POST /collect HTTP/1.1" 200 -
23:50:38 "POST /collect HTTP/1.1" 200 -
23:50:38 "POST /collect HTTP/1.1" 200 -
23:50:38 CF POST /sessions/bdcda4009c18d01e06cb8115067435f7ceda3ef702f42eb18338283eaea3f515/tracks/new -> 200 (270 ms)
23:50:38 "POST /cf/sessions/bdcda4009c18d01e06cb8115067435f7ceda3ef702f42eb18338283eaea3f515/tracks/new HTTP/1.1" 200 -
23:50:38 "POST /collect HTTP/1.1" 200 -
23:50:39 CF PUT /sessions/bdcda4009c18d01e06cb8115067435f7ceda3ef702f42eb18338283eaea3f515/renegotiate -> 200 (141 ms)
23:50:39 "PUT /cf/sessions/bdcda4009c18d01e06cb8115067435f7ceda3ef702f42eb18338283eaea3f515/renegotiate HTTP/1.1" 200 -
23:50:39 "POST /collect HTTP/1.1" 200 -
23:50:39 CF POST /sessions/ddbfe5d81aa817e4c96b56a0dc3dfe64260aa3528fc83e383c480751cb7ac15a/tracks/new -> 200 (314 ms)
23:50:39 "POST /cf/sessions/ddbfe5d81aa817e4c96b56a0dc3dfe64260aa3528fc83e383c480751cb7ac15a/tracks/new HTTP/1.1" 200 -
23:50:39 CF PUT /sessions/ddbfe5d81aa817e4c96b56a0dc3dfe64260aa3528fc83e383c480751cb7ac15a/renegotiate -> 200 (178 ms)
23:50:39 "PUT /cf/sessions/ddbfe5d81aa817e4c96b56a0dc3dfe64260aa3528fc83e383c480751cb7ac15a/renegotiate HTTP/1.1" 200 -
23:50:39 "POST /collect HTTP/1.1" 200 -
23:50:39 CF POST /sessions/bdcda4009c18d01e06cb8115067435f7ceda3ef702f42eb18338283eaea3f515/tracks/new -> 200 (340 ms)
23:50:39 "POST /cf/sessions/bdcda4009c18d01e06cb8115067435f7ceda3ef702f42eb18338283eaea3f515/tracks/new HTTP/1.1" 200 -
23:50:39 "POST /collect HTTP/1.1" 200 -
23:50:39 CF PUT /sessions/bdcda4009c18d01e06cb8115067435f7ceda3ef702f42eb18338283eaea3f515/renegotiate -> 200 (151 ms)
23:50:39 "PUT /cf/sessions/bdcda4009c18d01e06cb8115067435f7ceda3ef702f42eb18338283eaea3f515/renegotiate HTTP/1.1" 200 -
23:50:39 "POST /collect HTTP/1.1" 200 -
23:50:39 "GET /roster HTTP/1.1" 200 -
23:50:39 "POST /collect HTTP/1.1" 200 -
23:50:39 CF POST /sessions/bdcda4009c18d01e06cb8115067435f7ceda3ef702f42eb18338283eaea3f515/tracks/new -> 200 (226 ms)
23:50:39 "POST /cf/sessions/bdcda4009c18d01e06cb8115067435f7ceda3ef702f42eb18338283eaea3f515/tracks/new HTTP/1.1" 200 -
23:50:39 "GET /roster HTTP/1.1" 200 -
23:50:39 "POST /collect HTTP/1.1" 200 -
23:50:39 "POST /collect HTTP/1.1" 200 -
23:50:39 CF PUT /sessions/bdcda4009c18d01e06cb8115067435f7ceda3ef702f42eb18338283eaea3f515/renegotiate -> 200 (149 ms)
23:50:39 "PUT /cf/sessions/bdcda4009c18d01e06cb8115067435f7ceda3ef702f42eb18338283eaea3f515/renegotiate HTTP/1.1" 200 -
23:50:39 "POST /collect HTTP/1.1" 200 -
23:50:40 CF POST /sessions/bdcda4009c18d01e06cb8115067435f7ceda3ef702f42eb18338283eaea3f515/tracks/new -> 200 (268 ms)
23:50:40 "POST /cf/sessions/bdcda4009c18d01e06cb8115067435f7ceda3ef702f42eb18338283eaea3f515/tracks/new HTTP/1.1" 200 -
23:50:40 CF PUT /sessions/bdcda4009c18d01e06cb8115067435f7ceda3ef702f42eb18338283eaea3f515/renegotiate -> 200 (171 ms)
23:50:40 "PUT /cf/sessions/bdcda4009c18d01e06cb8115067435f7ceda3ef702f42eb18338283eaea3f515/renegotiate HTTP/1.1" 200 -
23:50:40 "POST /collect HTTP/1.1" 200 -
23:50:40 "POST /collect HTTP/1.1" 200 -
23:50:40 "POST /collect HTTP/1.1" 200 -
23:50:41 "POST /collect HTTP/1.1" 200 -
23:50:41 "POST /collect HTTP/1.1" 200 -
23:50:41 "GET /roster HTTP/1.1" 200 -
23:50:41 "POST /collect HTTP/1.1" 200 -
23:50:41 "POST /collect HTTP/1.1" 200 -
23:50:41 "POST /collect HTTP/1.1" 200 -
23:50:41 "GET /roster HTTP/1.1" 200 -
23:50:41 "POST /collect HTTP/1.1" 200 -
23:50:41 "POST /collect HTTP/1.1" 200 -
23:50:41 "POST /collect HTTP/1.1" 200 -
23:50:41 "POST /collect HTTP/1.1" 200 -
23:50:41 "POST /collect HTTP/1.1" 200 -
23:50:42 "POST /collect HTTP/1.1" 200 -
23:50:42 "POST /collect HTTP/1.1" 200 -
23:50:42 "POST /collect HTTP/1.1" 200 -
23:50:43 "POST /collect HTTP/1.1" 200 -
23:50:43 "GET /roster HTTP/1.1" 200 -
23:50:43 "POST /collect HTTP/1.1" 200 -
23:50:43 "GET /roster HTTP/1.1" 200 -
23:50:43 "POST /collect HTTP/1.1" 200 -
23:50:43 "POST /collect HTTP/1.1" 200 -
23:50:44 "POST /collect HTTP/1.1" 200 -
23:50:44 "POST /collect HTTP/1.1" 200 -
23:50:44 "POST /collect HTTP/1.1" 200 -
23:50:44 "POST /collect HTTP/1.1" 200 -
23:50:44 "POST /collect HTTP/1.1" 200 -
23:50:44 "POST /collect HTTP/1.1" 200 -
23:50:44 "POST /collect HTTP/1.1" 200 -
23:50:44 "POST /collect HTTP/1.1" 200 -
23:50:45 "POST /collect HTTP/1.1" 200 -
23:50:45 "GET /roster HTTP/1.1" 200 -
23:50:45 "POST /collect HTTP/1.1" 200 -
23:50:45 "GET /roster HTTP/1.1" 200 -
23:50:45 "POST /collect HTTP/1.1" 200 -
23:50:45 "POST /collect HTTP/1.1" 200 -
23:50:46 "POST /collect HTTP/1.1" 200 -
23:50:46 "POST /collect HTTP/1.1" 200 -
23:50:47 "POST /collect HTTP/1.1" 200 -
23:50:47 "POST /collect HTTP/1.1" 200 -
23:50:47 "POST /collect HTTP/1.1" 200 -
23:50:47 "GET /roster HTTP/1.1" 200 -
23:50:47 "POST /collect HTTP/1.1" 200 -
23:50:47 "POST /collect HTTP/1.1" 200 -
23:50:47 "GET /roster HTTP/1.1" 200 -
23:50:47 "POST /collect HTTP/1.1" 200 -
23:50:47 "POST /collect HTTP/1.1" 200 -
23:50:47 "POST /collect HTTP/1.1" 200 -
23:50:47 "POST /collect HTTP/1.1" 200 -
23:50:47 "POST /collect HTTP/1.1" 200 -
23:50:47 "POST /collect HTTP/1.1" 200 -
23:50:48 "POST /collect HTTP/1.1" 200 -
23:50:48 "POST /collect HTTP/1.1" 200 -
23:50:49 "POST /collect HTTP/1.1" 200 -
23:50:49 "GET /roster HTTP/1.1" 200 -
23:50:49 "POST /collect HTTP/1.1" 200 -
23:50:49 "GET /roster HTTP/1.1" 200 -
23:50:49 "POST /collect HTTP/1.1" 200 -
23:50:49 "POST /collect HTTP/1.1" 200 -
23:50:50 "POST /collect HTTP/1.1" 200 -
23:50:50 "POST /collect HTTP/1.1" 200 -
23:50:50 "POST /collect HTTP/1.1" 200 -
23:50:50 "POST /collect HTTP/1.1" 200 -
23:50:50 "POST /collect HTTP/1.1" 200 -
23:50:50 "POST /collect HTTP/1.1" 200 -
23:50:50 "POST /collect HTTP/1.1" 200 -
23:50:50 "POST /collect HTTP/1.1" 200 -
23:50:51 "POST /collect HTTP/1.1" 200 -
23:50:51 "GET /roster HTTP/1.1" 200 -
23:50:51 "POST /collect HTTP/1.1" 200 -
23:50:51 "GET /roster HTTP/1.1" 200 -
23:50:51 "POST /collect HTTP/1.1" 200 -
23:50:51 "POST /collect HTTP/1.1" 200 -
23:50:52 "POST /collect HTTP/1.1" 200 -
23:50:52 "POST /collect HTTP/1.1" 200 -
23:50:53 "POST /collect HTTP/1.1" 200 -
23:50:53 "POST /collect HTTP/1.1" 200 -
23:50:53 "GET /roster HTTP/1.1" 200 -
23:50:53 "POST /collect HTTP/1.1" 200 -
23:50:53 "POST /collect HTTP/1.1" 200 -
23:50:53 "POST /collect HTTP/1.1" 200 -
23:50:53 "GET /roster HTTP/1.1" 200 -
23:50:53 "POST /collect HTTP/1.1" 200 -
23:50:53 "POST /collect HTTP/1.1" 200 -
23:50:53 "POST /collect HTTP/1.1" 200 -
23:50:53 "POST /collect HTTP/1.1" 200 -
23:50:53 "POST /collect HTTP/1.1" 200 -
23:50:54 "POST /collect HTTP/1.1" 200 -
23:50:54 "POST /collect HTTP/1.1" 200 -
23:50:55 "POST /collect HTTP/1.1" 200 -
23:50:55 "GET /roster HTTP/1.1" 200 -
23:50:55 "POST /collect HTTP/1.1" 200 -
23:50:55 "GET /roster HTTP/1.1" 200 -
23:50:55 "POST /collect HTTP/1.1" 200 -
23:50:55 "POST /collect HTTP/1.1" 200 -
23:50:56 "POST /collect HTTP/1.1" 200 -
23:50:56 "POST /collect HTTP/1.1" 200 -
23:50:56 "POST /collect HTTP/1.1" 200 -
23:50:56 "POST /collect HTTP/1.1" 200 -
23:50:56 "POST /collect HTTP/1.1" 200 -
23:50:56 "POST /collect HTTP/1.1" 200 -
23:50:56 "POST /collect HTTP/1.1" 200 -
23:50:56 "POST /collect HTTP/1.1" 200 -
23:50:57 "POST /collect HTTP/1.1" 200 -
23:50:57 "GET /roster HTTP/1.1" 200 -
23:50:57 "POST /collect HTTP/1.1" 200 -
23:50:57 "GET /roster HTTP/1.1" 200 -
23:50:57 "POST /collect HTTP/1.1" 200 -
23:50:57 "POST /collect HTTP/1.1" 200 -
23:50:58 "POST /collect HTTP/1.1" 200 -
23:50:58 "POST /collect HTTP/1.1" 200 -
23:50:59 "POST /collect HTTP/1.1" 200 -
23:50:59 "POST /collect HTTP/1.1" 200 -
23:50:59 "GET /roster HTTP/1.1" 200 -
23:50:59 "POST /collect HTTP/1.1" 200 -
23:50:59 "POST /collect HTTP/1.1" 200 -
23:50:59 "GET /roster HTTP/1.1" 200 -
23:50:59 "POST /collect HTTP/1.1" 200 -
23:50:59 "POST /collect HTTP/1.1" 200 -
23:50:59 "POST /collect HTTP/1.1" 200 -
23:50:59 "POST /collect HTTP/1.1" 200 -
23:50:59 "POST /collect HTTP/1.1" 200 -
23:50:59 "POST /collect HTTP/1.1" 200 -
23:51:00 "POST /collect HTTP/1.1" 200 -
23:51:00 "POST /collect HTTP/1.1" 200 -
23:51:01 "POST /collect HTTP/1.1" 200 -
23:51:01 "GET /roster HTTP/1.1" 200 -
23:51:01 "POST /collect HTTP/1.1" 200 -
23:51:01 "GET /roster HTTP/1.1" 200 -
23:51:01 "POST /collect HTTP/1.1" 200 -
23:51:01 "POST /collect HTTP/1.1" 200 -
23:51:02 "POST /collect HTTP/1.1" 200 -
23:51:02 "POST /collect HTTP/1.1" 200 -
23:51:02 "POST /collect HTTP/1.1" 200 -
23:51:02 "POST /collect HTTP/1.1" 200 -
23:51:02 "POST /collect HTTP/1.1" 200 -
23:51:02 "POST /collect HTTP/1.1" 200 -
23:51:02 "POST /collect HTTP/1.1" 200 -
23:51:02 "POST /collect HTTP/1.1" 200 -
23:51:02 "POST /collect HTTP/1.1" 200 -
23:51:03 "POST /collect HTTP/1.1" 200 -
23:51:03 "GET /roster HTTP/1.1" 200 -
23:51:03 "POST /collect HTTP/1.1" 200 -
23:51:03 "GET /roster HTTP/1.1" 200 -
23:51:03 "POST /collect HTTP/1.1" 200 -
23:51:03 "POST /collect HTTP/1.1" 200 -
23:51:04 "POST /collect HTTP/1.1" 200 -
23:51:04 "POST /collect HTTP/1.1" 200 -
23:51:05 "POST /collect HTTP/1.1" 200 -
23:51:05 "POST /collect HTTP/1.1" 200 -
23:51:05 "GET /roster HTTP/1.1" 200 -
23:51:05 "POST /collect HTTP/1.1" 200 -
23:51:05 "POST /collect HTTP/1.1" 200 -
23:51:05 "POST /collect HTTP/1.1" 200 -
23:51:05 "GET /roster HTTP/1.1" 200 -
23:51:05 "POST /collect HTTP/1.1" 200 -
23:51:05 "POST /collect HTTP/1.1" 200 -
23:51:05 "POST /collect HTTP/1.1" 200 -
23:51:05 "POST /collect HTTP/1.1" 200 -
23:51:05 "POST /collect HTTP/1.1" 200 -
23:51:06 "POST /collect HTTP/1.1" 200 -
23:51:06 "POST /collect HTTP/1.1" 200 -
23:51:07 "POST /collect HTTP/1.1" 200 -
23:51:07 "GET /roster HTTP/1.1" 200 -
23:51:07 "POST /collect HTTP/1.1" 200 -
23:51:07 "GET /roster HTTP/1.1" 200 -
23:51:07 "POST /collect HTTP/1.1" 200 -
23:51:07 "POST /collect HTTP/1.1" 200 -
23:51:08 "POST /collect HTTP/1.1" 200 -
23:51:08 "POST /collect HTTP/1.1" 200 -
23:51:08 "POST /collect HTTP/1.1" 200 -
23:51:08 "POST /collect HTTP/1.1" 200 -
23:51:08 "POST /collect HTTP/1.1" 200 -
23:51:08 "POST /collect HTTP/1.1" 200 -
23:51:08 "POST /collect HTTP/1.1" 200 -
23:51:08 "POST /collect HTTP/1.1" 200 -
23:51:09 "POST /collect HTTP/1.1" 200 -
23:51:09 "GET /roster HTTP/1.1" 200 -
23:51:09 "POST /collect HTTP/1.1" 200 -
23:51:09 "GET /roster HTTP/1.1" 200 -
23:51:09 "POST /collect HTTP/1.1" 200 -
23:51:09 "POST /collect HTTP/1.1" 200 -
23:51:10 "POST /collect HTTP/1.1" 200 -
23:51:10 "POST /collect HTTP/1.1" 200 -
23:51:11 "POST /collect HTTP/1.1" 200 -
23:51:11 "POST /collect HTTP/1.1" 200 -
23:51:11 "GET /roster HTTP/1.1" 200 -
23:51:11 "POST /collect HTTP/1.1" 200 -
23:51:11 "POST /collect HTTP/1.1" 200 -
23:51:11 "GET /roster HTTP/1.1" 200 -
23:51:11 "POST /collect HTTP/1.1" 200 -
23:51:11 "POST /collect HTTP/1.1" 200 -
23:51:11 "POST /collect HTTP/1.1" 200 -
23:51:11 "POST /collect HTTP/1.1" 200 -
23:51:11 "POST /collect HTTP/1.1" 200 -
23:51:11 "POST /collect HTTP/1.1" 200 -
23:51:12 "POST /collect HTTP/1.1" 200 -
23:51:12 "POST /collect HTTP/1.1" 200 -
23:51:13 "POST /collect HTTP/1.1" 200 -
23:51:13 "GET /roster HTTP/1.1" 200 -
23:51:13 "POST /collect HTTP/1.1" 200 -
23:51:13 "GET /roster HTTP/1.1" 200 -
23:51:13 "POST /collect HTTP/1.1" 200 -
23:51:13 "POST /collect HTTP/1.1" 200 -
23:51:14 "POST /collect HTTP/1.1" 200 -
23:51:14 "POST /collect HTTP/1.1" 200 -
23:51:14 "POST /collect HTTP/1.1" 200 -
23:51:14 "POST /collect HTTP/1.1" 200 -
23:51:14 "POST /collect HTTP/1.1" 200 -
23:51:14 "POST /collect HTTP/1.1" 200 -
23:51:14 "POST /collect HTTP/1.1" 200 -
23:51:14 "POST /collect HTTP/1.1" 200 -
23:51:15 "POST /collect HTTP/1.1" 200 -
23:51:15 "GET /roster HTTP/1.1" 200 -
23:51:15 "POST /collect HTTP/1.1" 200 -
23:51:15 "GET /roster HTTP/1.1" 200 -
23:51:15 "POST /collect HTTP/1.1" 200 -
23:51:15 "POST /collect HTTP/1.1" 200 -
23:51:16 "POST /collect HTTP/1.1" 200 -
23:51:16 "POST /collect HTTP/1.1" 200 -
23:51:17 "POST /collect HTTP/1.1" 200 -
23:51:17 "POST /collect HTTP/1.1" 200 -
23:51:17 "GET /roster HTTP/1.1" 200 -
23:51:17 "POST /collect HTTP/1.1" 200 -
23:51:17 "POST /collect HTTP/1.1" 200 -
23:51:17 "POST /collect HTTP/1.1" 200 -
23:51:17 "GET /roster HTTP/1.1" 200 -
23:51:17 "POST /collect HTTP/1.1" 200 -
23:51:17 "POST /collect HTTP/1.1" 200 -
23:51:17 "POST /collect HTTP/1.1" 200 -
23:51:17 "POST /collect HTTP/1.1" 200 -
23:51:17 "POST /collect HTTP/1.1" 200 -
23:51:17 "POST /collect HTTP/1.1" 200 -
23:51:18 "POST /collect HTTP/1.1" 200 -
23:51:18 "POST /collect HTTP/1.1" 200 -
23:51:19 "POST /collect HTTP/1.1" 200 -
23:51:19 "GET /roster HTTP/1.1" 200 -
23:51:19 "POST /collect HTTP/1.1" 200 -
23:51:19 "GET /roster HTTP/1.1" 200 -
23:51:19 "POST /collect HTTP/1.1" 200 -
23:51:19 "POST /collect HTTP/1.1" 200 -
23:51:20 "POST /collect HTTP/1.1" 200 -
23:51:20 "POST /collect HTTP/1.1" 200 -
23:51:20 "POST /collect HTTP/1.1" 200 -
23:51:20 "POST /collect HTTP/1.1" 200 -
23:51:20 "POST /collect HTTP/1.1" 200 -
23:51:20 "POST /collect HTTP/1.1" 200 -
23:51:20 "POST /collect HTTP/1.1" 200 -
23:51:20 "POST /collect HTTP/1.1" 200 -
23:51:21 "POST /collect HTTP/1.1" 200 -
23:51:21 "GET /roster HTTP/1.1" 200 -
23:51:21 "POST /collect HTTP/1.1" 200 -
23:51:21 "GET /roster HTTP/1.1" 200 -
23:51:21 "POST /collect HTTP/1.1" 200 -
23:51:21 "POST /collect HTTP/1.1" 200 -
23:51:22 "POST /collect HTTP/1.1" 200 -
23:51:22 "POST /collect HTTP/1.1" 200 -
23:51:23 "POST /collect HTTP/1.1" 200 -
23:51:23 "POST /collect HTTP/1.1" 200 -
23:51:23 "GET /roster HTTP/1.1" 200 -
23:51:23 "POST /collect HTTP/1.1" 200 -
23:51:23 "POST /collect HTTP/1.1" 200 -
23:51:23 "GET /roster HTTP/1.1" 200 -
23:51:23 "POST /collect HTTP/1.1" 200 -
23:51:23 "POST /collect HTTP/1.1" 200 -
23:51:23 "POST /collect HTTP/1.1" 200 -
23:51:23 "POST /collect HTTP/1.1" 200 -
23:51:23 "POST /collect HTTP/1.1" 200 -
23:51:23 "POST /collect HTTP/1.1" 200 -
23:51:24 "POST /collect HTTP/1.1" 200 -
23:51:24 "POST /collect HTTP/1.1" 200 -
23:51:25 "POST /collect HTTP/1.1" 200 -
23:51:25 "GET /roster HTTP/1.1" 200 -
23:51:25 "POST /collect HTTP/1.1" 200 -
23:51:25 "GET /roster HTTP/1.1" 200 -
23:51:25 "POST /collect HTTP/1.1" 200 -
23:51:25 "POST /collect HTTP/1.1" 200 -
23:51:26 "POST /collect HTTP/1.1" 200 -
23:51:26 "POST /collect HTTP/1.1" 200 -
23:51:26 "POST /collect HTTP/1.1" 200 -
23:51:26 "POST /collect HTTP/1.1" 200 -
23:51:26 "POST /collect HTTP/1.1" 200 -
23:51:26 "POST /collect HTTP/1.1" 200 -
23:51:26 "POST /collect HTTP/1.1" 200 -
23:51:26 "POST /collect HTTP/1.1" 200 -
23:51:27 "POST /collect HTTP/1.1" 200 -
23:51:27 "GET /roster HTTP/1.1" 200 -
23:51:27 "POST /collect HTTP/1.1" 200 -
23:51:27 "GET /roster HTTP/1.1" 200 -
23:51:27 "POST /collect HTTP/1.1" 200 -
23:51:27 "POST /collect HTTP/1.1" 200 -
23:51:28 "POST /collect HTTP/1.1" 200 -
23:51:28 "POST /collect HTTP/1.1" 200 -
23:51:29 "POST /collect HTTP/1.1" 200 -
23:51:29 "POST /collect HTTP/1.1" 200 -
23:51:29 "GET /roster HTTP/1.1" 200 -
23:51:29 "POST /collect HTTP/1.1" 200 -
23:51:29 "POST /collect HTTP/1.1" 200 -
23:51:29 "GET /roster HTTP/1.1" 200 -
23:51:29 "POST /collect HTTP/1.1" 200 -
23:51:29 "POST /collect HTTP/1.1" 200 -
23:51:29 "POST /collect HTTP/1.1" 200 -
23:51:29 "POST /collect HTTP/1.1" 200 -
23:51:29 "POST /collect HTTP/1.1" 200 -
23:51:29 "POST /collect HTTP/1.1" 200 -
23:51:30 "POST /collect HTTP/1.1" 200 -
23:51:30 "POST /collect HTTP/1.1" 200 -
23:51:31 "POST /collect HTTP/1.1" 200 -
23:51:31 "GET /roster HTTP/1.1" 200 -
23:51:31 "POST /collect HTTP/1.1" 200 -
23:51:31 "GET /roster HTTP/1.1" 200 -
23:51:31 "POST /collect HTTP/1.1" 200 -
23:51:31 "POST /collect HTTP/1.1" 200 -
23:51:32 "POST /collect HTTP/1.1" 200 -
23:51:32 "POST /collect HTTP/1.1" 200 -
23:51:32 "POST /collect HTTP/1.1" 200 -
23:51:32 "POST /collect HTTP/1.1" 200 -
23:51:32 "POST /collect HTTP/1.1" 200 -
23:51:32 "POST /collect HTTP/1.1" 200 -
23:51:32 "POST /collect HTTP/1.1" 200 -
23:51:32 "POST /collect HTTP/1.1" 200 -
23:51:32 "POST /collect HTTP/1.1" 200 -
23:51:33 "POST /collect HTTP/1.1" 200 -
23:51:33 "GET /roster HTTP/1.1" 200 -
23:51:33 "POST /collect HTTP/1.1" 200 -
23:51:33 "GET /roster HTTP/1.1" 200 -
23:51:33 "POST /collect HTTP/1.1" 200 -
23:51:33 "POST /collect HTTP/1.1" 200 -
23:51:34 "POST /collect HTTP/1.1" 200 -
23:51:34 "POST /collect HTTP/1.1" 200 -
23:51:35 "POST /collect HTTP/1.1" 200 -
23:51:35 "POST /collect HTTP/1.1" 200 -
23:51:35 "GET /roster HTTP/1.1" 200 -
23:51:35 "POST /collect HTTP/1.1" 200 -
23:51:35 "POST /collect HTTP/1.1" 200 -
23:51:35 "POST /collect HTTP/1.1" 200 -
23:51:35 "GET /roster HTTP/1.1" 200 -
23:51:35 "POST /collect HTTP/1.1" 200 -
23:51:35 "POST /collect HTTP/1.1" 200 -
23:51:35 "POST /collect HTTP/1.1" 200 -
23:51:35 "POST /collect HTTP/1.1" 200 -
23:51:35 "POST /collect HTTP/1.1" 200 -
23:51:36 "POST /collect HTTP/1.1" 200 -
23:51:36 "POST /collect HTTP/1.1" 200 -
23:51:37 "POST /collect HTTP/1.1" 200 -
23:51:37 "GET /roster HTTP/1.1" 200 -
23:51:37 "POST /collect HTTP/1.1" 200 -
23:51:37 "GET /roster HTTP/1.1" 200 -
23:51:37 "POST /collect HTTP/1.1" 200 -
23:51:37 "POST /collect HTTP/1.1" 200 -
23:51:38 "POST /collect HTTP/1.1" 200 -
23:51:38 "POST /collect HTTP/1.1" 200 -
23:51:38 "POST /collect HTTP/1.1" 200 -
23:51:38 "POST /collect HTTP/1.1" 200 -
23:51:38 "POST /collect HTTP/1.1" 200 -
23:51:38 "POST /collect HTTP/1.1" 200 -
23:51:38 "POST /collect HTTP/1.1" 200 -
23:51:38 "POST /collect HTTP/1.1" 200 -
23:51:39 "POST /collect HTTP/1.1" 200 -
23:51:39 "GET /roster HTTP/1.1" 200 -
23:51:39 "POST /collect HTTP/1.1" 200 -
23:51:39 "GET /roster HTTP/1.1" 200 -
23:51:39 "POST /collect HTTP/1.1" 200 -
23:51:39 "POST /collect HTTP/1.1" 200 -
23:51:40 "POST /collect HTTP/1.1" 200 -
23:51:40 "POST /collect HTTP/1.1" 200 -
23:51:41 "POST /collect HTTP/1.1" 200 -
23:51:41 "POST /collect HTTP/1.1" 200 -
23:51:41 "GET /roster HTTP/1.1" 200 -
23:51:41 "POST /collect HTTP/1.1" 200 -
23:51:41 "POST /collect HTTP/1.1" 200 -
23:51:41 "POST /collect HTTP/1.1" 200 -
23:51:41 "GET /roster HTTP/1.1" 200 -
23:51:41 "POST /collect HTTP/1.1" 200 -
23:51:41 "POST /collect HTTP/1.1" 200 -
23:51:41 "POST /collect HTTP/1.1" 200 -
23:51:41 "POST /collect HTTP/1.1" 200 -
23:51:41 "POST /collect HTTP/1.1" 200 -
23:51:42 "POST /collect HTTP/1.1" 200 -
23:51:42 "POST /collect HTTP/1.1" 200 -
23:51:43 "POST /collect HTTP/1.1" 200 -
23:51:43 "GET /roster HTTP/1.1" 200 -
23:51:43 "POST /collect HTTP/1.1" 200 -
23:51:43 "GET /roster HTTP/1.1" 200 -
23:51:43 "POST /collect HTTP/1.1" 200 -
23:51:43 "POST /collect HTTP/1.1" 200 -
23:51:44 "POST /collect HTTP/1.1" 200 -
23:51:44 "POST /collect HTTP/1.1" 200 -
23:51:44 "POST /collect HTTP/1.1" 200 -
23:51:44 "POST /collect HTTP/1.1" 200 -
23:51:44 "POST /collect HTTP/1.1" 200 -
23:51:44 "POST /collect HTTP/1.1" 200 -
23:51:44 "POST /collect HTTP/1.1" 200 -
23:51:44 "POST /collect HTTP/1.1" 200 -
23:51:45 "POST /collect HTTP/1.1" 200 -
23:51:45 "GET /roster HTTP/1.1" 200 -
23:51:45 "POST /collect HTTP/1.1" 200 -
23:51:45 "GET /roster HTTP/1.1" 200 -
23:51:45 "POST /collect HTTP/1.1" 200 -
23:51:45 "POST /collect HTTP/1.1" 200 -
23:51:46 "POST /collect HTTP/1.1" 200 -
23:51:46 "POST /collect HTTP/1.1" 200 -
23:51:47 "POST /collect HTTP/1.1" 200 -
23:51:47 "POST /collect HTTP/1.1" 200 -
23:51:47 "GET /roster HTTP/1.1" 200 -
23:51:47 "POST /collect HTTP/1.1" 200 -
23:51:47 "POST /collect HTTP/1.1" 200 -
23:51:47 "GET /roster HTTP/1.1" 200 -
23:51:47 "POST /collect HTTP/1.1" 200 -
23:51:47 "POST /collect HTTP/1.1" 200 -
23:51:47 "POST /collect HTTP/1.1" 200 -
23:51:47 "POST /collect HTTP/1.1" 200 -
23:51:47 "POST /collect HTTP/1.1" 200 -
23:51:47 "POST /collect HTTP/1.1" 200 -
23:51:48 "POST /collect HTTP/1.1" 200 -
23:51:48 "POST /collect HTTP/1.1" 200 -
23:51:48 "POST /collect HTTP/1.1" 200 -
23:51:49 "POST /collect HTTP/1.1" 200 -
23:51:49 "GET /roster HTTP/1.1" 200 -
23:51:49 "POST /collect HTTP/1.1" 200 -
23:51:49 "GET /roster HTTP/1.1" 200 -
23:51:49 "POST /collect HTTP/1.1" 200 -
23:51:49 "POST /collect HTTP/1.1" 200 -
23:51:50 "POST /collect HTTP/1.1" 200 -
23:51:50 "POST /collect HTTP/1.1" 200 -
23:51:50 "POST /collect HTTP/1.1" 200 -
23:51:50 "POST /collect HTTP/1.1" 200 -
23:51:50 "POST /collect HTTP/1.1" 200 -
23:51:50 "POST /collect HTTP/1.1" 200 -
23:51:50 "POST /collect HTTP/1.1" 200 -
23:51:50 "POST /collect HTTP/1.1" 200 -
23:51:51 "POST /collect HTTP/1.1" 200 -
23:51:51 "GET /roster HTTP/1.1" 200 -
23:51:51 "POST /collect HTTP/1.1" 200 -
23:51:51 "GET /roster HTTP/1.1" 200 -
23:51:51 "POST /collect HTTP/1.1" 200 -
23:51:51 "POST /collect HTTP/1.1" 200 -
23:51:52 "POST /collect HTTP/1.1" 200 -
23:51:52 "POST /collect HTTP/1.1" 200 -
23:51:53 "POST /collect HTTP/1.1" 200 -
23:51:53 "POST /collect HTTP/1.1" 200 -
23:51:53 "GET /roster HTTP/1.1" 200 -
23:51:53 "POST /collect HTTP/1.1" 200 -
23:51:53 "POST /collect HTTP/1.1" 200 -
23:51:53 "POST /collect HTTP/1.1" 200 -
23:51:53 "GET /roster HTTP/1.1" 200 -
23:51:53 "POST /collect HTTP/1.1" 200 -
23:51:53 "POST /collect HTTP/1.1" 200 -
23:51:53 "POST /collect HTTP/1.1" 200 -
23:51:53 "POST /collect HTTP/1.1" 200 -
23:51:53 "POST /collect HTTP/1.1" 200 -
23:51:54 "POST /collect HTTP/1.1" 200 -
23:51:54 "POST /collect HTTP/1.1" 200 -
23:51:55 "POST /collect HTTP/1.1" 200 -
23:51:55 "GET /roster HTTP/1.1" 200 -
23:51:55 "POST /collect HTTP/1.1" 200 -
23:51:55 "GET /roster HTTP/1.1" 200 -
23:51:55 "POST /collect HTTP/1.1" 200 -
23:51:55 "POST /collect HTTP/1.1" 200 -
23:51:56 "POST /collect HTTP/1.1" 200 -
23:51:56 "POST /collect HTTP/1.1" 200 -
23:51:56 "POST /collect HTTP/1.1" 200 -
23:51:56 "POST /collect HTTP/1.1" 200 -
23:51:56 "POST /collect HTTP/1.1" 200 -
23:51:56 "POST /collect HTTP/1.1" 200 -
23:51:56 "POST /collect HTTP/1.1" 200 -
23:51:56 "POST /collect HTTP/1.1" 200 -
23:51:57 "POST /collect HTTP/1.1" 200 -
23:51:57 "GET /roster HTTP/1.1" 200 -
23:51:57 "POST /collect HTTP/1.1" 200 -
23:51:57 "GET /roster HTTP/1.1" 200 -
23:51:57 "POST /collect HTTP/1.1" 200 -
23:51:57 "POST /collect HTTP/1.1" 200 -
23:51:58 "POST /collect HTTP/1.1" 200 -
23:51:58 "POST /collect HTTP/1.1" 200 -
23:51:59 "POST /collect HTTP/1.1" 200 -
23:51:59 "POST /collect HTTP/1.1" 200 -
23:51:59 "GET /roster HTTP/1.1" 200 -
23:51:59 "POST /collect HTTP/1.1" 200 -
23:51:59 "POST /collect HTTP/1.1" 200 -
23:51:59 "GET /roster HTTP/1.1" 200 -
23:51:59 "POST /collect HTTP/1.1" 200 -
23:51:59 "POST /collect HTTP/1.1" 200 -
23:51:59 "POST /collect HTTP/1.1" 200 -
23:51:59 "POST /collect HTTP/1.1" 200 -
23:51:59 "POST /collect HTTP/1.1" 200 -
23:51:59 "POST /collect HTTP/1.1" 200 -
23:52:00 "POST /collect HTTP/1.1" 200 -
23:52:00 "POST /collect HTTP/1.1" 200 -
23:52:01 "POST /collect HTTP/1.1" 200 -
23:52:01 "GET /roster HTTP/1.1" 200 -
23:52:01 "POST /collect HTTP/1.1" 200 -
23:52:01 "GET /roster HTTP/1.1" 200 -
23:52:01 "POST /collect HTTP/1.1" 200 -
23:52:01 "POST /collect HTTP/1.1" 200 -
23:52:02 "POST /collect HTTP/1.1" 200 -
23:52:02 "POST /collect HTTP/1.1" 200 -
23:52:02 "POST /collect HTTP/1.1" 200 -
23:52:02 "POST /collect HTTP/1.1" 200 -
23:52:02 "POST /collect HTTP/1.1" 200 -
23:52:02 "POST /collect HTTP/1.1" 200 -
23:52:02 "POST /collect HTTP/1.1" 200 -
23:52:02 "POST /collect HTTP/1.1" 200 -
23:52:03 "POST /collect HTTP/1.1" 200 -
23:52:03 "POST /collect HTTP/1.1" 200 -
23:52:03 "GET /roster HTTP/1.1" 200 -
23:52:03 "POST /collect HTTP/1.1" 200 -
23:52:03 "GET /roster HTTP/1.1" 200 -
23:52:03 "POST /collect HTTP/1.1" 200 -
23:52:03 "POST /collect HTTP/1.1" 200 -
23:52:04 "POST /collect HTTP/1.1" 200 -
23:52:04 "POST /collect HTTP/1.1" 200 -
23:52:05 "POST /collect HTTP/1.1" 200 -
23:52:05 "POST /collect HTTP/1.1" 200 -
23:52:05 "GET /roster HTTP/1.1" 200 -
23:52:05 "POST /collect HTTP/1.1" 200 -
23:52:05 "POST /collect HTTP/1.1" 200 -
23:52:05 "POST /collect HTTP/1.1" 200 -
23:52:05 "GET /roster HTTP/1.1" 200 -
23:52:05 "POST /collect HTTP/1.1" 200 -
23:52:05 "POST /collect HTTP/1.1" 200 -
23:52:05 "POST /collect HTTP/1.1" 200 -
23:52:05 "POST /collect HTTP/1.1" 200 -
23:52:05 "POST /collect HTTP/1.1" 200 -
23:52:06 "POST /collect HTTP/1.1" 200 -
23:52:06 "POST /collect HTTP/1.1" 200 -
23:52:07 "POST /collect HTTP/1.1" 200 -
23:52:07 "GET /roster HTTP/1.1" 200 -
23:52:07 "POST /collect HTTP/1.1" 200 -
23:52:07 "GET /roster HTTP/1.1" 200 -
23:52:07 "POST /collect HTTP/1.1" 200 -
23:52:07 "POST /collect HTTP/1.1" 200 -
23:52:08 "POST /collect HTTP/1.1" 200 -
23:52:08 "POST /collect HTTP/1.1" 200 -
23:52:08 "POST /collect HTTP/1.1" 200 -
23:52:08 "POST /collect HTTP/1.1" 200 -
23:52:08 "POST /collect HTTP/1.1" 200 -
23:52:08 "POST /collect HTTP/1.1" 200 -
23:52:08 "POST /collect HTTP/1.1" 200 -
23:52:08 "POST /collect HTTP/1.1" 200 -
23:52:09 "POST /collect HTTP/1.1" 200 -
23:52:09 "GET /roster HTTP/1.1" 200 -
23:52:09 "POST /collect HTTP/1.1" 200 -
23:52:09 "GET /roster HTTP/1.1" 200 -
23:52:09 "POST /collect HTTP/1.1" 200 -
23:52:09 "POST /collect HTTP/1.1" 200 -
23:52:10 "POST /collect HTTP/1.1" 200 -
23:52:10 "POST /collect HTTP/1.1" 200 -
23:52:11 "POST /collect HTTP/1.1" 200 -
23:52:11 "POST /collect HTTP/1.1" 200 -
23:52:11 "POST /collect HTTP/1.1" 200 -
23:52:11 "GET /roster HTTP/1.1" 200 -
23:52:11 "POST /collect HTTP/1.1" 200 -
23:52:11 "GET /roster HTTP/1.1" 200 -
23:52:11 "POST /collect HTTP/1.1" 200 -
23:52:11 "POST /collect HTTP/1.1" 200 -
23:52:11 "POST /collect HTTP/1.1" 200 -
23:52:11 "POST /collect HTTP/1.1" 200 -
23:52:11 "POST /collect HTTP/1.1" 200 -
23:52:11 "POST /collect HTTP/1.1" 200 -
23:52:12 "POST /collect HTTP/1.1" 200 -
23:52:12 "POST /collect HTTP/1.1" 200 -
23:52:13 "POST /collect HTTP/1.1" 200 -
23:52:13 "POST /collect HTTP/1.1" 200 -
23:52:13 "GET /roster HTTP/1.1" 200 -
23:52:13 "POST /collect HTTP/1.1" 200 -
23:52:13 "GET /roster HTTP/1.1" 200 -
23:52:13 "POST /collect HTTP/1.1" 200 -
23:52:13 "POST /collect HTTP/1.1" 200 -
23:52:14 "POST /collect HTTP/1.1" 200 -
23:52:14 "POST /collect HTTP/1.1" 200 -
23:52:14 "POST /collect HTTP/1.1" 200 -
23:52:14 "POST /collect HTTP/1.1" 200 -
23:52:14 "POST /collect HTTP/1.1" 200 -
23:52:14 "POST /collect HTTP/1.1" 200 -
23:52:14 "POST /collect HTTP/1.1" 200 -
