05:25:09.174 [score] score "elektron demo score — phase 3c cue-driven choreography" -> room score-show, 19 events, t0=2026-08-26T05:25:31.102Z
05:25:09.379 [score] joined room score-show; firing setup cast (8 actions), t0 in 21.7s
05:25:41.103 [score] FIRE e01-spotlight-W (spotlight from the crowd (wall->featured)) drift +0 ms
05:26:01.103 [score] FIRE e02-rotate (advance the live page) drift +1 ms
05:26:16.103 [score] FIRE e03-swap-spotlight (demote W, spotlight Y) drift +0 ms
05:26:31.103 [score] FIRE e04-wave1-1 (grid wave: full crowd sweep) drift +1 ms
05:26:41.103 [score] FIRE e05-wave1-2 (cue) drift +0 ms
05:26:51.103 [score] FIRE e06-wave1-3 (cue) drift +1 ms
05:27:01.103 [score] FIRE e07-wave1-4 (cue) drift +0 ms
05:27:11.103 [score] FIRE e08-wave1-5 (cue) drift +0 ms
05:27:21.102 [score] FIRE e09-wave1-6 (cue) drift +0 ms
05:27:31.103 [score] FIRE e10-duet (duet: two from the live tier join the stage) drift +1 ms
05:28:01.103 [score] FIRE e11-solo (back to solo) drift +1 ms
05:28:31.103 [score] FIRE e12-reset (stage back to the two performers) drift +0 ms
05:28:41.103 [score] FIRE e13-wave2-1 (second sweep) drift +1 ms
05:28:51.103 [score] FIRE e14-wave2-2 (cue) drift +0 ms
05:29:01.103 [score] FIRE e15-wave2-3 (cue) drift +0 ms
05:29:11.103 [score] FIRE e16-wave2-4 (cue) drift +1 ms
05:29:31.103 [score] FIRE e17-spotlight-X (final bow from the crowd) drift +1 ms
05:30:01.103 [score] FIRE e18-farewell (demote) drift +1 ms
05:30:16.102 [score] FIRE e19-curtain (pure cue: propagation only, no visual) drift +0 ms
05:30:31.104 [score] score complete; 0 unmatched echoes
