05:32:16.944 [score] score "elektron demo score — phase 3c cue-driven choreography" -> room score-show, 19 events, t0=2026-08-26T05:32:38.869Z
05:32:17.171 [score] joined room score-show; firing setup cast (8 actions), t0 in 21.7s
05:32:48.870 [score] FIRE e01-spotlight-W (spotlight from the crowd (wall->featured)) drift +0 ms
05:33:08.869 [score] FIRE e02-rotate (advance the live page) drift +0 ms
05:33:23.870 [score] FIRE e03-swap-spotlight (demote W, spotlight Y) drift +0 ms
05:33:38.870 [score] FIRE e04-wave1-1 (grid wave: full crowd sweep) drift +0 ms
05:33:48.870 [score] FIRE e05-wave1-2 (cue) drift +0 ms
05:33:58.870 [score] FIRE e06-wave1-3 (cue) drift +0 ms
05:34:08.870 [score] FIRE e07-wave1-4 (cue) drift +0 ms
05:34:18.870 [score] FIRE e08-wave1-5 (cue) drift +1 ms
05:34:28.870 [score] FIRE e09-wave1-6 (cue) drift +1 ms
05:34:38.870 [score] FIRE e10-duet (duet: two from the live tier join the stage) drift +0 ms
05:35:08.870 [score] FIRE e11-solo (back to solo) drift +1 ms
05:35:38.870 [score] FIRE e12-reset (stage back to the two performers) drift +1 ms
05:35:48.870 [score] FIRE e13-wave2-1 (second sweep) drift +0 ms
05:35:58.869 [score] FIRE e14-wave2-2 (cue) drift +0 ms
05:36:08.869 [score] FIRE e15-wave2-3 (cue) drift +0 ms
05:36:18.870 [score] FIRE e16-wave2-4 (cue) drift +1 ms
05:36:38.869 [score] FIRE e17-spotlight-X (final bow from the crowd) drift +0 ms
05:37:08.869 [score] FIRE e18-farewell (demote) drift +0 ms
05:37:23.870 [score] FIRE e19-curtain (pure cue: propagation only, no visual) drift +0 ms
05:37:38.871 [score] score complete; 0 unmatched echoes
