05:18:09.690 [score] score "elektron demo score — phase 3c cue-driven choreography" -> room score-show, 19 events, t0=2026-08-26T05:18:31.604Z
05:18:09.908 [score] joined room score-show; firing setup cast (8 actions), t0 in 21.7s
05:18:41.605 [score] FIRE e01-spotlight-W (spotlight from the crowd (wall->featured)) drift +1 ms
05:19:01.605 [score] FIRE e02-rotate (advance the live page) drift +1 ms
05:19:16.605 [score] FIRE e03-swap-spotlight (demote W, spotlight Y) drift +0 ms
05:19:31.605 [score] FIRE e04-wave1-1 (grid wave: full crowd sweep) drift +0 ms
05:19:41.606 [score] FIRE e05-wave1-2 (cue) drift +0 ms
05:19:51.605 [score] FIRE e06-wave1-3 (cue) drift +1 ms
05:20:01.604 [score] FIRE e07-wave1-4 (cue) drift +0 ms
05:20:11.604 [score] FIRE e08-wave1-5 (cue) drift +0 ms
05:20:21.605 [score] FIRE e09-wave1-6 (cue) drift +0 ms
05:20:31.604 [score] FIRE e10-duet (duet: two from the live tier join the stage) drift +0 ms
05:21:01.605 [score] FIRE e11-solo (back to solo) drift +0 ms
05:21:31.605 [score] FIRE e12-reset (stage back to the two performers) drift +1 ms
05:21:41.605 [score] FIRE e13-wave2-1 (second sweep) drift +0 ms
05:21:51.604 [score] FIRE e14-wave2-2 (cue) drift +0 ms
05:22:01.605 [score] FIRE e15-wave2-3 (cue) drift +0 ms
05:22:11.605 [score] FIRE e16-wave2-4 (cue) drift +0 ms
05:22:31.605 [score] FIRE e17-spotlight-X (final bow from the crowd) drift +0 ms
05:23:01.605 [score] FIRE e18-farewell (demote) drift +0 ms
05:23:16.605 [score] FIRE e19-curtain (pure cue: propagation only, no visual) drift +1 ms
05:23:31.606 [score] score complete; 0 unmatched echoes
