Trying to load the allocator multiple times. This is *not* supported.
[50395:764852:0826/092008.067034:ERROR:google_apis/gcm/engine/registration_request.cc:291] Registration response error message: DEPRECATED_ENDPOINT
Created TensorFlow Lite XNNPACK delegate for CPU.
[50471:765928:0826/092024.600509:VERBOSE1:chrome/updater/updater.cc:374] Version: 152.0.7933.0, opt, ARM_64, command line: /Users/s32863/Library/Application Support/Google/GoogleUpdater/152.0.7933.0/GoogleUpdater.app/Contents/MacOS/GoogleUpdater --wake-all --enable-logging --vmodule=*/components/update_client/*=2,*/chrome/enterprise_companion/*=2,*/chrome/updater/*=2
[50471:765928:0826/092024.601969:VERBOSE1:chrome/updater/updater.cc:377] OS version: 26.6.2, arch: arm64, System uptime (seconds): 41290, parent pid: 50395
[50471:765928:0826/092024.606203:VERBOSE1:chrome/updater/updater.cc:382] Available disk space in install directory (/Users/s32863/Library/Application Support/Google/GoogleUpdater): 22983901184B (21.405GiB) / 494384795648B (460.432GiB)
[50471:765928:0826/092024.606230:VERBOSE1:chrome/updater/updater.cc:386] Available disk space in temporary directory (/var/folders/b2/thzz8sln00l74dgk6vtnfhjm0000gn/T/): 22983901184B (21.405GiB) / 494384795648B (460.432GiB)
[50471:765928:0826/092024.606343:VERBOSE2:chrome/updater/event_history.cc:265] Emitted a UPDATER_PROCESS START event to the history log
[50473:765934:0826/092024.621429:VERBOSE1:chrome/updater/updater.cc:374] Version: 152.0.7933.0, opt, ARM_64, command line: /Users/s32863/Library/Application Support/Google/GoogleUpdater/152.0.7933.0/GoogleUpdater.app/Contents/MacOS/GoogleUpdater --crash-handler --database=/Users/s32863/Library/Application Support/Google/GoogleUpdater/152.0.7933.0/Crashpad --url=https://clients2.google.com/cr/report --annotation=prod=Update4 --annotation=ver=152.0.7933.0 --handshake-fd=6 --enable-logging --vmodule=*/components/update_client/*=2,*/chrome/enterprise_companion/*=2,*/chrome/updater/*=2
[50473:765934:0826/092024.622425:VERBOSE1:chrome/updater/updater.cc:377] OS version: 26.6.2, arch: arm64, System uptime (seconds): 41290, parent pid: 1
[50473:765934:0826/092024.625377:VERBOSE1:chrome/updater/updater.cc:382] Available disk space in install directory (/Users/s32863/Library/Application Support/Google/GoogleUpdater): 22983897088B (21.405GiB) / 494384795648B (460.432GiB)
[50473:765934:0826/092024.625395:VERBOSE1:chrome/updater/updater.cc:386] Available disk space in temporary directory (/var/folders/b2/thzz8sln00l74dgk6vtnfhjm0000gn/T/): 22983897088B (21.405GiB) / 494384795648B (460.432GiB)
[50473:765934:0826/092024.625480:VERBOSE2:chrome/updater/event_history.cc:265] Emitted a UPDATER_PROCESS START event to the history log
[50471:765928:0826/092024.626141:VERBOSE1:chrome/updater/crash_reporter.cc:124] Crash handler launched and ready.
[50471:765928:0826/092024.627332:VERBOSE1:chrome/updater/crash_client.cc:108] Found 0 completed crash reports
[50471:765928:0826/092024.627531:VERBOSE1:chrome/updater/crash_client.cc:132] Found 0 pending crash reports
[50471:765928:0826/092024.627724:ERROR:third_party/crashpad/crashpad/util/file/file_io_posix.cc:145] open /Users/s32863/Library/Application Support/Google/RLZ/Crashpad/settings.dat: No such file or directory (2)
[50471:765928:0826/092024.627848:VERBOSE1:chrome/updater/updater.cc:105] Crash reporting initialized.
[50471:765946:0826/092024.628247:VERBOSE1:chrome/updater/app/app_wakeall.cc:58] Launching `/Users/s32863/Library/Application Support/Google/GoogleUpdater/152.0.7933.0/GoogleUpdater.app/Contents/MacOS/GoogleUpdater --wake`
[50474:765950:0826/092024.639040:VERBOSE1:chrome/updater/updater.cc:374] Version: 152.0.7933.0, opt, ARM_64, command line: /Users/s32863/Library/Application Support/Google/GoogleUpdater/152.0.7933.0/GoogleUpdater.app/Contents/MacOS/GoogleUpdater --wake --enable-logging --vmodule=*/components/update_client/*=2,*/chrome/enterprise_companion/*=2,*/chrome/updater/*=2
[50474:765950:0826/092024.639910:VERBOSE1:chrome/updater/updater.cc:377] OS version: 26.6.2, arch: arm64, System uptime (seconds): 41290, parent pid: 50471
[50474:765950:0826/092024.642588:VERBOSE1:chrome/updater/updater.cc:382] Available disk space in install directory (/Users/s32863/Library/Application Support/Google/GoogleUpdater): 22983897088B (21.405GiB) / 494384795648B (460.432GiB)
[50474:765950:0826/092024.642607:VERBOSE1:chrome/updater/updater.cc:386] Available disk space in temporary directory (/var/folders/b2/thzz8sln00l74dgk6vtnfhjm0000gn/T/): 22983897088B (21.405GiB) / 494384795648B (460.432GiB)
[50474:765950:0826/092024.642676:VERBOSE2:chrome/updater/event_history.cc:265] Emitted a UPDATER_PROCESS START event to the history log
[50476:765957:0826/092024.653157:VERBOSE1:chrome/updater/updater.cc:374] Version: 152.0.7933.0, opt, ARM_64, command line: /Users/s32863/Library/Application Support/Google/GoogleUpdater/152.0.7933.0/GoogleUpdater.app/Contents/MacOS/GoogleUpdater --crash-handler --database=/Users/s32863/Library/Application Support/Google/GoogleUpdater/152.0.7933.0/Crashpad --url=https://clients2.google.com/cr/report --annotation=prod=Update4 --annotation=ver=152.0.7933.0 --handshake-fd=6 --enable-logging --vmodule=*/components/update_client/*=2,*/chrome/enterprise_companion/*=2,*/chrome/updater/*=2
[50476:765957:0826/092024.654041:VERBOSE1:chrome/updater/updater.cc:377] OS version: 26.6.2, arch: arm64, System uptime (seconds): 41290, parent pid: 1
[50476:765957:0826/092024.656590:VERBOSE1:chrome/updater/updater.cc:382] Available disk space in install directory (/Users/s32863/Library/Application Support/Google/GoogleUpdater): 22983884800B (21.405GiB) / 494384795648B (460.432GiB)
[50476:765957:0826/092024.656605:VERBOSE1:chrome/updater/updater.cc:386] Available disk space in temporary directory (/var/folders/b2/thzz8sln00l74dgk6vtnfhjm0000gn/T/): 22983884800B (21.405GiB) / 494384795648B (460.432GiB)
[50476:765957:0826/092024.656679:VERBOSE2:chrome/updater/event_history.cc:265] Emitted a UPDATER_PROCESS START event to the history log
[50474:765950:0826/092024.657437:VERBOSE1:chrome/updater/crash_reporter.cc:124] Crash handler launched and ready.
[50474:765950:0826/092024.658141:VERBOSE1:chrome/updater/crash_client.cc:108] Found 0 completed crash reports
[50474:765950:0826/092024.658293:VERBOSE1:chrome/updater/crash_client.cc:132] Found 0 pending crash reports
[50474:765950:0826/092024.658418:ERROR:third_party/crashpad/crashpad/util/file/file_io_posix.cc:145] open /Users/s32863/Library/Application Support/Google/RLZ/Crashpad/settings.dat: No such file or directory (2)
[50474:765950:0826/092024.658494:VERBOSE1:chrome/updater/updater.cc:105] Crash reporting initialized.
[50474:765950:0826/092024.658726:VERBOSE1:chrome/updater/ipc/update_service_internal_proxy_mojo.cc:61] Run
[50474:765950:0826/092029.853381:VERBOSE1:chrome/updater/app/app.cc:52] Shutdown: 0
[50474:765950:0826/092029.853908:VERBOSE2:chrome/updater/event_history.cc:265] Emitted a UPDATER_PROCESS END event to the history log
[50474:765950:0826/092029.853935:VERBOSE1:chrome/updater/updater.cc:419] UpdaterMain (--wake) returned 0.
[50476:765957:0826/092029.857418:VERBOSE2:chrome/updater/event_history.cc:265] Emitted a UPDATER_PROCESS END event to the history log
[50476:765957:0826/092029.857454:VERBOSE1:chrome/updater/updater.cc:419] UpdaterMain (--crash-handler) returned 0.
[50471:765946:0826/092030.031030:VERBOSE1:chrome/updater/app/app_wakeall.cc:68] `/Users/s32863/Library/Application Support/Google/GoogleUpdater/152.0.7933.0/GoogleUpdater.app/Contents/MacOS/GoogleUpdater --wake` exited 0
[50471:765928:0826/092030.031320:VERBOSE1:chrome/updater/app/app.cc:52] Shutdown: 0
[50471:765928:0826/092030.031794:VERBOSE2:chrome/updater/event_history.cc:265] Emitted a UPDATER_PROCESS END event to the history log
[50471:765928:0826/092030.031825:VERBOSE1:chrome/updater/updater.cc:419] UpdaterMain (--wake-all) returned 0.
[50473:765934:0826/092030.034421:VERBOSE2:chrome/updater/event_history.cc:265] Emitted a UPDATER_PROCESS END event to the history log
[50473:765934:0826/092030.034453:VERBOSE1:chrome/updater/updater.cc:419] UpdaterMain (--crash-handler) returned 0.
