Trying to load the allocator multiple times. This is *not* supported.
[OpenH264] this = 0x0x11401340810, Warning:bEnableFrameSkip = 0,bitrate can't be controlled for RC_QUALITY_MODE,RC_BITRATE_MODE and RC_TIMESTAMP_MODE without enabling skip frame.
[50303:763643:0826/091951.048460:ERROR:google_apis/gcm/engine/registration_request.cc:291] Registration response error message: DEPRECATED_ENDPOINT
Created TensorFlow Lite XNNPACK delegate for CPU.
[50426:765299:0826/092007.456647:VERBOSE1:chrome/updater/updater.cc:374] Version: 152.0.7933.0, opt, ARM_64, command line: /Users/s32863/Library/Application Support/Google/GoogleUpdater/152.0.7933.0/GoogleUpdater.app/Contents/MacOS/GoogleUpdater --wake-all --enable-logging --vmodule=*/components/update_client/*=2,*/chrome/enterprise_companion/*=2,*/chrome/updater/*=2
[50426:765299:0826/092007.457498:VERBOSE1:chrome/updater/updater.cc:377] OS version: 26.6.2, arch: arm64, System uptime (seconds): 41272, parent pid: 50303
[50426:765299:0826/092007.459835:VERBOSE1:chrome/updater/updater.cc:382] Available disk space in install directory (/Users/s32863/Library/Application Support/Google/GoogleUpdater): 23050473472B (21.467GiB) / 494384795648B (460.432GiB)
[50426:765299:0826/092007.459849:VERBOSE1:chrome/updater/updater.cc:386] Available disk space in temporary directory (/var/folders/b2/thzz8sln00l74dgk6vtnfhjm0000gn/T/): 23050473472B (21.467GiB) / 494384795648B (460.432GiB)
[50426:765299:0826/092007.459912:VERBOSE2:chrome/updater/event_history.cc:265] Emitted a UPDATER_PROCESS START event to the history log
[50428:765304:0826/092007.469254:VERBOSE1:chrome/updater/updater.cc:374] Version: 152.0.7933.0, opt, ARM_64, command line: /Users/s32863/Library/Application Support/Google/GoogleUpdater/152.0.7933.0/GoogleUpdater.app/Contents/MacOS/GoogleUpdater --crash-handler --database=/Users/s32863/Library/Application Support/Google/GoogleUpdater/152.0.7933.0/Crashpad --url=https://clients2.google.com/cr/report --annotation=prod=Update4 --annotation=ver=152.0.7933.0 --handshake-fd=6 --enable-logging --vmodule=*/components/update_client/*=2,*/chrome/enterprise_companion/*=2,*/chrome/updater/*=2
[50428:765304:0826/092007.469964:VERBOSE1:chrome/updater/updater.cc:377] OS version: 26.6.2, arch: arm64, System uptime (seconds): 41272, parent pid: 1
[50428:765304:0826/092007.472073:VERBOSE1:chrome/updater/updater.cc:382] Available disk space in install directory (/Users/s32863/Library/Application Support/Google/GoogleUpdater): 23050469376B (21.467GiB) / 494384795648B (460.432GiB)
[50428:765304:0826/092007.472086:VERBOSE1:chrome/updater/updater.cc:386] Available disk space in temporary directory (/var/folders/b2/thzz8sln00l74dgk6vtnfhjm0000gn/T/): 23050469376B (21.467GiB) / 494384795648B (460.432GiB)
[50428:765304:0826/092007.472154:VERBOSE2:chrome/updater/event_history.cc:265] Emitted a UPDATER_PROCESS START event to the history log
[50426:765299:0826/092007.472800:VERBOSE1:chrome/updater/crash_reporter.cc:124] Crash handler launched and ready.
[50426:765299:0826/092007.473442:VERBOSE1:chrome/updater/crash_client.cc:108] Found 0 completed crash reports
[50426:765299:0826/092007.473571:VERBOSE1:chrome/updater/crash_client.cc:132] Found 0 pending crash reports
[50426:765299:0826/092007.473688:ERROR:third_party/crashpad/crashpad/util/file/file_io_posix.cc:145] open /Users/s32863/Library/Application Support/Google/RLZ/Crashpad/settings.dat: No such file or directory (2)
[50426:765299:0826/092007.473754:VERBOSE1:chrome/updater/updater.cc:105] Crash reporting initialized.
[50426:765315:0826/092007.474235:VERBOSE1:chrome/updater/app/app_wakeall.cc:58] Launching `/Users/s32863/Library/Application Support/Google/GoogleUpdater/152.0.7933.0/GoogleUpdater.app/Contents/MacOS/GoogleUpdater --wake`
[50429:765319:0826/092007.482603:VERBOSE1:chrome/updater/updater.cc:374] Version: 152.0.7933.0, opt, ARM_64, command line: /Users/s32863/Library/Application Support/Google/GoogleUpdater/152.0.7933.0/GoogleUpdater.app/Contents/MacOS/GoogleUpdater --wake --enable-logging --vmodule=*/components/update_client/*=2,*/chrome/enterprise_companion/*=2,*/chrome/updater/*=2
[50429:765319:0826/092007.483291:VERBOSE1:chrome/updater/updater.cc:377] OS version: 26.6.2, arch: arm64, System uptime (seconds): 41272, parent pid: 50426
[50429:765319:0826/092007.485482:VERBOSE1:chrome/updater/updater.cc:382] Available disk space in install directory (/Users/s32863/Library/Application Support/Google/GoogleUpdater): 23050387456B (21.467GiB) / 494384795648B (460.432GiB)
[50429:765319:0826/092007.485494:VERBOSE1:chrome/updater/updater.cc:386] Available disk space in temporary directory (/var/folders/b2/thzz8sln00l74dgk6vtnfhjm0000gn/T/): 23050387456B (21.467GiB) / 494384795648B (460.432GiB)
[50429:765319:0826/092007.485557:VERBOSE2:chrome/updater/event_history.cc:265] Emitted a UPDATER_PROCESS START event to the history log
[50431:765326:0826/092007.494847:VERBOSE1:chrome/updater/updater.cc:374] Version: 152.0.7933.0, opt, ARM_64, command line: /Users/s32863/Library/Application Support/Google/GoogleUpdater/152.0.7933.0/GoogleUpdater.app/Contents/MacOS/GoogleUpdater --crash-handler --database=/Users/s32863/Library/Application Support/Google/GoogleUpdater/152.0.7933.0/Crashpad --url=https://clients2.google.com/cr/report --annotation=prod=Update4 --annotation=ver=152.0.7933.0 --handshake-fd=6 --enable-logging --vmodule=*/components/update_client/*=2,*/chrome/enterprise_companion/*=2,*/chrome/updater/*=2
[50431:765326:0826/092007.495609:VERBOSE1:chrome/updater/updater.cc:377] OS version: 26.6.2, arch: arm64, System uptime (seconds): 41272, parent pid: 1
[50431:765326:0826/092007.497595:VERBOSE1:chrome/updater/updater.cc:382] Available disk space in install directory (/Users/s32863/Library/Application Support/Google/GoogleUpdater): 23050375168B (21.467GiB) / 494384795648B (460.432GiB)
[50431:765326:0826/092007.497607:VERBOSE1:chrome/updater/updater.cc:386] Available disk space in temporary directory (/var/folders/b2/thzz8sln00l74dgk6vtnfhjm0000gn/T/): 23050375168B (21.467GiB) / 494384795648B (460.432GiB)
[50431:765326:0826/092007.497667:VERBOSE2:chrome/updater/event_history.cc:265] Emitted a UPDATER_PROCESS START event to the history log
[50429:765319:0826/092007.498298:VERBOSE1:chrome/updater/crash_reporter.cc:124] Crash handler launched and ready.
[50429:765319:0826/092007.499053:VERBOSE1:chrome/updater/crash_client.cc:108] Found 0 completed crash reports
[50429:765319:0826/092007.499173:VERBOSE1:chrome/updater/crash_client.cc:132] Found 0 pending crash reports
[50429:765319:0826/092007.499285:ERROR:third_party/crashpad/crashpad/util/file/file_io_posix.cc:145] open /Users/s32863/Library/Application Support/Google/RLZ/Crashpad/settings.dat: No such file or directory (2)
[50429:765319:0826/092007.499355:VERBOSE1:chrome/updater/updater.cc:105] Crash reporting initialized.
[50429:765319:0826/092007.499488:VERBOSE1:chrome/updater/ipc/update_service_internal_proxy_mojo.cc:61] Run
[50303:763643:0826/092019.923932:ERROR:google_apis/gcm/engine/registration_request.cc:291] Registration response error message: DEPRECATED_ENDPOINT
[50429:765319:0826/092024.284520:VERBOSE1:chrome/updater/app/app.cc:52] Shutdown: 0
[50429:765319:0826/092024.285151:VERBOSE2:chrome/updater/event_history.cc:265] Emitted a UPDATER_PROCESS END event to the history log
[50429:765319:0826/092024.285190:VERBOSE1:chrome/updater/updater.cc:419] UpdaterMain (--wake) returned 0.
[50426:765315:0826/092024.414368:VERBOSE1:chrome/updater/app/app_wakeall.cc:68] `/Users/s32863/Library/Application Support/Google/GoogleUpdater/152.0.7933.0/GoogleUpdater.app/Contents/MacOS/GoogleUpdater --wake` exited 0
[50426:765299:0826/092024.414591:VERBOSE1:chrome/updater/app/app.cc:52] Shutdown: 0
[50426:765299:0826/092024.415118:VERBOSE2:chrome/updater/event_history.cc:265] Emitted a UPDATER_PROCESS END event to the history log
[50426:765299:0826/092024.415151:VERBOSE1:chrome/updater/updater.cc:419] UpdaterMain (--wake-all) returned 0.
[50431:765326:0826/092039.866809:VERBOSE2:chrome/updater/event_history.cc:265] Emitted a UPDATER_PROCESS END event to the history log
[50431:765326:0826/092039.866867:VERBOSE1:chrome/updater/updater.cc:419] UpdaterMain (--crash-handler) returned 0.
[50428:765304:0826/092039.868993:VERBOSE2:chrome/updater/event_history.cc:265] Emitted a UPDATER_PROCESS END event to the history log
[50428:765304:0826/092039.869033:VERBOSE1:chrome/updater/updater.cc:419] UpdaterMain (--crash-handler) returned 0.
[50303:763643:0826/092103.222391:ERROR:google_apis/gcm/engine/registration_request.cc:291] Registration response error message: DEPRECATED_ENDPOINT
Trying to load the allocator multiple times. This is *not* supported.
WARNING: All log messages before absl::InitializeLog() is called are written to STDERR
I0000 00:00:1787725368.616176  768947 environment.cc:521] Selected adapter: Apple M2 Pro, arch=metal-3, vendor=apple, backend=Metal, adapterType=Integrated GPU
I0000 00:00:1787725368.620069  768958 environment.cc:521] Selected adapter: Apple M2 Pro, arch=metal-3, vendor=apple, backend=Metal, adapterType=Integrated GPU
[50303:763643:0826/092259.665537:ERROR:google_apis/gcm/engine/registration_request.cc:291] Registration response error message: DEPRECATED_ENDPOINT
[50303:763643:0826/092612.494355:ERROR:google_apis/gcm/engine/registration_request.cc:291] Registration response error message: QUOTA_EXCEEDED
