[2m2026-08-26T12:29:03.435463Z[0m [32m INFO[0m [2mmoq_native_ietf::quic[0m[2m:[0m UDP socket bound [3mbind[0m[2m=[0m[::]:0 [3mlocal[0m[2m=[0m[::]:48644 [3mdual_stack[0m[2m=[0mtrue
[2m2026-08-26T12:29:03.435811Z[0m [32m INFO[0m [2mmoq_pub[0m[2m:[0m connecting to relay: url=https://draft-16.cloudflare.mediaoverquic.com/eyJhbGciOiJFZERTQSIsImtpZCI6Im1vcS12MSIsInR5cCI6IkpXVCJ9.eyJhdWQiOiJtb3EuY2xvdWRmbGFyZS5jb20iLCJleHAiOjE4MTkyODMwMTUsImlhdCI6MTc4Nzc0NzAxNSwiaXNzIjoiY2xvdWRmbGFyZSIsImp0aSI6IjlhMzVlMTNkZWM1NzgxZDVhNjQ3NDA3ZTQxNjdkMThlIiwib3BlcmF0aW9ucyI6WyJwdWJsaXNoIiwic3Vic2NyaWJlIl0sInN1YiI6Ijc5MzE2MzEzMDI0NTBjZTZkYzk4MzQ4MmMzYzFjZGI1In0.cRIFyKZz7BBUtNFxHnuz3fA9up1N1nAR3ce5JNqyE3neu1vvMMVxJkjbvqdOVEznQzVCoaRRvrIth44FmOA-AA
[2m2026-08-26T12:29:04.828695Z[0m [32m INFO[0m [2mmoq_pub[0m[2m:[0m connected with CID: 16d8126f3b990423069c647c70e859e0 (use this to look up qlog/mlog on server)
[2m2026-08-26T12:29:04.865395Z[0m [32m INFO[0m [2mmoq_pub::media[0m[2m:[0m catalog: {
  "version": 1,
  "streamingFormat": 1,
  "streamingFormatVersion": "0.2",
  "supportsDeltaUpdates": true,
  "commonTrackFields": {
    "namespace": "/d16e2e-1787747343-1",
    "packaging": "cmaf",
    "renderGroup": 1
  },
  "tracks": [
    {
      "name": "1.m4s",
      "initTrack": "0.mp4",
      "selectionParams": {
        "codec": "avc1.64001E",
        "width": 640,
        "height": 360
      }
    },
    {
      "name": "2.m4s",
      "initTrack": "0.mp4",
      "selectionParams": {
        "codec": "mp4a.40.2",
        "bitrate": 64000,
        "samplerate": 44100,
        "channelConfig": "2"
      }
    }
  ]
}
